2015-09-30 22:09:21.980 2319 INFO nova.osapi_compute.wsgi.server [req-adf759d6-e1fa-422c-a454-8567b4b804da e9483918caa940a48fe882ba092c7e0b 300b2cc45c3846939e589310ae714e46 - - -] 192.168.0.10 "DELETE /v2/300b2cc45c3846939e589310ae714e46/os-services/6 HTTP/1.1" status: 204 len: 203 time: 0.0702109
2015-09-30 22:10:06.444 2319 INFO nova.osapi_compute.wsgi.server [req-a673cc0d-685f-49bb-a881-6ce8e2c3a95b 9b1f9b36d7354b1ea121ccfbae339d8b 85a11a1515f94848be7aa5b56adec8bf - - -] 192.168.0.13 "GET /v2/85a11a1515f94848be7aa5b56adec8bf/servers/detail?all_tenants=True&host=compute2.localdomain HTTP/1.1" status: 200 len: 211 time: 0.1741390
2015-09-30 22:10:12.900 2020 INFO nova.openstack.common.service [-] Child caught SIGTERM, exiting
2015-09-30 22:10:12.900 979 INFO nova.openstack.common.service [-] Caught SIGTERM, stopping children
2015-09-30 22:10:12.900 2311 INFO nova.openstack.common.service [-] Child caught SIGTERM, exiting
2015-09-30 22:10:12.902 2027 INFO nova.openstack.common.service [-] Child caught SIGTERM, exiting
2015-09-30 22:10:12.905 979 INFO nova.openstack.common.service [-] Waiting on 12 children to exit
2015-09-30 22:10:12.909 2423 INFO nova.openstack.common.service [-] Child caught SIGTERM, exiting
2015-09-30 22:10:12.911 2023 INFO nova.openstack.common.service [-] Child caught SIGTERM, exiting
2015-09-30 22:10:12.913 2423 INFO nova.wsgi [-] Stopping WSGI server.
2015-09-30 22:10:12.910 2316 INFO nova.openstack.common.service [-] Child caught SIGTERM, exiting
2015-09-30 22:10:12.915 2023 INFO nova.wsgi [-] Stopping WSGI server.
2015-09-30 22:10:12.915 2316 INFO nova.wsgi [-] Stopping WSGI server.
2015-09-30 22:10:12.915 2423 INFO nova.metadata.wsgi.server [-] (2423) wsgi exited, is_accepting=True
2015-09-30 22:10:12.916 2023 INFO nova.ec2.wsgi.server [-] (2023) wsgi exited, is_accepting=True
2015-09-30 22:10:12.919 2425 INFO nova.openstack.common.service [-] Child caught SIGTERM, exiting
2015-09-30 22:10:12.923 2425 INFO nova.wsgi [-] Stopping WSGI server.
2015-09-30 22:10:12.921 2031 INFO nova.openstack.common.service [-] Child caught SIGTERM, exiting
2015-09-30 22:10:12.924 2425 INFO nova.metadata.wsgi.server [-] (2425) wsgi exited, is_accepting=True
2015-09-30 22:10:12.924 2031 INFO nova.wsgi [-] Stopping WSGI server.
2015-09-30 22:10:12.925 2425 INFO nova.wsgi [-] WSGI server has stopped.
2015-09-30 22:10:12.926 2031 INFO nova.ec2.wsgi.server [-] (2031) wsgi exited, is_accepting=True
2015-09-30 22:10:12.927 2031 INFO nova.wsgi [-] WSGI server has stopped.
2015-09-30 22:10:12.925 2424 INFO nova.openstack.common.service [-] Child caught SIGTERM, exiting
2015-09-30 22:10:12.918 2023 INFO nova.wsgi [-] WSGI server has stopped.
2015-09-30 22:10:12.975 979 INFO nova.openstack.common.service [-] Child 2027 killed by signal 15
2015-09-30 22:10:12.916 2306 INFO nova.openstack.common.service [-] Child caught SIGTERM, exiting
2015-09-30 22:10:12.977 2306 INFO nova.wsgi [-] Stopping WSGI server.
2015-09-30 22:10:12.979 2306 INFO nova.osapi_compute.wsgi.server [-] (2306) wsgi exited, is_accepting=True
2015-09-30 22:10:12.980 2306 INFO nova.wsgi [-] WSGI server has stopped.
2015-09-30 22:10:12.980 979 INFO nova.openstack.common.service [-] Child 2031 exited with status 1
2015-09-30 22:10:12.985 979 INFO nova.openstack.common.service [-] Child 2425 killed by signal 15
2015-09-30 22:10:12.999 2422 INFO nova.openstack.common.service [-] Child caught SIGTERM, exiting
2015-09-30 22:10:13.003 2422 INFO nova.wsgi [-] Stopping WSGI server.
2015-09-30 22:10:13.004 2422 INFO nova.metadata.wsgi.server [-] (2422) wsgi exited, is_accepting=True
2015-09-30 22:10:13.006 979 INFO nova.openstack.common.service [-] Child 2424 killed by signal 15
2015-09-30 22:10:13.009 2319 INFO nova.openstack.common.service [-] Child caught SIGTERM, exiting
2015-09-30 22:10:13.014 2319 INFO nova.wsgi [-] Stopping WSGI server.
2015-09-30 22:10:13.016 2319 INFO nova.osapi_compute.wsgi.server [-] (2319) wsgi exited, is_accepting=True
2015-09-30 22:10:13.038 979 INFO nova.openstack.common.service [-] Child 2020 killed by signal 15
2015-09-30 22:10:13.005 2422 INFO nova.wsgi [-] WSGI server has stopped.
2015-09-30 22:10:13.050 2319 INFO nova.wsgi [-] WSGI server has stopped.
2015-09-30 22:10:13.120 979 INFO nova.openstack.common.service [-] Child 2422 exited with status 1
2015-09-30 22:10:13.146 979 INFO nova.openstack.common.service [-] Child 2316 killed by signal 15
2015-09-30 22:10:13.253 979 INFO nova.openstack.common.service [-] Child 2023 exited with status 1
2015-09-30 22:10:13.277 979 INFO nova.openstack.common.service [-] Child 2319 exited with status 1
2015-09-30 22:10:13.327 979 INFO nova.openstack.common.service [-] Child 2306 exited with status 1
2015-09-30 22:10:13.509 979 INFO nova.openstack.common.service [-] Child 2311 killed by signal 15
2015-09-30 22:10:13.700 979 INFO nova.openstack.common.service [-] Child 2423 killed by signal 15
2015-09-30 22:11:19.592 982 INFO nova.openstack.common.periodic_task [-] Skipping periodic task _periodic_update_dns because its interval is negative
2015-09-30 22:11:19.636 982 WARNING nova.api.ec2.cloud [-] Deprecated: The in tree EC2 API is deprecated as of Kilo release and may be removed in a future release. The stackforge ec2-api project http://git.openstack.org/cgit/stackforge/ec2-api/ is the target replacement for this functionality.
2015-09-30 22:11:20.619 982 INFO nova.wsgi [-] ec2 listening on 0.0.0.0:8773
2015-09-30 22:11:20.620 982 INFO nova.openstack.common.service [-] Starting 4 workers
2015-09-30 22:11:20.639 982 INFO nova.openstack.common.service [-] Started child 2086
2015-09-30 22:11:20.706 982 INFO nova.openstack.common.service [-] Started child 2093
2015-09-30 22:11:20.732 982 INFO nova.openstack.common.service [-] Started child 2095
2015-09-30 22:11:20.727 2086 INFO nova.ec2.wsgi.server [-] (2086) wsgi starting up on http://0.0.0.0:8773/
2015-09-30 22:11:20.771 2093 INFO nova.ec2.wsgi.server [-] (2093) wsgi starting up on http://0.0.0.0:8773/
2015-09-30 22:11:20.777 982 INFO nova.openstack.common.service [-] Started child 2098
2015-09-30 22:11:20.827 2095 INFO nova.ec2.wsgi.server [-] (2095) wsgi starting up on http://0.0.0.0:8773/
2015-09-30 22:11:20.840 2098 INFO nova.ec2.wsgi.server [-] (2098) wsgi starting up on http://0.0.0.0:8773/
2015-09-30 22:11:23.457 982 WARNING keystonemiddleware.auth_token [-] Configuring admin URI using auth fragments. This is deprecated, use 'identity_uri' instead.
2015-09-30 22:11:23.465 982 INFO nova.api.openstack [-] V3 API has been disabled by configuration
2015-09-30 22:11:23.468 982 WARNING keystonemiddleware.auth_token [-] Configuring admin URI using auth fragments. This is deprecated, use 'identity_uri' instead.
2015-09-30 22:11:23.887 982 WARNING keystonemiddleware.auth_token [-] Configuring admin URI using auth fragments. This is deprecated, use 'identity_uri' instead.
2015-09-30 22:11:23.896 982 INFO nova.api.openstack [-] V3 API has been disabled by configuration
2015-09-30 22:11:23.901 982 WARNING keystonemiddleware.auth_token [-] Configuring admin URI using auth fragments. This is deprecated, use 'identity_uri' instead.
2015-09-30 22:11:23.907 982 INFO nova.wsgi [-] osapi_compute listening on 0.0.0.0:8774
2015-09-30 22:11:23.907 982 INFO nova.openstack.common.service [-] Starting 4 workers
2015-09-30 22:11:23.925 982 INFO nova.openstack.common.service [-] Started child 2347
2015-09-30 22:11:23.952 982 INFO nova.openstack.common.service [-] Started child 2350
2015-09-30 22:11:24.000 982 INFO nova.openstack.common.service [-] Started child 2352
2015-09-30 22:11:24.038 2347 INFO nova.osapi_compute.wsgi.server [-] (2347) wsgi starting up on http://0.0.0.0:8774/
2015-09-30 22:11:24.020 2350 INFO nova.osapi_compute.wsgi.server [-] (2350) wsgi starting up on http://0.0.0.0:8774/
2015-09-30 22:11:24.046 982 INFO nova.openstack.common.service [-] Started child 2353
2015-09-30 22:11:24.116 982 INFO nova.network.driver [-] Loading network driver 'nova.network.linux_net'
2015-09-30 22:11:24.118 2353 INFO nova.osapi_compute.wsgi.server [-] (2353) wsgi starting up on http://0.0.0.0:8774/
2015-09-30 22:11:24.137 982 WARNING oslo_config.cfg [-] Option "lock_path" from group "DEFAULT" is deprecated. Use option "lock_path" from group "oslo_concurrency".
2015-09-30 22:11:24.095 2352 INFO nova.osapi_compute.wsgi.server [-] (2352) wsgi starting up on http://0.0.0.0:8774/
2015-09-30 22:11:25.459 982 INFO nova.wsgi [-] metadata listening on 0.0.0.0:8775
2015-09-30 22:11:25.462 982 INFO nova.openstack.common.service [-] Starting 4 workers
2015-09-30 22:11:25.476 982 INFO nova.openstack.common.service [-] Started child 2461
2015-09-30 22:11:25.508 982 INFO nova.openstack.common.service [-] Started child 2463
2015-09-30 22:11:25.526 2461 INFO nova.metadata.wsgi.server [-] (2461) wsgi starting up on http://0.0.0.0:8775/
2015-09-30 22:11:25.557 2463 INFO nova.metadata.wsgi.server [-] (2463) wsgi starting up on http://0.0.0.0:8775/
2015-09-30 22:11:25.542 982 INFO nova.openstack.common.service [-] Started child 2464
2015-09-30 22:11:25.579 982 INFO nova.openstack.common.service [-] Started child 2465
2015-09-30 22:11:25.597 2464 INFO nova.metadata.wsgi.server [-] (2464) wsgi starting up on http://0.0.0.0:8775/
2015-09-30 22:11:25.629 2465 INFO nova.metadata.wsgi.server [-] (2465) wsgi starting up on http://0.0.0.0:8775/
2015-09-30 22:11:25.678 982 WARNING oslo_config.cfg [-] Option "rabbit_ha_queues" from group "DEFAULT" is deprecated. Use option "rabbit_ha_queues" from group "oslo_messaging_rabbit".
2015-09-30 22:11:25.680 982 WARNING oslo_config.cfg [-] Option "rabbit_host" from group "DEFAULT" is deprecated. Use option "rabbit_host" from group "oslo_messaging_rabbit".
2015-09-30 22:11:25.680 982 WARNING oslo_config.cfg [-] Option "rabbit_hosts" from group "DEFAULT" is deprecated. Use option "rabbit_hosts" from group "oslo_messaging_rabbit".
2015-09-30 22:11:25.681 982 WARNING oslo_config.cfg [-] Option "rabbit_password" from group "DEFAULT" is deprecated. Use option "rabbit_password" from group "oslo_messaging_rabbit".
2015-09-30 22:11:25.682 982 WARNING oslo_config.cfg [-] Option "rabbit_port" from group "DEFAULT" is deprecated. Use option "rabbit_port" from group "oslo_messaging_rabbit".
2015-09-30 22:11:25.682 982 WARNING oslo_config.cfg [-] Option "rabbit_use_ssl" from group "DEFAULT" is deprecated. Use option "rabbit_use_ssl" from group "oslo_messaging_rabbit".
2015-09-30 22:11:25.683 982 WARNING oslo_config.cfg [-] Option "rabbit_userid" from group "DEFAULT" is deprecated. Use option "rabbit_userid" from group "oslo_messaging_rabbit".
2015-09-30 22:11:25.683 982 WARNING oslo_config.cfg [-] Option "rabbit_virtual_host" from group "DEFAULT" is deprecated. Use option "rabbit_virtual_host" from group "oslo_messaging_rabbit".
2015-09-30 22:11:25.688 982 WARNING oslo_config.cfg [-] Option "url_timeout" from group "neutron" is deprecated. Use option "timeout" from group "neutron".
2015-09-30 22:11:25.711 982 WARNING oslo_config.cfg [-] Option "sql_connection" from group "DEFAULT" is deprecated. Use option "connection" from group "database".
2015-09-30 22:20:06.818 2352 WARNING oslo_config.cfg [req-b4795563-b68d-4c19-a0e3-b7f13e13be91 9b1f9b36d7354b1ea121ccfbae339d8b 85a11a1515f94848be7aa5b56adec8bf - - -] Option "sql_connection" from group "DEFAULT" is deprecated. Use option "connection" from group "database".
2015-09-30 22:20:07.200 2352 INFO nova.osapi_compute.wsgi.server [req-b4795563-b68d-4c19-a0e3-b7f13e13be91 9b1f9b36d7354b1ea121ccfbae339d8b 85a11a1515f94848be7aa5b56adec8bf - - -] 192.168.0.13 "GET /v2/85a11a1515f94848be7aa5b56adec8bf/servers/detail?all_tenants=True&host=compute2.localdomain HTTP/1.1" status: 200 len: 211 time: 2.5499699
2015-09-30 22:20:12.987 2352 INFO nova.osapi_compute.wsgi.server [req-e46c0c40-d454-4f93-a210-0df196d29a01 9b1f9b36d7354b1ea121ccfbae339d8b 85a11a1515f94848be7aa5b56adec8bf - - -] 192.168.0.12 "GET /v2/85a11a1515f94848be7aa5b56adec8bf/servers/detail?all_tenants=True&host=compute1.localdomain HTTP/1.1" status: 200 len: 211 time: 0.1577101
2015-09-30 22:21:11.740 2352 INFO nova.osapi_compute.wsgi.server [req-1cb9b06d-0f27-4008-9b81-25ba5e10cae5 9b1f9b36d7354b1ea121ccfbae339d8b 85a11a1515f94848be7aa5b56adec8bf - - -] 192.168.0.10 "GET /v2/85a11a1515f94848be7aa5b56adec8bf/servers/detail?all_tenants=True HTTP/1.1" status: 200 len: 211 time: 0.2060318
2015-09-30 22:21:20.943 2350 INFO nova.osapi_compute.wsgi.server [req-a2bfb054-2fe4-429e-ac2d-5582cf776d48 e9483918caa940a48fe882ba092c7e0b 300b2cc45c3846939e589310ae714e46 - - -] 192.168.0.10 "GET /v2/300b2cc45c3846939e589310ae714e46/extensions HTTP/1.1" status: 200 len: 22486 time: 2.4632640
2015-09-30 22:21:21.091 2352 INFO nova.osapi_compute.wsgi.server [req-926720b4-1eff-401f-a97c-ebf879fc3479 e9483918caa940a48fe882ba092c7e0b 300b2cc45c3846939e589310ae714e46 - - -] 192.168.0.10 "GET /v2/300b2cc45c3846939e589310ae714e46/os-simple-tenant-usage?start=2015-09-01T00:00:00&end=2015-09-30T23:59:59&detailed=1 HTTP/1.1" status: 200 len: 217 time: 0.1054289
2015-09-30 22:21:21.108 2350 WARNING oslo_config.cfg [req-fb76a03d-a01e-4624-91fd-2e635c27d109 e9483918caa940a48fe882ba092c7e0b 300b2cc45c3846939e589310ae714e46 - - -] Option "sql_connection" from group "DEFAULT" is deprecated. Use option "connection" from group "database".
2015-09-30 22:21:21.655 2350 INFO nova.osapi_compute.wsgi.server [req-fb76a03d-a01e-4624-91fd-2e635c27d109 e9483918caa940a48fe882ba092c7e0b 300b2cc45c3846939e589310ae714e46 - - -] 192.168.0.10 "GET /v2/300b2cc45c3846939e589310ae714e46/limits HTTP/1.1" status: 200 len: 708 time: 0.5574062
2015-09-30 22:21:22.047 2347 WARNING oslo_config.cfg [req-2298c30d-73b7-488b-9102-0c31e17852fd 9b1f9b36d7354b1ea121ccfbae339d8b 85a11a1515f94848be7aa5b56adec8bf - - -] Option "url_timeout" from group "neutron" is deprecated. Use option "timeout" from group "neutron".
2015-09-30 22:21:23.243 2347 INFO nova.osapi_compute.wsgi.server [req-2298c30d-73b7-488b-9102-0c31e17852fd 9b1f9b36d7354b1ea121ccfbae339d8b 85a11a1515f94848be7aa5b56adec8bf - - -] 192.168.0.10 "GET /v2/85a11a1515f94848be7aa5b56adec8bf/os-floating-ips HTTP/1.1" status: 200 len: 216 time: 3.6216142
2015-09-30 22:21:48.079 2352 INFO nova.osapi_compute.wsgi.server [req-160710d1-bb4b-4b1b-89ff-3090f0cc58fb e9483918caa940a48fe882ba092c7e0b 300b2cc45c3846939e589310ae714e46 - - -] 192.168.0.10 "GET /v2/300b2cc45c3846939e589310ae714e46/os-hypervisors/detail HTTP/1.1" status: 200 len: 2489 time: 0.0520201
2015-09-30 22:21:48.175 2352 INFO nova.osapi_compute.wsgi.server [req-133becb3-b580-4b4a-96bb-a79b4c0655da e9483918caa940a48fe882ba092c7e0b 300b2cc45c3846939e589310ae714e46 - - -] 192.168.0.10 "GET /v2/300b2cc45c3846939e589310ae714e46/os-services HTTP/1.1" status: 200 len: 1387 time: 0.0457859
2015-09-30 22:21:48.303 2347 WARNING oslo_config.cfg [req-b32f6c0e-30ce-4c62-81c8-5cb4c1dc571a e9483918caa940a48fe882ba092c7e0b 300b2cc45c3846939e589310ae714e46 - - -] Option "sql_connection" from group "DEFAULT" is deprecated. Use option "connection" from group "database".
2015-09-30 22:21:48.403 2347 INFO nova.osapi_compute.wsgi.server [req-b32f6c0e-30ce-4c62-81c8-5cb4c1dc571a e9483918caa940a48fe882ba092c7e0b 300b2cc45c3846939e589310ae714e46 - - -] 192.168.0.10 "GET /v2/300b2cc45c3846939e589310ae714e46/os-hypervisors/statistics HTTP/1.1" status: 200 len: 456 time: 0.2107880
2015-09-30 22:21:48.967 2347 INFO nova.osapi_compute.wsgi.server [req-c57f714f-55a0-4dea-8065-e5614bcd2f4b e9483918caa940a48fe882ba092c7e0b 300b2cc45c3846939e589310ae714e46 - - -] 192.168.0.10 "GET /v2/300b2cc45c3846939e589310ae714e46/extensions HTTP/1.1" status: 200 len: 22486 time: 0.0160530
2015-09-30 22:21:53.165 2347 INFO nova.osapi_compute.wsgi.server [req-87f7f24c-3477-486a-ae74-5b6ca746ccda e9483918caa940a48fe882ba092c7e0b 300b2cc45c3846939e589310ae714e46 - - -] 192.168.0.10 "GET /v2/300b2cc45c3846939e589310ae714e46/extensions HTTP/1.1" status: 200 len: 22486 time: 0.0047681
2015-09-30 22:21:53.218 2352 INFO nova.osapi_compute.wsgi.server [req-064e171b-4a3f-48f7-b81d-2330c82c9e20 e9483918caa940a48fe882ba092c7e0b 300b2cc45c3846939e589310ae714e46 - - -] 192.168.0.10 "GET /v2/300b2cc45c3846939e589310ae714e46/os-simple-tenant-usage/300b2cc45c3846939e589310ae714e46?start=2015-09-01T00:00:00&end=2015-09-30T23:59:59 HTTP/1.1" status: 200 len: 216 time: 0.0396121
2015-09-30 22:21:55.002 2353 WARNING oslo_config.cfg [req-06f109b8-9b8c-44f5-8f63-f80ba56efc23 e9483918caa940a48fe882ba092c7e0b 300b2cc45c3846939e589310ae714e46 - - -] Option "sql_connection" from group "DEFAULT" is deprecated. Use option "connection" from group "database".
2015-09-30 22:21:55.517 2353 INFO nova.osapi_compute.wsgi.server [req-06f109b8-9b8c-44f5-8f63-f80ba56efc23 e9483918caa940a48fe882ba092c7e0b 300b2cc45c3846939e589310ae714e46 - - -] 192.168.0.10 "GET /v2/300b2cc45c3846939e589310ae714e46/limits HTTP/1.1" status: 200 len: 708 time: 2.2819581
2015-09-30 22:25:13.723 2350 INFO nova.osapi_compute.wsgi.server [req-d968d71e-1678-498a-950b-83b5e260a7d8 e9483918caa940a48fe882ba092c7e0b 300b2cc45c3846939e589310ae714e46 - - -] 192.168.0.10 "GET /v2/300b2cc45c3846939e589310ae714e46/os-hypervisors/detail HTTP/1.1" status: 200 len: 2489 time: 0.0635481
2015-09-30 22:25:13.779 2352 INFO nova.osapi_compute.wsgi.server [req-853b845f-9e31-41ae-8b31-6d965775383c e9483918caa940a48fe882ba092c7e0b 300b2cc45c3846939e589310ae714e46 - - -] 192.168.0.10 "GET /v2/300b2cc45c3846939e589310ae714e46/os-services HTTP/1.1" status: 200 len: 1387 time: 0.0439239
2015-09-30 22:25:13.830 2347 INFO nova.osapi_compute.wsgi.server [req-56d10103-a78f-4a13-8789-1b752bb34636 e9483918caa940a48fe882ba092c7e0b 300b2cc45c3846939e589310ae714e46 - - -] 192.168.0.10 "GET /v2/300b2cc45c3846939e589310ae714e46/os-hypervisors/statistics HTTP/1.1" status: 200 len: 456 time: 0.0422010
2015-09-30 22:25:14.010 2350 INFO nova.osapi_compute.wsgi.server [req-d14c29a5-15cb-4a07-823d-1648ef3d22a4 e9483918caa940a48fe882ba092c7e0b 300b2cc45c3846939e589310ae714e46 - - -] 192.168.0.10 "GET /v2/300b2cc45c3846939e589310ae714e46/extensions HTTP/1.1" status: 200 len: 22486 time: 0.0109150
2015-09-30 22:26:51.127 2347 INFO nova.osapi_compute.wsgi.server [req-16b99ab2-35cd-43ce-93d4-e83c8b86111a e9483918caa940a48fe882ba092c7e0b 300b2cc45c3846939e589310ae714e46 - - -] 192.168.0.10 "GET /v2/300b2cc45c3846939e589310ae714e46/os-hypervisors/detail HTTP/1.1" status: 200 len: 2489 time: 0.5653141
2015-09-30 22:26:51.220 2353 INFO nova.osapi_compute.wsgi.server [req-2ede269a-6988-483f-a3a8-73cb431418dd e9483918caa940a48fe882ba092c7e0b 300b2cc45c3846939e589310ae714e46 - - -] 192.168.0.10 "GET /v2/300b2cc45c3846939e589310ae714e46/os-services HTTP/1.1" status: 200 len: 1387 time: 0.0767479
2015-09-30 22:26:51.334 2350 INFO nova.osapi_compute.wsgi.server [req-47d2e388-20ad-4e7c-a4b6-6a2ccc460005 e9483918caa940a48fe882ba092c7e0b 300b2cc45c3846939e589310ae714e46 - - -] 192.168.0.10 "GET /v2/300b2cc45c3846939e589310ae714e46/os-hypervisors/statistics HTTP/1.1" status: 200 len: 456 time: 0.0970151
2015-09-30 22:26:51.571 2350 INFO nova.osapi_compute.wsgi.server [req-7a225e4b-97d1-42a6-a345-c0853eb1c730 e9483918caa940a48fe882ba092c7e0b 300b2cc45c3846939e589310ae714e46 - - -] 192.168.0.10 "GET /v2/300b2cc45c3846939e589310ae714e46/extensions HTTP/1.1" status: 200 len: 22486 time: 0.0069580
2015-09-30 22:30:04.782 2350 INFO nova.osapi_compute.wsgi.server [req-ea312dc2-e235-4ec4-801c-4fd1e48a4853 9b1f9b36d7354b1ea121ccfbae339d8b 85a11a1515f94848be7aa5b56adec8bf - - -] 192.168.0.13 "GET /v2/85a11a1515f94848be7aa5b56adec8bf/servers/detail?all_tenants=True&host=compute2.localdomain HTTP/1.1" status: 200 len: 211 time: 0.1720090
2015-09-30 22:30:12.684 2350 INFO nova.osapi_compute.wsgi.server [req-6d5a8e4f-b10a-4843-97dd-79bc673a74fa 9b1f9b36d7354b1ea121ccfbae339d8b 85a11a1515f94848be7aa5b56adec8bf - - -] 192.168.0.12 "GET /v2/85a11a1515f94848be7aa5b56adec8bf/servers/detail?all_tenants=True&host=compute1.localdomain HTTP/1.1" status: 200 len: 211 time: 0.1597311
2015-09-30 22:30:21.313 2353 INFO nova.osapi_compute.wsgi.server [req-43536f68-125d-43a2-997e-c0c6f5783740 e9483918caa940a48fe882ba092c7e0b 300b2cc45c3846939e589310ae714e46 - - -] 192.168.0.10 "GET /v2/300b2cc45c3846939e589310ae714e46/os-quota-sets/300b2cc45c3846939e589310ae714e46 HTTP/1.1" status: 200 len: 568 time: 0.1015751
2015-09-30 22:31:11.255 2353 INFO nova.osapi_compute.wsgi.server [req-5155011c-6b98-4d21-9bf5-b13970bcec84 9b1f9b36d7354b1ea121ccfbae339d8b 85a11a1515f94848be7aa5b56adec8bf - - -] 192.168.0.10 "GET /v2/85a11a1515f94848be7aa5b56adec8bf/servers/detail?all_tenants=True HTTP/1.1" status: 200 len: 211 time: 0.2399850
2015-09-30 22:31:14.108 2347 INFO nova.osapi_compute.wsgi.server [req-4c5e1f21-408c-4802-907a-35cf9315adbb 9b1f9b36d7354b1ea121ccfbae339d8b 85a11a1515f94848be7aa5b56adec8bf - - -] 192.168.0.10 "GET /v2/85a11a1515f94848be7aa5b56adec8bf/os-floating-ips HTTP/1.1" status: 200 len: 216 time: 0.3513260
2015-09-30 22:33:07.118 2352 INFO nova.osapi_compute.wsgi.server [req-d8684ebf-9ebe-48dc-b06f-caebbfe3c61d e9483918caa940a48fe882ba092c7e0b 300b2cc45c3846939e589310ae714e46 - - -] 192.168.0.10 "GET /v2/300b2cc45c3846939e589310ae714e46/os-quota-sets/300b2cc45c3846939e589310ae714e46/defaults HTTP/1.1" status: 200 len: 568 time: 0.1272469
2015-09-30 22:33:50.191 2352 INFO nova.osapi_compute.wsgi.server [req-2992e65d-4fb1-46f3-a700-a5cac6a800d3 e9483918caa940a48fe882ba092c7e0b 300b2cc45c3846939e589310ae714e46 - - -] 192.168.0.10 "GET /v2/300b2cc45c3846939e589310ae714e46/os-quota-sets/300b2cc45c3846939e589310ae714e46/defaults HTTP/1.1" status: 200 len: 568 time: 0.0483561
2015-09-30 22:33:52.137 2352 INFO nova.osapi_compute.wsgi.server [req-0a2cb0f2-f45e-4de7-a0d4-92f8b2eee609 e9483918caa940a48fe882ba092c7e0b 300b2cc45c3846939e589310ae714e46 - - -] 192.168.0.10 "PUT /v2/300b2cc45c3846939e589310ae714e46/os-quota-sets/e914019c03814ded9911e9718ff69977 HTTP/1.1" status: 200 len: 526 time: 0.1238592
2015-09-30 22:34:02.087 2353 INFO nova.osapi_compute.wsgi.server [req-6ad77b62-8cd5-4512-936b-cf28a1f22474 e9483918caa940a48fe882ba092c7e0b 300b2cc45c3846939e589310ae714e46 - - -] 192.168.0.10 "GET /v2/300b2cc45c3846939e589310ae714e46/os-quota-sets/e914019c03814ded9911e9718ff69977 HTTP/1.1" status: 200 len: 568 time: 0.0588970
2015-09-30 22:37:08.887 2352 INFO nova.osapi_compute.wsgi.server [req-97b4378a-229b-4d29-bac9-1fa9d62df47e e9483918caa940a48fe882ba092c7e0b 300b2cc45c3846939e589310ae714e46 - - -] 192.168.0.10 "GET /v2/300b2cc45c3846939e589310ae714e46/os-quota-sets/300b2cc45c3846939e589310ae714e46/defaults HTTP/1.1" status: 200 len: 568 time: 0.0271070
2015-09-30 22:40:04.800 2352 INFO nova.osapi_compute.wsgi.server [req-fc74ce0f-0234-4d54-9d0e-80941d7da09e 9b1f9b36d7354b1ea121ccfbae339d8b 85a11a1515f94848be7aa5b56adec8bf - - -] 192.168.0.13 "GET /v2/85a11a1515f94848be7aa5b56adec8bf/servers/detail?all_tenants=True&host=compute2.localdomain HTTP/1.1" status: 200 len: 211 time: 0.2113841
2015-09-30 22:40:12.738 2353 INFO nova.osapi_compute.wsgi.server [req-4f402f3f-b3ed-4422-bb34-84e6ad6b2315 9b1f9b36d7354b1ea121ccfbae339d8b 85a11a1515f94848be7aa5b56adec8bf - - -] 192.168.0.12 "GET /v2/85a11a1515f94848be7aa5b56adec8bf/servers/detail?all_tenants=True&host=compute1.localdomain HTTP/1.1" status: 200 len: 211 time: 0.2011292
2015-09-30 22:40:35.612 2347 INFO nova.osapi_compute.wsgi.server [req-051d3f3f-7034-4105-a3e3-dbc9305dc731 415b597bda074b30a90d8cb3b9fd92ec e914019c03814ded9911e9718ff69977 - - -] 192.168.0.10 "GET /v2/e914019c03814ded9911e9718ff69977/extensions HTTP/1.1" status: 200 len: 22486 time: 0.0977020
2015-09-30 22:40:35.747 2353 INFO nova.osapi_compute.wsgi.server [req-75d2e04f-1806-47f2-9889-3e4e80ebf34f 415b597bda074b30a90d8cb3b9fd92ec e914019c03814ded9911e9718ff69977 - - -] 192.168.0.10 "GET /v2/e914019c03814ded9911e9718ff69977/os-simple-tenant-usage/e914019c03814ded9911e9718ff69977?start=2015-09-01T00:00:00&end=2015-09-30T23:59:59 HTTP/1.1" status: 200 len: 216 time: 0.1200271
2015-09-30 22:40:35.838 2347 INFO nova.osapi_compute.wsgi.server [req-9019ba21-ac3f-4347-a703-0b557de438a7 415b597bda074b30a90d8cb3b9fd92ec e914019c03814ded9911e9718ff69977 - - -] 192.168.0.10 "GET /v2/e914019c03814ded9911e9718ff69977/limits HTTP/1.1" status: 200 len: 708 time: 0.0821600
2015-09-30 22:41:11.354 2350 INFO nova.osapi_compute.wsgi.server [req-7d49a1a1-32c1-47ff-83d9-2eaccebbb1c0 9b1f9b36d7354b1ea121ccfbae339d8b 85a11a1515f94848be7aa5b56adec8bf - - -] 192.168.0.10 "GET /v2/85a11a1515f94848be7aa5b56adec8bf/servers/detail?all_tenants=True HTTP/1.1" status: 200 len: 211 time: 0.2240589
2015-09-30 22:41:14.666 2350 WARNING oslo_config.cfg [req-8c6f968f-bc16-434e-9504-d17662a74a81 9b1f9b36d7354b1ea121ccfbae339d8b 85a11a1515f94848be7aa5b56adec8bf - - -] Option "url_timeout" from group "neutron" is deprecated. Use option "timeout" from group "neutron".
2015-09-30 22:41:14.942 2350 INFO nova.osapi_compute.wsgi.server [req-8c6f968f-bc16-434e-9504-d17662a74a81 9b1f9b36d7354b1ea121ccfbae339d8b 85a11a1515f94848be7aa5b56adec8bf - - -] 192.168.0.10 "GET /v2/85a11a1515f94848be7aa5b56adec8bf/os-floating-ips HTTP/1.1" status: 200 len: 216 time: 0.3540878
2015-09-30 22:42:18.896 2347 INFO nova.osapi_compute.wsgi.server [req-6d9147d6-b6fe-49a9-84d1-b1b608272818 415b597bda074b30a90d8cb3b9fd92ec e914019c03814ded9911e9718ff69977 - - -] 192.168.0.10 "GET /v2/e914019c03814ded9911e9718ff69977/servers/detail?limit=21&project_id=e914019c03814ded9911e9718ff69977 HTTP/1.1" status: 200 len: 211 time: 0.1500001
2015-09-30 22:42:19.322 2352 INFO nova.osapi_compute.wsgi.server [req-e59b0c11-5fc7-4cf3-9ba3-758092b8ea82 415b597bda074b30a90d8cb3b9fd92ec e914019c03814ded9911e9718ff69977 - - -] 192.168.0.10 "GET /v2/e914019c03814ded9911e9718ff69977/limits?reserved=1 HTTP/1.1" status: 200 len: 708 time: 0.1697528
2015-09-30 22:42:19.364 2347 INFO nova.osapi_compute.wsgi.server [req-baa9451d-22af-4e28-bf1a-b594a14b9053 415b597bda074b30a90d8cb3b9fd92ec e914019c03814ded9911e9718ff69977 - - -] 192.168.0.10 "GET /v2/e914019c03814ded9911e9718ff69977/limits?reserved=1 HTTP/1.1" status: 200 len: 708 time: 0.0292339
2015-09-30 22:42:23.062 2353 INFO nova.osapi_compute.wsgi.server [req-2e34bb9c-8de0-41f3-83ac-6652349742c4 415b597bda074b30a90d8cb3b9fd92ec e914019c03814ded9911e9718ff69977 - - -] 192.168.0.10 "GET /v2/e914019c03814ded9911e9718ff69977/os-availability-zone HTTP/1.1" status: 200 len: 293 time: 0.0533280
2015-09-30 22:42:23.237 2350 INFO nova.osapi_compute.wsgi.server [req-765ca70b-ab8d-47f0-ac6a-cb519e379c50 415b597bda074b30a90d8cb3b9fd92ec e914019c03814ded9911e9718ff69977 - - -] 192.168.0.10 "GET /v2/e914019c03814ded9911e9718ff69977/flavors/detail HTTP/1.1" status: 200 len: 2287 time: 0.1616409
2015-09-30 22:42:25.293 2352 INFO nova.osapi_compute.wsgi.server [req-f2d53148-557b-48cb-a3de-8f1b7e2b9aec 415b597bda074b30a90d8cb3b9fd92ec e914019c03814ded9911e9718ff69977 - - -] 192.168.0.10 "GET /v2/e914019c03814ded9911e9718ff69977/extensions HTTP/1.1" status: 200 len: 22486 time: 0.0132911
2015-09-30 22:42:25.357 2347 INFO nova.osapi_compute.wsgi.server [req-633f95a7-5c51-4f7d-9e50-7e07ff3af5c8 415b597bda074b30a90d8cb3b9fd92ec e914019c03814ded9911e9718ff69977 - - -] 192.168.0.10 "GET /v2/e914019c03814ded9911e9718ff69977/os-keypairs HTTP/1.1" status: 200 len: 212 time: 0.0349059
2015-09-30 22:42:26.420 2347 INFO nova.osapi_compute.wsgi.server [req-c482b116-e273-4da1-a1e9-74565c7ae94d 415b597bda074b30a90d8cb3b9fd92ec e914019c03814ded9911e9718ff69977 - - -] 192.168.0.10 "GET /v2/e914019c03814ded9911e9718ff69977/limits HTTP/1.1" status: 200 len: 708 time: 0.0573220
2015-09-30 22:42:37.059 2352 INFO nova.osapi_compute.wsgi.server [req-02019fc3-4a9a-4edd-8958-807ea36fdfc0 415b597bda074b30a90d8cb3b9fd92ec e914019c03814ded9911e9718ff69977 - - -] 192.168.0.10 "GET /v2/e914019c03814ded9911e9718ff69977/os-availability-zone HTTP/1.1" status: 200 len: 293 time: 0.0546050
2015-09-30 22:42:37.168 2353 INFO nova.osapi_compute.wsgi.server [req-1dc984e0-77d1-486b-a6b5-5139737509ed 415b597bda074b30a90d8cb3b9fd92ec e914019c03814ded9911e9718ff69977 - - -] 192.168.0.10 "GET /v2/e914019c03814ded9911e9718ff69977/flavors/detail HTTP/1.1" status: 200 len: 2287 time: 0.0897510
2015-09-30 22:42:38.281 2350 INFO nova.osapi_compute.wsgi.server [req-d7553231-85e7-4999-bdc7-95bb274669ae 415b597bda074b30a90d8cb3b9fd92ec e914019c03814ded9911e9718ff69977 - - -] 192.168.0.10 "GET /v2/e914019c03814ded9911e9718ff69977/extensions HTTP/1.1" status: 200 len: 22486 time: 0.0209920
2015-09-30 22:42:38.352 2350 INFO nova.osapi_compute.wsgi.server [req-77172fc5-2058-495e-b0e2-8d8bbc4522f7 415b597bda074b30a90d8cb3b9fd92ec e914019c03814ded9911e9718ff69977 - - -] 192.168.0.10 "GET /v2/e914019c03814ded9911e9718ff69977/os-quota-sets/e914019c03814ded9911e9718ff69977 HTTP/1.1" status: 200 len: 568 time: 0.0413060
2015-09-30 22:42:38.558 2353 INFO nova.osapi_compute.wsgi.server [req-fb8b5081-06ff-4cfe-b388-e76602df7519 415b597bda074b30a90d8cb3b9fd92ec e914019c03814ded9911e9718ff69977 - - -] 192.168.0.10 "GET /v2/e914019c03814ded9911e9718ff69977/servers/detail?all_tenants=True&tenant_id=e914019c03814ded9911e9718ff69977 HTTP/1.1" status: 200 len: 211 time: 0.1098750
2015-09-30 22:42:39.111 2347 INFO nova.osapi_compute.wsgi.server [req-acfae35e-31a4-4dfb-a7e2-3dbb6dfc55d8 415b597bda074b30a90d8cb3b9fd92ec e914019c03814ded9911e9718ff69977 - - -] 192.168.0.10 "GET /v2/e914019c03814ded9911e9718ff69977/os-keypairs HTTP/1.1" status: 200 len: 212 time: 0.0171270
2015-09-30 22:42:39.578 2352 INFO nova.osapi_compute.wsgi.server [req-e0afbda0-cd81-40ad-9534-0b4e18decb61 415b597bda074b30a90d8cb3b9fd92ec e914019c03814ded9911e9718ff69977 - - -] 192.168.0.10 "GET /v2/e914019c03814ded9911e9718ff69977/limits HTTP/1.1" status: 200 len: 708 time: 0.0551491
2015-09-30 22:42:44.510 2353 INFO nova.osapi_compute.wsgi.server [req-c3e68fd3-0fed-427b-9bb5-2f06faf55ccc 415b597bda074b30a90d8cb3b9fd92ec e914019c03814ded9911e9718ff69977 - - -] 192.168.0.10 "GET /v2/e914019c03814ded9911e9718ff69977/os-availability-zone HTTP/1.1" status: 200 len: 293 time: 0.0897160
2015-09-30 22:42:44.576 2353 INFO nova.osapi_compute.wsgi.server [req-90f46a6f-8de4-45ad-83e5-228a3d158c71 415b597bda074b30a90d8cb3b9fd92ec e914019c03814ded9911e9718ff69977 - - -] 192.168.0.10 "GET /v2/e914019c03814ded9911e9718ff69977/flavors/detail HTTP/1.1" status: 200 len: 2287 time: 0.0571229
2015-09-30 22:42:45.331 2353 INFO nova.osapi_compute.wsgi.server [req-8d6b5e6b-c1a3-40a7-8427-8766a35f22cf 415b597bda074b30a90d8cb3b9fd92ec e914019c03814ded9911e9718ff69977 - - -] 192.168.0.10 "GET /v2/e914019c03814ded9911e9718ff69977/extensions HTTP/1.1" status: 200 len: 22486 time: 0.0153680
2015-09-30 22:42:45.438 2352 INFO nova.osapi_compute.wsgi.server [req-f7f2cd23-fcad-4745-b28d-66a07b4c294c 415b597bda074b30a90d8cb3b9fd92ec e914019c03814ded9911e9718ff69977 - - -] 192.168.0.10 "GET /v2/e914019c03814ded9911e9718ff69977/os-quota-sets/e914019c03814ded9911e9718ff69977 HTTP/1.1" status: 200 len: 568 time: 0.0495000
2015-09-30 22:42:45.640 2352 INFO nova.osapi_compute.wsgi.server [req-d14458a9-e25c-469e-b15a-46f1151f40d5 415b597bda074b30a90d8cb3b9fd92ec e914019c03814ded9911e9718ff69977 - - -] 192.168.0.10 "GET /v2/e914019c03814ded9911e9718ff69977/servers/detail?all_tenants=True&tenant_id=e914019c03814ded9911e9718ff69977 HTTP/1.1" status: 200 len: 211 time: 0.0967391
2015-09-30 22:42:46.248 2347 INFO nova.osapi_compute.wsgi.server [req-0ee65b62-0a59-4d70-bf28-bf63677c9309 415b597bda074b30a90d8cb3b9fd92ec e914019c03814ded9911e9718ff69977 - - -] 192.168.0.10 "GET /v2/e914019c03814ded9911e9718ff69977/os-keypairs HTTP/1.1" status: 200 len: 212 time: 0.0442801
2015-09-30 22:42:47.950 2352 WARNING oslo_config.cfg [req-5eb25f3b-2d37-4696-94bc-673ed7916134 415b597bda074b30a90d8cb3b9fd92ec e914019c03814ded9911e9718ff69977 - - -] Option "url_timeout" from group "neutron" is deprecated. Use option "timeout" from group "neutron".
2015-09-30 22:42:48.686 2352 WARNING oslo_config.cfg [req-5eb25f3b-2d37-4696-94bc-673ed7916134 415b597bda074b30a90d8cb3b9fd92ec e914019c03814ded9911e9718ff69977 - - -] Option "rabbit_virtual_host" from group "DEFAULT" is deprecated. Use option "rabbit_virtual_host" from group "oslo_messaging_rabbit".
2015-09-30 22:42:48.687 2352 WARNING oslo_config.cfg [req-5eb25f3b-2d37-4696-94bc-673ed7916134 415b597bda074b30a90d8cb3b9fd92ec e914019c03814ded9911e9718ff69977 - - -] Option "rabbit_hosts" from group "DEFAULT" is deprecated. Use option "rabbit_hosts" from group "oslo_messaging_rabbit".
2015-09-30 22:42:48.687 2352 WARNING oslo_config.cfg [req-5eb25f3b-2d37-4696-94bc-673ed7916134 415b597bda074b30a90d8cb3b9fd92ec e914019c03814ded9911e9718ff69977 - - -] Option "rabbit_port" from group "DEFAULT" is deprecated. Use option "rabbit_port" from group "oslo_messaging_rabbit".
2015-09-30 22:42:48.688 2352 WARNING oslo_config.cfg [req-5eb25f3b-2d37-4696-94bc-673ed7916134 415b597bda074b30a90d8cb3b9fd92ec e914019c03814ded9911e9718ff69977 - - -] Option "rabbit_userid" from group "DEFAULT" is deprecated. Use option "rabbit_userid" from group "oslo_messaging_rabbit".
2015-09-30 22:42:48.689 2352 WARNING oslo_config.cfg [req-5eb25f3b-2d37-4696-94bc-673ed7916134 415b597bda074b30a90d8cb3b9fd92ec e914019c03814ded9911e9718ff69977 - - -] Option "rabbit_password" from group "DEFAULT" is deprecated. Use option "rabbit_password" from group "oslo_messaging_rabbit".
2015-09-30 22:42:48.690 2352 WARNING oslo_config.cfg [req-5eb25f3b-2d37-4696-94bc-673ed7916134 415b597bda074b30a90d8cb3b9fd92ec e914019c03814ded9911e9718ff69977 - - -] Option "rabbit_use_ssl" from group "DEFAULT" is deprecated. Use option "rabbit_use_ssl" from group "oslo_messaging_rabbit".
2015-09-30 22:42:48.720 2352 INFO oslo_messaging._drivers.impl_rabbit [req-5eb25f3b-2d37-4696-94bc-673ed7916134 415b597bda074b30a90d8cb3b9fd92ec e914019c03814ded9911e9718ff69977 - - -] Connecting to AMQP server on 192.168.0.10:5672
2015-09-30 22:42:48.755 2352 INFO oslo_messaging._drivers.impl_rabbit [req-5eb25f3b-2d37-4696-94bc-673ed7916134 415b597bda074b30a90d8cb3b9fd92ec e914019c03814ded9911e9718ff69977 - - -] Connected to AMQP server on 192.168.0.10:5672
2015-09-30 22:42:48.770 2352 INFO nova.osapi_compute.wsgi.server [req-5eb25f3b-2d37-4696-94bc-673ed7916134 415b597bda074b30a90d8cb3b9fd92ec e914019c03814ded9911e9718ff69977 - - -] 192.168.0.10 "POST /v2/e914019c03814ded9911e9718ff69977/servers HTTP/1.1" status: 202 len: 758 time: 2.2335479
2015-09-30 22:42:49.442 2347 INFO nova.osapi_compute.wsgi.server [req-b6a90adf-3030-4e3d-b235-1092ca7d8e78 415b597bda074b30a90d8cb3b9fd92ec e914019c03814ded9911e9718ff69977 - - -] 192.168.0.10 "GET /v2/e914019c03814ded9911e9718ff69977/servers/detail?limit=21&project_id=e914019c03814ded9911e9718ff69977 HTTP/1.1" status: 200 len: 1492 time: 0.2791500
2015-09-30 22:42:49.671 2347 INFO nova.osapi_compute.wsgi.server [req-3f8afd44-228e-4390-89dc-d2b4c7bdf1b1 415b597bda074b30a90d8cb3b9fd92ec e914019c03814ded9911e9718ff69977 - - -] 192.168.0.10 "GET /v2/e914019c03814ded9911e9718ff69977/flavors/detail HTTP/1.1" status: 200 len: 2287 time: 0.0381391
2015-09-30 22:42:50.302 2347 INFO nova.osapi_compute.wsgi.server [req-0dd0c4f8-f563-43a9-ac55-3cea19052145 415b597bda074b30a90d8cb3b9fd92ec e914019c03814ded9911e9718ff69977 - - -] 192.168.0.10 "GET /v2/e914019c03814ded9911e9718ff69977/limits?reserved=1 HTTP/1.1" status: 200 len: 710 time: 0.0862920
2015-09-30 22:42:50.387 2352 INFO nova.osapi_compute.wsgi.server [req-05146623-bcb6-407a-ab4f-34e65a5b0d3f 415b597bda074b30a90d8cb3b9fd92ec e914019c03814ded9911e9718ff69977 - - -] 192.168.0.10 "GET /v2/e914019c03814ded9911e9718ff69977/extensions HTTP/1.1" status: 200 len: 22486 time: 0.0188320
2015-09-30 22:42:50.505 2352 INFO nova.osapi_compute.wsgi.server [req-ce0a5db1-b160-428b-b2e7-2f579f983373 415b597bda074b30a90d8cb3b9fd92ec e914019c03814ded9911e9718ff69977 - - -] 192.168.0.10 "GET /v2/e914019c03814ded9911e9718ff69977/limits?reserved=1 HTTP/1.1" status: 200 len: 710 time: 0.0625329
2015-09-30 22:42:52.304 2350 INFO nova.osapi_compute.wsgi.server [req-a7fe751a-39ac-4ca2-962e-5c2a12a9d38b 415b597bda074b30a90d8cb3b9fd92ec e914019c03814ded9911e9718ff69977 - - -] 192.168.0.10 "GET /v2/e914019c03814ded9911e9718ff69977/servers/9c72075c-1c97-4bb8-9495-50a0823b0366 HTTP/1.1" status: 200 len: 1606 time: 0.4266150
2015-09-30 22:42:52.377 2353 INFO nova.osapi_compute.wsgi.server [req-ad6f4309-e9c4-4b74-96a0-a65a9e9e9316 415b597bda074b30a90d8cb3b9fd92ec e914019c03814ded9911e9718ff69977 - - -] 192.168.0.10 "GET /v2/e914019c03814ded9911e9718ff69977/flavors/1 HTTP/1.1" status: 200 len: 619 time: 0.0562332
2015-09-30 22:42:52.548 2350 INFO nova.osapi_compute.wsgi.server [req-1250b697-3e71-46f4-9584-7afc88bec5e4 415b597bda074b30a90d8cb3b9fd92ec e914019c03814ded9911e9718ff69977 - - -] 192.168.0.10 "GET /v2/e914019c03814ded9911e9718ff69977/extensions HTTP/1.1" status: 200 len: 22486 time: 0.0117278
2015-09-30 22:42:56.063 2353 WARNING oslo_config.cfg [req-4f0d4c7c-b2a4-4f9b-93ca-10a6a261d364 415b597bda074b30a90d8cb3b9fd92ec e914019c03814ded9911e9718ff69977 - - -] Option "url_timeout" from group "neutron" is deprecated. Use option "timeout" from group "neutron".
2015-09-30 22:42:56.359 2353 INFO nova.osapi_compute.wsgi.server [req-4f0d4c7c-b2a4-4f9b-93ca-10a6a261d364 415b597bda074b30a90d8cb3b9fd92ec e914019c03814ded9911e9718ff69977 - - -] 192.168.0.10 "GET /v2/e914019c03814ded9911e9718ff69977/servers/9c72075c-1c97-4bb8-9495-50a0823b0366 HTTP/1.1" status: 200 len: 1606 time: 0.4489830
2015-09-30 22:42:56.390 2353 INFO nova.osapi_compute.wsgi.server [req-02be379a-36d8-4354-bdff-8f44edaef176 415b597bda074b30a90d8cb3b9fd92ec e914019c03814ded9911e9718ff69977 - - -] 192.168.0.10 "GET /v2/e914019c03814ded9911e9718ff69977/flavors/1 HTTP/1.1" status: 200 len: 619 time: 0.0242510
2015-09-30 22:42:56.520 2347 INFO nova.osapi_compute.wsgi.server [req-b50dfbea-1bf4-4e92-b195-fd27281dd204 415b597bda074b30a90d8cb3b9fd92ec e914019c03814ded9911e9718ff69977 - - -] 192.168.0.10 "GET /v2/e914019c03814ded9911e9718ff69977/extensions HTTP/1.1" status: 200 len: 22486 time: 0.0071270
2015-09-30 22:43:03.508 2353 INFO nova.osapi_compute.wsgi.server [req-8a29921e-aaf6-4289-9ef5-b06762994e82 415b597bda074b30a90d8cb3b9fd92ec e914019c03814ded9911e9718ff69977 - - -] 192.168.0.10 "GET /v2/e914019c03814ded9911e9718ff69977/servers/9c72075c-1c97-4bb8-9495-50a0823b0366 HTTP/1.1" status: 200 len: 1606 time: 0.2351260
2015-09-30 22:43:03.572 2350 INFO nova.osapi_compute.wsgi.server [req-a7e3656c-d96a-43f8-b0ad-96e57164c9e9 415b597bda074b30a90d8cb3b9fd92ec e914019c03814ded9911e9718ff69977 - - -] 192.168.0.10 "GET /v2/e914019c03814ded9911e9718ff69977/flavors/1 HTTP/1.1" status: 200 len: 619 time: 0.0445609
2015-09-30 22:43:03.805 2352 INFO nova.osapi_compute.wsgi.server [req-de4afdad-8a9c-4a47-bbcb-03749e027765 415b597bda074b30a90d8cb3b9fd92ec e914019c03814ded9911e9718ff69977 - - -] 192.168.0.10 "GET /v2/e914019c03814ded9911e9718ff69977/extensions HTTP/1.1" status: 200 len: 22486 time: 0.0230870
2015-09-30 22:43:13.439 2347 INFO nova.osapi_compute.wsgi.server [req-f0d380f5-aefe-4031-bd96-1d2a5f2ea2ac 415b597bda074b30a90d8cb3b9fd92ec e914019c03814ded9911e9718ff69977 - - -] 192.168.0.10 "GET /v2/e914019c03814ded9911e9718ff69977/servers/9c72075c-1c97-4bb8-9495-50a0823b0366 HTTP/1.1" status: 200 len: 1606 time: 0.3879230
2015-09-30 22:43:13.568 2353 INFO nova.osapi_compute.wsgi.server [req-a9cd14e7-3880-4aaa-b8d1-7e3fb14a760d 415b597bda074b30a90d8cb3b9fd92ec e914019c03814ded9911e9718ff69977 - - -] 192.168.0.10 "GET /v2/e914019c03814ded9911e9718ff69977/flavors/1 HTTP/1.1" status: 200 len: 619 time: 0.1162531
2015-09-30 22:43:13.733 2347 INFO nova.osapi_compute.wsgi.server [req-f2814101-0dab-4a66-918e-b26404c3ee7e 415b597bda074b30a90d8cb3b9fd92ec e914019c03814ded9911e9718ff69977 - - -] 192.168.0.10 "GET /v2/e914019c03814ded9911e9718ff69977/extensions HTTP/1.1" status: 200 len: 22486 time: 0.0094562
2015-09-30 22:43:25.262 2353 INFO nova.osapi_compute.wsgi.server [req-a89fabe6-f276-4993-9b97-2f283ce9c6fe 415b597bda074b30a90d8cb3b9fd92ec e914019c03814ded9911e9718ff69977 - - -] 192.168.0.10 "GET /v2/e914019c03814ded9911e9718ff69977/servers/9c72075c-1c97-4bb8-9495-50a0823b0366 HTTP/1.1" status: 200 len: 1606 time: 0.2557020
2015-09-30 22:43:25.341 2352 INFO nova.osapi_compute.wsgi.server [req-043478e0-74b4-41f6-b17b-d53e06641e15 415b597bda074b30a90d8cb3b9fd92ec e914019c03814ded9911e9718ff69977 - - -] 192.168.0.10 "GET /v2/e914019c03814ded9911e9718ff69977/flavors/1 HTTP/1.1" status: 200 len: 619 time: 0.0610609
2015-09-30 22:43:25.593 2352 INFO nova.osapi_compute.wsgi.server [req-b4db128b-5ed6-4acb-bc6c-061834bec962 415b597bda074b30a90d8cb3b9fd92ec e914019c03814ded9911e9718ff69977 - - -] 192.168.0.10 "GET /v2/e914019c03814ded9911e9718ff69977/extensions HTTP/1.1" status: 200 len: 22486 time: 0.0092962
2015-09-30 22:43:40.825 2350 INFO nova.osapi_compute.wsgi.server [req-63a7debe-3d23-4505-8958-d332ea3ec8c5 415b597bda074b30a90d8cb3b9fd92ec e914019c03814ded9911e9718ff69977 - - -] 192.168.0.10 "GET /v2/e914019c03814ded9911e9718ff69977/servers/9c72075c-1c97-4bb8-9495-50a0823b0366 HTTP/1.1" status: 200 len: 1606 time: 0.6003950
2015-09-30 22:43:40.891 2350 INFO nova.osapi_compute.wsgi.server [req-8b336d7c-179a-4870-9494-7d39bde77575 415b597bda074b30a90d8cb3b9fd92ec e914019c03814ded9911e9718ff69977 - - -] 192.168.0.10 "GET /v2/e914019c03814ded9911e9718ff69977/flavors/1 HTTP/1.1" status: 200 len: 619 time: 0.0552440
2015-09-30 22:43:41.874 2353 INFO nova.osapi_compute.wsgi.server [req-40a2f89c-df05-40fa-a175-f478def28028 415b597bda074b30a90d8cb3b9fd92ec e914019c03814ded9911e9718ff69977 - - -] 192.168.0.10 "GET /v2/e914019c03814ded9911e9718ff69977/extensions HTTP/1.1" status: 200 len: 22486 time: 0.0221901
2015-09-30 22:43:58.861 2347 INFO nova.osapi_compute.wsgi.server [req-1e2b76a1-ee1d-4062-b335-f544e63545c8 415b597bda074b30a90d8cb3b9fd92ec e914019c03814ded9911e9718ff69977 - - -] 192.168.0.10 "GET /v2/e914019c03814ded9911e9718ff69977/servers/9c72075c-1c97-4bb8-9495-50a0823b0366 HTTP/1.1" status: 200 len: 1606 time: 0.5281301
2015-09-30 22:43:58.902 2350 INFO nova.osapi_compute.wsgi.server [req-662915b2-c3aa-45f5-a882-1e0ef97538f6 415b597bda074b30a90d8cb3b9fd92ec e914019c03814ded9911e9718ff69977 - - -] 192.168.0.10 "GET /v2/e914019c03814ded9911e9718ff69977/flavors/1 HTTP/1.1" status: 200 len: 619 time: 0.0326650
2015-09-30 22:43:59.091 2350 INFO nova.osapi_compute.wsgi.server [req-14c4c3a4-2a3e-441b-b2a8-06143cca721c 415b597bda074b30a90d8cb3b9fd92ec e914019c03814ded9911e9718ff69977 - - -] 192.168.0.10 "GET /v2/e914019c03814ded9911e9718ff69977/extensions HTTP/1.1" status: 200 len: 22486 time: 0.0193050
2015-09-30 22:44:18.534 2350 INFO nova.osapi_compute.wsgi.server [req-929d2b93-7925-4025-ad36-b74263e2abf8 415b597bda074b30a90d8cb3b9fd92ec e914019c03814ded9911e9718ff69977 - - -] 192.168.0.10 "GET /v2/e914019c03814ded9911e9718ff69977/servers/9c72075c-1c97-4bb8-9495-50a0823b0366 HTTP/1.1" status: 200 len: 1606 time: 0.3239570
2015-09-30 22:44:18.598 2347 INFO nova.osapi_compute.wsgi.server [req-94a231d1-746b-4a15-babd-f554d645e83d 415b597bda074b30a90d8cb3b9fd92ec e914019c03814ded9911e9718ff69977 - - -] 192.168.0.10 "GET /v2/e914019c03814ded9911e9718ff69977/flavors/1 HTTP/1.1" status: 200 len: 619 time: 0.0523689
2015-09-30 22:44:18.816 2353 INFO nova.osapi_compute.wsgi.server [req-129f3d99-5171-49aa-ab27-6f07f217d0a0 415b597bda074b30a90d8cb3b9fd92ec e914019c03814ded9911e9718ff69977 - - -] 192.168.0.10 "GET /v2/e914019c03814ded9911e9718ff69977/extensions HTTP/1.1" status: 200 len: 22486 time: 0.0224700
2015-09-30 22:44:40.444 2353 INFO nova.osapi_compute.wsgi.server [req-d4c55c04-7bb2-4ba6-bc0d-ca1fb32d357a 415b597bda074b30a90d8cb3b9fd92ec e914019c03814ded9911e9718ff69977 - - -] 192.168.0.10 "GET /v2/e914019c03814ded9911e9718ff69977/servers/9c72075c-1c97-4bb8-9495-50a0823b0366 HTTP/1.1" status: 200 len: 1606 time: 0.3420401
2015-09-30 22:44:40.503 2350 INFO nova.osapi_compute.wsgi.server [req-40ddcfe6-e865-4f12-bcd3-ed09eafc1875 415b597bda074b30a90d8cb3b9fd92ec e914019c03814ded9911e9718ff69977 - - -] 192.168.0.10 "GET /v2/e914019c03814ded9911e9718ff69977/flavors/1 HTTP/1.1" status: 200 len: 619 time: 0.0526760
2015-09-30 22:44:40.712 2347 INFO nova.osapi_compute.wsgi.server [req-048a3d69-411b-45ed-8526-73768c7e3266 415b597bda074b30a90d8cb3b9fd92ec e914019c03814ded9911e9718ff69977 - - -] 192.168.0.10 "GET /v2/e914019c03814ded9911e9718ff69977/extensions HTTP/1.1" status: 200 len: 22486 time: 0.0108080
2015-09-30 22:45:04.277 2352 INFO nova.osapi_compute.wsgi.server [req-c8ca5b55-0ffd-444b-82b9-3efa7a636174 415b597bda074b30a90d8cb3b9fd92ec e914019c03814ded9911e9718ff69977 - - -] 192.168.0.10 "GET /v2/e914019c03814ded9911e9718ff69977/servers/9c72075c-1c97-4bb8-9495-50a0823b0366 HTTP/1.1" status: 200 len: 1606 time: 0.4039218
2015-09-30 22:45:04.378 2353 INFO nova.osapi_compute.wsgi.server [req-3139d2e1-f4b2-4b80-9ae2-0bfacd9349ed 415b597bda074b30a90d8cb3b9fd92ec e914019c03814ded9911e9718ff69977 - - -] 192.168.0.10 "GET /v2/e914019c03814ded9911e9718ff69977/flavors/1 HTTP/1.1" status: 200 len: 619 time: 0.0761471
2015-09-30 22:45:04.601 2350 INFO nova.osapi_compute.wsgi.server [req-6bd77744-2df5-473b-8c60-102a83ac4809 415b597bda074b30a90d8cb3b9fd92ec e914019c03814ded9911e9718ff69977 - - -] 192.168.0.10 "GET /v2/e914019c03814ded9911e9718ff69977/extensions HTTP/1.1" status: 200 len: 22486 time: 0.0272110
2015-09-30 22:45:31.139 2350 INFO nova.osapi_compute.wsgi.server [req-5084d496-d0ef-402e-ae7b-113f4c1b96a9 415b597bda074b30a90d8cb3b9fd92ec e914019c03814ded9911e9718ff69977 - - -] 192.168.0.10 "GET /v2/e914019c03814ded9911e9718ff69977/servers/9c72075c-1c97-4bb8-9495-50a0823b0366 HTTP/1.1" status: 200 len: 1606 time: 0.3069048
2015-09-30 22:45:31.196 2353 INFO nova.osapi_compute.wsgi.server [req-6034a880-3d4c-4542-af9a-e287c749fa96 415b597bda074b30a90d8cb3b9fd92ec e914019c03814ded9911e9718ff69977 - - -] 192.168.0.10 "GET /v2/e914019c03814ded9911e9718ff69977/flavors/1 HTTP/1.1" status: 200 len: 619 time: 0.0444751
2015-09-30 22:45:31.381 2353 INFO nova.osapi_compute.wsgi.server [req-7cb80d6c-2e3a-45fb-bfb6-ddab78a72a1d 415b597bda074b30a90d8cb3b9fd92ec e914019c03814ded9911e9718ff69977 - - -] 192.168.0.10 "GET /v2/e914019c03814ded9911e9718ff69977/extensions HTTP/1.1" status: 200 len: 22486 time: 0.0102451
2015-09-30 22:46:00.345 2347 INFO nova.osapi_compute.wsgi.server [req-75bf465f-bb37-4d5e-a3e9-a8a8ab985d2b 415b597bda074b30a90d8cb3b9fd92ec e914019c03814ded9911e9718ff69977 - - -] 192.168.0.10 "GET /v2/e914019c03814ded9911e9718ff69977/servers/9c72075c-1c97-4bb8-9495-50a0823b0366 HTTP/1.1" status: 200 len: 1606 time: 0.4799540
2015-09-30 22:46:00.399 2347 INFO nova.osapi_compute.wsgi.server [req-d061c931-166a-4f55-834d-6bacafa50f9c 415b597bda074b30a90d8cb3b9fd92ec e914019c03814ded9911e9718ff69977 - - -] 192.168.0.10 "GET /v2/e914019c03814ded9911e9718ff69977/flavors/1 HTTP/1.1" status: 200 len: 619 time: 0.0480702
2015-09-30 22:46:00.653 2353 INFO nova.osapi_compute.wsgi.server [req-0cd43122-955f-4ae9-aa6b-ef68ccd6b5de 415b597bda074b30a90d8cb3b9fd92ec e914019c03814ded9911e9718ff69977 - - -] 192.168.0.10 "GET /v2/e914019c03814ded9911e9718ff69977/extensions HTTP/1.1" status: 200 len: 22486 time: 0.0950320
2015-09-30 22:46:32.661 2353 INFO nova.osapi_compute.wsgi.server [req-1b8ef373-ff2e-4b41-ba55-e72472c472f5 415b597bda074b30a90d8cb3b9fd92ec e914019c03814ded9911e9718ff69977 - - -] 192.168.0.10 "GET /v2/e914019c03814ded9911e9718ff69977/servers/9c72075c-1c97-4bb8-9495-50a0823b0366 HTTP/1.1" status: 200 len: 1606 time: 0.3169131
2015-09-30 22:46:32.755 2347 INFO nova.osapi_compute.wsgi.server [req-2a1c1027-b1c7-4370-8d0c-311aefba4119 415b597bda074b30a90d8cb3b9fd92ec e914019c03814ded9911e9718ff69977 - - -] 192.168.0.10 "GET /v2/e914019c03814ded9911e9718ff69977/flavors/1 HTTP/1.1" status: 200 len: 619 time: 0.0700841
2015-09-30 22:46:32.960 2350 INFO nova.osapi_compute.wsgi.server [req-f72d86b1-bc69-4fc6-b595-5497b97d7c33 415b597bda074b30a90d8cb3b9fd92ec e914019c03814ded9911e9718ff69977 - - -] 192.168.0.10 "GET /v2/e914019c03814ded9911e9718ff69977/extensions HTTP/1.1" status: 200 len: 22486 time: 0.0206180
2015-09-30 22:47:04.073 2353 INFO nova.osapi_compute.wsgi.server [req-fe3cec67-52ec-47c2-8e29-c7e054a42465 415b597bda074b30a90d8cb3b9fd92ec e914019c03814ded9911e9718ff69977 - - -] 192.168.0.10 "GET /v2/e914019c03814ded9911e9718ff69977/servers/9c72075c-1c97-4bb8-9495-50a0823b0366 HTTP/1.1" status: 200 len: 1606 time: 0.2387090
2015-09-30 22:47:04.151 2350 INFO nova.osapi_compute.wsgi.server [req-0c302535-5cf1-4335-b22f-99479dcce636 415b597bda074b30a90d8cb3b9fd92ec e914019c03814ded9911e9718ff69977 - - -] 192.168.0.10 "GET /v2/e914019c03814ded9911e9718ff69977/flavors/1 HTTP/1.1" status: 200 len: 619 time: 0.0621040
2015-09-30 22:47:04.282 2347 INFO nova.osapi_compute.wsgi.server [req-64016562-1d70-4284-a9e2-605053dd00bb 415b597bda074b30a90d8cb3b9fd92ec e914019c03814ded9911e9718ff69977 - - -] 192.168.0.10 "GET /v2/e914019c03814ded9911e9718ff69977/extensions HTTP/1.1" status: 200 len: 22486 time: 0.0189581
2015-09-30 22:47:17.773 2347 INFO nova.api.openstack.compute.contrib.server_external_events [req-acbcb0b8-6998-45c6-a8c5-61014196ee94 d3125ab7d2eb4ba0a23d480eee988419 85a11a1515f94848be7aa5b56adec8bf - - -] Creating event network-vif-plugged:25656eef-8c63-4653-8de4-69fe1fcf5066 for instance 9c72075c-1c97-4bb8-9495-50a0823b0366
2015-09-30 22:47:17.783 2347 WARNING oslo_config.cfg [req-acbcb0b8-6998-45c6-a8c5-61014196ee94 d3125ab7d2eb4ba0a23d480eee988419 85a11a1515f94848be7aa5b56adec8bf - - -] Option "rabbit_virtual_host" from group "DEFAULT" is deprecated. Use option "rabbit_virtual_host" from group "oslo_messaging_rabbit".
2015-09-30 22:47:17.784 2347 WARNING oslo_config.cfg [req-acbcb0b8-6998-45c6-a8c5-61014196ee94 d3125ab7d2eb4ba0a23d480eee988419 85a11a1515f94848be7aa5b56adec8bf - - -] Option "rabbit_hosts" from group "DEFAULT" is deprecated. Use option "rabbit_hosts" from group "oslo_messaging_rabbit".
