2015-10-01 03:31:29.637 1028 WARNING keystonemiddleware.auth_token [-] Configuring admin URI using auth fragments. This is deprecated, use 'identity_uri' instead.
2015-10-01 03:31:29.644 1028 INFO nova.wsgi [-] osapi_compute listening on 0.0.0.0:8774
2015-10-01 03:31:29.645 1028 INFO nova.openstack.common.service [-] Starting 4 workers
2015-10-01 03:31:29.669 1028 INFO nova.openstack.common.service [-] Started child 2477
2015-10-01 03:31:29.713 1028 INFO nova.openstack.common.service [-] Started child 2480
2015-10-01 03:31:29.751 2477 INFO nova.osapi_compute.wsgi.server [-] (2477) wsgi starting up on http://0.0.0.0:8774/
2015-10-01 03:31:29.764 2480 INFO nova.osapi_compute.wsgi.server [-] (2480) wsgi starting up on http://0.0.0.0:8774/
2015-10-01 03:31:29.760 1028 INFO nova.openstack.common.service [-] Started child 2484
2015-10-01 03:31:29.823 2484 INFO nova.osapi_compute.wsgi.server [-] (2484) wsgi starting up on http://0.0.0.0:8774/
2015-10-01 03:31:29.822 1028 INFO nova.openstack.common.service [-] Started child 2488
2015-10-01 03:31:29.874 1028 INFO nova.network.driver [-] Loading network driver 'nova.network.linux_net'
2015-10-01 03:31:29.872 2488 INFO nova.osapi_compute.wsgi.server [-] (2488) wsgi starting up on http://0.0.0.0:8774/
2015-10-01 03:31:29.884 1028 WARNING oslo_config.cfg [-] Option "lock_path" from group "DEFAULT" is deprecated. Use option "lock_path" from group "oslo_concurrency".
2015-10-01 03:31:31.072 1028 INFO nova.wsgi [-] metadata listening on 0.0.0.0:8775
2015-10-01 03:31:31.075 1028 INFO nova.openstack.common.service [-] Starting 4 workers
2015-10-01 03:31:31.097 1028 INFO nova.openstack.common.service [-] Started child 2571
2015-10-01 03:31:31.155 2571 INFO nova.metadata.wsgi.server [-] (2571) wsgi starting up on http://0.0.0.0:8775/
2015-10-01 03:31:31.144 1028 INFO nova.openstack.common.service [-] Started child 2572
2015-10-01 03:31:31.239 2572 INFO nova.metadata.wsgi.server [-] (2572) wsgi starting up on http://0.0.0.0:8775/
2015-10-01 03:31:31.227 1028 INFO nova.openstack.common.service [-] Started child 2584
2015-10-01 03:31:31.300 2584 INFO nova.metadata.wsgi.server [-] (2584) wsgi starting up on http://0.0.0.0:8775/
2015-10-01 03:31:31.299 1028 INFO nova.openstack.common.service [-] Started child 2588
2015-10-01 03:31:31.387 2588 INFO nova.metadata.wsgi.server [-] (2588) wsgi starting up on http://0.0.0.0:8775/
2015-10-01 03:31:31.476 1028 WARNING oslo_config.cfg [-] Option "rabbit_ha_queues" from group "DEFAULT" is deprecated. Use option "rabbit_ha_queues" from group "oslo_messaging_rabbit".
2015-10-01 03:31:31.478 1028 WARNING oslo_config.cfg [-] Option "rabbit_host" from group "DEFAULT" is deprecated. Use option "rabbit_host" from group "oslo_messaging_rabbit".
2015-10-01 03:31:31.479 1028 WARNING oslo_config.cfg [-] Option "rabbit_hosts" from group "DEFAULT" is deprecated. Use option "rabbit_hosts" from group "oslo_messaging_rabbit".
2015-10-01 03:31:31.480 1028 WARNING oslo_config.cfg [-] Option "rabbit_password" from group "DEFAULT" is deprecated. Use option "rabbit_password" from group "oslo_messaging_rabbit".
2015-10-01 03:31:31.481 1028 WARNING oslo_config.cfg [-] Option "rabbit_port" from group "DEFAULT" is deprecated. Use option "rabbit_port" from group "oslo_messaging_rabbit".
2015-10-01 03:31:31.482 1028 WARNING oslo_config.cfg [-] Option "rabbit_use_ssl" from group "DEFAULT" is deprecated. Use option "rabbit_use_ssl" from group "oslo_messaging_rabbit".
2015-10-01 03:31:31.483 1028 WARNING oslo_config.cfg [-] Option "rabbit_userid" from group "DEFAULT" is deprecated. Use option "rabbit_userid" from group "oslo_messaging_rabbit".
2015-10-01 03:31:31.483 1028 WARNING oslo_config.cfg [-] Option "rabbit_virtual_host" from group "DEFAULT" is deprecated. Use option "rabbit_virtual_host" from group "oslo_messaging_rabbit".
2015-10-01 03:31:31.490 1028 WARNING oslo_config.cfg [-] Option "url_timeout" from group "neutron" is deprecated. Use option "timeout" from group "neutron".
2015-10-01 03:31:31.515 1028 WARNING oslo_config.cfg [-] Option "sql_connection" from group "DEFAULT" is deprecated. Use option "connection" from group "database".
2015-10-01 03:35:56.204 2488 WARNING oslo_config.cfg [req-23d314d8-9334-4131-9f76-11d3b74f3e80 415b597bda074b30a90d8cb3b9fd92ec e914019c03814ded9911e9718ff69977 - - -] Option "sql_connection" from group "DEFAULT" is deprecated. Use option "connection" from group "database".
2015-10-01 03:35:56.965 2488 WARNING oslo_config.cfg [req-23d314d8-9334-4131-9f76-11d3b74f3e80 415b597bda074b30a90d8cb3b9fd92ec e914019c03814ded9911e9718ff69977 - - -] Option "url_timeout" from group "neutron" is deprecated. Use option "timeout" from group "neutron".
2015-10-01 03:35:58.656 2488 INFO nova.osapi_compute.wsgi.server [req-23d314d8-9334-4131-9f76-11d3b74f3e80 415b597bda074b30a90d8cb3b9fd92ec e914019c03814ded9911e9718ff69977 - - -] 192.168.0.10 "GET /v2/e914019c03814ded9911e9718ff69977/servers/detail?limit=21&project_id=e914019c03814ded9911e9718ff69977 HTTP/1.1" status: 200 len: 1877 time: 4.8014779
2015-10-01 03:35:59.340 2488 INFO nova.osapi_compute.wsgi.server [req-a59bdd7a-1274-443c-803c-b02dc8520d43 415b597bda074b30a90d8cb3b9fd92ec e914019c03814ded9911e9718ff69977 - - -] 192.168.0.10 "GET /v2/e914019c03814ded9911e9718ff69977/flavors/detail HTTP/1.1" status: 200 len: 2287 time: 0.0642998
2015-10-01 03:36:03.976 2480 INFO nova.osapi_compute.wsgi.server [req-a3e67aef-3851-4c40-9a64-b26f514f51ea 415b597bda074b30a90d8cb3b9fd92ec e914019c03814ded9911e9718ff69977 - - -] 192.168.0.10 "GET /v2/e914019c03814ded9911e9718ff69977/extensions HTTP/1.1" status: 200 len: 22486 time: 2.6648240
2015-10-01 03:36:06.542 2477 WARNING oslo_config.cfg [req-38f0519f-e4a4-43ea-9b3a-a1eb32c767ea 415b597bda074b30a90d8cb3b9fd92ec e914019c03814ded9911e9718ff69977 - - -] Option "sql_connection" from group "DEFAULT" is deprecated. Use option "connection" from group "database".
2015-10-01 03:36:06.572 2488 INFO nova.osapi_compute.wsgi.server [req-406a5e1b-5fac-4f0a-b1d8-8006b76542c3 e9483918caa940a48fe882ba092c7e0b 300b2cc45c3846939e589310ae714e46 - - -] 192.168.0.10 "GET /v2/300b2cc45c3846939e589310ae714e46/extensions HTTP/1.1" status: 200 len: 22486 time: 0.1240771
2015-10-01 03:36:07.097 2477 INFO nova.osapi_compute.wsgi.server [req-38f0519f-e4a4-43ea-9b3a-a1eb32c767ea 415b597bda074b30a90d8cb3b9fd92ec e914019c03814ded9911e9718ff69977 - - -] 192.168.0.10 "GET /v2/e914019c03814ded9911e9718ff69977/limits?reserved=1 HTTP/1.1" status: 200 len: 710 time: 2.9690590
2015-10-01 03:36:10.246 2484 WARNING oslo_config.cfg [req-01c3cef3-e5e6-4b66-907c-0d52efdd7a50 415b597bda074b30a90d8cb3b9fd92ec e914019c03814ded9911e9718ff69977 - - -] Option "sql_connection" from group "DEFAULT" is deprecated. Use option "connection" from group "database".
2015-10-01 03:36:10.748 2484 INFO nova.osapi_compute.wsgi.server [req-01c3cef3-e5e6-4b66-907c-0d52efdd7a50 415b597bda074b30a90d8cb3b9fd92ec e914019c03814ded9911e9718ff69977 - - -] 192.168.0.10 "GET /v2/e914019c03814ded9911e9718ff69977/limits?reserved=1 HTTP/1.1" status: 200 len: 710 time: 2.7565780
2015-10-01 03:36:20.658 2480 WARNING oslo_config.cfg [req-4fe7d99e-836e-42bd-bf32-bb715e6d4a2d 415b597bda074b30a90d8cb3b9fd92ec e914019c03814ded9911e9718ff69977 - - -] Option "sql_connection" from group "DEFAULT" is deprecated. Use option "connection" from group "database".
2015-10-01 03:36:21.461 2480 WARNING oslo_config.cfg [req-4fe7d99e-836e-42bd-bf32-bb715e6d4a2d 415b597bda074b30a90d8cb3b9fd92ec e914019c03814ded9911e9718ff69977 - - -] Option "url_timeout" from group "neutron" is deprecated. Use option "timeout" from group "neutron".
2015-10-01 03:36:22.113 2480 INFO nova.osapi_compute.wsgi.server [req-4fe7d99e-836e-42bd-bf32-bb715e6d4a2d 415b597bda074b30a90d8cb3b9fd92ec e914019c03814ded9911e9718ff69977 - - -] 192.168.0.10 "GET /v2/e914019c03814ded9911e9718ff69977/servers/9c72075c-1c97-4bb8-9495-50a0823b0366 HTTP/1.1" status: 200 len: 1874 time: 1.4809041
2015-10-01 03:36:22.329 2488 INFO nova.osapi_compute.wsgi.server [req-d0c19281-5bc2-49f3-817e-b21e2942953f 415b597bda074b30a90d8cb3b9fd92ec e914019c03814ded9911e9718ff69977 - - -] 192.168.0.10 "GET /v2/e914019c03814ded9911e9718ff69977/servers/9c72075c-1c97-4bb8-9495-50a0823b0366/os-volume_attachments HTTP/1.1" status: 200 len: 221 time: 0.2027972
2015-10-01 03:36:22.400 2488 INFO nova.osapi_compute.wsgi.server [req-e22c29e5-013c-4c0f-83f3-a7001c698385 415b597bda074b30a90d8cb3b9fd92ec e914019c03814ded9911e9718ff69977 - - -] 192.168.0.10 "GET /v2/e914019c03814ded9911e9718ff69977/flavors/1 HTTP/1.1" status: 200 len: 619 time: 0.0537090
2015-10-01 03:36:24.131 2477 INFO nova.osapi_compute.wsgi.server [req-5855fb22-22c7-4586-b3ba-c5b4327860bd 415b597bda074b30a90d8cb3b9fd92ec e914019c03814ded9911e9718ff69977 - - -] 192.168.0.10 "GET /v2/e914019c03814ded9911e9718ff69977/extensions HTTP/1.1" status: 200 len: 22486 time: 0.0207620
2015-10-01 03:36:32.617 2480 INFO nova.osapi_compute.wsgi.server [req-0d16c455-e2c0-4d4a-b5d1-a195d992a8fe 415b597bda074b30a90d8cb3b9fd92ec e914019c03814ded9911e9718ff69977 - - -] 192.168.0.10 "GET /v2/e914019c03814ded9911e9718ff69977/servers/detail?limit=21&project_id=e914019c03814ded9911e9718ff69977 HTTP/1.1" status: 200 len: 1877 time: 0.2783680
2015-10-01 03:36:33.054 2477 INFO nova.osapi_compute.wsgi.server [req-512dbf7f-06f4-4bb4-8017-2a1a2747e274 415b597bda074b30a90d8cb3b9fd92ec e914019c03814ded9911e9718ff69977 - - -] 192.168.0.10 "GET /v2/e914019c03814ded9911e9718ff69977/flavors/detail HTTP/1.1" status: 200 len: 2287 time: 0.0931141
2015-10-01 03:36:34.247 2484 WARNING oslo_config.cfg [req-cdbeeb31-5d54-46ef-a0b5-b08c4a46fb97 415b597bda074b30a90d8cb3b9fd92ec e914019c03814ded9911e9718ff69977 - - -] Option "rabbit_virtual_host" from group "DEFAULT" is deprecated. Use option "rabbit_virtual_host" from group "oslo_messaging_rabbit".
2015-10-01 03:36:34.249 2484 WARNING oslo_config.cfg [req-cdbeeb31-5d54-46ef-a0b5-b08c4a46fb97 415b597bda074b30a90d8cb3b9fd92ec e914019c03814ded9911e9718ff69977 - - -] Option "rabbit_hosts" from group "DEFAULT" is deprecated. Use option "rabbit_hosts" from group "oslo_messaging_rabbit".
2015-10-01 03:36:34.250 2484 WARNING oslo_config.cfg [req-cdbeeb31-5d54-46ef-a0b5-b08c4a46fb97 415b597bda074b30a90d8cb3b9fd92ec e914019c03814ded9911e9718ff69977 - - -] Option "rabbit_port" from group "DEFAULT" is deprecated. Use option "rabbit_port" from group "oslo_messaging_rabbit".
2015-10-01 03:36:34.251 2484 WARNING oslo_config.cfg [req-cdbeeb31-5d54-46ef-a0b5-b08c4a46fb97 415b597bda074b30a90d8cb3b9fd92ec e914019c03814ded9911e9718ff69977 - - -] Option "rabbit_userid" from group "DEFAULT" is deprecated. Use option "rabbit_userid" from group "oslo_messaging_rabbit".
2015-10-01 03:36:34.251 2484 WARNING oslo_config.cfg [req-cdbeeb31-5d54-46ef-a0b5-b08c4a46fb97 415b597bda074b30a90d8cb3b9fd92ec e914019c03814ded9911e9718ff69977 - - -] Option "rabbit_password" from group "DEFAULT" is deprecated. Use option "rabbit_password" from group "oslo_messaging_rabbit".
2015-10-01 03:36:34.253 2484 WARNING oslo_config.cfg [req-cdbeeb31-5d54-46ef-a0b5-b08c4a46fb97 415b597bda074b30a90d8cb3b9fd92ec e914019c03814ded9911e9718ff69977 - - -] Option "rabbit_use_ssl" from group "DEFAULT" is deprecated. Use option "rabbit_use_ssl" from group "oslo_messaging_rabbit".
2015-10-01 03:36:34.292 2484 INFO oslo_messaging._drivers.impl_rabbit [req-cdbeeb31-5d54-46ef-a0b5-b08c4a46fb97 415b597bda074b30a90d8cb3b9fd92ec e914019c03814ded9911e9718ff69977 - - -] Connecting to AMQP server on 192.168.0.10:5672
2015-10-01 03:36:34.320 2484 INFO oslo_messaging._drivers.impl_rabbit [req-cdbeeb31-5d54-46ef-a0b5-b08c4a46fb97 415b597bda074b30a90d8cb3b9fd92ec e914019c03814ded9911e9718ff69977 - - -] Connected to AMQP server on 192.168.0.10:5672
2015-10-01 03:36:34.329 2484 INFO nova.osapi_compute.wsgi.server [req-cdbeeb31-5d54-46ef-a0b5-b08c4a46fb97 415b597bda074b30a90d8cb3b9fd92ec e914019c03814ded9911e9718ff69977 - - -] 192.168.0.10 "DELETE /v2/e914019c03814ded9911e9718ff69977/servers/9c72075c-1c97-4bb8-9495-50a0823b0366 HTTP/1.1" status: 204 len: 203 time: 0.5614572
2015-10-01 03:36:35.045 2480 INFO nova.osapi_compute.wsgi.server [req-a3531533-17b5-41a7-a029-c2c4652c1055 415b597bda074b30a90d8cb3b9fd92ec e914019c03814ded9911e9718ff69977 - - -] 192.168.0.10 "GET /v2/e914019c03814ded9911e9718ff69977/servers/detail?limit=21&project_id=e914019c03814ded9911e9718ff69977 HTTP/1.1" status: 200 len: 1883 time: 0.2783310
2015-10-01 03:36:35.507 2480 INFO nova.osapi_compute.wsgi.server [req-64315539-5cbf-4206-b84b-4295285c20e9 415b597bda074b30a90d8cb3b9fd92ec e914019c03814ded9911e9718ff69977 - - -] 192.168.0.10 "GET /v2/e914019c03814ded9911e9718ff69977/flavors/detail HTTP/1.1" status: 200 len: 2287 time: 0.0767100
2015-10-01 03:36:35.888 2484 INFO nova.osapi_compute.wsgi.server [req-83f47770-aaa4-454a-a770-a906d66c9747 415b597bda074b30a90d8cb3b9fd92ec e914019c03814ded9911e9718ff69977 - - -] 192.168.0.10 "GET /v2/e914019c03814ded9911e9718ff69977/limits?reserved=1 HTTP/1.1" status: 200 len: 710 time: 0.0557311
2015-10-01 03:36:35.949 2477 INFO nova.osapi_compute.wsgi.server [req-f9627e80-e7bb-4d3b-86fc-b6cddf8ea79e 415b597bda074b30a90d8cb3b9fd92ec e914019c03814ded9911e9718ff69977 - - -] 192.168.0.10 "GET /v2/e914019c03814ded9911e9718ff69977/extensions HTTP/1.1" status: 200 len: 22486 time: 0.0174801
2015-10-01 03:36:36.011 2480 INFO nova.osapi_compute.wsgi.server [req-a34c7e2f-e215-4bb4-93d8-66a98f73516b 415b597bda074b30a90d8cb3b9fd92ec e914019c03814ded9911e9718ff69977 - - -] 192.168.0.10 "GET /v2/e914019c03814ded9911e9718ff69977/limits?reserved=1 HTTP/1.1" status: 200 len: 710 time: 0.0419111
2015-10-01 03:36:36.906 2477 INFO nova.osapi_compute.wsgi.server [req-659383e4-cdf4-4ec8-8c56-7dcef23adcc4 e9483918caa940a48fe882ba092c7e0b 300b2cc45c3846939e589310ae714e46 - - -] 192.168.0.10 "GET /v2/300b2cc45c3846939e589310ae714e46/os-hypervisors/detail HTTP/1.1" status: 200 len: 2490 time: 0.1360881
2015-10-01 03:36:37.038 2480 INFO nova.osapi_compute.wsgi.server [req-4a17f8d0-90ed-48a6-9de7-0edf3dfd68ab e9483918caa940a48fe882ba092c7e0b 300b2cc45c3846939e589310ae714e46 - - -] 192.168.0.10 "GET /v2/300b2cc45c3846939e589310ae714e46/os-services HTTP/1.1" status: 200 len: 1387 time: 0.1222570
2015-10-01 03:36:37.123 2484 INFO nova.osapi_compute.wsgi.server [req-2523f13d-2ba9-4574-a521-280197d38257 e9483918caa940a48fe882ba092c7e0b 300b2cc45c3846939e589310ae714e46 - - -] 192.168.0.10 "GET /v2/300b2cc45c3846939e589310ae714e46/os-hypervisors/statistics HTTP/1.1" status: 200 len: 456 time: 0.0763600
2015-10-01 03:36:37.641 2484 INFO nova.osapi_compute.wsgi.server [req-cbbbdd6a-ff84-42c8-8af6-eb6eedff22b1 e9483918caa940a48fe882ba092c7e0b 300b2cc45c3846939e589310ae714e46 - - -] 192.168.0.10 "GET /v2/300b2cc45c3846939e589310ae714e46/extensions HTTP/1.1" status: 200 len: 22486 time: 0.0118270
2015-10-01 03:36:38.044 2480 INFO nova.osapi_compute.wsgi.server [req-0c67c84c-722a-4dd2-9b59-53a2cbc6f175 415b597bda074b30a90d8cb3b9fd92ec e914019c03814ded9911e9718ff69977 - - -] 192.168.0.10 "GET /v2/e914019c03814ded9911e9718ff69977/servers/9c72075c-1c97-4bb8-9495-50a0823b0366 HTTP/1.1" status: 200 len: 1880 time: 0.7209911
2015-10-01 03:36:38.107 2477 INFO nova.osapi_compute.wsgi.server [req-8d79f64f-5e1c-40a8-a7d9-07175731efb2 415b597bda074b30a90d8cb3b9fd92ec e914019c03814ded9911e9718ff69977 - - -] 192.168.0.10 "GET /v2/e914019c03814ded9911e9718ff69977/flavors/1 HTTP/1.1" status: 200 len: 619 time: 0.0516770
2015-10-01 03:36:38.326 2484 INFO nova.osapi_compute.wsgi.server [req-1bc2238f-b6e4-4bcb-a35b-d85acb4412c6 415b597bda074b30a90d8cb3b9fd92ec e914019c03814ded9911e9718ff69977 - - -] 192.168.0.10 "GET /v2/e914019c03814ded9911e9718ff69977/extensions HTTP/1.1" status: 200 len: 22486 time: 0.0088651
2015-10-01 03:36:41.569 2484 WARNING oslo_config.cfg [req-510b7b0d-a7b9-445e-bc62-f5277d9be1ef 415b597bda074b30a90d8cb3b9fd92ec e914019c03814ded9911e9718ff69977 - - -] Option "url_timeout" from group "neutron" is deprecated. Use option "timeout" from group "neutron".
2015-10-01 03:36:41.769 2484 INFO nova.osapi_compute.wsgi.server [req-510b7b0d-a7b9-445e-bc62-f5277d9be1ef 415b597bda074b30a90d8cb3b9fd92ec e914019c03814ded9911e9718ff69977 - - -] 192.168.0.10 "GET /v2/e914019c03814ded9911e9718ff69977/servers/9c72075c-1c97-4bb8-9495-50a0823b0366 HTTP/1.1" status: 200 len: 1880 time: 0.3812411
2015-10-01 03:36:41.884 2488 INFO nova.osapi_compute.wsgi.server [req-f3964bf6-a389-4f67-8b38-ea1a17f68bf8 415b597bda074b30a90d8cb3b9fd92ec e914019c03814ded9911e9718ff69977 - - -] 192.168.0.10 "GET /v2/e914019c03814ded9911e9718ff69977/flavors/1 HTTP/1.1" status: 200 len: 619 time: 0.0512440
2015-10-01 03:36:42.069 2480 INFO nova.osapi_compute.wsgi.server [req-3843062c-c0be-4a28-abe2-233ac40e3ba0 415b597bda074b30a90d8cb3b9fd92ec e914019c03814ded9911e9718ff69977 - - -] 192.168.0.10 "GET /v2/e914019c03814ded9911e9718ff69977/extensions HTTP/1.1" status: 200 len: 22486 time: 0.0294659
2015-10-01 03:36:47.715 2477 WARNING oslo_config.cfg [req-672699b9-4f3b-4b85-adb2-6efc96b5d4f5 415b597bda074b30a90d8cb3b9fd92ec e914019c03814ded9911e9718ff69977 - - -] Option "url_timeout" from group "neutron" is deprecated. Use option "timeout" from group "neutron".
2015-10-01 03:36:47.937 2477 INFO nova.osapi_compute.wsgi.server [req-672699b9-4f3b-4b85-adb2-6efc96b5d4f5 415b597bda074b30a90d8cb3b9fd92ec e914019c03814ded9911e9718ff69977 - - -] 192.168.0.10 "GET /v2/e914019c03814ded9911e9718ff69977/servers/9c72075c-1c97-4bb8-9495-50a0823b0366 HTTP/1.1" status: 200 len: 1880 time: 0.3641932
2015-10-01 03:36:47.982 2477 INFO nova.osapi_compute.wsgi.server [req-adbba1e8-1189-4b21-8d42-c6dd2ad82c2c 415b597bda074b30a90d8cb3b9fd92ec e914019c03814ded9911e9718ff69977 - - -] 192.168.0.10 "GET /v2/e914019c03814ded9911e9718ff69977/flavors/1 HTTP/1.1" status: 200 len: 619 time: 0.0375638
2015-10-01 03:36:48.936 2480 INFO nova.osapi_compute.wsgi.server [req-978fdd0f-8e68-411e-b8cf-01a9113d4cb4 415b597bda074b30a90d8cb3b9fd92ec e914019c03814ded9911e9718ff69977 - - -] 192.168.0.10 "GET /v2/e914019c03814ded9911e9718ff69977/extensions HTTP/1.1" status: 200 len: 22486 time: 0.0080342
2015-10-01 03:36:57.235 2477 INFO nova.osapi_compute.wsgi.server [req-e493f610-f228-45ec-bd2f-33fd57d2271c 415b597bda074b30a90d8cb3b9fd92ec e914019c03814ded9911e9718ff69977 - - -] 192.168.0.10 "GET /v2/e914019c03814ded9911e9718ff69977/servers/9c72075c-1c97-4bb8-9495-50a0823b0366 HTTP/1.1" status: 200 len: 1880 time: 0.1893411
2015-10-01 03:36:57.314 2480 INFO nova.osapi_compute.wsgi.server [req-98f209e8-a82a-4656-8fad-6a3522b50b54 415b597bda074b30a90d8cb3b9fd92ec e914019c03814ded9911e9718ff69977 - - -] 192.168.0.10 "GET /v2/e914019c03814ded9911e9718ff69977/flavors/1 HTTP/1.1" status: 200 len: 619 time: 0.0674570
2015-10-01 03:36:57.525 2484 INFO nova.osapi_compute.wsgi.server [req-c0fc2613-4913-4f49-bc9f-96402d066e2b 415b597bda074b30a90d8cb3b9fd92ec e914019c03814ded9911e9718ff69977 - - -] 192.168.0.10 "GET /v2/e914019c03814ded9911e9718ff69977/extensions HTTP/1.1" status: 200 len: 22486 time: 0.0161529
2015-10-01 03:37:08.754 2484 INFO nova.osapi_compute.wsgi.server [req-3a5c5125-7aea-48f7-b45f-7536f4ba6109 415b597bda074b30a90d8cb3b9fd92ec e914019c03814ded9911e9718ff69977 - - -] 192.168.0.10 "GET /v2/e914019c03814ded9911e9718ff69977/servers/9c72075c-1c97-4bb8-9495-50a0823b0366 HTTP/1.1" status: 200 len: 1880 time: 0.6079190
2015-10-01 03:37:08.850 2480 INFO nova.osapi_compute.wsgi.server [req-4b79b8b9-32f0-418f-9baf-368088183022 415b597bda074b30a90d8cb3b9fd92ec e914019c03814ded9911e9718ff69977 - - -] 192.168.0.10 "GET /v2/e914019c03814ded9911e9718ff69977/flavors/1 HTTP/1.1" status: 200 len: 619 time: 0.0761778
2015-10-01 03:37:10.491 2480 INFO nova.osapi_compute.wsgi.server [req-5d17d8c0-52fd-410c-8d5e-04355276b38a 415b597bda074b30a90d8cb3b9fd92ec e914019c03814ded9911e9718ff69977 - - -] 192.168.0.10 "GET /v2/e914019c03814ded9911e9718ff69977/extensions HTTP/1.1" status: 200 len: 22486 time: 0.0070832
2015-10-01 03:37:23.641 2480 INFO nova.osapi_compute.wsgi.server [req-d307e5a3-04ff-4894-b17f-dae386d02a5f 415b597bda074b30a90d8cb3b9fd92ec e914019c03814ded9911e9718ff69977 - - -] 192.168.0.10 "GET /v2/e914019c03814ded9911e9718ff69977/servers/9c72075c-1c97-4bb8-9495-50a0823b0366 HTTP/1.1" status: 200 len: 1880 time: 0.3096480
2015-10-01 03:37:23.691 2480 INFO nova.osapi_compute.wsgi.server [req-b1725c88-ad8f-46e4-8aa5-860b5b9d6b45 415b597bda074b30a90d8cb3b9fd92ec e914019c03814ded9911e9718ff69977 - - -] 192.168.0.10 "GET /v2/e914019c03814ded9911e9718ff69977/flavors/1 HTTP/1.1" status: 200 len: 619 time: 0.0439351
2015-10-01 03:37:23.858 2480 INFO nova.osapi_compute.wsgi.server [req-144cfa87-4002-4a69-8b82-d70c417b381e 415b597bda074b30a90d8cb3b9fd92ec e914019c03814ded9911e9718ff69977 - - -] 192.168.0.10 "GET /v2/e914019c03814ded9911e9718ff69977/extensions HTTP/1.1" status: 200 len: 22486 time: 0.0093110
2015-10-01 03:37:39.880 2480 INFO nova.osapi_compute.wsgi.server [req-456f5d40-d74d-4345-9612-0d15f7299382 415b597bda074b30a90d8cb3b9fd92ec e914019c03814ded9911e9718ff69977 - - -] 192.168.0.10 "GET /v2/e914019c03814ded9911e9718ff69977/servers/9c72075c-1c97-4bb8-9495-50a0823b0366 HTTP/1.1" status: 200 len: 1880 time: 0.3299670
2015-10-01 03:37:39.932 2480 INFO nova.osapi_compute.wsgi.server [req-8b6eae4d-d23b-464a-8ae4-cc0fb6d23428 415b597bda074b30a90d8cb3b9fd92ec e914019c03814ded9911e9718ff69977 - - -] 192.168.0.10 "GET /v2/e914019c03814ded9911e9718ff69977/flavors/1 HTTP/1.1" status: 200 len: 619 time: 0.0369580
2015-10-01 03:37:40.080 2480 INFO nova.osapi_compute.wsgi.server [req-959f36e4-f364-40f3-af3c-2910d3ab7664 415b597bda074b30a90d8cb3b9fd92ec e914019c03814ded9911e9718ff69977 - - -] 192.168.0.10 "GET /v2/e914019c03814ded9911e9718ff69977/extensions HTTP/1.1" status: 200 len: 22486 time: 0.0102911
2015-10-01 03:37:58.624 2480 INFO nova.osapi_compute.wsgi.server [req-f74fb9cb-79df-4989-bc85-d2c1c4d761ce 415b597bda074b30a90d8cb3b9fd92ec e914019c03814ded9911e9718ff69977 - - -] 192.168.0.10 "GET /v2/e914019c03814ded9911e9718ff69977/servers/9c72075c-1c97-4bb8-9495-50a0823b0366 HTTP/1.1" status: 200 len: 1880 time: 0.2695811
2015-10-01 03:37:58.690 2488 INFO nova.osapi_compute.wsgi.server [req-a910e900-b177-450f-816d-63ae12e752e6 415b597bda074b30a90d8cb3b9fd92ec e914019c03814ded9911e9718ff69977 - - -] 192.168.0.10 "GET /v2/e914019c03814ded9911e9718ff69977/flavors/1 HTTP/1.1" status: 200 len: 619 time: 0.0548871
2015-10-01 03:37:58.918 2484 INFO nova.osapi_compute.wsgi.server [req-72906f09-5f40-4b15-9d89-711eb4762c33 415b597bda074b30a90d8cb3b9fd92ec e914019c03814ded9911e9718ff69977 - - -] 192.168.0.10 "GET /v2/e914019c03814ded9911e9718ff69977/extensions HTTP/1.1" status: 200 len: 22486 time: 0.0302031
2015-10-01 03:38:20.620 2480 INFO nova.osapi_compute.wsgi.server [req-74c7564e-8fc3-46c8-a7dd-46da109726e8 415b597bda074b30a90d8cb3b9fd92ec e914019c03814ded9911e9718ff69977 - - -] 192.168.0.10 "GET /v2/e914019c03814ded9911e9718ff69977/servers/9c72075c-1c97-4bb8-9495-50a0823b0366 HTTP/1.1" status: 200 len: 1880 time: 0.3392379
2015-10-01 03:38:20.668 2480 INFO nova.osapi_compute.wsgi.server [req-9c9c7076-4608-4255-8e12-7013bff35c2b 415b597bda074b30a90d8cb3b9fd92ec e914019c03814ded9911e9718ff69977 - - -] 192.168.0.10 "GET /v2/e914019c03814ded9911e9718ff69977/flavors/1 HTTP/1.1" status: 200 len: 619 time: 0.0389869
2015-10-01 03:38:20.838 2480 INFO nova.osapi_compute.wsgi.server [req-2fe1f2ff-8137-4e9a-9eea-273763a35a43 415b597bda074b30a90d8cb3b9fd92ec e914019c03814ded9911e9718ff69977 - - -] 192.168.0.10 "GET /v2/e914019c03814ded9911e9718ff69977/extensions HTTP/1.1" status: 200 len: 22486 time: 0.0083649
2015-10-01 03:38:44.889 2484 INFO nova.osapi_compute.wsgi.server [req-3dce2cbf-8ce6-4fe7-998d-7716d089a26c 415b597bda074b30a90d8cb3b9fd92ec e914019c03814ded9911e9718ff69977 - - -] 192.168.0.10 "GET /v2/e914019c03814ded9911e9718ff69977/servers/9c72075c-1c97-4bb8-9495-50a0823b0366 HTTP/1.1" status: 200 len: 1880 time: 0.4080489
2015-10-01 03:38:45.007 2488 INFO nova.osapi_compute.wsgi.server [req-c7b653c7-fb9e-4e44-b8d1-bd0e4694e622 415b597bda074b30a90d8cb3b9fd92ec e914019c03814ded9911e9718ff69977 - - -] 192.168.0.10 "GET /v2/e914019c03814ded9911e9718ff69977/flavors/1 HTTP/1.1" status: 200 len: 619 time: 0.1045411
2015-10-01 03:38:45.272 2488 INFO nova.osapi_compute.wsgi.server [req-9424b692-5f1f-4684-b2e1-1cab2163ab05 415b597bda074b30a90d8cb3b9fd92ec e914019c03814ded9911e9718ff69977 - - -] 192.168.0.10 "GET /v2/e914019c03814ded9911e9718ff69977/extensions HTTP/1.1" status: 200 len: 22486 time: 0.0100980
2015-10-01 03:39:11.870 2480 INFO nova.osapi_compute.wsgi.server [req-a9b5e7c7-0464-4f0a-9d56-f2edea051d19 415b597bda074b30a90d8cb3b9fd92ec e914019c03814ded9911e9718ff69977 - - -] 192.168.0.10 "GET /v2/e914019c03814ded9911e9718ff69977/servers/9c72075c-1c97-4bb8-9495-50a0823b0366 HTTP/1.1" status: 200 len: 1880 time: 0.2553530
2015-10-01 03:39:11.932 2484 INFO nova.osapi_compute.wsgi.server [req-4f257d83-9e55-4b1d-90b9-461a6d1d52d0 415b597bda074b30a90d8cb3b9fd92ec e914019c03814ded9911e9718ff69977 - - -] 192.168.0.10 "GET /v2/e914019c03814ded9911e9718ff69977/flavors/1 HTTP/1.1" status: 200 len: 619 time: 0.0497758
2015-10-01 03:39:12.063 2484 INFO nova.osapi_compute.wsgi.server [req-cbdc4868-8a6c-4ead-8be5-c5b9461245ff 415b597bda074b30a90d8cb3b9fd92ec e914019c03814ded9911e9718ff69977 - - -] 192.168.0.10 "GET /v2/e914019c03814ded9911e9718ff69977/extensions HTTP/1.1" status: 200 len: 22486 time: 0.0084460
2015-10-01 03:39:40.980 2488 INFO nova.osapi_compute.wsgi.server [req-18fcf281-6a0c-4aab-9a86-6a81bab94eb0 415b597bda074b30a90d8cb3b9fd92ec e914019c03814ded9911e9718ff69977 - - -] 192.168.0.10 "GET /v2/e914019c03814ded9911e9718ff69977/servers/9c72075c-1c97-4bb8-9495-50a0823b0366 HTTP/1.1" status: 200 len: 1880 time: 0.3766551
2015-10-01 03:39:41.041 2484 INFO nova.osapi_compute.wsgi.server [req-06f621e7-9854-4341-aa22-dc1b6316244d 415b597bda074b30a90d8cb3b9fd92ec e914019c03814ded9911e9718ff69977 - - -] 192.168.0.10 "GET /v2/e914019c03814ded9911e9718ff69977/flavors/1 HTTP/1.1" status: 200 len: 619 time: 0.0501280
2015-10-01 03:39:41.225 2488 INFO nova.osapi_compute.wsgi.server [req-6a21d38f-b371-45bc-991e-8b5e0641c903 415b597bda074b30a90d8cb3b9fd92ec e914019c03814ded9911e9718ff69977 - - -] 192.168.0.10 "GET /v2/e914019c03814ded9911e9718ff69977/extensions HTTP/1.1" status: 200 len: 22486 time: 0.0083549
2015-10-01 03:40:05.144 2480 INFO nova.osapi_compute.wsgi.server [req-bd30a92e-b92c-4eba-b2a0-5a7c0f11d07c 9b1f9b36d7354b1ea121ccfbae339d8b 85a11a1515f94848be7aa5b56adec8bf - - -] 192.168.0.13 "GET /v2/85a11a1515f94848be7aa5b56adec8bf/servers/detail?all_tenants=True&host=compute2.localdomain HTTP/1.1" status: 200 len: 2048 time: 0.5633428
2015-10-01 03:40:05.322 2477 INFO nova.osapi_compute.wsgi.server [req-c093e710-43e2-476a-857e-ca5fdcfb372c 9b1f9b36d7354b1ea121ccfbae339d8b 85a11a1515f94848be7aa5b56adec8bf - - -] 192.168.0.13 "GET /v2/85a11a1515f94848be7aa5b56adec8bf/flavors/1 HTTP/1.1" status: 200 len: 619 time: 0.1621351
2015-10-01 03:40:05.888 2484 INFO nova.osapi_compute.wsgi.server [req-ceeee893-2e26-4298-9d93-b2bfb05b447d 9b1f9b36d7354b1ea121ccfbae339d8b 85a11a1515f94848be7aa5b56adec8bf - - -] 192.168.0.13 "GET /v2/85a11a1515f94848be7aa5b56adec8bf/images/8a724f78-2673-4ea1-b607-373626a15afb HTTP/1.1" status: 200 len: 879 time: 0.5510399
2015-10-01 03:40:12.745 2484 INFO nova.osapi_compute.wsgi.server [req-f583366d-4fa6-4c5d-afec-59b81f9f7244 9b1f9b36d7354b1ea121ccfbae339d8b 85a11a1515f94848be7aa5b56adec8bf - - -] 192.168.0.12 "GET /v2/85a11a1515f94848be7aa5b56adec8bf/servers/detail?all_tenants=True&host=compute1.localdomain HTTP/1.1" status: 200 len: 211 time: 0.1776631
2015-10-01 03:40:13.012 2480 INFO nova.osapi_compute.wsgi.server [req-2341ce47-9f52-43b0-b743-47bea7f8282d 415b597bda074b30a90d8cb3b9fd92ec e914019c03814ded9911e9718ff69977 - - -] 192.168.0.10 "GET /v2/e914019c03814ded9911e9718ff69977/servers/9c72075c-1c97-4bb8-9495-50a0823b0366 HTTP/1.1" status: 200 len: 1880 time: 0.3889570
2015-10-01 03:40:13.071 2480 INFO nova.osapi_compute.wsgi.server [req-687563fc-9868-4a6e-8292-9675b4ce504f 415b597bda074b30a90d8cb3b9fd92ec e914019c03814ded9911e9718ff69977 - - -] 192.168.0.10 "GET /v2/e914019c03814ded9911e9718ff69977/flavors/1 HTTP/1.1" status: 200 len: 619 time: 0.0483241
2015-10-01 03:40:13.234 2488 INFO nova.osapi_compute.wsgi.server [req-5196dcb6-99e2-46a1-b3cb-9f96c188b2c1 415b597bda074b30a90d8cb3b9fd92ec e914019c03814ded9911e9718ff69977 - - -] 192.168.0.10 "GET /v2/e914019c03814ded9911e9718ff69977/extensions HTTP/1.1" status: 200 len: 22486 time: 0.0232890
2015-10-01 03:40:45.192 2488 INFO nova.osapi_compute.wsgi.server [req-9fdd6bfa-3bdc-43d9-a5fc-ff1a2ec71768 415b597bda074b30a90d8cb3b9fd92ec e914019c03814ded9911e9718ff69977 - - -] 192.168.0.10 "GET /v2/e914019c03814ded9911e9718ff69977/servers/9c72075c-1c97-4bb8-9495-50a0823b0366 HTTP/1.1" status: 200 len: 1880 time: 0.6723802
2015-10-01 03:40:45.338 2477 INFO nova.osapi_compute.wsgi.server [req-8bdb9fb5-a2a6-4aca-b9d7-c1808b049a42 415b597bda074b30a90d8cb3b9fd92ec e914019c03814ded9911e9718ff69977 - - -] 192.168.0.10 "GET /v2/e914019c03814ded9911e9718ff69977/flavors/1 HTTP/1.1" status: 200 len: 619 time: 0.1169159
2015-10-01 03:40:45.536 2477 INFO nova.osapi_compute.wsgi.server [req-204ec3cd-e446-4b06-8d10-b12892314dd9 415b597bda074b30a90d8cb3b9fd92ec e914019c03814ded9911e9718ff69977 - - -] 192.168.0.10 "GET /v2/e914019c03814ded9911e9718ff69977/extensions HTTP/1.1" status: 200 len: 22486 time: 0.0171809
2015-10-01 03:41:14.975 2480 INFO nova.osapi_compute.wsgi.server [req-9138a505-c552-47ae-afc3-1502b9f556e1 9b1f9b36d7354b1ea121ccfbae339d8b 85a11a1515f94848be7aa5b56adec8bf - - -] 192.168.0.10 "GET /v2/85a11a1515f94848be7aa5b56adec8bf/servers/detail?all_tenants=True HTTP/1.1" status: 200 len: 2048 time: 0.4906659
2015-10-01 03:41:17.870 2484 INFO nova.osapi_compute.wsgi.server [req-ad159a60-e866-43f3-a3a2-511784055f25 415b597bda074b30a90d8cb3b9fd92ec e914019c03814ded9911e9718ff69977 - - -] 192.168.0.10 "GET /v2/e914019c03814ded9911e9718ff69977/servers/9c72075c-1c97-4bb8-9495-50a0823b0366 HTTP/1.1" status: 200 len: 1880 time: 1.1200511
2015-10-01 03:41:17.944 2484 INFO nova.osapi_compute.wsgi.server [req-8bee76e2-d2e7-4cfe-90cd-a142f0f93f73 415b597bda074b30a90d8cb3b9fd92ec e914019c03814ded9911e9718ff69977 - - -] 192.168.0.10 "GET /v2/e914019c03814ded9911e9718ff69977/flavors/1 HTTP/1.1" status: 200 len: 619 time: 0.0498250
2015-10-01 03:41:18.532 2480 INFO nova.osapi_compute.wsgi.server [req-55e95d37-2a99-419b-897a-2a9c23595807 415b597bda074b30a90d8cb3b9fd92ec e914019c03814ded9911e9718ff69977 - - -] 192.168.0.10 "GET /v2/e914019c03814ded9911e9718ff69977/extensions HTTP/1.1" status: 200 len: 22486 time: 0.0879090
2015-10-01 03:41:19.531 2480 INFO nova.osapi_compute.wsgi.server [req-b926a882-6a8a-4bd8-be0c-1c1b59929170 9b1f9b36d7354b1ea121ccfbae339d8b 85a11a1515f94848be7aa5b56adec8bf - - -] 192.168.0.10 "GET /v2/85a11a1515f94848be7aa5b56adec8bf/os-floating-ips HTTP/1.1" status: 200 len: 216 time: 0.3073480
2015-10-01 03:41:49.895 2480 INFO nova.osapi_compute.wsgi.server [req-8dec8b0f-ef30-4a33-94ec-4cd6aa69b60a 415b597bda074b30a90d8cb3b9fd92ec e914019c03814ded9911e9718ff69977 - - -] 192.168.0.10 "GET /v2/e914019c03814ded9911e9718ff69977/servers/9c72075c-1c97-4bb8-9495-50a0823b0366 HTTP/1.1" status: 200 len: 1880 time: 0.2766349
2015-10-01 03:41:50.062 2488 INFO nova.osapi_compute.wsgi.server [req-70e7e209-becc-42fb-b52f-2da4a191b3e5 415b597bda074b30a90d8cb3b9fd92ec e914019c03814ded9911e9718ff69977 - - -] 192.168.0.10 "GET /v2/e914019c03814ded9911e9718ff69977/flavors/1 HTTP/1.1" status: 200 len: 619 time: 0.1520240
2015-10-01 03:41:50.382 2480 INFO nova.osapi_compute.wsgi.server [req-b2652a32-27ba-4f5d-ba45-5f9466d33e2a 415b597bda074b30a90d8cb3b9fd92ec e914019c03814ded9911e9718ff69977 - - -] 192.168.0.10 "GET /v2/e914019c03814ded9911e9718ff69977/extensions HTTP/1.1" status: 200 len: 22486 time: 0.0094271
2015-10-01 03:42:22.656 2477 INFO nova.osapi_compute.wsgi.server [req-44d72e2d-17fe-4b50-b133-29bc7fb4ffdc 415b597bda074b30a90d8cb3b9fd92ec e914019c03814ded9911e9718ff69977 - - -] 192.168.0.10 "GET /v2/e914019c03814ded9911e9718ff69977/servers/9c72075c-1c97-4bb8-9495-50a0823b0366 HTTP/1.1" status: 200 len: 1880 time: 1.0336740
2015-10-01 03:42:22.715 2477 INFO nova.osapi_compute.wsgi.server [req-41a4e3b9-d79b-4ea7-a7f9-8405e7b3046c 415b597bda074b30a90d8cb3b9fd92ec e914019c03814ded9911e9718ff69977 - - -] 192.168.0.10 "GET /v2/e914019c03814ded9911e9718ff69977/flavors/1 HTTP/1.1" status: 200 len: 619 time: 0.0436430
2015-10-01 03:42:23.324 2484 INFO nova.osapi_compute.wsgi.server [req-d04a916c-db31-4643-b05c-1dd9338c37d5 415b597bda074b30a90d8cb3b9fd92ec e914019c03814ded9911e9718ff69977 - - -] 192.168.0.10 "GET /v2/e914019c03814ded9911e9718ff69977/extensions HTTP/1.1" status: 200 len: 22486 time: 0.0277278
2015-10-01 03:42:54.959 2477 INFO nova.osapi_compute.wsgi.server [req-deb44ccb-36f1-4e46-b29b-7996702c7d5e 415b597bda074b30a90d8cb3b9fd92ec e914019c03814ded9911e9718ff69977 - - -] 192.168.0.10 "GET /v2/e914019c03814ded9911e9718ff69977/servers/9c72075c-1c97-4bb8-9495-50a0823b0366 HTTP/1.1" status: 200 len: 1880 time: 0.3381770
2015-10-01 03:42:55.061 2484 INFO nova.osapi_compute.wsgi.server [req-9d0fb3e0-82c1-435e-974d-8050572502b7 415b597bda074b30a90d8cb3b9fd92ec e914019c03814ded9911e9718ff69977 - - -] 192.168.0.10 "GET /v2/e914019c03814ded9911e9718ff69977/flavors/1 HTTP/1.1" status: 200 len: 619 time: 0.0847020
2015-10-01 03:42:55.456 2477 INFO nova.osapi_compute.wsgi.server [req-ccd0daf9-0dea-4c16-95a9-aebe07ea819a 415b597bda074b30a90d8cb3b9fd92ec e914019c03814ded9911e9718ff69977 - - -] 192.168.0.10 "GET /v2/e914019c03814ded9911e9718ff69977/extensions HTTP/1.1" status: 200 len: 22486 time: 0.0093060
2015-10-01 03:43:26.949 2477 INFO nova.osapi_compute.wsgi.server [req-5c4e4c46-341c-4820-bc70-11a7de2154de 415b597bda074b30a90d8cb3b9fd92ec e914019c03814ded9911e9718ff69977 - - -] 192.168.0.10 "GET /v2/e914019c03814ded9911e9718ff69977/servers/9c72075c-1c97-4bb8-9495-50a0823b0366 HTTP/1.1" status: 200 len: 1880 time: 0.3399959
2015-10-01 03:43:27.053 2480 INFO nova.osapi_compute.wsgi.server [req-7545cf51-4922-4f69-a9ed-da9c0c1fee43 415b597bda074b30a90d8cb3b9fd92ec e914019c03814ded9911e9718ff69977 - - -] 192.168.0.10 "GET /v2/e914019c03814ded9911e9718ff69977/flavors/1 HTTP/1.1" status: 200 len: 619 time: 0.0867412
2015-10-01 03:43:27.415 2480 INFO nova.osapi_compute.wsgi.server [req-b5eba369-ad3e-40ed-bacb-88ccd1e76afc 415b597bda074b30a90d8cb3b9fd92ec e914019c03814ded9911e9718ff69977 - - -] 192.168.0.10 "GET /v2/e914019c03814ded9911e9718ff69977/extensions HTTP/1.1" status: 200 len: 22486 time: 0.0082459
2015-10-01 03:43:58.942 2477 INFO nova.osapi_compute.wsgi.server [req-6c6057dd-a77d-421a-b22f-cce31d504ee0 415b597bda074b30a90d8cb3b9fd92ec e914019c03814ded9911e9718ff69977 - - -] 192.168.0.10 "GET /v2/e914019c03814ded9911e9718ff69977/servers/9c72075c-1c97-4bb8-9495-50a0823b0366 HTTP/1.1" status: 200 len: 1880 time: 0.3281178
2015-10-01 03:43:59.007 2477 INFO nova.osapi_compute.wsgi.server [req-3bbb70c7-6d6b-418f-84d6-f4f214a2bc9b 415b597bda074b30a90d8cb3b9fd92ec e914019c03814ded9911e9718ff69977 - - -] 192.168.0.10 "GET /v2/e914019c03814ded9911e9718ff69977/flavors/1 HTTP/1.1" status: 200 len: 619 time: 0.0517280
2015-10-01 03:43:59.398 2477 INFO nova.osapi_compute.wsgi.server [req-dbe0abe4-334d-43a2-8fce-a37a646b8197 415b597bda074b30a90d8cb3b9fd92ec e914019c03814ded9911e9718ff69977 - - -] 192.168.0.10 "GET /v2/e914019c03814ded9911e9718ff69977/extensions HTTP/1.1" status: 200 len: 22486 time: 0.0123029
2015-10-01 03:44:30.823 2484 INFO nova.osapi_compute.wsgi.server [req-10dd11f7-5729-41bc-a7ef-63669e39b4f0 415b597bda074b30a90d8cb3b9fd92ec e914019c03814ded9911e9718ff69977 - - -] 192.168.0.10 "GET /v2/e914019c03814ded9911e9718ff69977/servers/9c72075c-1c97-4bb8-9495-50a0823b0366 HTTP/1.1" status: 200 len: 1880 time: 0.3004999
2015-10-01 03:44:30.860 2484 INFO nova.osapi_compute.wsgi.server [req-dfb219ca-a3da-4e26-97a5-c6d57539c81b 415b597bda074b30a90d8cb3b9fd92ec e914019c03814ded9911e9718ff69977 - - -] 192.168.0.10 "GET /v2/e914019c03814ded9911e9718ff69977/flavors/1 HTTP/1.1" status: 200 len: 619 time: 0.0312471
2015-10-01 03:44:31.254 2484 INFO nova.osapi_compute.wsgi.server [req-fe26a2a6-749f-41d8-8789-8bacfed1e271 415b597bda074b30a90d8cb3b9fd92ec e914019c03814ded9911e9718ff69977 - - -] 192.168.0.10 "GET /v2/e914019c03814ded9911e9718ff69977/extensions HTTP/1.1" status: 200 len: 22486 time: 0.0091290
2015-10-01 03:45:03.114 2484 INFO nova.osapi_compute.wsgi.server [req-cd922f20-81cb-4f05-aa57-10958b6ef5d6 415b597bda074b30a90d8cb3b9fd92ec e914019c03814ded9911e9718ff69977 - - -] 192.168.0.10 "GET /v2/e914019c03814ded9911e9718ff69977/servers/9c72075c-1c97-4bb8-9495-50a0823b0366 HTTP/1.1" status: 200 len: 1880 time: 0.3928189
2015-10-01 03:45:03.176 2484 INFO nova.osapi_compute.wsgi.server [req-6b2b2599-a6c4-4d94-95e5-3feefb2193cd 415b597bda074b30a90d8cb3b9fd92ec e914019c03814ded9911e9718ff69977 - - -] 192.168.0.10 "GET /v2/e914019c03814ded9911e9718ff69977/flavors/1 HTTP/1.1" status: 200 len: 619 time: 0.0522192
2015-10-01 03:45:03.746 2480 INFO nova.osapi_compute.wsgi.server [req-b54d5875-f8f5-42cf-90f9-c76907e73c02 415b597bda074b30a90d8cb3b9fd92ec e914019c03814ded9911e9718ff69977 - - -] 192.168.0.10 "GET /v2/e914019c03814ded9911e9718ff69977/extensions HTTP/1.1" status: 200 len: 22486 time: 0.0230649
2015-10-01 03:45:34.636 2480 INFO nova.osapi_compute.wsgi.server [req-89d3c8b1-b2fe-4bd9-a2de-41c7d07056a9 415b597bda074b30a90d8cb3b9fd92ec e914019c03814ded9911e9718ff69977 - - -] 192.168.0.10 "GET /v2/e914019c03814ded9911e9718ff69977/servers/9c72075c-1c97-4bb8-9495-50a0823b0366 HTTP/1.1" status: 200 len: 1880 time: 0.3142681
2015-10-01 03:45:34.707 2484 INFO nova.osapi_compute.wsgi.server [req-afa8205a-1e73-4eaa-8eea-2e3e4835f371 415b597bda074b30a90d8cb3b9fd92ec e914019c03814ded9911e9718ff69977 - - -] 192.168.0.10 "GET /v2/e914019c03814ded9911e9718ff69977/flavors/1 HTTP/1.1" status: 200 len: 619 time: 0.0544410
2015-10-01 03:45:34.868 2477 INFO nova.osapi_compute.wsgi.server [req-182fbc98-f20a-4a08-89ac-70339905c470 415b597bda074b30a90d8cb3b9fd92ec e914019c03814ded9911e9718ff69977 - - -] 192.168.0.10 "GET /v2/e914019c03814ded9911e9718ff69977/extensions HTTP/1.1" status: 200 len: 22486 time: 0.0198359
2015-10-01 03:46:05.969 2484 INFO nova.osapi_compute.wsgi.server [req-96e05275-07dd-4918-a02f-790888ba9544 415b597bda074b30a90d8cb3b9fd92ec e914019c03814ded9911e9718ff69977 - - -] 192.168.0.10 "GET /v2/e914019c03814ded9911e9718ff69977/servers/9c72075c-1c97-4bb8-9495-50a0823b0366 HTTP/1.1" status: 200 len: 1880 time: 0.3850391
2015-10-01 03:46:06.083 2477 INFO nova.osapi_compute.wsgi.server [req-8ac66ce1-1285-45a5-81e8-f84377ae8307 415b597bda074b30a90d8cb3b9fd92ec e914019c03814ded9911e9718ff69977 - - -] 192.168.0.10 "GET /v2/e914019c03814ded9911e9718ff69977/flavors/1 HTTP/1.1" status: 200 len: 619 time: 0.0972450
2015-10-01 03:46:06.320 2477 INFO nova.osapi_compute.wsgi.server [req-af5f6718-312d-4cef-8b9a-01b08cc204be 415b597bda074b30a90d8cb3b9fd92ec e914019c03814ded9911e9718ff69977 - - -] 192.168.0.10 "GET /v2/e914019c03814ded9911e9718ff69977/extensions HTTP/1.1" status: 200 len: 22486 time: 0.0117371
2015-10-01 03:46:38.395 2484 INFO nova.osapi_compute.wsgi.server [req-96cf0c47-818d-465b-b87d-381176de7927 415b597bda074b30a90d8cb3b9fd92ec e914019c03814ded9911e9718ff69977 - - -] 192.168.0.10 "GET /v2/e914019c03814ded9911e9718ff69977/servers/9c72075c-1c97-4bb8-9495-50a0823b0366 HTTP/1.1" status: 200 len: 1880 time: 0.6284950
2015-10-01 03:46:38.581 2480 INFO nova.osapi_compute.wsgi.server [req-8686ac90-d554-4d2f-bb6e-dfd9fd778566 415b597bda074b30a90d8cb3b9fd92ec e914019c03814ded9911e9718ff69977 - - -] 192.168.0.10 "GET /v2/e914019c03814ded9911e9718ff69977/flavors/1 HTTP/1.1" status: 200 len: 619 time: 0.1414511
2015-10-01 03:46:38.759 2480 INFO nova.osapi_compute.wsgi.server [req-d4c89d7d-aec4-455a-8e6a-a45d77c02a1b 415b597bda074b30a90d8cb3b9fd92ec e914019c03814ded9911e9718ff69977 - - -] 192.168.0.10 "GET /v2/e914019c03814ded9911e9718ff69977/extensions HTTP/1.1" status: 200 len: 22486 time: 0.0105939
2015-10-01 03:47:10.900 2484 INFO nova.osapi_compute.wsgi.server [req-4b19d17d-915b-4919-ad84-54283aa462cf 415b597bda074b30a90d8cb3b9fd92ec e914019c03814ded9911e9718ff69977 - - -] 192.168.0.10 "GET /v2/e914019c03814ded9911e9718ff69977/servers/9c72075c-1c97-4bb8-9495-50a0823b0366 HTTP/1.1" status: 200 len: 1880 time: 0.2668531
2015-10-01 03:47:10.996 2480 INFO nova.osapi_compute.wsgi.server [req-aa66c9fe-3d0f-4b40-af6b-32127a9bbcf7 415b597bda074b30a90d8cb3b9fd92ec e914019c03814ded9911e9718ff69977 - - -] 192.168.0.10 "GET /v2/e914019c03814ded9911e9718ff69977/flavors/1 HTTP/1.1" status: 200 len: 619 time: 0.0799510
2015-10-01 03:47:11.372 2480 INFO nova.osapi_compute.wsgi.server [req-44f68298-b82d-4455-9ca8-fee26d4432d8 415b597bda074b30a90d8cb3b9fd92ec e914019c03814ded9911e9718ff69977 - - -] 192.168.0.10 "GET /v2/e914019c03814ded9911e9718ff69977/extensions HTTP/1.1" status: 200 len: 22486 time: 0.0129988
2015-10-01 03:47:43.020 2480 INFO nova.osapi_compute.wsgi.server [req-473467af-3878-4744-9201-cba4cddbc4e2 415b597bda074b30a90d8cb3b9fd92ec e914019c03814ded9911e9718ff69977 - - -] 192.168.0.10 "GET /v2/e914019c03814ded9911e9718ff69977/servers/9c72075c-1c97-4bb8-9495-50a0823b0366 HTTP/1.1" status: 200 len: 1880 time: 0.2462401
2015-10-01 03:47:43.203 2477 INFO nova.osapi_compute.wsgi.server [req-bccd575b-dce2-40e1-99da-76408609b09a 415b597bda074b30a90d8cb3b9fd92ec e914019c03814ded9911e9718ff69977 - - -] 192.168.0.10 "GET /v2/e914019c03814ded9911e9718ff69977/flavors/1 HTTP/1.1" status: 200 len: 619 time: 0.1693771
2015-10-01 03:47:43.467 2488 INFO nova.osapi_compute.wsgi.server [req-b677ce04-e42d-43f4-9e6e-c09e0026c82e 415b597bda074b30a90d8cb3b9fd92ec e914019c03814ded9911e9718ff69977 - - -] 192.168.0.10 "GET /v2/e914019c03814ded9911e9718ff69977/extensions HTTP/1.1" status: 200 len: 22486 time: 0.0938239
2015-10-01 03:48:14.980 2480 INFO nova.osapi_compute.wsgi.server [req-94a21d87-c383-4faa-953a-b2d2a1994201 415b597bda074b30a90d8cb3b9fd92ec e914019c03814ded9911e9718ff69977 - - -] 192.168.0.10 "GET /v2/e914019c03814ded9911e9718ff69977/servers/9c72075c-1c97-4bb8-9495-50a0823b0366 HTTP/1.1" status: 200 len: 1880 time: 0.3447440
2015-10-01 03:48:15.023 2480 INFO nova.osapi_compute.wsgi.server [req-8ee84eff-504a-4871-aa27-f35a9c7fd3f0 415b597bda074b30a90d8cb3b9fd92ec e914019c03814ded9911e9718ff69977 - - -] 192.168.0.10 "GET /v2/e914019c03814ded9911e9718ff69977/flavors/1 HTTP/1.1" status: 200 len: 619 time: 0.0363700
2015-10-01 03:48:15.765 2488 INFO nova.osapi_compute.wsgi.server [req-205ad0ad-14c7-4b9b-9db5-7514cdb97398 415b597bda074b30a90d8cb3b9fd92ec e914019c03814ded9911e9718ff69977 - - -] 192.168.0.10 "GET /v2/e914019c03814ded9911e9718ff69977/extensions HTTP/1.1" status: 200 len: 22486 time: 0.0191581
2015-10-01 03:48:48.022 2488 INFO nova.osapi_compute.wsgi.server [req-60b853c2-1d2e-4b52-bce4-f875c3596fef 415b597bda074b30a90d8cb3b9fd92ec e914019c03814ded9911e9718ff69977 - - -] 192.168.0.10 "GET /v2/e914019c03814ded9911e9718ff69977/servers/9c72075c-1c97-4bb8-9495-50a0823b0366 HTTP/1.1" status: 200 len: 1880 time: 0.3843100
2015-10-01 03:48:48.064 2488 INFO nova.osapi_compute.wsgi.server [req-88e8ccad-2daf-48c8-acec-e7d6a91ed16b 415b597bda074b30a90d8cb3b9fd92ec e914019c03814ded9911e9718ff69977 - - -] 192.168.0.10 "GET /v2/e914019c03814ded9911e9718ff69977/flavors/1 HTTP/1.1" status: 200 len: 619 time: 0.0350940
2015-10-01 03:48:48.472 2477 INFO nova.osapi_compute.wsgi.server [req-c24a0e47-5402-433b-840b-2b56435230bb 415b597bda074b30a90d8cb3b9fd92ec e914019c03814ded9911e9718ff69977 - - -] 192.168.0.10 "GET /v2/e914019c03814ded9911e9718ff69977/extensions HTTP/1.1" status: 200 len: 22486 time: 0.0183349
2015-10-01 03:49:20.051 2477 INFO nova.osapi_compute.wsgi.server [req-2cc9ad13-32a6-4125-a6b6-355c4146d88f 415b597bda074b30a90d8cb3b9fd92ec e914019c03814ded9911e9718ff69977 - - -] 192.168.0.10 "GET /v2/e914019c03814ded9911e9718ff69977/servers/9c72075c-1c97-4bb8-9495-50a0823b0366 HTTP/1.1" status: 200 len: 1880 time: 0.3461440
2015-10-01 03:49:20.141 2480 INFO nova.osapi_compute.wsgi.server [req-67ed34c0-470a-4cd0-9649-ca6f90d60259 415b597bda074b30a90d8cb3b9fd92ec e914019c03814ded9911e9718ff69977 - - -] 192.168.0.10 "GET /v2/e914019c03814ded9911e9718ff69977/flavors/1 HTTP/1.1" status: 200 len: 619 time: 0.0744309
2015-10-01 03:49:20.354 2488 INFO nova.osapi_compute.wsgi.server [req-9bb9bcd0-6317-4611-b3b8-d9fd6de33295 415b597bda074b30a90d8cb3b9fd92ec e914019c03814ded9911e9718ff69977 - - -] 192.168.0.10 "GET /v2/e914019c03814ded9911e9718ff69977/extensions HTTP/1.1" status: 200 len: 22486 time: 0.0239410
2015-10-01 03:49:51.892 2488 INFO nova.osapi_compute.wsgi.server [req-81618928-a043-457e-a414-64e432a55d32 415b597bda074b30a90d8cb3b9fd92ec e914019c03814ded9911e9718ff69977 - - -] 192.168.0.10 "GET /v2/e914019c03814ded9911e9718ff69977/servers/9c72075c-1c97-4bb8-9495-50a0823b0366 HTTP/1.1" status: 200 len: 1880 time: 0.2834389
2015-10-01 03:49:51.983 2484 INFO nova.osapi_compute.wsgi.server [req-5545a1a8-d70c-4e5e-a3c3-2a74a5c42487 415b597bda074b30a90d8cb3b9fd92ec e914019c03814ded9911e9718ff69977 - - -] 192.168.0.10 "GET /v2/e914019c03814ded9911e9718ff69977/flavors/1 HTTP/1.1" status: 200 len: 619 time: 0.0767980
2015-10-01 03:49:52.491 2484 INFO nova.osapi_compute.wsgi.server [req-a66ff7c1-c403-42ee-9312-8c43aeed05c9 415b597bda074b30a90d8cb3b9fd92ec e914019c03814ded9911e9718ff69977 - - -] 192.168.0.10 "GET /v2/e914019c03814ded9911e9718ff69977/extensions HTTP/1.1" status: 200 len: 22486 time: 0.0119760
2015-10-01 03:50:05.180 2484 INFO nova.osapi_compute.wsgi.server [req-ee7de53a-3946-4061-8c87-8f577e52e294 9b1f9b36d7354b1ea121ccfbae339d8b 85a11a1515f94848be7aa5b56adec8bf - - -] 192.168.0.13 "GET /v2/85a11a1515f94848be7aa5b56adec8bf/servers/detail?all_tenants=True&host=compute2.localdomain HTTP/1.1" status: 200 len: 2048 time: 0.5198650
2015-10-01 03:50:05.349 2477 INFO nova.osapi_compute.wsgi.server [req-3cb78727-7cc0-48dc-bedd-c6711e513e64 9b1f9b36d7354b1ea121ccfbae339d8b 85a11a1515f94848be7aa5b56adec8bf - - -] 192.168.0.13 "GET /v2/85a11a1515f94848be7aa5b56adec8bf/flavors/1 HTTP/1.1" status: 200 len: 619 time: 0.1505849
2015-10-01 03:50:05.928 2488 INFO nova.osapi_compute.wsgi.server [req-e1f2ffab-b578-4bc5-91ef-96e7a039927b 9b1f9b36d7354b1ea121ccfbae339d8b 85a11a1515f94848be7aa5b56adec8bf - - -] 192.168.0.13 "GET /v2/85a11a1515f94848be7aa5b56adec8bf/images/8a724f78-2673-4ea1-b607-373626a15afb HTTP/1.1" status: 200 len: 879 time: 0.5645740
2015-10-01 03:50:12.729 2477 INFO nova.osapi_compute.wsgi.server [req-1196533f-d731-4823-9b6c-6643cfc8aa29 9b1f9b36d7354b1ea121ccfbae339d8b 85a11a1515f94848be7aa5b56adec8bf - - -] 192.168.0.12 "GET /v2/85a11a1515f94848be7aa5b56adec8bf/servers/detail?all_tenants=True&host=compute1.localdomain HTTP/1.1" status: 200 len: 211 time: 0.1675410
2015-10-01 03:50:23.878 2484 INFO nova.osapi_compute.wsgi.server [req-e61a9958-0f5d-40b6-b551-5304daa6718a 415b597bda074b30a90d8cb3b9fd92ec e914019c03814ded9911e9718ff69977 - - -] 192.168.0.10 "GET /v2/e914019c03814ded9911e9718ff69977/servers/9c72075c-1c97-4bb8-9495-50a0823b0366 HTTP/1.1" status: 200 len: 1880 time: 0.2473681
2015-10-01 03:50:23.934 2484 INFO nova.osapi_compute.wsgi.server [req-74e1f3d3-a441-4032-8ccc-271c961d0d00 415b597bda074b30a90d8cb3b9fd92ec e914019c03814ded9911e9718ff69977 - - -] 192.168.0.10 "GET /v2/e914019c03814ded9911e9718ff69977/flavors/1 HTTP/1.1" status: 200 len: 619 time: 0.0454021
2015-10-01 03:50:24.299 2477 INFO nova.osapi_compute.wsgi.server [req-9c40a76c-6137-4744-8244-ea7ce6249a74 415b597bda074b30a90d8cb3b9fd92ec e914019c03814ded9911e9718ff69977 - - -] 192.168.0.10 "GET /v2/e914019c03814ded9911e9718ff69977/extensions HTTP/1.1" status: 200 len: 22486 time: 0.0273480
2015-10-01 03:50:56.129 2488 INFO nova.osapi_compute.wsgi.server [req-cd41b736-88f7-44ee-91a3-db8b2d643c27 415b597bda074b30a90d8cb3b9fd92ec e914019c03814ded9911e9718ff69977 - - -] 192.168.0.10 "GET /v2/e914019c03814ded9911e9718ff69977/servers/9c72075c-1c97-4bb8-9495-50a0823b0366 HTTP/1.1" status: 200 len: 1880 time: 0.5022688
2015-10-01 03:50:56.236 2484 INFO nova.osapi_compute.wsgi.server [req-e4ed0697-549d-4992-8798-176cae26c60f 415b597bda074b30a90d8cb3b9fd92ec e914019c03814ded9911e9718ff69977 - - -] 192.168.0.10 "GET /v2/e914019c03814ded9911e9718ff69977/flavors/1 HTTP/1.1" status: 200 len: 619 time: 0.0895560
2015-10-01 03:50:56.602 2484 INFO nova.osapi_compute.wsgi.server [req-5c879dc7-d10b-481d-bcf0-3743c2f6e3d3 415b597bda074b30a90d8cb3b9fd92ec e914019c03814ded9911e9718ff69977 - - -] 192.168.0.10 "GET /v2/e914019c03814ded9911e9718ff69977/extensions HTTP/1.1" status: 200 len: 22486 time: 0.0071778
2015-10-01 03:51:14.740 2484 INFO nova.osapi_compute.wsgi.server [req-345c90ae-e891-4384-a985-3759899ad7fd 9b1f9b36d7354b1ea121ccfbae339d8b 85a11a1515f94848be7aa5b56adec8bf - - -] 192.168.0.10 "GET /v2/85a11a1515f94848be7aa5b56adec8bf/servers/detail?all_tenants=True HTTP/1.1" status: 200 len: 2048 time: 0.5783861
2015-10-01 03:51:17.792 2484 INFO nova.osapi_compute.wsgi.server [req-9a449fe2-3c62-4493-8ea2-b60d23542c1c 9b1f9b36d7354b1ea121ccfbae339d8b 85a11a1515f94848be7aa5b56adec8bf - - -] 192.168.0.10 "GET /v2/85a11a1515f94848be7aa5b56adec8bf/os-floating-ips HTTP/1.1" status: 200 len: 216 time: 0.5655589
2015-10-01 03:51:20.342 2477 INFO nova.osapi_compute.wsgi.server [req-5c8046cf-3a3f-4ef3-80b9-7e0068bd3096 415b597bda074b30a90d8cb3b9fd92ec e914019c03814ded9911e9718ff69977 - - -] 192.168.0.10 "GET /v2/e914019c03814ded9911e9718ff69977/servers/detail?limit=21&project_id=e914019c03814ded9911e9718ff69977 HTTP/1.1" status: 200 len: 1883 time: 0.3909502
