2015-10-01 03:51:20.662 2488 INFO nova.osapi_compute.wsgi.server [req-4bc51c3f-8f13-43c0-b60d-c03a05ce75da 415b597bda074b30a90d8cb3b9fd92ec e914019c03814ded9911e9718ff69977 - - -] 192.168.0.10 "GET /v2/e914019c03814ded9911e9718ff69977/flavors/detail HTTP/1.1" status: 200 len: 2287 time: 0.0616269
2015-10-01 03:51:21.141 2488 INFO nova.osapi_compute.wsgi.server [req-15780ed0-914c-4861-b015-073420cbad8e 415b597bda074b30a90d8cb3b9fd92ec e914019c03814ded9911e9718ff69977 - - -] 192.168.0.10 "GET /v2/e914019c03814ded9911e9718ff69977/limits?reserved=1 HTTP/1.1" status: 200 len: 710 time: 0.0719690
2015-10-01 03:51:21.204 2488 INFO nova.osapi_compute.wsgi.server [req-d9442e48-182e-4818-9b21-7ab5561a1e40 415b597bda074b30a90d8cb3b9fd92ec e914019c03814ded9911e9718ff69977 - - -] 192.168.0.10 "GET /v2/e914019c03814ded9911e9718ff69977/extensions HTTP/1.1" status: 200 len: 22486 time: 0.0138080
2015-10-01 03:51:21.267 2477 INFO nova.osapi_compute.wsgi.server [req-b7d93664-945c-492d-b82d-b5c24d059ab1 415b597bda074b30a90d8cb3b9fd92ec e914019c03814ded9911e9718ff69977 - - -] 192.168.0.10 "GET /v2/e914019c03814ded9911e9718ff69977/limits?reserved=1 HTTP/1.1" status: 200 len: 710 time: 0.0386288
2015-10-01 03:51:23.519 2488 INFO nova.osapi_compute.wsgi.server [req-c7df393f-da6e-4871-b367-ede92388606f 415b597bda074b30a90d8cb3b9fd92ec e914019c03814ded9911e9718ff69977 - - -] 192.168.0.10 "GET /v2/e914019c03814ded9911e9718ff69977/servers/9c72075c-1c97-4bb8-9495-50a0823b0366 HTTP/1.1" status: 200 len: 1880 time: 0.2676840
2015-10-01 03:51:23.567 2488 INFO nova.osapi_compute.wsgi.server [req-73a0420e-2b18-4fc6-84e9-10c01de81918 415b597bda074b30a90d8cb3b9fd92ec e914019c03814ded9911e9718ff69977 - - -] 192.168.0.10 "GET /v2/e914019c03814ded9911e9718ff69977/flavors/1 HTTP/1.1" status: 200 len: 619 time: 0.0393391
2015-10-01 03:51:23.734 2488 INFO nova.osapi_compute.wsgi.server [req-19cf5834-fe68-471d-ac87-abde9797c826 415b597bda074b30a90d8cb3b9fd92ec e914019c03814ded9911e9718ff69977 - - -] 192.168.0.10 "GET /v2/e914019c03814ded9911e9718ff69977/extensions HTTP/1.1" status: 200 len: 22486 time: 0.0112081
2015-10-01 03:51:26.917 2484 INFO nova.osapi_compute.wsgi.server [req-868847a3-dbd0-4784-8dcc-d6a00f7e9a2f 415b597bda074b30a90d8cb3b9fd92ec e914019c03814ded9911e9718ff69977 - - -] 192.168.0.10 "GET /v2/e914019c03814ded9911e9718ff69977/servers/9c72075c-1c97-4bb8-9495-50a0823b0366 HTTP/1.1" status: 200 len: 1880 time: 0.2788920
2015-10-01 03:51:26.969 2477 INFO nova.osapi_compute.wsgi.server [req-5e509c59-e60f-47b4-9c53-eeef72aa38e9 415b597bda074b30a90d8cb3b9fd92ec e914019c03814ded9911e9718ff69977 - - -] 192.168.0.10 "GET /v2/e914019c03814ded9911e9718ff69977/flavors/1 HTTP/1.1" status: 200 len: 619 time: 0.0413940
2015-10-01 03:51:27.169 2480 INFO nova.osapi_compute.wsgi.server [req-670e7db1-738f-4aa7-997f-3a59e175d9ce 415b597bda074b30a90d8cb3b9fd92ec e914019c03814ded9911e9718ff69977 - - -] 192.168.0.10 "GET /v2/e914019c03814ded9911e9718ff69977/extensions HTTP/1.1" status: 200 len: 22486 time: 0.0209730
2015-10-01 03:51:28.477 2480 INFO nova.osapi_compute.wsgi.server [req-6fba09f0-29a0-4f5d-8b93-08af6941dd0e 415b597bda074b30a90d8cb3b9fd92ec e914019c03814ded9911e9718ff69977 - - -] 192.168.0.10 "GET /v2/e914019c03814ded9911e9718ff69977/extensions HTTP/1.1" status: 200 len: 22486 time: 0.0091701
2015-10-01 03:51:28.546 2484 INFO nova.osapi_compute.wsgi.server [req-55e95a01-badb-429d-93e9-4485d4c4f27d 415b597bda074b30a90d8cb3b9fd92ec e914019c03814ded9911e9718ff69977 - - -] 192.168.0.10 "GET /v2/e914019c03814ded9911e9718ff69977/os-simple-tenant-usage/e914019c03814ded9911e9718ff69977?start=2015-10-01T00:00:00&end=2015-10-01T23:59:59 HTTP/1.1" status: 200 len: 839 time: 0.0571558
2015-10-01 03:51:28.626 2480 INFO nova.osapi_compute.wsgi.server [req-68ea25e8-758a-4b91-aa96-29b80795e820 415b597bda074b30a90d8cb3b9fd92ec e914019c03814ded9911e9718ff69977 - - -] 192.168.0.10 "GET /v2/e914019c03814ded9911e9718ff69977/limits HTTP/1.1" status: 200 len: 710 time: 0.0710859
2015-10-01 03:51:32.666 2488 INFO nova.osapi_compute.wsgi.server [req-de9d1f00-04b3-4bc9-8250-01a03437d750 e9483918caa940a48fe882ba092c7e0b 300b2cc45c3846939e589310ae714e46 - - -] 192.168.0.10 "GET /v2/300b2cc45c3846939e589310ae714e46/servers/detail?all_tenants=True&limit=21 HTTP/1.1" status: 200 len: 2048 time: 0.5194321
2015-10-01 03:51:33.336 2488 INFO nova.osapi_compute.wsgi.server [req-8a83e0b5-da09-4f7f-b1c1-104c4fb51f5d e9483918caa940a48fe882ba092c7e0b 300b2cc45c3846939e589310ae714e46 - - -] 192.168.0.10 "GET /v2/300b2cc45c3846939e589310ae714e46/flavors/detail HTTP/1.1" status: 200 len: 2287 time: 0.0477982
2015-10-01 03:51:33.844 2488 INFO nova.osapi_compute.wsgi.server [req-3c9a5df8-1542-4df9-a5f0-a3721ffd3045 e9483918caa940a48fe882ba092c7e0b 300b2cc45c3846939e589310ae714e46 - - -] 192.168.0.10 "GET /v2/300b2cc45c3846939e589310ae714e46/extensions HTTP/1.1" status: 200 len: 22486 time: 0.0104530
2015-10-01 03:51:35.001 2480 INFO nova.osapi_compute.wsgi.server [req-0c6d2bd1-87d7-467d-afb9-6487958e21aa 415b597bda074b30a90d8cb3b9fd92ec e914019c03814ded9911e9718ff69977 - - -] 192.168.0.10 "GET /v2/e914019c03814ded9911e9718ff69977/servers/detail?limit=21&project_id=e914019c03814ded9911e9718ff69977 HTTP/1.1" status: 200 len: 1883 time: 0.3872089
2015-10-01 03:51:35.379 2477 INFO nova.osapi_compute.wsgi.server [req-8ecf1e14-3b00-4f8f-9882-1f13b2dc19cd 415b597bda074b30a90d8cb3b9fd92ec e914019c03814ded9911e9718ff69977 - - -] 192.168.0.10 "GET /v2/e914019c03814ded9911e9718ff69977/flavors/detail HTTP/1.1" status: 200 len: 2287 time: 0.0792019
2015-10-01 03:51:35.698 2488 INFO nova.osapi_compute.wsgi.server [req-2fabac53-b66a-49ca-8ce4-bdc12691a1f4 415b597bda074b30a90d8cb3b9fd92ec e914019c03814ded9911e9718ff69977 - - -] 192.168.0.10 "GET /v2/e914019c03814ded9911e9718ff69977/limits?reserved=1 HTTP/1.1" status: 200 len: 710 time: 0.0439119
2015-10-01 03:51:35.764 2488 INFO nova.osapi_compute.wsgi.server [req-6e705004-a887-4ee5-9505-d9a9d0b88737 415b597bda074b30a90d8cb3b9fd92ec e914019c03814ded9911e9718ff69977 - - -] 192.168.0.10 "GET /v2/e914019c03814ded9911e9718ff69977/extensions HTTP/1.1" status: 200 len: 22486 time: 0.0088251
2015-10-01 03:51:35.852 2488 INFO nova.osapi_compute.wsgi.server [req-4c786d2b-0228-45fd-baad-aa72afd59a9d 415b597bda074b30a90d8cb3b9fd92ec e914019c03814ded9911e9718ff69977 - - -] 192.168.0.10 "GET /v2/e914019c03814ded9911e9718ff69977/limits?reserved=1 HTTP/1.1" status: 200 len: 710 time: 0.0441241
2015-10-01 03:51:36.733 2477 INFO nova.osapi_compute.wsgi.server [req-e237509b-94a7-4e2a-874f-799a22798fba e9483918caa940a48fe882ba092c7e0b 300b2cc45c3846939e589310ae714e46 - - -] 192.168.0.10 "GET /v2/300b2cc45c3846939e589310ae714e46/servers/9c72075c-1c97-4bb8-9495-50a0823b0366 HTTP/1.1" status: 200 len: 2045 time: 0.3757112
2015-10-01 03:51:36.774 2477 INFO nova.osapi_compute.wsgi.server [req-cae5a6b1-c9cd-4a51-a1b6-d59c05ebe303 e9483918caa940a48fe882ba092c7e0b 300b2cc45c3846939e589310ae714e46 - - -] 192.168.0.10 "GET /v2/300b2cc45c3846939e589310ae714e46/flavors/1 HTTP/1.1" status: 200 len: 619 time: 0.0341890
2015-10-01 03:51:37.164 2488 INFO nova.osapi_compute.wsgi.server [req-67e29071-3545-4dc7-8923-bc6f8d627bcb e9483918caa940a48fe882ba092c7e0b 300b2cc45c3846939e589310ae714e46 - - -] 192.168.0.10 "GET /v2/300b2cc45c3846939e589310ae714e46/extensions HTTP/1.1" status: 200 len: 22486 time: 0.0155039
2015-10-01 03:51:37.532 2484 INFO nova.osapi_compute.wsgi.server [req-097d0c86-cb21-4467-8a1c-f68d9cbe35ad 415b597bda074b30a90d8cb3b9fd92ec e914019c03814ded9911e9718ff69977 - - -] 192.168.0.10 "GET /v2/e914019c03814ded9911e9718ff69977/servers/9c72075c-1c97-4bb8-9495-50a0823b0366 HTTP/1.1" status: 200 len: 1880 time: 0.3982480
2015-10-01 03:51:37.630 2488 INFO nova.osapi_compute.wsgi.server [req-97f37025-de73-4c52-8102-86ea56a3dede 415b597bda074b30a90d8cb3b9fd92ec e914019c03814ded9911e9718ff69977 - - -] 192.168.0.10 "GET /v2/e914019c03814ded9911e9718ff69977/flavors/1 HTTP/1.1" status: 200 len: 619 time: 0.0761690
2015-10-01 03:51:37.804 2488 INFO nova.osapi_compute.wsgi.server [req-5c433a06-2d35-4f20-92fa-6b61ef4189cb 415b597bda074b30a90d8cb3b9fd92ec e914019c03814ded9911e9718ff69977 - - -] 192.168.0.10 "GET /v2/e914019c03814ded9911e9718ff69977/extensions HTTP/1.1" status: 200 len: 22486 time: 0.0078220
2015-10-01 03:51:39.669 2477 INFO nova.osapi_compute.wsgi.server [req-257511fe-a89c-4f4f-9ece-97445e9a0711 415b597bda074b30a90d8cb3b9fd92ec e914019c03814ded9911e9718ff69977 - - -] 192.168.0.10 "GET /v2/e914019c03814ded9911e9718ff69977/servers/9c72075c-1c97-4bb8-9495-50a0823b0366 HTTP/1.1" status: 200 len: 1880 time: 0.2189140
2015-10-01 03:51:39.811 2477 INFO nova.osapi_compute.wsgi.server [req-4b7d8805-c1ef-428c-9ffb-43edbba5137e 415b597bda074b30a90d8cb3b9fd92ec e914019c03814ded9911e9718ff69977 - - -] 192.168.0.10 "GET /v2/e914019c03814ded9911e9718ff69977/servers/9c72075c-1c97-4bb8-9495-50a0823b0366/os-volume_attachments HTTP/1.1" status: 200 len: 221 time: 0.1309979
2015-10-01 03:51:39.903 2484 INFO nova.osapi_compute.wsgi.server [req-03ba4b1d-bb83-4e5a-bf75-16b09f6a8970 415b597bda074b30a90d8cb3b9fd92ec e914019c03814ded9911e9718ff69977 - - -] 192.168.0.10 "GET /v2/e914019c03814ded9911e9718ff69977/flavors/1 HTTP/1.1" status: 200 len: 619 time: 0.0780861
2015-10-01 03:51:40.338 2477 INFO nova.osapi_compute.wsgi.server [req-206cafb3-814d-4d1a-a1d5-3a86d240ffba e9483918caa940a48fe882ba092c7e0b 300b2cc45c3846939e589310ae714e46 - - -] 192.168.0.10 "GET /v2/300b2cc45c3846939e589310ae714e46/servers/9c72075c-1c97-4bb8-9495-50a0823b0366 HTTP/1.1" status: 200 len: 2045 time: 0.2718759
2015-10-01 03:51:40.514 2477 INFO nova.osapi_compute.wsgi.server [req-549fc552-2585-45c7-873b-98bf2378b34b 415b597bda074b30a90d8cb3b9fd92ec e914019c03814ded9911e9718ff69977 - - -] 192.168.0.10 "GET /v2/e914019c03814ded9911e9718ff69977/extensions HTTP/1.1" status: 200 len: 22486 time: 0.0201981
2015-10-01 03:51:40.547 2480 INFO nova.osapi_compute.wsgi.server [req-2f25a35b-acd5-40f1-bd06-e65d0d486bcd e9483918caa940a48fe882ba092c7e0b 300b2cc45c3846939e589310ae714e46 - - -] 192.168.0.10 "GET /v2/300b2cc45c3846939e589310ae714e46/flavors/1 HTTP/1.1" status: 200 len: 619 time: 0.1878300
2015-10-01 03:51:41.156 2488 INFO nova.osapi_compute.wsgi.server [req-385b4ac9-9de2-4a72-8661-45c33c7babb3 415b597bda074b30a90d8cb3b9fd92ec e914019c03814ded9911e9718ff69977 - - -] 192.168.0.10 "GET /v2/e914019c03814ded9911e9718ff69977/servers/9c72075c-1c97-4bb8-9495-50a0823b0366 HTTP/1.1" status: 200 len: 1880 time: 0.4399810
2015-10-01 03:51:41.250 2477 INFO nova.osapi_compute.wsgi.server [req-d9966ca8-5909-4daa-895a-365cc673e4bc 415b597bda074b30a90d8cb3b9fd92ec e914019c03814ded9911e9718ff69977 - - -] 192.168.0.10 "GET /v2/e914019c03814ded9911e9718ff69977/flavors/1 HTTP/1.1" status: 200 len: 619 time: 0.0891290
2015-10-01 03:51:41.290 2484 INFO nova.osapi_compute.wsgi.server [req-654ae31a-e081-4e63-a798-b13281f49094 e9483918caa940a48fe882ba092c7e0b 300b2cc45c3846939e589310ae714e46 - - -] 192.168.0.10 "GET /v2/300b2cc45c3846939e589310ae714e46/extensions HTTP/1.1" status: 200 len: 22486 time: 0.2104611
2015-10-01 03:51:41.491 2484 INFO nova.osapi_compute.wsgi.server [req-18c9f480-f746-4131-93e4-501c447899ce 415b597bda074b30a90d8cb3b9fd92ec e914019c03814ded9911e9718ff69977 - - -] 192.168.0.10 "GET /v2/e914019c03814ded9911e9718ff69977/extensions HTTP/1.1" status: 200 len: 22486 time: 0.0075512
2015-10-01 03:51:47.270 2488 INFO nova.osapi_compute.wsgi.server [req-1b1238fc-14ff-4e1a-919b-f2db6832d7bd e9483918caa940a48fe882ba092c7e0b 300b2cc45c3846939e589310ae714e46 - - -] 192.168.0.10 "GET /v2/300b2cc45c3846939e589310ae714e46/servers/9c72075c-1c97-4bb8-9495-50a0823b0366 HTTP/1.1" status: 200 len: 2045 time: 0.2120152
2015-10-01 03:51:47.371 2480 INFO nova.osapi_compute.wsgi.server [req-fa4ef9db-493a-4f91-ab91-53ebfc2dc9f6 e9483918caa940a48fe882ba092c7e0b 300b2cc45c3846939e589310ae714e46 - - -] 192.168.0.10 "GET /v2/300b2cc45c3846939e589310ae714e46/flavors/1 HTTP/1.1" status: 200 len: 619 time: 0.0801549
2015-10-01 03:51:47.642 2480 INFO nova.osapi_compute.wsgi.server [req-524623bf-ab33-4929-9e60-4921ac420f2e e9483918caa940a48fe882ba092c7e0b 300b2cc45c3846939e589310ae714e46 - - -] 192.168.0.10 "GET /v2/300b2cc45c3846939e589310ae714e46/extensions HTTP/1.1" status: 200 len: 22486 time: 0.0073328
2015-10-01 03:51:49.765 2477 INFO nova.osapi_compute.wsgi.server [req-2474368b-e41d-4422-ac41-a8958fa397d8 e9483918caa940a48fe882ba092c7e0b 300b2cc45c3846939e589310ae714e46 - - -] 192.168.0.10 "GET /v2/300b2cc45c3846939e589310ae714e46/servers/detail?all_tenants=True&limit=21 HTTP/1.1" status: 200 len: 2048 time: 0.3120461
2015-10-01 03:51:50.128 2477 INFO nova.osapi_compute.wsgi.server [req-f8c65c11-f4e5-44a2-9443-43323e4077ca e9483918caa940a48fe882ba092c7e0b 300b2cc45c3846939e589310ae714e46 - - -] 192.168.0.10 "GET /v2/300b2cc45c3846939e589310ae714e46/flavors/detail HTTP/1.1" status: 200 len: 2287 time: 0.0422990
2015-10-01 03:51:50.886 2480 INFO nova.osapi_compute.wsgi.server [req-4f7c0083-196c-4dc7-bfd2-4c092e033c2b e9483918caa940a48fe882ba092c7e0b 300b2cc45c3846939e589310ae714e46 - - -] 192.168.0.10 "GET /v2/300b2cc45c3846939e589310ae714e46/servers/detail?all_tenants=True&limit=21 HTTP/1.1" status: 200 len: 2048 time: 0.2904210
2015-10-01 03:51:51.212 2480 INFO nova.osapi_compute.wsgi.server [req-ccd954c2-b7b3-4b14-9c97-d3807bab7b52 e9483918caa940a48fe882ba092c7e0b 300b2cc45c3846939e589310ae714e46 - - -] 192.168.0.10 "GET /v2/300b2cc45c3846939e589310ae714e46/flavors/detail HTTP/1.1" status: 200 len: 2287 time: 0.0622902
2015-10-01 03:51:51.463 2488 INFO nova.osapi_compute.wsgi.server [req-2fab491b-b6ba-4cfe-958b-f1c6d402615c e9483918caa940a48fe882ba092c7e0b 300b2cc45c3846939e589310ae714e46 - - -] 192.168.0.10 "GET /v2/300b2cc45c3846939e589310ae714e46/extensions HTTP/1.1" status: 200 len: 22486 time: 0.0148442
2015-10-01 03:51:53.267 2488 INFO nova.osapi_compute.wsgi.server [req-72639d5b-eb38-44cd-b8f9-de14ab2a2828 e9483918caa940a48fe882ba092c7e0b 300b2cc45c3846939e589310ae714e46 - - -] 192.168.0.10 "GET /v2/300b2cc45c3846939e589310ae714e46/servers/9c72075c-1c97-4bb8-9495-50a0823b0366 HTTP/1.1" status: 200 len: 2045 time: 0.2199099
2015-10-01 03:51:53.348 2484 INFO nova.osapi_compute.wsgi.server [req-c6889969-56c8-4e74-85d3-a0fb45254990 e9483918caa940a48fe882ba092c7e0b 300b2cc45c3846939e589310ae714e46 - - -] 192.168.0.10 "GET /v2/300b2cc45c3846939e589310ae714e46/flavors/1 HTTP/1.1" status: 200 len: 619 time: 0.0657830
2015-10-01 03:51:53.556 2477 INFO nova.osapi_compute.wsgi.server [req-86beadfd-0130-411f-baff-2837d5b2eda4 e9483918caa940a48fe882ba092c7e0b 300b2cc45c3846939e589310ae714e46 - - -] 192.168.0.10 "GET /v2/300b2cc45c3846939e589310ae714e46/extensions HTTP/1.1" status: 200 len: 22486 time: 0.0116620
2015-10-01 03:51:56.957 2488 INFO nova.osapi_compute.wsgi.server [req-42e30f47-ab46-47f1-8965-76dbb2facd01 e9483918caa940a48fe882ba092c7e0b 300b2cc45c3846939e589310ae714e46 - - -] 192.168.0.10 "GET /v2/300b2cc45c3846939e589310ae714e46/servers/9c72075c-1c97-4bb8-9495-50a0823b0366 HTTP/1.1" status: 200 len: 2045 time: 0.2269971
2015-10-01 03:51:57.010 2488 INFO nova.osapi_compute.wsgi.server [req-5628e46c-46df-41b3-85ca-950a70424a1a e9483918caa940a48fe882ba092c7e0b 300b2cc45c3846939e589310ae714e46 - - -] 192.168.0.10 "GET /v2/300b2cc45c3846939e589310ae714e46/flavors/1 HTTP/1.1" status: 200 len: 619 time: 0.0431480
2015-10-01 03:51:57.495 2488 INFO nova.osapi_compute.wsgi.server [req-9ab58b33-f0bb-4c5e-ba30-d85c286561a9 e9483918caa940a48fe882ba092c7e0b 300b2cc45c3846939e589310ae714e46 - - -] 192.168.0.10 "GET /v2/300b2cc45c3846939e589310ae714e46/extensions HTTP/1.1" status: 200 len: 22486 time: 0.0062599
2015-10-01 03:52:00.222 2480 INFO nova.osapi_compute.wsgi.server [req-248f24d2-b643-4f86-bf2c-442d880ca825 415b597bda074b30a90d8cb3b9fd92ec e914019c03814ded9911e9718ff69977 - - -] 192.168.0.10 "GET /v2/e914019c03814ded9911e9718ff69977/servers/9c72075c-1c97-4bb8-9495-50a0823b0366 HTTP/1.1" status: 200 len: 1880 time: 0.3295100
2015-10-01 03:52:00.411 2480 INFO nova.osapi_compute.wsgi.server [req-0e8b9889-49b7-4423-b3d1-53709f955aff 415b597bda074b30a90d8cb3b9fd92ec e914019c03814ded9911e9718ff69977 - - -] 192.168.0.10 "GET /v2/e914019c03814ded9911e9718ff69977/servers/9c72075c-1c97-4bb8-9495-50a0823b0366/os-volume_attachments HTTP/1.1" status: 200 len: 221 time: 0.1814780
2015-10-01 03:52:00.455 2484 INFO nova.osapi_compute.wsgi.server [req-d188cfdf-5995-414d-a184-747c134d9971 415b597bda074b30a90d8cb3b9fd92ec e914019c03814ded9911e9718ff69977 - - -] 192.168.0.10 "GET /v2/e914019c03814ded9911e9718ff69977/flavors/1 HTTP/1.1" status: 200 len: 619 time: 0.0366180
2015-10-01 03:52:00.924 2488 WARNING oslo_config.cfg [req-85f3159f-0735-46ce-9aa7-6b8fa723c2e8 415b597bda074b30a90d8cb3b9fd92ec e914019c03814ded9911e9718ff69977 - - -] Option "rabbit_virtual_host" from group "DEFAULT" is deprecated. Use option "rabbit_virtual_host" from group "oslo_messaging_rabbit".
2015-10-01 03:52:00.925 2488 WARNING oslo_config.cfg [req-85f3159f-0735-46ce-9aa7-6b8fa723c2e8 415b597bda074b30a90d8cb3b9fd92ec e914019c03814ded9911e9718ff69977 - - -] Option "rabbit_hosts" from group "DEFAULT" is deprecated. Use option "rabbit_hosts" from group "oslo_messaging_rabbit".
2015-10-01 03:52:00.926 2488 WARNING oslo_config.cfg [req-85f3159f-0735-46ce-9aa7-6b8fa723c2e8 415b597bda074b30a90d8cb3b9fd92ec e914019c03814ded9911e9718ff69977 - - -] Option "rabbit_port" from group "DEFAULT" is deprecated. Use option "rabbit_port" from group "oslo_messaging_rabbit".
2015-10-01 03:52:00.928 2488 WARNING oslo_config.cfg [req-85f3159f-0735-46ce-9aa7-6b8fa723c2e8 415b597bda074b30a90d8cb3b9fd92ec e914019c03814ded9911e9718ff69977 - - -] Option "rabbit_userid" from group "DEFAULT" is deprecated. Use option "rabbit_userid" from group "oslo_messaging_rabbit".
2015-10-01 03:52:00.928 2488 WARNING oslo_config.cfg [req-85f3159f-0735-46ce-9aa7-6b8fa723c2e8 415b597bda074b30a90d8cb3b9fd92ec e914019c03814ded9911e9718ff69977 - - -] Option "rabbit_password" from group "DEFAULT" is deprecated. Use option "rabbit_password" from group "oslo_messaging_rabbit".
2015-10-01 03:52:00.929 2488 WARNING oslo_config.cfg [req-85f3159f-0735-46ce-9aa7-6b8fa723c2e8 415b597bda074b30a90d8cb3b9fd92ec e914019c03814ded9911e9718ff69977 - - -] Option "rabbit_use_ssl" from group "DEFAULT" is deprecated. Use option "rabbit_use_ssl" from group "oslo_messaging_rabbit".
2015-10-01 03:52:00.966 2488 INFO oslo_messaging._drivers.impl_rabbit [req-85f3159f-0735-46ce-9aa7-6b8fa723c2e8 415b597bda074b30a90d8cb3b9fd92ec e914019c03814ded9911e9718ff69977 - - -] Connecting to AMQP server on 192.168.0.10:5672
2015-10-01 03:52:01.003 2488 INFO oslo_messaging._drivers.impl_rabbit [req-85f3159f-0735-46ce-9aa7-6b8fa723c2e8 415b597bda074b30a90d8cb3b9fd92ec e914019c03814ded9911e9718ff69977 - - -] Connected to AMQP server on 192.168.0.10:5672
2015-10-01 03:52:01.005 2488 WARNING oslo_config.cfg [req-85f3159f-0735-46ce-9aa7-6b8fa723c2e8 415b597bda074b30a90d8cb3b9fd92ec e914019c03814ded9911e9718ff69977 - - -] Option "rabbit_ha_queues" from group "DEFAULT" is deprecated. Use option "rabbit_ha_queues" from group "oslo_messaging_rabbit".
2015-10-01 03:52:01.018 2488 INFO oslo_messaging._drivers.impl_rabbit [req-85f3159f-0735-46ce-9aa7-6b8fa723c2e8 415b597bda074b30a90d8cb3b9fd92ec e914019c03814ded9911e9718ff69977 - - -] Connecting to AMQP server on 192.168.0.10:5672
2015-10-01 03:52:01.047 2488 INFO oslo_messaging._drivers.impl_rabbit [req-85f3159f-0735-46ce-9aa7-6b8fa723c2e8 415b597bda074b30a90d8cb3b9fd92ec e914019c03814ded9911e9718ff69977 - - -] Connected to AMQP server on 192.168.0.10:5672
2015-10-01 03:52:01.314 2484 INFO nova.osapi_compute.wsgi.server [req-bed53f37-69d4-4624-a45b-d83f96bd1370 415b597bda074b30a90d8cb3b9fd92ec e914019c03814ded9911e9718ff69977 - - -] 192.168.0.10 "GET /v2/e914019c03814ded9911e9718ff69977/servers/9c72075c-1c97-4bb8-9495-50a0823b0366 HTTP/1.1" status: 200 len: 1880 time: 0.3779809
2015-10-01 03:52:01.558 2477 INFO nova.osapi_compute.wsgi.server [req-b97b6486-5e41-4a49-8a91-e7be5cd095e9 415b597bda074b30a90d8cb3b9fd92ec e914019c03814ded9911e9718ff69977 - - -] 192.168.0.10 "GET /v2/e914019c03814ded9911e9718ff69977/servers/9c72075c-1c97-4bb8-9495-50a0823b0366/os-volume_attachments HTTP/1.1" status: 200 len: 221 time: 0.2249460
2015-10-01 03:52:01.607 2488 INFO nova.osapi_compute.wsgi.server [req-770d17d1-a814-4bc8-9936-e0a91e49b1c8 415b597bda074b30a90d8cb3b9fd92ec e914019c03814ded9911e9718ff69977 - - -] 192.168.0.10 "GET /v2/e914019c03814ded9911e9718ff69977/flavors/1 HTTP/1.1" status: 200 len: 619 time: 0.0431859
2015-10-01 03:52:02.270 2484 INFO oslo_messaging._drivers.impl_rabbit [req-8b5beb3d-92dc-4c10-b281-93372178658b 415b597bda074b30a90d8cb3b9fd92ec e914019c03814ded9911e9718ff69977 - - -] Connecting to AMQP server on 192.168.0.10:5672
2015-10-01 03:52:02.310 2484 INFO oslo_messaging._drivers.impl_rabbit [req-8b5beb3d-92dc-4c10-b281-93372178658b 415b597bda074b30a90d8cb3b9fd92ec e914019c03814ded9911e9718ff69977 - - -] Connected to AMQP server on 192.168.0.10:5672
2015-10-01 03:52:02.312 2484 WARNING oslo_config.cfg [req-8b5beb3d-92dc-4c10-b281-93372178658b 415b597bda074b30a90d8cb3b9fd92ec e914019c03814ded9911e9718ff69977 - - -] Option "rabbit_ha_queues" from group "DEFAULT" is deprecated. Use option "rabbit_ha_queues" from group "oslo_messaging_rabbit".
2015-10-01 03:52:03.604 2484 INFO nova.osapi_compute.wsgi.server [req-deac4afa-c1b4-47ab-bd86-afcf31088f70 e9483918caa940a48fe882ba092c7e0b 300b2cc45c3846939e589310ae714e46 - - -] 192.168.0.10 "GET /v2/300b2cc45c3846939e589310ae714e46/servers/9c72075c-1c97-4bb8-9495-50a0823b0366 HTTP/1.1" status: 200 len: 2045 time: 0.2450712
2015-10-01 03:52:03.697 2484 INFO nova.osapi_compute.wsgi.server [req-1c95bcb5-7307-49bc-9cb0-a687223ce2ac e9483918caa940a48fe882ba092c7e0b 300b2cc45c3846939e589310ae714e46 - - -] 192.168.0.10 "GET /v2/300b2cc45c3846939e589310ae714e46/flavors/1 HTTP/1.1" status: 200 len: 619 time: 0.0736542
2015-10-01 03:52:03.943 2488 INFO nova.osapi_compute.wsgi.server [req-0ae9a1d7-7704-4518-886c-06b9f6c00f09 e9483918caa940a48fe882ba092c7e0b 300b2cc45c3846939e589310ae714e46 - - -] 192.168.0.10 "GET /v2/300b2cc45c3846939e589310ae714e46/extensions HTTP/1.1" status: 200 len: 22486 time: 0.0267041
2015-10-01 03:52:12.973 2480 INFO nova.osapi_compute.wsgi.server [req-9d62f80e-bc0d-4494-9b9d-47d7ec2136d6 e9483918caa940a48fe882ba092c7e0b 300b2cc45c3846939e589310ae714e46 - - -] 192.168.0.10 "GET /v2/300b2cc45c3846939e589310ae714e46/servers/9c72075c-1c97-4bb8-9495-50a0823b0366 HTTP/1.1" status: 200 len: 2045 time: 0.3076921
2015-10-01 03:52:13.034 2488 INFO nova.osapi_compute.wsgi.server [req-d3a4fb47-ccfb-4361-ba70-eb9c6fe2eb73 e9483918caa940a48fe882ba092c7e0b 300b2cc45c3846939e589310ae714e46 - - -] 192.168.0.10 "GET /v2/300b2cc45c3846939e589310ae714e46/flavors/1 HTTP/1.1" status: 200 len: 619 time: 0.0528920
2015-10-01 03:52:13.295 2488 INFO nova.osapi_compute.wsgi.server [req-37c36eff-6885-4dd1-ae8c-7fe43454298e e9483918caa940a48fe882ba092c7e0b 300b2cc45c3846939e589310ae714e46 - - -] 192.168.0.10 "GET /v2/300b2cc45c3846939e589310ae714e46/extensions HTTP/1.1" status: 200 len: 22486 time: 0.0089860
2015-10-01 03:52:24.957 2488 INFO nova.osapi_compute.wsgi.server [req-48185392-b566-45da-8df9-a745e38309ac e9483918caa940a48fe882ba092c7e0b 300b2cc45c3846939e589310ae714e46 - - -] 192.168.0.10 "GET /v2/300b2cc45c3846939e589310ae714e46/servers/9c72075c-1c97-4bb8-9495-50a0823b0366 HTTP/1.1" status: 200 len: 2045 time: 0.3277681
2015-10-01 03:52:25.042 2484 INFO nova.osapi_compute.wsgi.server [req-6fb93d2a-e9e1-44e0-b1f1-35b94e3edbfe e9483918caa940a48fe882ba092c7e0b 300b2cc45c3846939e589310ae714e46 - - -] 192.168.0.10 "GET /v2/300b2cc45c3846939e589310ae714e46/flavors/1 HTTP/1.1" status: 200 len: 619 time: 0.0641181
2015-10-01 03:52:25.313 2488 INFO nova.osapi_compute.wsgi.server [req-eb0385ec-3393-4b68-9ff4-082b5335f639 e9483918caa940a48fe882ba092c7e0b 300b2cc45c3846939e589310ae714e46 - - -] 192.168.0.10 "GET /v2/300b2cc45c3846939e589310ae714e46/extensions HTTP/1.1" status: 200 len: 22486 time: 0.0111189
2015-10-01 03:52:39.891 2488 INFO nova.osapi_compute.wsgi.server [req-a1f90610-7eea-4021-aff2-50479089993c e9483918caa940a48fe882ba092c7e0b 300b2cc45c3846939e589310ae714e46 - - -] 192.168.0.10 "GET /v2/300b2cc45c3846939e589310ae714e46/servers/9c72075c-1c97-4bb8-9495-50a0823b0366 HTTP/1.1" status: 200 len: 2045 time: 0.2707701
2015-10-01 03:52:39.953 2488 INFO nova.osapi_compute.wsgi.server [req-e9f3c0df-5c96-4b33-8ca8-338893871482 e9483918caa940a48fe882ba092c7e0b 300b2cc45c3846939e589310ae714e46 - - -] 192.168.0.10 "GET /v2/300b2cc45c3846939e589310ae714e46/flavors/1 HTTP/1.1" status: 200 len: 619 time: 0.0491180
2015-10-01 03:52:40.219 2477 INFO nova.osapi_compute.wsgi.server [req-7e04da41-9305-44a7-9a57-8e372f91aeb3 e9483918caa940a48fe882ba092c7e0b 300b2cc45c3846939e589310ae714e46 - - -] 192.168.0.10 "GET /v2/300b2cc45c3846939e589310ae714e46/extensions HTTP/1.1" status: 200 len: 22486 time: 0.0259001
2015-10-01 03:52:56.962 2488 INFO nova.osapi_compute.wsgi.server [req-2878e115-22bb-4142-a60d-6ffe174f56ca e9483918caa940a48fe882ba092c7e0b 300b2cc45c3846939e589310ae714e46 - - -] 192.168.0.10 "GET /v2/300b2cc45c3846939e589310ae714e46/servers/9c72075c-1c97-4bb8-9495-50a0823b0366 HTTP/1.1" status: 200 len: 2045 time: 0.3129690
2015-10-01 03:52:56.999 2488 INFO nova.osapi_compute.wsgi.server [req-0b3adddb-c9e7-41ad-9fe5-159093035eff e9483918caa940a48fe882ba092c7e0b 300b2cc45c3846939e589310ae714e46 - - -] 192.168.0.10 "GET /v2/300b2cc45c3846939e589310ae714e46/flavors/1 HTTP/1.1" status: 200 len: 619 time: 0.0268669
2015-10-01 03:52:57.200 2488 INFO nova.osapi_compute.wsgi.server [req-d469bdc1-3058-42ab-bf0d-174332b79b36 e9483918caa940a48fe882ba092c7e0b 300b2cc45c3846939e589310ae714e46 - - -] 192.168.0.10 "GET /v2/300b2cc45c3846939e589310ae714e46/extensions HTTP/1.1" status: 200 len: 22486 time: 0.0080500
2015-10-01 03:53:01.061 2488 ERROR nova.api.openstack [req-85f3159f-0735-46ce-9aa7-6b8fa723c2e8 415b597bda074b30a90d8cb3b9fd92ec e914019c03814ded9911e9718ff69977 - - -] Caught error: Timed out waiting for a reply to message ID 2f513a43d9d141a0ad023d33397764a9
2015-10-01 03:53:01.061 2488 TRACE nova.api.openstack Traceback (most recent call last):
2015-10-01 03:53:01.061 2488 TRACE nova.api.openstack   File "/usr/lib/python2.7/site-packages/nova/api/openstack/__init__.py", line 125, in __call__
2015-10-01 03:53:01.061 2488 TRACE nova.api.openstack     return req.get_response(self.application)
2015-10-01 03:53:01.061 2488 TRACE nova.api.openstack   File "/usr/lib/python2.7/site-packages/webob/request.py", line 1296, in send
2015-10-01 03:53:01.061 2488 TRACE nova.api.openstack     application, catch_exc_info=False)
2015-10-01 03:53:01.061 2488 TRACE nova.api.openstack   File "/usr/lib/python2.7/site-packages/webob/request.py", line 1260, in call_application
2015-10-01 03:53:01.061 2488 TRACE nova.api.openstack     app_iter = application(self.environ, start_response)
2015-10-01 03:53:01.061 2488 TRACE nova.api.openstack   File "/usr/lib/python2.7/site-packages/webob/dec.py", line 144, in __call__
2015-10-01 03:53:01.061 2488 TRACE nova.api.openstack     return resp(environ, start_response)
2015-10-01 03:53:01.061 2488 TRACE nova.api.openstack   File "/usr/lib/python2.7/site-packages/keystonemiddleware/auth_token/__init__.py", line 634, in __call__
2015-10-01 03:53:01.061 2488 TRACE nova.api.openstack     return self._call_app(env, start_response)
2015-10-01 03:53:01.061 2488 TRACE nova.api.openstack   File "/usr/lib/python2.7/site-packages/keystonemiddleware/auth_token/__init__.py", line 554, in _call_app
2015-10-01 03:53:01.061 2488 TRACE nova.api.openstack     return self._app(env, _fake_start_response)
2015-10-01 03:53:01.061 2488 TRACE nova.api.openstack   File "/usr/lib/python2.7/site-packages/webob/dec.py", line 144, in __call__
2015-10-01 03:53:01.061 2488 TRACE nova.api.openstack     return resp(environ, start_response)
2015-10-01 03:53:01.061 2488 TRACE nova.api.openstack   File "/usr/lib/python2.7/site-packages/webob/dec.py", line 144, in __call__
2015-10-01 03:53:01.061 2488 TRACE nova.api.openstack     return resp(environ, start_response)
2015-10-01 03:53:01.061 2488 TRACE nova.api.openstack   File "/usr/lib/python2.7/site-packages/routes/middleware.py", line 131, in __call__
2015-10-01 03:53:01.061 2488 TRACE nova.api.openstack     response = self.app(environ, start_response)
2015-10-01 03:53:01.061 2488 TRACE nova.api.openstack   File "/usr/lib/python2.7/site-packages/webob/dec.py", line 144, in __call__
2015-10-01 03:53:01.061 2488 TRACE nova.api.openstack     return resp(environ, start_response)
2015-10-01 03:53:01.061 2488 TRACE nova.api.openstack   File "/usr/lib/python2.7/site-packages/webob/dec.py", line 130, in __call__
2015-10-01 03:53:01.061 2488 TRACE nova.api.openstack     resp = self.call_func(req, *args, **self.kwargs)
2015-10-01 03:53:01.061 2488 TRACE nova.api.openstack   File "/usr/lib/python2.7/site-packages/webob/dec.py", line 195, in call_func
2015-10-01 03:53:01.061 2488 TRACE nova.api.openstack     return self.func(req, *args, **kwargs)
2015-10-01 03:53:01.061 2488 TRACE nova.api.openstack   File "/usr/lib/python2.7/site-packages/nova/api/openstack/wsgi.py", line 756, in __call__
2015-10-01 03:53:01.061 2488 TRACE nova.api.openstack     content_type, body, accept)
2015-10-01 03:53:01.061 2488 TRACE nova.api.openstack   File "/usr/lib/python2.7/site-packages/nova/api/openstack/wsgi.py", line 821, in _process_stack
2015-10-01 03:53:01.061 2488 TRACE nova.api.openstack     action_result = self.dispatch(meth, request, action_args)
2015-10-01 03:53:01.061 2488 TRACE nova.api.openstack   File "/usr/lib/python2.7/site-packages/nova/api/openstack/wsgi.py", line 911, in dispatch
2015-10-01 03:53:01.061 2488 TRACE nova.api.openstack     return method(req=request, **action_args)
2015-10-01 03:53:01.061 2488 TRACE nova.api.openstack   File "/usr/lib/python2.7/site-packages/nova/api/openstack/compute/contrib/consoles.py", line 46, in get_vnc_console
2015-10-01 03:53:01.061 2488 TRACE nova.api.openstack     console_type)
2015-10-01 03:53:01.061 2488 TRACE nova.api.openstack   File "/usr/lib/python2.7/site-packages/nova/compute/api.py", line 230, in wrapped
2015-10-01 03:53:01.061 2488 TRACE nova.api.openstack     return func(self, context, target, *args, **kwargs)
2015-10-01 03:53:01.061 2488 TRACE nova.api.openstack   File "/usr/lib/python2.7/site-packages/nova/compute/api.py", line 210, in wrapped
2015-10-01 03:53:01.061 2488 TRACE nova.api.openstack     return function(self, context, instance, *args, **kwargs)
2015-10-01 03:53:01.061 2488 TRACE nova.api.openstack   File "/usr/lib/python2.7/site-packages/nova/compute/api.py", line 2856, in get_vnc_console
2015-10-01 03:53:01.061 2488 TRACE nova.api.openstack     instance=instance, console_type=console_type)
2015-10-01 03:53:01.061 2488 TRACE nova.api.openstack   File "/usr/lib/python2.7/site-packages/nova/compute/rpcapi.py", line 531, in get_vnc_console
2015-10-01 03:53:01.061 2488 TRACE nova.api.openstack     instance=instance, console_type=console_type)
2015-10-01 03:53:01.061 2488 TRACE nova.api.openstack   File "/usr/lib/python2.7/site-packages/oslo_messaging/rpc/client.py", line 156, in call
2015-10-01 03:53:01.061 2488 TRACE nova.api.openstack     retry=self.retry)
2015-10-01 03:53:01.061 2488 TRACE nova.api.openstack   File "/usr/lib/python2.7/site-packages/oslo_messaging/transport.py", line 90, in _send
2015-10-01 03:53:01.061 2488 TRACE nova.api.openstack     timeout=timeout, retry=retry)
2015-10-01 03:53:01.061 2488 TRACE nova.api.openstack   File "/usr/lib/python2.7/site-packages/oslo_messaging/_drivers/amqpdriver.py", line 350, in send
2015-10-01 03:53:01.061 2488 TRACE nova.api.openstack     retry=retry)
2015-10-01 03:53:01.061 2488 TRACE nova.api.openstack   File "/usr/lib/python2.7/site-packages/oslo_messaging/_drivers/amqpdriver.py", line 339, in _send
2015-10-01 03:53:01.061 2488 TRACE nova.api.openstack     result = self._waiter.wait(msg_id, timeout)
2015-10-01 03:53:01.061 2488 TRACE nova.api.openstack   File "/usr/lib/python2.7/site-packages/oslo_messaging/_drivers/amqpdriver.py", line 243, in wait
2015-10-01 03:53:01.061 2488 TRACE nova.api.openstack     message = self.waiters.get(msg_id, timeout=timeout)
2015-10-01 03:53:01.061 2488 TRACE nova.api.openstack   File "/usr/lib/python2.7/site-packages/oslo_messaging/_drivers/amqpdriver.py", line 149, in get
2015-10-01 03:53:01.061 2488 TRACE nova.api.openstack     'to message ID %s' % msg_id)
2015-10-01 03:53:01.061 2488 TRACE nova.api.openstack MessagingTimeout: Timed out waiting for a reply to message ID 2f513a43d9d141a0ad023d33397764a9
2015-10-01 03:53:01.061 2488 TRACE nova.api.openstack 
2015-10-01 03:53:01.330 2488 INFO nova.api.openstack [req-85f3159f-0735-46ce-9aa7-6b8fa723c2e8 415b597bda074b30a90d8cb3b9fd92ec e914019c03814ded9911e9718ff69977 - - -] http://192.168.0.10:8774/v2/e914019c03814ded9911e9718ff69977/servers/9c72075c-1c97-4bb8-9495-50a0823b0366/action returned with HTTP 500
2015-10-01 03:53:01.334 2488 INFO nova.osapi_compute.wsgi.server [req-85f3159f-0735-46ce-9aa7-6b8fa723c2e8 415b597bda074b30a90d8cb3b9fd92ec e914019c03814ded9911e9718ff69977 - - -] 192.168.0.10 "POST /v2/e914019c03814ded9911e9718ff69977/servers/9c72075c-1c97-4bb8-9495-50a0823b0366/action HTTP/1.1" status: 500 len: 359 time: 60.5349450
2015-10-01 03:53:02.339 2484 ERROR nova.api.openstack [req-8b5beb3d-92dc-4c10-b281-93372178658b 415b597bda074b30a90d8cb3b9fd92ec e914019c03814ded9911e9718ff69977 - - -] Caught error: Timed out waiting for a reply to message ID c5472a2c9a734ff8a79ca828f95850e8
2015-10-01 03:53:02.339 2484 TRACE nova.api.openstack Traceback (most recent call last):
2015-10-01 03:53:02.339 2484 TRACE nova.api.openstack   File "/usr/lib/python2.7/site-packages/nova/api/openstack/__init__.py", line 125, in __call__
2015-10-01 03:53:02.339 2484 TRACE nova.api.openstack     return req.get_response(self.application)
2015-10-01 03:53:02.339 2484 TRACE nova.api.openstack   File "/usr/lib/python2.7/site-packages/webob/request.py", line 1296, in send
2015-10-01 03:53:02.339 2484 TRACE nova.api.openstack     application, catch_exc_info=False)
2015-10-01 03:53:02.339 2484 TRACE nova.api.openstack   File "/usr/lib/python2.7/site-packages/webob/request.py", line 1260, in call_application
2015-10-01 03:53:02.339 2484 TRACE nova.api.openstack     app_iter = application(self.environ, start_response)
2015-10-01 03:53:02.339 2484 TRACE nova.api.openstack   File "/usr/lib/python2.7/site-packages/webob/dec.py", line 144, in __call__
2015-10-01 03:53:02.339 2484 TRACE nova.api.openstack     return resp(environ, start_response)
2015-10-01 03:53:02.339 2484 TRACE nova.api.openstack   File "/usr/lib/python2.7/site-packages/keystonemiddleware/auth_token/__init__.py", line 634, in __call__
2015-10-01 03:53:02.339 2484 TRACE nova.api.openstack     return self._call_app(env, start_response)
2015-10-01 03:53:02.339 2484 TRACE nova.api.openstack   File "/usr/lib/python2.7/site-packages/keystonemiddleware/auth_token/__init__.py", line 554, in _call_app
2015-10-01 03:53:02.339 2484 TRACE nova.api.openstack     return self._app(env, _fake_start_response)
2015-10-01 03:53:02.339 2484 TRACE nova.api.openstack   File "/usr/lib/python2.7/site-packages/webob/dec.py", line 144, in __call__
2015-10-01 03:53:02.339 2484 TRACE nova.api.openstack     return resp(environ, start_response)
2015-10-01 03:53:02.339 2484 TRACE nova.api.openstack   File "/usr/lib/python2.7/site-packages/webob/dec.py", line 144, in __call__
2015-10-01 03:53:02.339 2484 TRACE nova.api.openstack     return resp(environ, start_response)
2015-10-01 03:53:02.339 2484 TRACE nova.api.openstack   File "/usr/lib/python2.7/site-packages/routes/middleware.py", line 131, in __call__
2015-10-01 03:53:02.339 2484 TRACE nova.api.openstack     response = self.app(environ, start_response)
2015-10-01 03:53:02.339 2484 TRACE nova.api.openstack   File "/usr/lib/python2.7/site-packages/webob/dec.py", line 144, in __call__
2015-10-01 03:53:02.339 2484 TRACE nova.api.openstack     return resp(environ, start_response)
2015-10-01 03:53:02.339 2484 TRACE nova.api.openstack   File "/usr/lib/python2.7/site-packages/webob/dec.py", line 130, in __call__
2015-10-01 03:53:02.339 2484 TRACE nova.api.openstack     resp = self.call_func(req, *args, **self.kwargs)
2015-10-01 03:53:02.339 2484 TRACE nova.api.openstack   File "/usr/lib/python2.7/site-packages/webob/dec.py", line 195, in call_func
2015-10-01 03:53:02.339 2484 TRACE nova.api.openstack     return self.func(req, *args, **kwargs)
2015-10-01 03:53:02.339 2484 TRACE nova.api.openstack   File "/usr/lib/python2.7/site-packages/nova/api/openstack/wsgi.py", line 756, in __call__
2015-10-01 03:53:02.339 2484 TRACE nova.api.openstack     content_type, body, accept)
2015-10-01 03:53:02.339 2484 TRACE nova.api.openstack   File "/usr/lib/python2.7/site-packages/nova/api/openstack/wsgi.py", line 821, in _process_stack
2015-10-01 03:53:02.339 2484 TRACE nova.api.openstack     action_result = self.dispatch(meth, request, action_args)
2015-10-01 03:53:02.339 2484 TRACE nova.api.openstack   File "/usr/lib/python2.7/site-packages/nova/api/openstack/wsgi.py", line 911, in dispatch
2015-10-01 03:53:02.339 2484 TRACE nova.api.openstack     return method(req=request, **action_args)
2015-10-01 03:53:02.339 2484 TRACE nova.api.openstack   File "/usr/lib/python2.7/site-packages/nova/api/openstack/compute/contrib/console_output.py", line 64, in get_console_output
2015-10-01 03:53:02.339 2484 TRACE nova.api.openstack     length)
2015-10-01 03:53:02.339 2484 TRACE nova.api.openstack   File "/usr/lib/python2.7/site-packages/nova/compute/api.py", line 230, in wrapped
2015-10-01 03:53:02.339 2484 TRACE nova.api.openstack     return func(self, context, target, *args, **kwargs)
2015-10-01 03:53:02.339 2484 TRACE nova.api.openstack   File "/usr/lib/python2.7/site-packages/nova/compute/api.py", line 210, in wrapped
2015-10-01 03:53:02.339 2484 TRACE nova.api.openstack     return function(self, context, instance, *args, **kwargs)
2015-10-01 03:53:02.339 2484 TRACE nova.api.openstack   File "/usr/lib/python2.7/site-packages/nova/compute/api.py", line 2941, in get_console_output
2015-10-01 03:53:02.339 2484 TRACE nova.api.openstack     instance=instance, tail_length=tail_length)
2015-10-01 03:53:02.339 2484 TRACE nova.api.openstack   File "/usr/lib/python2.7/site-packages/nova/compute/rpcapi.py", line 499, in get_console_output
2015-10-01 03:53:02.339 2484 TRACE nova.api.openstack     instance=instance, tail_length=tail_length)
2015-10-01 03:53:02.339 2484 TRACE nova.api.openstack   File "/usr/lib/python2.7/site-packages/oslo_messaging/rpc/client.py", line 156, in call
2015-10-01 03:53:02.339 2484 TRACE nova.api.openstack     retry=self.retry)
2015-10-01 03:53:02.339 2484 TRACE nova.api.openstack   File "/usr/lib/python2.7/site-packages/oslo_messaging/transport.py", line 90, in _send
2015-10-01 03:53:02.339 2484 TRACE nova.api.openstack     timeout=timeout, retry=retry)
2015-10-01 03:53:02.339 2484 TRACE nova.api.openstack   File "/usr/lib/python2.7/site-packages/oslo_messaging/_drivers/amqpdriver.py", line 350, in send
2015-10-01 03:53:02.339 2484 TRACE nova.api.openstack     retry=retry)
2015-10-01 03:53:02.339 2484 TRACE nova.api.openstack   File "/usr/lib/python2.7/site-packages/oslo_messaging/_drivers/amqpdriver.py", line 339, in _send
2015-10-01 03:53:02.339 2484 TRACE nova.api.openstack     result = self._waiter.wait(msg_id, timeout)
2015-10-01 03:53:02.339 2484 TRACE nova.api.openstack   File "/usr/lib/python2.7/site-packages/oslo_messaging/_drivers/amqpdriver.py", line 243, in wait
2015-10-01 03:53:02.339 2484 TRACE nova.api.openstack     message = self.waiters.get(msg_id, timeout=timeout)
2015-10-01 03:53:02.339 2484 TRACE nova.api.openstack   File "/usr/lib/python2.7/site-packages/oslo_messaging/_drivers/amqpdriver.py", line 149, in get
2015-10-01 03:53:02.339 2484 TRACE nova.api.openstack     'to message ID %s' % msg_id)
2015-10-01 03:53:02.339 2484 TRACE nova.api.openstack MessagingTimeout: Timed out waiting for a reply to message ID c5472a2c9a734ff8a79ca828f95850e8
2015-10-01 03:53:02.339 2484 TRACE nova.api.openstack 
2015-10-01 03:53:02.392 2484 INFO nova.api.openstack [req-8b5beb3d-92dc-4c10-b281-93372178658b 415b597bda074b30a90d8cb3b9fd92ec e914019c03814ded9911e9718ff69977 - - -] http://192.168.0.10:8774/v2/e914019c03814ded9911e9718ff69977/servers/9c72075c-1c97-4bb8-9495-50a0823b0366/action returned with HTTP 500
2015-10-01 03:53:02.402 2484 INFO nova.osapi_compute.wsgi.server [req-8b5beb3d-92dc-4c10-b281-93372178658b 415b597bda074b30a90d8cb3b9fd92ec e914019c03814ded9911e9718ff69977 - - -] 192.168.0.10 "POST /v2/e914019c03814ded9911e9718ff69977/servers/9c72075c-1c97-4bb8-9495-50a0823b0366/action HTTP/1.1" status: 500 len: 359 time: 60.3585870
2015-10-01 03:53:02.487 2488 INFO nova.osapi_compute.wsgi.server [req-a6525747-4103-40c4-85da-5d2094a2aba8 415b597bda074b30a90d8cb3b9fd92ec e914019c03814ded9911e9718ff69977 - - -] 192.168.0.10 "GET /v2/e914019c03814ded9911e9718ff69977/extensions HTTP/1.1" status: 200 len: 22486 time: 0.0303879
2015-10-01 03:53:15.875 2477 INFO nova.osapi_compute.wsgi.server [req-ab666388-a994-4a15-8ab8-85d3c4cda06e e9483918caa940a48fe882ba092c7e0b 300b2cc45c3846939e589310ae714e46 - - -] 192.168.0.10 "GET /v2/300b2cc45c3846939e589310ae714e46/servers/9c72075c-1c97-4bb8-9495-50a0823b0366 HTTP/1.1" status: 200 len: 2045 time: 0.3146012
2015-10-01 03:53:15.933 2477 INFO nova.osapi_compute.wsgi.server [req-256e9a2e-ec68-48e6-9a99-ea670d43d2fc e9483918caa940a48fe882ba092c7e0b 300b2cc45c3846939e589310ae714e46 - - -] 192.168.0.10 "GET /v2/300b2cc45c3846939e589310ae714e46/flavors/1 HTTP/1.1" status: 200 len: 619 time: 0.0456140
2015-10-01 03:53:16.218 2480 INFO nova.osapi_compute.wsgi.server [req-c4f2fa39-0b66-4e6d-8ffc-af9d7250e450 e9483918caa940a48fe882ba092c7e0b 300b2cc45c3846939e589310ae714e46 - - -] 192.168.0.10 "GET /v2/300b2cc45c3846939e589310ae714e46/extensions HTTP/1.1" status: 200 len: 22486 time: 0.0214360
2015-10-01 03:53:37.961 2488 INFO nova.osapi_compute.wsgi.server [req-0019e2cc-0410-4389-ba10-42b912625a24 e9483918caa940a48fe882ba092c7e0b 300b2cc45c3846939e589310ae714e46 - - -] 192.168.0.10 "GET /v2/300b2cc45c3846939e589310ae714e46/servers/9c72075c-1c97-4bb8-9495-50a0823b0366 HTTP/1.1" status: 200 len: 2045 time: 0.3089590
2015-10-01 03:53:38.051 2480 INFO nova.osapi_compute.wsgi.server [req-bb107ffc-e714-4a5e-b706-8ceec9cd80fe e9483918caa940a48fe882ba092c7e0b 300b2cc45c3846939e589310ae714e46 - - -] 192.168.0.10 "GET /v2/300b2cc45c3846939e589310ae714e46/flavors/1 HTTP/1.1" status: 200 len: 619 time: 0.0745120
2015-10-01 03:53:38.451 2477 INFO nova.osapi_compute.wsgi.server [req-b5adfca2-f00d-42f0-a767-8863bed38944 e9483918caa940a48fe882ba092c7e0b 300b2cc45c3846939e589310ae714e46 - - -] 192.168.0.10 "GET /v2/300b2cc45c3846939e589310ae714e46/extensions HTTP/1.1" status: 200 len: 22486 time: 0.0201921
2015-10-01 03:54:01.496 2488 ERROR nova.api.openstack [req-7732ad0f-2001-47bc-945d-0d1dff36712c 415b597bda074b30a90d8cb3b9fd92ec e914019c03814ded9911e9718ff69977 - - -] Caught error: Timed out waiting for a reply to message ID 9f867e52f9224418939ffdaa0e725dd5
2015-10-01 03:54:01.496 2488 TRACE nova.api.openstack Traceback (most recent call last):
2015-10-01 03:54:01.496 2488 TRACE nova.api.openstack   File "/usr/lib/python2.7/site-packages/nova/api/openstack/__init__.py", line 125, in __call__
2015-10-01 03:54:01.496 2488 TRACE nova.api.openstack     return req.get_response(self.application)
2015-10-01 03:54:01.496 2488 TRACE nova.api.openstack   File "/usr/lib/python2.7/site-packages/webob/request.py", line 1296, in send
2015-10-01 03:54:01.496 2488 TRACE nova.api.openstack     application, catch_exc_info=False)
2015-10-01 03:54:01.496 2488 TRACE nova.api.openstack   File "/usr/lib/python2.7/site-packages/webob/request.py", line 1260, in call_application
2015-10-01 03:54:01.496 2488 TRACE nova.api.openstack     app_iter = application(self.environ, start_response)
2015-10-01 03:54:01.496 2488 TRACE nova.api.openstack   File "/usr/lib/python2.7/site-packages/webob/dec.py", line 144, in __call__
2015-10-01 03:54:01.496 2488 TRACE nova.api.openstack     return resp(environ, start_response)
2015-10-01 03:54:01.496 2488 TRACE nova.api.openstack   File "/usr/lib/python2.7/site-packages/keystonemiddleware/auth_token/__init__.py", line 634, in __call__
2015-10-01 03:54:01.496 2488 TRACE nova.api.openstack     return self._call_app(env, start_response)
2015-10-01 03:54:01.496 2488 TRACE nova.api.openstack   File "/usr/lib/python2.7/site-packages/keystonemiddleware/auth_token/__init__.py", line 554, in _call_app
2015-10-01 03:54:01.496 2488 TRACE nova.api.openstack     return self._app(env, _fake_start_response)
2015-10-01 03:54:01.496 2488 TRACE nova.api.openstack   File "/usr/lib/python2.7/site-packages/webob/dec.py", line 144, in __call__
2015-10-01 03:54:01.496 2488 TRACE nova.api.openstack     return resp(environ, start_response)
2015-10-01 03:54:01.496 2488 TRACE nova.api.openstack   File "/usr/lib/python2.7/site-packages/webob/dec.py", line 144, in __call__
2015-10-01 03:54:01.496 2488 TRACE nova.api.openstack     return resp(environ, start_response)
2015-10-01 03:54:01.496 2488 TRACE nova.api.openstack   File "/usr/lib/python2.7/site-packages/routes/middleware.py", line 131, in __call__
2015-10-01 03:54:01.496 2488 TRACE nova.api.openstack     response = self.app(environ, start_response)
2015-10-01 03:54:01.496 2488 TRACE nova.api.openstack   File "/usr/lib/python2.7/site-packages/webob/dec.py", line 144, in __call__
2015-10-01 03:54:01.496 2488 TRACE nova.api.openstack     return resp(environ, start_response)
2015-10-01 03:54:01.496 2488 TRACE nova.api.openstack   File "/usr/lib/python2.7/site-packages/webob/dec.py", line 130, in __call__
2015-10-01 03:54:01.496 2488 TRACE nova.api.openstack     resp = self.call_func(req, *args, **self.kwargs)
2015-10-01 03:54:01.496 2488 TRACE nova.api.openstack   File "/usr/lib/python2.7/site-packages/webob/dec.py", line 195, in call_func
2015-10-01 03:54:01.496 2488 TRACE nova.api.openstack     return self.func(req, *args, **kwargs)
2015-10-01 03:54:01.496 2488 TRACE nova.api.openstack   File "/usr/lib/python2.7/site-packages/nova/api/openstack/wsgi.py", line 756, in __call__
2015-10-01 03:54:01.496 2488 TRACE nova.api.openstack     content_type, body, accept)
2015-10-01 03:54:01.496 2488 TRACE nova.api.openstack   File "/usr/lib/python2.7/site-packages/nova/api/openstack/wsgi.py", line 821, in _process_stack
2015-10-01 03:54:01.496 2488 TRACE nova.api.openstack     action_result = self.dispatch(meth, request, action_args)
2015-10-01 03:54:01.496 2488 TRACE nova.api.openstack   File "/usr/lib/python2.7/site-packages/nova/api/openstack/wsgi.py", line 911, in dispatch
2015-10-01 03:54:01.496 2488 TRACE nova.api.openstack     return method(req=request, **action_args)
2015-10-01 03:54:01.496 2488 TRACE nova.api.openstack   File "/usr/lib/python2.7/site-packages/nova/api/openstack/compute/contrib/consoles.py", line 74, in get_spice_console
2015-10-01 03:54:01.496 2488 TRACE nova.api.openstack     console_type)
2015-10-01 03:54:01.496 2488 TRACE nova.api.openstack   File "/usr/lib/python2.7/site-packages/nova/compute/api.py", line 230, in wrapped
2015-10-01 03:54:01.496 2488 TRACE nova.api.openstack     return func(self, context, target, *args, **kwargs)
2015-10-01 03:54:01.496 2488 TRACE nova.api.openstack   File "/usr/lib/python2.7/site-packages/nova/compute/api.py", line 210, in wrapped
2015-10-01 03:54:01.496 2488 TRACE nova.api.openstack     return function(self, context, instance, *args, **kwargs)
2015-10-01 03:54:01.496 2488 TRACE nova.api.openstack   File "/usr/lib/python2.7/site-packages/nova/compute/api.py", line 2878, in get_spice_console
2015-10-01 03:54:01.496 2488 TRACE nova.api.openstack     instance=instance, console_type=console_type)
2015-10-01 03:54:01.496 2488 TRACE nova.api.openstack   File "/usr/lib/python2.7/site-packages/nova/compute/rpcapi.py", line 538, in get_spice_console
2015-10-01 03:54:01.496 2488 TRACE nova.api.openstack     instance=instance, console_type=console_type)
2015-10-01 03:54:01.496 2488 TRACE nova.api.openstack   File "/usr/lib/python2.7/site-packages/oslo_messaging/rpc/client.py", line 156, in call
2015-10-01 03:54:01.496 2488 TRACE nova.api.openstack     retry=self.retry)
2015-10-01 03:54:01.496 2488 TRACE nova.api.openstack   File "/usr/lib/python2.7/site-packages/oslo_messaging/transport.py", line 90, in _send
2015-10-01 03:54:01.496 2488 TRACE nova.api.openstack     timeout=timeout, retry=retry)
2015-10-01 03:54:01.496 2488 TRACE nova.api.openstack   File "/usr/lib/python2.7/site-packages/oslo_messaging/_drivers/amqpdriver.py", line 350, in send
2015-10-01 03:54:01.496 2488 TRACE nova.api.openstack     retry=retry)
2015-10-01 03:54:01.496 2488 TRACE nova.api.openstack   File "/usr/lib/python2.7/site-packages/oslo_messaging/_drivers/amqpdriver.py", line 339, in _send
2015-10-01 03:54:01.496 2488 TRACE nova.api.openstack     result = self._waiter.wait(msg_id, timeout)
2015-10-01 03:54:01.496 2488 TRACE nova.api.openstack   File "/usr/lib/python2.7/site-packages/oslo_messaging/_drivers/amqpdriver.py", line 243, in wait
2015-10-01 03:54:01.496 2488 TRACE nova.api.openstack     message = self.waiters.get(msg_id, timeout=timeout)
2015-10-01 03:54:01.496 2488 TRACE nova.api.openstack   File "/usr/lib/python2.7/site-packages/oslo_messaging/_drivers/amqpdriver.py", line 149, in get
2015-10-01 03:54:01.496 2488 TRACE nova.api.openstack     'to message ID %s' % msg_id)
2015-10-01 03:54:01.496 2488 TRACE nova.api.openstack MessagingTimeout: Timed out waiting for a reply to message ID 9f867e52f9224418939ffdaa0e725dd5
2015-10-01 03:54:01.496 2488 TRACE nova.api.openstack 
