2016-02-24 20:26:10.503 1950 INFO eventlet.wsgi.server [req-faedb2c9-f45c-444b-8472-62ad74309c88 9b1f9b36d7354b1ea121ccfbae339d8b 85a11a1515f94848be7aa5b56adec8bf - - -] 192.168.0.10 - - [24/Feb/2016 20:26:10] "HEAD /v1/images/8a724f78-2673-4ea1-b607-373626a15afb HTTP/1.1" 200 817 0.243085
2016-02-24 20:26:16.081 1950 INFO eventlet.wsgi.server [req-4dd7cd96-d6af-4047-8678-30e5882eefa6 9b1f9b36d7354b1ea121ccfbae339d8b 85a11a1515f94848be7aa5b56adec8bf - - -] 192.168.0.10 - - [24/Feb/2016 20:26:16] "GET /v1/images/detail?is_public=None&limit=20 HTTP/1.1" 200 713 0.223583
2016-02-24 20:27:05.734 1958 INFO eventlet.wsgi.server [req-32acf897-cc54-45dd-b83f-186363f64bd5 a7efbc8d2a394409a3bc37b6078a3283 4cf1e5c5b43442838d14781be3f285b1 - - -] 192.168.0.10 - - [24/Feb/2016 20:27:05] "GET /v1/images/detail?sort_key=created_at&sort_dir=desc&limit=1000 HTTP/1.1" 200 713 0.339502
2016-02-24 20:27:28.680 1962 INFO eventlet.wsgi.server [req-ef6213ef-36f6-4651-aeb0-6e4f5bffdc74 a7efbc8d2a394409a3bc37b6078a3283 4cf1e5c5b43442838d14781be3f285b1 - - -] 192.168.0.10 - - [24/Feb/2016 20:27:28] "GET /v1/images/detail?sort_key=created_at&sort_dir=desc&status=active&limit=1000&is_public=True HTTP/1.1" 200 713 0.280876
2016-02-24 20:27:28.937 1962 INFO eventlet.wsgi.server [req-4d56a627-0ebb-483f-b5c7-4982f5f4db3a a7efbc8d2a394409a3bc37b6078a3283 4cf1e5c5b43442838d14781be3f285b1 - - -] 192.168.0.10 - - [24/Feb/2016 20:27:28] "GET /v1/images/detail?sort_key=created_at&sort_dir=desc&property-owner_id=4cf1e5c5b43442838d14781be3f285b1&status=active&limit=1000 HTTP/1.1" 200 231 0.252016
2016-02-24 20:28:58.204 1946 INFO eventlet.wsgi.server [req-3c835ffb-d5a3-404d-8459-3f2989da89c2 a7efbc8d2a394409a3bc37b6078a3283 4cf1e5c5b43442838d14781be3f285b1 - - -] 192.168.0.10 - - [24/Feb/2016 20:28:58] "GET /v1/images/detail?sort_key=created_at&sort_dir=desc&status=active&limit=1000&is_public=True HTTP/1.1" 200 713 0.468565
2016-02-24 20:28:58.266 1946 INFO eventlet.wsgi.server [req-bd3b1eb0-0045-455d-880f-7414987817c7 a7efbc8d2a394409a3bc37b6078a3283 4cf1e5c5b43442838d14781be3f285b1 - - -] 192.168.0.10 - - [24/Feb/2016 20:28:58] "GET /v1/images/detail?sort_key=created_at&sort_dir=desc&property-owner_id=4cf1e5c5b43442838d14781be3f285b1&status=active&limit=1000 HTTP/1.1" 200 231 0.058501
2016-02-24 20:28:59.565 1958 INFO eventlet.wsgi.server [req-2caa401c-7236-47fc-ab48-380cd898cdb0 a7efbc8d2a394409a3bc37b6078a3283 4cf1e5c5b43442838d14781be3f285b1 - - -] 192.168.0.10 - - [24/Feb/2016 20:28:59] "HEAD /v1/images/8a724f78-2673-4ea1-b607-373626a15afb HTTP/1.1" 200 817 0.157371
2016-02-24 20:29:00.897 1958 INFO eventlet.wsgi.server [req-90100d39-4851-4bc2-9422-ce014c7f7f11 a7efbc8d2a394409a3bc37b6078a3283 4cf1e5c5b43442838d14781be3f285b1 - - -] 192.168.0.10 - - [24/Feb/2016 20:29:00] "GET /v1/images/detail?sort_key=created_at&sort_dir=desc&limit=1000 HTTP/1.1" 200 713 0.089902
2016-02-24 20:29:01.915 1962 WARNING oslo_config.cfg [req-040d128e-f1f3-48d0-9a91-ca7fd7f8cfc2 a7efbc8d2a394409a3bc37b6078a3283 4cf1e5c5b43442838d14781be3f285b1 - - -] Option "rabbit_virtual_host" from group "DEFAULT" is deprecated. Use option "rabbit_virtual_host" from group "oslo_messaging_rabbit".
2016-02-24 20:29:01.917 1962 WARNING oslo_config.cfg [req-040d128e-f1f3-48d0-9a91-ca7fd7f8cfc2 a7efbc8d2a394409a3bc37b6078a3283 4cf1e5c5b43442838d14781be3f285b1 - - -] Option "rabbit_hosts" from group "DEFAULT" is deprecated. Use option "rabbit_hosts" from group "oslo_messaging_rabbit".
2016-02-24 20:29:01.917 1962 WARNING oslo_config.cfg [req-040d128e-f1f3-48d0-9a91-ca7fd7f8cfc2 a7efbc8d2a394409a3bc37b6078a3283 4cf1e5c5b43442838d14781be3f285b1 - - -] Option "rabbit_port" from group "DEFAULT" is deprecated. Use option "rabbit_port" from group "oslo_messaging_rabbit".
2016-02-24 20:29:01.918 1962 WARNING oslo_config.cfg [req-040d128e-f1f3-48d0-9a91-ca7fd7f8cfc2 a7efbc8d2a394409a3bc37b6078a3283 4cf1e5c5b43442838d14781be3f285b1 - - -] Option "rabbit_userid" from group "DEFAULT" is deprecated. Use option "rabbit_userid" from group "oslo_messaging_rabbit".
2016-02-24 20:29:01.918 1962 WARNING oslo_config.cfg [req-040d128e-f1f3-48d0-9a91-ca7fd7f8cfc2 a7efbc8d2a394409a3bc37b6078a3283 4cf1e5c5b43442838d14781be3f285b1 - - -] Option "rabbit_password" from group "DEFAULT" is deprecated. Use option "rabbit_password" from group "oslo_messaging_rabbit".
2016-02-24 20:29:01.920 1962 WARNING oslo_config.cfg [req-040d128e-f1f3-48d0-9a91-ca7fd7f8cfc2 a7efbc8d2a394409a3bc37b6078a3283 4cf1e5c5b43442838d14781be3f285b1 - - -] Option "rabbit_use_ssl" from group "DEFAULT" is deprecated. Use option "rabbit_use_ssl" from group "oslo_messaging_rabbit".
2016-02-24 20:29:01.969 1962 INFO oslo_messaging._drivers.impl_rabbit [req-040d128e-f1f3-48d0-9a91-ca7fd7f8cfc2 a7efbc8d2a394409a3bc37b6078a3283 4cf1e5c5b43442838d14781be3f285b1 - - -] Connecting to AMQP server on 192.168.0.10:5672
2016-02-24 20:29:02.014 1962 INFO oslo_messaging._drivers.impl_rabbit [req-040d128e-f1f3-48d0-9a91-ca7fd7f8cfc2 a7efbc8d2a394409a3bc37b6078a3283 4cf1e5c5b43442838d14781be3f285b1 - - -] Connected to AMQP server on 192.168.0.10:5672
2016-02-24 20:29:02.015 1962 WARNING oslo_config.cfg [req-040d128e-f1f3-48d0-9a91-ca7fd7f8cfc2 a7efbc8d2a394409a3bc37b6078a3283 4cf1e5c5b43442838d14781be3f285b1 - - -] Option "rabbit_ha_queues" from group "DEFAULT" is deprecated. Use option "rabbit_ha_queues" from group "oslo_messaging_rabbit".
2016-02-24 20:29:02.033 1962 INFO eventlet.wsgi.server [req-040d128e-f1f3-48d0-9a91-ca7fd7f8cfc2 a7efbc8d2a394409a3bc37b6078a3283 4cf1e5c5b43442838d14781be3f285b1 - - -] 192.168.0.12 - - [24/Feb/2016 20:29:02] "GET /v1/images/8a724f78-2673-4ea1-b607-373626a15afb HTTP/1.1" 200 13201720 0.421204
2016-02-24 20:29:02.572 1962 INFO eventlet.wsgi.server [req-d8daf1a1-2e28-4e26-a89f-d15ab9c05912 a7efbc8d2a394409a3bc37b6078a3283 4cf1e5c5b43442838d14781be3f285b1 - - -] 192.168.0.10 - - [24/Feb/2016 20:29:02] "HEAD /v1/images/8a724f78-2673-4ea1-b607-373626a15afb HTTP/1.1" 200 817 0.077015
2016-02-24 20:29:05.890 1946 INFO eventlet.wsgi.server [req-3518c54f-8301-4b1b-a4a6-92a39ed41c74 a7efbc8d2a394409a3bc37b6078a3283 4cf1e5c5b43442838d14781be3f285b1 - - -] 192.168.0.10 - - [24/Feb/2016 20:29:05] "HEAD /v1/images/8a724f78-2673-4ea1-b607-373626a15afb HTTP/1.1" 200 817 0.063321
2016-02-24 20:29:11.604 1962 INFO eventlet.wsgi.server [req-1c49bc70-e5e9-4e71-abe3-7d9e42ad6588 a7efbc8d2a394409a3bc37b6078a3283 4cf1e5c5b43442838d14781be3f285b1 - - -] 192.168.0.10 - - [24/Feb/2016 20:29:11] "HEAD /v1/images/8a724f78-2673-4ea1-b607-373626a15afb HTTP/1.1" 200 817 0.061979
2016-02-24 20:29:20.176 1946 INFO eventlet.wsgi.server [req-cae717f2-f517-4318-9daa-91438af1118a a7efbc8d2a394409a3bc37b6078a3283 4cf1e5c5b43442838d14781be3f285b1 - - -] 192.168.0.10 - - [24/Feb/2016 20:29:20] "HEAD /v1/images/8a724f78-2673-4ea1-b607-373626a15afb HTTP/1.1" 200 817 0.038737
2016-02-24 20:29:31.112 1962 INFO eventlet.wsgi.server [req-61db06e4-34ad-4d52-9ca9-1f229ad5530a a7efbc8d2a394409a3bc37b6078a3283 4cf1e5c5b43442838d14781be3f285b1 - - -] 192.168.0.10 - - [24/Feb/2016 20:29:31] "HEAD /v1/images/8a724f78-2673-4ea1-b607-373626a15afb HTTP/1.1" 200 817 0.067170
2016-02-24 20:29:44.384 1958 INFO eventlet.wsgi.server [req-e7999e3f-5554-4682-9c51-010dac217875 a7efbc8d2a394409a3bc37b6078a3283 4cf1e5c5b43442838d14781be3f285b1 - - -] 192.168.0.10 - - [24/Feb/2016 20:29:44] "HEAD /v1/images/8a724f78-2673-4ea1-b607-373626a15afb HTTP/1.1" 200 817 0.070335
2016-02-24 20:30:00.415 1958 INFO eventlet.wsgi.server [req-58dd794c-4fd0-41f5-91db-29790caa0f7b a7efbc8d2a394409a3bc37b6078a3283 4cf1e5c5b43442838d14781be3f285b1 - - -] 192.168.0.10 - - [24/Feb/2016 20:30:00] "HEAD /v1/images/8a724f78-2673-4ea1-b607-373626a15afb HTTP/1.1" 200 817 0.059035
2016-02-24 20:30:18.905 1958 INFO eventlet.wsgi.server [req-2ff639dc-5f83-414c-8ac6-26145d2c8ec4 a7efbc8d2a394409a3bc37b6078a3283 4cf1e5c5b43442838d14781be3f285b1 - - -] 192.168.0.10 - - [24/Feb/2016 20:30:18] "HEAD /v1/images/8a724f78-2673-4ea1-b607-373626a15afb HTTP/1.1" 200 817 0.072573
2016-02-24 20:30:22.102 1958 INFO eventlet.wsgi.server [req-44873b62-bba2-477d-acb4-c2b1062e2536 a7efbc8d2a394409a3bc37b6078a3283 4cf1e5c5b43442838d14781be3f285b1 - - -] 192.168.0.10 - - [24/Feb/2016 20:30:22] "HEAD /v1/images/8a724f78-2673-4ea1-b607-373626a15afb HTTP/1.1" 200 817 0.260260
2016-02-24 20:30:29.880 1962 INFO eventlet.wsgi.server [req-9941dd07-fade-40be-b488-04557e88998f a7efbc8d2a394409a3bc37b6078a3283 4cf1e5c5b43442838d14781be3f285b1 - - -] 192.168.0.10 - - [24/Feb/2016 20:30:29] "HEAD /v1/images/8a724f78-2673-4ea1-b607-373626a15afb HTTP/1.1" 200 817 0.261288
2016-02-24 20:30:39.836 1962 INFO eventlet.wsgi.server [req-8c1c6677-985c-4c85-9582-cf9a76f82658 a7efbc8d2a394409a3bc37b6078a3283 4cf1e5c5b43442838d14781be3f285b1 - - -] 192.168.0.10 - - [24/Feb/2016 20:30:39] "HEAD /v1/images/8a724f78-2673-4ea1-b607-373626a15afb HTTP/1.1" 200 817 0.046090
2016-02-24 20:31:17.112 1962 INFO eventlet.wsgi.server [req-7ad95774-f6d9-4a5f-a579-4cd752267646 a7efbc8d2a394409a3bc37b6078a3283 4cf1e5c5b43442838d14781be3f285b1 - - -] 192.168.0.10 - - [24/Feb/2016 20:31:17] "HEAD /v1/images/8a724f78-2673-4ea1-b607-373626a15afb HTTP/1.1" 200 817 0.222187
2016-02-24 20:35:37.583 1958 INFO eventlet.wsgi.server [req-979570e8-ad58-4b66-a2fc-2b1e67d68e0f 9b1f9b36d7354b1ea121ccfbae339d8b 85a11a1515f94848be7aa5b56adec8bf - - -] 192.168.0.10 - - [24/Feb/2016 20:35:37] "HEAD /v1/images/8a724f78-2673-4ea1-b607-373626a15afb HTTP/1.1" 200 817 0.250552
2016-02-24 20:36:10.754 1962 INFO eventlet.wsgi.server [req-f60c5d5c-3531-495c-9666-8240a815c8fe 9b1f9b36d7354b1ea121ccfbae339d8b 85a11a1515f94848be7aa5b56adec8bf - - -] 192.168.0.10 - - [24/Feb/2016 20:36:10] "HEAD /v1/images/8a724f78-2673-4ea1-b607-373626a15afb HTTP/1.1" 200 817 0.301727
2016-02-24 20:36:16.523 1958 INFO eventlet.wsgi.server [req-b0f1578b-7226-49a6-a1a5-4ba876e92f48 9b1f9b36d7354b1ea121ccfbae339d8b 85a11a1515f94848be7aa5b56adec8bf - - -] 192.168.0.10 - - [24/Feb/2016 20:36:16] "GET /v1/images/detail?is_public=None&limit=20 HTTP/1.1" 200 713 0.260026
2016-02-24 20:45:37.436 1950 INFO eventlet.wsgi.server [req-0466846b-1cb3-4180-9b5c-7f473bb44264 9b1f9b36d7354b1ea121ccfbae339d8b 85a11a1515f94848be7aa5b56adec8bf - - -] 192.168.0.10 - - [24/Feb/2016 20:45:37] "HEAD /v1/images/8a724f78-2673-4ea1-b607-373626a15afb HTTP/1.1" 200 817 0.250523
2016-02-24 20:46:10.851 1962 INFO eventlet.wsgi.server [req-935ec417-c62d-4ade-a5c2-fd09a8931502 9b1f9b36d7354b1ea121ccfbae339d8b 85a11a1515f94848be7aa5b56adec8bf - - -] 192.168.0.10 - - [24/Feb/2016 20:46:10] "HEAD /v1/images/8a724f78-2673-4ea1-b607-373626a15afb HTTP/1.1" 200 817 0.230421
2016-02-24 20:46:16.169 1958 INFO eventlet.wsgi.server [req-95df3481-9495-4b63-a5a7-27f993bb747c 9b1f9b36d7354b1ea121ccfbae339d8b 85a11a1515f94848be7aa5b56adec8bf - - -] 192.168.0.10 - - [24/Feb/2016 20:46:16] "GET /v1/images/detail?is_public=None&limit=20 HTTP/1.1" 200 713 0.240301
2016-02-24 20:55:37.665 1950 INFO eventlet.wsgi.server [req-2237bf4d-70b5-4f4c-bdad-21b246dc53d9 9b1f9b36d7354b1ea121ccfbae339d8b 85a11a1515f94848be7aa5b56adec8bf - - -] 192.168.0.10 - - [24/Feb/2016 20:55:37] "HEAD /v1/images/8a724f78-2673-4ea1-b607-373626a15afb HTTP/1.1" 200 817 0.230980
2016-02-24 20:56:11.088 1962 INFO eventlet.wsgi.server [req-e21893d1-483a-4206-a939-4cb42dbe31d4 9b1f9b36d7354b1ea121ccfbae339d8b 85a11a1515f94848be7aa5b56adec8bf - - -] 192.168.0.10 - - [24/Feb/2016 20:56:11] "HEAD /v1/images/8a724f78-2673-4ea1-b607-373626a15afb HTTP/1.1" 200 817 0.223806
2016-02-24 20:56:16.571 1950 INFO eventlet.wsgi.server [req-78cf7567-07fe-41a2-a78c-afce9c281178 9b1f9b36d7354b1ea121ccfbae339d8b 85a11a1515f94848be7aa5b56adec8bf - - -] 192.168.0.10 - - [24/Feb/2016 20:56:16] "GET /v1/images/detail?is_public=None&limit=20 HTTP/1.1" 200 713 0.404791
2016-02-24 21:05:37.900 1950 INFO eventlet.wsgi.server [req-748836fc-de3d-438c-8e92-700bed8ac487 9b1f9b36d7354b1ea121ccfbae339d8b 85a11a1515f94848be7aa5b56adec8bf - - -] 192.168.0.10 - - [24/Feb/2016 21:05:37] "HEAD /v1/images/8a724f78-2673-4ea1-b607-373626a15afb HTTP/1.1" 200 817 0.403415
2016-02-24 21:06:10.642 1946 INFO eventlet.wsgi.server [req-bc15c79b-b3bb-4f96-9594-f17ac6def145 9b1f9b36d7354b1ea121ccfbae339d8b 85a11a1515f94848be7aa5b56adec8bf - - -] 192.168.0.10 - - [24/Feb/2016 21:06:10] "HEAD /v1/images/8a724f78-2673-4ea1-b607-373626a15afb HTTP/1.1" 200 817 0.348837
2016-02-24 21:06:17.119 1958 INFO eventlet.wsgi.server [req-ffd312ee-29bf-4f3e-aadb-64d34a9bdee7 9b1f9b36d7354b1ea121ccfbae339d8b 85a11a1515f94848be7aa5b56adec8bf - - -] 192.168.0.10 - - [24/Feb/2016 21:06:17] "GET /v1/images/detail?is_public=None&limit=20 HTTP/1.1" 200 713 0.362644
2016-02-24 21:15:37.904 1962 INFO eventlet.wsgi.server [req-a68e9fb4-fec4-456a-990e-62abf20cc01f 9b1f9b36d7354b1ea121ccfbae339d8b 85a11a1515f94848be7aa5b56adec8bf - - -] 192.168.0.10 - - [24/Feb/2016 21:15:37] "HEAD /v1/images/8a724f78-2673-4ea1-b607-373626a15afb HTTP/1.1" 200 817 0.428031
2016-02-24 21:16:10.626 1946 INFO eventlet.wsgi.server [req-f3d338d3-85bd-46bb-9bac-54303acec3b1 9b1f9b36d7354b1ea121ccfbae339d8b 85a11a1515f94848be7aa5b56adec8bf - - -] 192.168.0.10 - - [24/Feb/2016 21:16:10] "HEAD /v1/images/8a724f78-2673-4ea1-b607-373626a15afb HTTP/1.1" 200 817 0.226123
2016-02-24 21:16:16.348 1946 INFO eventlet.wsgi.server [req-bcb2f9aa-2dc9-4c62-ae72-561b7246c431 9b1f9b36d7354b1ea121ccfbae339d8b 85a11a1515f94848be7aa5b56adec8bf - - -] 192.168.0.10 - - [24/Feb/2016 21:16:16] "GET /v1/images/detail?is_public=None&limit=20 HTTP/1.1" 200 713 0.349948
2016-02-24 21:25:37.451 1950 INFO eventlet.wsgi.server [req-c5fe3f8e-df88-4fb1-b597-073ffa2bf923 9b1f9b36d7354b1ea121ccfbae339d8b 85a11a1515f94848be7aa5b56adec8bf - - -] 192.168.0.10 - - [24/Feb/2016 21:25:37] "HEAD /v1/images/8a724f78-2673-4ea1-b607-373626a15afb HTTP/1.1" 200 817 0.241037
2016-02-24 21:26:10.890 1950 INFO eventlet.wsgi.server [req-c81d683a-686c-4562-87a1-63cff071e256 9b1f9b36d7354b1ea121ccfbae339d8b 85a11a1515f94848be7aa5b56adec8bf - - -] 192.168.0.10 - - [24/Feb/2016 21:26:10] "HEAD /v1/images/8a724f78-2673-4ea1-b607-373626a15afb HTTP/1.1" 200 817 0.451925
2016-02-24 21:26:16.446 1950 INFO eventlet.wsgi.server [req-f1c1b4f4-820c-4ef8-8ff8-38d1454934f6 9b1f9b36d7354b1ea121ccfbae339d8b 85a11a1515f94848be7aa5b56adec8bf - - -] 192.168.0.10 - - [24/Feb/2016 21:26:16] "GET /v1/images/detail?is_public=None&limit=20 HTTP/1.1" 200 713 0.225285
2016-02-24 21:35:37.452 1950 INFO eventlet.wsgi.server [req-f6d72ed9-c4c5-4ab9-b0cb-be2f6bfeee60 9b1f9b36d7354b1ea121ccfbae339d8b 85a11a1515f94848be7aa5b56adec8bf - - -] 192.168.0.10 - - [24/Feb/2016 21:35:37] "HEAD /v1/images/8a724f78-2673-4ea1-b607-373626a15afb HTTP/1.1" 200 817 0.221922
2016-02-24 21:36:10.618 1962 INFO eventlet.wsgi.server [req-61f2d63c-9d82-4457-9bc4-ea8e66ce7511 9b1f9b36d7354b1ea121ccfbae339d8b 85a11a1515f94848be7aa5b56adec8bf - - -] 192.168.0.10 - - [24/Feb/2016 21:36:10] "HEAD /v1/images/8a724f78-2673-4ea1-b607-373626a15afb HTTP/1.1" 200 817 0.230797
2016-02-24 21:36:16.363 1962 INFO eventlet.wsgi.server [req-9061c213-6dd3-4646-80d9-400acc8f2a54 9b1f9b36d7354b1ea121ccfbae339d8b 85a11a1515f94848be7aa5b56adec8bf - - -] 192.168.0.10 - - [24/Feb/2016 21:36:16] "GET /v1/images/detail?is_public=None&limit=20 HTTP/1.1" 200 713 0.251081
2016-02-24 21:45:37.378 1950 INFO eventlet.wsgi.server [req-78aeb873-c037-4e30-8b4c-933575e4c3dc 9b1f9b36d7354b1ea121ccfbae339d8b 85a11a1515f94848be7aa5b56adec8bf - - -] 192.168.0.10 - - [24/Feb/2016 21:45:37] "HEAD /v1/images/8a724f78-2673-4ea1-b607-373626a15afb HTTP/1.1" 200 817 0.265218
2016-02-24 21:46:10.703 1958 INFO eventlet.wsgi.server [req-6e07833b-25ff-4b7c-b3db-5f48c030b0db 9b1f9b36d7354b1ea121ccfbae339d8b 85a11a1515f94848be7aa5b56adec8bf - - -] 192.168.0.10 - - [24/Feb/2016 21:46:10] "HEAD /v1/images/8a724f78-2673-4ea1-b607-373626a15afb HTTP/1.1" 200 817 0.240658
2016-02-24 21:46:16.261 1962 INFO eventlet.wsgi.server [req-513b7b18-1b5b-4b11-bcaf-c03df9ef412a 9b1f9b36d7354b1ea121ccfbae339d8b 85a11a1515f94848be7aa5b56adec8bf - - -] 192.168.0.10 - - [24/Feb/2016 21:46:16] "GET /v1/images/detail?is_public=None&limit=20 HTTP/1.1" 200 713 0.227539
2016-02-24 21:55:38.035 1950 INFO eventlet.wsgi.server [req-69bc8d90-1090-458c-84ce-c0d5b08f440a 9b1f9b36d7354b1ea121ccfbae339d8b 85a11a1515f94848be7aa5b56adec8bf - - -] 192.168.0.10 - - [24/Feb/2016 21:55:38] "HEAD /v1/images/8a724f78-2673-4ea1-b607-373626a15afb HTTP/1.1" 200 817 0.301601
2016-02-24 21:56:11.037 1958 INFO eventlet.wsgi.server [req-2ce082d8-5f9f-4ae1-9fb2-793a7ab2778b 9b1f9b36d7354b1ea121ccfbae339d8b 85a11a1515f94848be7aa5b56adec8bf - - -] 192.168.0.10 - - [24/Feb/2016 21:56:11] "HEAD /v1/images/8a724f78-2673-4ea1-b607-373626a15afb HTTP/1.1" 200 817 0.221452
2016-02-24 21:56:16.673 1962 INFO eventlet.wsgi.server [req-8815a3ba-bdd4-4116-83a6-af5109a36cb1 9b1f9b36d7354b1ea121ccfbae339d8b 85a11a1515f94848be7aa5b56adec8bf - - -] 192.168.0.10 - - [24/Feb/2016 21:56:16] "GET /v1/images/detail?is_public=None&limit=20 HTTP/1.1" 200 713 0.279359
2016-02-24 22:05:37.713 1950 INFO eventlet.wsgi.server [req-0e0125f7-7146-4654-a8e8-bf35456f424b 9b1f9b36d7354b1ea121ccfbae339d8b 85a11a1515f94848be7aa5b56adec8bf - - -] 192.168.0.10 - - [24/Feb/2016 22:05:37] "HEAD /v1/images/8a724f78-2673-4ea1-b607-373626a15afb HTTP/1.1" 200 817 0.455116
2016-02-24 22:06:10.713 1958 INFO eventlet.wsgi.server [req-b76f2abb-6326-46b2-ac7a-c6ca2fdb3f41 9b1f9b36d7354b1ea121ccfbae339d8b 85a11a1515f94848be7aa5b56adec8bf - - -] 192.168.0.10 - - [24/Feb/2016 22:06:10] "HEAD /v1/images/8a724f78-2673-4ea1-b607-373626a15afb HTTP/1.1" 200 817 0.330825
2016-02-24 22:06:16.501 1962 INFO eventlet.wsgi.server [req-d25dca7b-235d-4065-8699-cd10cfcae53c 9b1f9b36d7354b1ea121ccfbae339d8b 85a11a1515f94848be7aa5b56adec8bf - - -] 192.168.0.10 - - [24/Feb/2016 22:06:16] "GET /v1/images/detail?is_public=None&limit=20 HTTP/1.1" 200 713 0.240609
2016-02-24 22:15:37.554 1958 INFO eventlet.wsgi.server [req-dfac41de-e692-42a5-a8f2-420bae43586b 9b1f9b36d7354b1ea121ccfbae339d8b 85a11a1515f94848be7aa5b56adec8bf - - -] 192.168.0.10 - - [24/Feb/2016 22:15:37] "HEAD /v1/images/8a724f78-2673-4ea1-b607-373626a15afb HTTP/1.1" 200 817 0.346783
2016-02-24 22:16:10.749 1962 INFO eventlet.wsgi.server [req-a88f849f-341b-4bcd-830b-c76e8cb5267b 9b1f9b36d7354b1ea121ccfbae339d8b 85a11a1515f94848be7aa5b56adec8bf - - -] 192.168.0.10 - - [24/Feb/2016 22:16:10] "HEAD /v1/images/8a724f78-2673-4ea1-b607-373626a15afb HTTP/1.1" 200 817 0.395011
2016-02-24 22:16:16.252 1962 INFO eventlet.wsgi.server [req-c46f005f-591e-442f-912e-75d0d0977b6f 9b1f9b36d7354b1ea121ccfbae339d8b 85a11a1515f94848be7aa5b56adec8bf - - -] 192.168.0.10 - - [24/Feb/2016 22:16:16] "GET /v1/images/detail?is_public=None&limit=20 HTTP/1.1" 200 713 0.230941
2016-02-24 22:25:37.461 1962 INFO eventlet.wsgi.server [req-75401e03-49bd-487c-8fc4-6f5648f44a46 9b1f9b36d7354b1ea121ccfbae339d8b 85a11a1515f94848be7aa5b56adec8bf - - -] 192.168.0.10 - - [24/Feb/2016 22:25:37] "HEAD /v1/images/8a724f78-2673-4ea1-b607-373626a15afb HTTP/1.1" 200 817 0.268774
2016-02-24 22:26:10.717 1958 INFO eventlet.wsgi.server [req-c3a4c30c-e670-4fcd-9685-ff9e1083bf5e 9b1f9b36d7354b1ea121ccfbae339d8b 85a11a1515f94848be7aa5b56adec8bf - - -] 192.168.0.10 - - [24/Feb/2016 22:26:10] "HEAD /v1/images/8a724f78-2673-4ea1-b607-373626a15afb HTTP/1.1" 200 817 0.350360
2016-02-24 22:26:16.164 1958 INFO eventlet.wsgi.server [req-51390293-7a79-4ef0-8108-5f119cdab6b7 9b1f9b36d7354b1ea121ccfbae339d8b 85a11a1515f94848be7aa5b56adec8bf - - -] 192.168.0.10 - - [24/Feb/2016 22:26:16] "GET /v1/images/detail?is_public=None&limit=20 HTTP/1.1" 200 713 0.224640
2016-02-24 22:35:37.769 1950 INFO eventlet.wsgi.server [req-8578bd2f-fcec-480a-b3e5-2bcd66fd4f8d 9b1f9b36d7354b1ea121ccfbae339d8b 85a11a1515f94848be7aa5b56adec8bf - - -] 192.168.0.10 - - [24/Feb/2016 22:35:37] "HEAD /v1/images/8a724f78-2673-4ea1-b607-373626a15afb HTTP/1.1" 200 817 0.396394
2016-02-24 22:36:10.602 1962 INFO eventlet.wsgi.server [req-b4a8727b-9895-438c-a2e0-bc6183ddaa54 9b1f9b36d7354b1ea121ccfbae339d8b 85a11a1515f94848be7aa5b56adec8bf - - -] 192.168.0.10 - - [24/Feb/2016 22:36:10] "HEAD /v1/images/8a724f78-2673-4ea1-b607-373626a15afb HTTP/1.1" 200 817 0.215962
2016-02-24 22:36:16.269 1950 INFO eventlet.wsgi.server [req-9c750735-2c4b-4b48-b443-2c85df11fa29 9b1f9b36d7354b1ea121ccfbae339d8b 85a11a1515f94848be7aa5b56adec8bf - - -] 192.168.0.10 - - [24/Feb/2016 22:36:16] "GET /v1/images/detail?is_public=None&limit=20 HTTP/1.1" 200 713 0.229901
2016-02-24 22:45:37.452 1958 INFO eventlet.wsgi.server [req-206dac22-236a-4737-b3c0-98327ae660b2 9b1f9b36d7354b1ea121ccfbae339d8b 85a11a1515f94848be7aa5b56adec8bf - - -] 192.168.0.10 - - [24/Feb/2016 22:45:37] "HEAD /v1/images/8a724f78-2673-4ea1-b607-373626a15afb HTTP/1.1" 200 817 0.235165
2016-02-24 22:46:10.657 1962 INFO eventlet.wsgi.server [req-d292691b-522c-4525-96ec-49a3b7fd3d3d 9b1f9b36d7354b1ea121ccfbae339d8b 85a11a1515f94848be7aa5b56adec8bf - - -] 192.168.0.10 - - [24/Feb/2016 22:46:10] "HEAD /v1/images/8a724f78-2673-4ea1-b607-373626a15afb HTTP/1.1" 200 817 0.243906
2016-02-24 22:46:16.323 1962 INFO eventlet.wsgi.server [req-37c65196-1747-4459-86eb-0f022a2300ef 9b1f9b36d7354b1ea121ccfbae339d8b 85a11a1515f94848be7aa5b56adec8bf - - -] 192.168.0.10 - - [24/Feb/2016 22:46:16] "GET /v1/images/detail?is_public=None&limit=20 HTTP/1.1" 200 713 0.259517
2016-02-24 22:55:37.871 1958 INFO eventlet.wsgi.server [req-742ad4c9-a5e0-4199-b216-d86a3311ba1f 9b1f9b36d7354b1ea121ccfbae339d8b 85a11a1515f94848be7aa5b56adec8bf - - -] 192.168.0.10 - - [24/Feb/2016 22:55:37] "HEAD /v1/images/8a724f78-2673-4ea1-b607-373626a15afb HTTP/1.1" 200 817 0.236148
2016-02-24 22:56:11.248 1962 INFO eventlet.wsgi.server [req-8b56028c-16b7-4a72-a304-ef9708a9f7dc 9b1f9b36d7354b1ea121ccfbae339d8b 85a11a1515f94848be7aa5b56adec8bf - - -] 192.168.0.10 - - [24/Feb/2016 22:56:11] "HEAD /v1/images/8a724f78-2673-4ea1-b607-373626a15afb HTTP/1.1" 200 817 0.237940
2016-02-24 22:56:16.505 1962 INFO eventlet.wsgi.server [req-c2d69e2d-3793-4e38-bbd7-f1e282d80637 9b1f9b36d7354b1ea121ccfbae339d8b 85a11a1515f94848be7aa5b56adec8bf - - -] 192.168.0.10 - - [24/Feb/2016 22:56:16] "GET /v1/images/detail?is_public=None&limit=20 HTTP/1.1" 200 713 0.212846
2016-02-24 23:02:20.289 1001 INFO glance.common.wsgi [-] Removed dead child 1950
2016-02-24 23:02:20.498 17928 INFO eventlet.wsgi.server [-] (17928) wsgi starting up on http://0.0.0.0:9292/
2016-02-24 23:02:20.579 1001 INFO glance.common.wsgi [-] Started child 17928
2016-02-24 23:02:20.627 17928 INFO eventlet.wsgi.server [-] (17928) wsgi exited, is_accepting=True
2016-02-24 23:02:20.650 17928 INFO glance.common.wsgi [-] Child 17928 exiting normally
2016-02-25 19:46:53.690 1003 WARNING oslo_config.cfg [-] Option "filesystem_store_datadir" from group "DEFAULT" is deprecated. Use option "filesystem_store_datadir" from group "glance_store".
2016-02-25 19:46:53.702 1003 INFO glance.common.wsgi [-] Starting 4 workers
2016-02-25 19:46:53.884 2012 INFO eventlet.wsgi.server [-] (2012) wsgi starting up on http://0.0.0.0:9292/
2016-02-25 19:46:53.888 1003 INFO glance.common.wsgi [-] Started child 2012
2016-02-25 19:46:54.095 2019 INFO eventlet.wsgi.server [-] (2019) wsgi starting up on http://0.0.0.0:9292/
2016-02-25 19:46:54.108 1003 INFO glance.common.wsgi [-] Started child 2019
2016-02-25 19:46:54.244 1003 INFO glance.common.wsgi [-] Started child 2023
2016-02-25 19:46:54.270 2023 INFO eventlet.wsgi.server [-] (2023) wsgi starting up on http://0.0.0.0:9292/
2016-02-25 19:46:54.377 1003 INFO glance.common.wsgi [-] Started child 2028
2016-02-25 19:46:54.366 2028 INFO eventlet.wsgi.server [-] (2028) wsgi starting up on http://0.0.0.0:9292/
2016-02-25 19:56:54.649 2019 INFO eventlet.wsgi.server [req-4540a978-2d9b-4eb6-8688-495112751cb5 9b1f9b36d7354b1ea121ccfbae339d8b 85a11a1515f94848be7aa5b56adec8bf - - -] 192.168.0.10 - - [25/Feb/2016 19:56:54] "HEAD /v1/images/8a724f78-2673-4ea1-b607-373626a15afb HTTP/1.1" 200 817 1.288242
2016-02-25 19:56:55.513 2019 INFO eventlet.wsgi.server [req-e55af5c3-5b7d-4eb3-b1b6-07ff2c2adf97 9b1f9b36d7354b1ea121ccfbae339d8b 85a11a1515f94848be7aa5b56adec8bf - - -] 192.168.0.10 - - [25/Feb/2016 19:56:55] "GET /v1/images/detail?is_public=None&limit=20 HTTP/1.1" 200 713 0.714094
2016-02-25 19:57:01.540 2019 INFO eventlet.wsgi.server [req-68900873-9ad5-451a-854d-e66c4bcde72b 9b1f9b36d7354b1ea121ccfbae339d8b 85a11a1515f94848be7aa5b56adec8bf - - -] 192.168.0.10 - - [25/Feb/2016 19:57:01] "HEAD /v1/images/8a724f78-2673-4ea1-b607-373626a15afb HTTP/1.1" 200 817 0.720507
2016-02-25 20:01:17.212 2028 INFO eventlet.wsgi.server [req-ae21823d-cff4-446a-9528-ed6a177ae613 e9483918caa940a48fe882ba092c7e0b 300b2cc45c3846939e589310ae714e46 - - -] 192.168.0.10 - - [25/Feb/2016 20:01:17] "GET /v1/images/detail?sort_key=name&sort_dir=asc&limit=20 HTTP/1.1" 200 713 0.586435
2016-02-25 20:04:23.311 2012 WARNING oslo_config.cfg [req-578e8520-aa6f-43e7-ab86-fc2a3b596e90 e9483918caa940a48fe882ba092c7e0b 300b2cc45c3846939e589310ae714e46 - - -] Option "rabbit_virtual_host" from group "DEFAULT" is deprecated. Use option "rabbit_virtual_host" from group "oslo_messaging_rabbit".
2016-02-25 20:04:23.313 2012 WARNING oslo_config.cfg [req-578e8520-aa6f-43e7-ab86-fc2a3b596e90 e9483918caa940a48fe882ba092c7e0b 300b2cc45c3846939e589310ae714e46 - - -] Option "rabbit_hosts" from group "DEFAULT" is deprecated. Use option "rabbit_hosts" from group "oslo_messaging_rabbit".
2016-02-25 20:04:23.314 2012 WARNING oslo_config.cfg [req-578e8520-aa6f-43e7-ab86-fc2a3b596e90 e9483918caa940a48fe882ba092c7e0b 300b2cc45c3846939e589310ae714e46 - - -] Option "rabbit_port" from group "DEFAULT" is deprecated. Use option "rabbit_port" from group "oslo_messaging_rabbit".
2016-02-25 20:04:23.314 2012 WARNING oslo_config.cfg [req-578e8520-aa6f-43e7-ab86-fc2a3b596e90 e9483918caa940a48fe882ba092c7e0b 300b2cc45c3846939e589310ae714e46 - - -] Option "rabbit_userid" from group "DEFAULT" is deprecated. Use option "rabbit_userid" from group "oslo_messaging_rabbit".
2016-02-25 20:04:23.315 2012 WARNING oslo_config.cfg [req-578e8520-aa6f-43e7-ab86-fc2a3b596e90 e9483918caa940a48fe882ba092c7e0b 300b2cc45c3846939e589310ae714e46 - - -] Option "rabbit_password" from group "DEFAULT" is deprecated. Use option "rabbit_password" from group "oslo_messaging_rabbit".
2016-02-25 20:04:23.316 2012 WARNING oslo_config.cfg [req-578e8520-aa6f-43e7-ab86-fc2a3b596e90 e9483918caa940a48fe882ba092c7e0b 300b2cc45c3846939e589310ae714e46 - - -] Option "rabbit_use_ssl" from group "DEFAULT" is deprecated. Use option "rabbit_use_ssl" from group "oslo_messaging_rabbit".
2016-02-25 20:04:23.341 2012 INFO oslo_messaging._drivers.impl_rabbit [req-578e8520-aa6f-43e7-ab86-fc2a3b596e90 e9483918caa940a48fe882ba092c7e0b 300b2cc45c3846939e589310ae714e46 - - -] Connecting to AMQP server on 192.168.0.10:5672
2016-02-25 20:04:23.366 2012 INFO oslo_messaging._drivers.impl_rabbit [req-578e8520-aa6f-43e7-ab86-fc2a3b596e90 e9483918caa940a48fe882ba092c7e0b 300b2cc45c3846939e589310ae714e46 - - -] Connected to AMQP server on 192.168.0.10:5672
2016-02-25 20:04:23.367 2012 WARNING oslo_config.cfg [req-578e8520-aa6f-43e7-ab86-fc2a3b596e90 e9483918caa940a48fe882ba092c7e0b 300b2cc45c3846939e589310ae714e46 - - -] Option "rabbit_ha_queues" from group "DEFAULT" is deprecated. Use option "rabbit_ha_queues" from group "oslo_messaging_rabbit".
2016-02-25 20:04:24.564 2012 INFO eventlet.wsgi.server [req-578e8520-aa6f-43e7-ab86-fc2a3b596e90 e9483918caa940a48fe882ba092c7e0b 300b2cc45c3846939e589310ae714e46 - - -] 192.168.0.10 - - [25/Feb/2016 20:04:24] "POST /v1/images HTTP/1.1" 201 759 2.168339
2016-02-25 20:04:41.847 2019 INFO eventlet.wsgi.server [req-47db2313-9ec0-4f11-87e7-c4e1580a5823 e9483918caa940a48fe882ba092c7e0b 300b2cc45c3846939e589310ae714e46 - - -] 192.168.0.10 - - [25/Feb/2016 20:04:41] "GET /v1/images/detail?sort_key=name&sort_dir=asc&limit=20 HTTP/1.1" 200 1172 0.263775
2016-02-25 20:06:34.166 2023 INFO eventlet.wsgi.server [req-6a2ea878-62ba-4c62-a9c0-562377bba8d8 e9483918caa940a48fe882ba092c7e0b 300b2cc45c3846939e589310ae714e46 - - -] 192.168.0.10 - - [25/Feb/2016 20:06:34] "GET /v1/images/detail?is_public=none&limit=20 HTTP/1.1" 200 1172 0.502424
2016-02-25 20:06:34.352 2028 INFO eventlet.wsgi.server [req-8d3e8311-caa0-46cc-8109-9b6d99388f8f e9483918caa940a48fe882ba092c7e0b 300b2cc45c3846939e589310ae714e46 - - -] 192.168.0.10 - - [25/Feb/2016 20:06:34] "HEAD /v1/images/3576a64c-e041-4d99-a87f-41fb2fa711b7 HTTP/1.1" 200 726 0.138071
2016-02-25 20:06:34.504 2028 INFO eventlet.wsgi.server [req-7b111c64-b948-4777-8a1e-2aef43cecb5e e9483918caa940a48fe882ba092c7e0b 300b2cc45c3846939e589310ae714e46 - - -] 192.168.0.10 - - [25/Feb/2016 20:06:34] "HEAD /v1/images/3576a64c-e041-4d99-a87f-41fb2fa711b7 HTTP/1.1" 200 726 0.146098
2016-02-25 20:06:34.675 2028 INFO eventlet.wsgi.server [req-89bfc873-b653-4b93-9459-088cd211b7df e9483918caa940a48fe882ba092c7e0b 300b2cc45c3846939e589310ae714e46 - - -] 192.168.0.10 - - [25/Feb/2016 20:06:34] "HEAD /v1/images/3576a64c-e041-4d99-a87f-41fb2fa711b7 HTTP/1.1" 200 726 0.029819
2016-02-25 20:06:34.819 2028 INFO eventlet.wsgi.server [req-b0792348-ff60-4a88-af02-bfbeb4809731 e9483918caa940a48fe882ba092c7e0b 300b2cc45c3846939e589310ae714e46 - - -] 192.168.0.10 - - [25/Feb/2016 20:06:34] "HEAD /v1/images/3576a64c-e041-4d99-a87f-41fb2fa711b7 HTTP/1.1" 200 726 0.138108
2016-02-25 20:06:35.917 2012 INFO eventlet.wsgi.server [req-3623282d-7170-4ee7-ac4a-8bbae2102fc4 e9483918caa940a48fe882ba092c7e0b 300b2cc45c3846939e589310ae714e46 - - -] 192.168.0.10 - - [25/Feb/2016 20:06:35] "HEAD /v1/images/3576a64c-e041-4d99-a87f-41fb2fa711b7 HTTP/1.1" 200 726 0.240488
2016-02-25 20:06:35.953 2012 INFO eventlet.wsgi.server [req-c9a11fa9-4201-4f47-8301-1503f1dc1cee e9483918caa940a48fe882ba092c7e0b 300b2cc45c3846939e589310ae714e46 - - -] 192.168.0.10 - - [25/Feb/2016 20:06:35] "HEAD /v1/images/3576a64c-e041-4d99-a87f-41fb2fa711b7 HTTP/1.1" 200 726 0.029701
2016-02-25 20:06:44.749 2019 WARNING oslo_config.cfg [req-b221ba42-510f-4a96-8114-ea5e7f9d20f0 e9483918caa940a48fe882ba092c7e0b 300b2cc45c3846939e589310ae714e46 - - -] Option "rabbit_virtual_host" from group "DEFAULT" is deprecated. Use option "rabbit_virtual_host" from group "oslo_messaging_rabbit".
2016-02-25 20:06:44.751 2019 WARNING oslo_config.cfg [req-b221ba42-510f-4a96-8114-ea5e7f9d20f0 e9483918caa940a48fe882ba092c7e0b 300b2cc45c3846939e589310ae714e46 - - -] Option "rabbit_hosts" from group "DEFAULT" is deprecated. Use option "rabbit_hosts" from group "oslo_messaging_rabbit".
2016-02-25 20:06:44.752 2019 WARNING oslo_config.cfg [req-b221ba42-510f-4a96-8114-ea5e7f9d20f0 e9483918caa940a48fe882ba092c7e0b 300b2cc45c3846939e589310ae714e46 - - -] Option "rabbit_port" from group "DEFAULT" is deprecated. Use option "rabbit_port" from group "oslo_messaging_rabbit".
2016-02-25 20:06:44.752 2019 WARNING oslo_config.cfg [req-b221ba42-510f-4a96-8114-ea5e7f9d20f0 e9483918caa940a48fe882ba092c7e0b 300b2cc45c3846939e589310ae714e46 - - -] Option "rabbit_userid" from group "DEFAULT" is deprecated. Use option "rabbit_userid" from group "oslo_messaging_rabbit".
2016-02-25 20:06:44.753 2019 WARNING oslo_config.cfg [req-b221ba42-510f-4a96-8114-ea5e7f9d20f0 e9483918caa940a48fe882ba092c7e0b 300b2cc45c3846939e589310ae714e46 - - -] Option "rabbit_password" from group "DEFAULT" is deprecated. Use option "rabbit_password" from group "oslo_messaging_rabbit".
2016-02-25 20:06:44.754 2019 WARNING oslo_config.cfg [req-b221ba42-510f-4a96-8114-ea5e7f9d20f0 e9483918caa940a48fe882ba092c7e0b 300b2cc45c3846939e589310ae714e46 - - -] Option "rabbit_use_ssl" from group "DEFAULT" is deprecated. Use option "rabbit_use_ssl" from group "oslo_messaging_rabbit".
2016-02-25 20:06:44.788 2019 INFO oslo_messaging._drivers.impl_rabbit [req-b221ba42-510f-4a96-8114-ea5e7f9d20f0 e9483918caa940a48fe882ba092c7e0b 300b2cc45c3846939e589310ae714e46 - - -] Connecting to AMQP server on 192.168.0.10:5672
2016-02-25 20:06:44.810 2019 INFO oslo_messaging._drivers.impl_rabbit [req-b221ba42-510f-4a96-8114-ea5e7f9d20f0 e9483918caa940a48fe882ba092c7e0b 300b2cc45c3846939e589310ae714e46 - - -] Connected to AMQP server on 192.168.0.10:5672
2016-02-25 20:06:44.812 2019 WARNING oslo_config.cfg [req-b221ba42-510f-4a96-8114-ea5e7f9d20f0 e9483918caa940a48fe882ba092c7e0b 300b2cc45c3846939e589310ae714e46 - - -] Option "rabbit_ha_queues" from group "DEFAULT" is deprecated. Use option "rabbit_ha_queues" from group "oslo_messaging_rabbit".
2016-02-25 20:06:44.823 2019 INFO eventlet.wsgi.server [req-b221ba42-510f-4a96-8114-ea5e7f9d20f0 e9483918caa940a48fe882ba092c7e0b 300b2cc45c3846939e589310ae714e46 - - -] 192.168.0.13 - - [25/Feb/2016 20:06:44] "GET /v1/images/3576a64c-e041-4d99-a87f-41fb2fa711b7 HTTP/1.1" 200 13288669 8.099191
2016-02-25 20:06:52.437 2019 INFO eventlet.wsgi.server [req-758274ee-2840-4416-9e8f-97b94d26380e 9b1f9b36d7354b1ea121ccfbae339d8b 85a11a1515f94848be7aa5b56adec8bf - - -] 192.168.0.10 - - [25/Feb/2016 20:06:52] "HEAD /v1/images/8a724f78-2673-4ea1-b607-373626a15afb HTTP/1.1" 200 817 0.683746
2016-02-25 20:06:52.835 2019 INFO eventlet.wsgi.server [req-f93d19c1-01f4-4384-9e47-43a963f8a9f7 9b1f9b36d7354b1ea121ccfbae339d8b 85a11a1515f94848be7aa5b56adec8bf - - -] 192.168.0.10 - - [25/Feb/2016 20:06:52] "GET /v1/images/detail?is_public=None&limit=20 HTTP/1.1" 200 1172 0.602229
2016-02-25 20:07:01.313 2028 INFO eventlet.wsgi.server [req-abaf35e2-f555-4c54-9048-36ed03c68361 9b1f9b36d7354b1ea121ccfbae339d8b 85a11a1515f94848be7aa5b56adec8bf - - -] 192.168.0.10 - - [25/Feb/2016 20:07:01] "HEAD /v1/images/3576a64c-e041-4d99-a87f-41fb2fa711b7 HTTP/1.1" 200 726 0.443898
2016-02-25 20:07:01.374 2028 INFO eventlet.wsgi.server [req-b1564681-4ccc-44f1-b19c-f103c3b82c07 9b1f9b36d7354b1ea121ccfbae339d8b 85a11a1515f94848be7aa5b56adec8bf - - -] 192.168.0.10 - - [25/Feb/2016 20:07:01] "HEAD /v1/images/3576a64c-e041-4d99-a87f-41fb2fa711b7 HTTP/1.1" 200 726 0.048102
2016-02-25 20:07:01.744 2028 INFO eventlet.wsgi.server [req-321ac72a-422e-42a1-a187-74a6aa621b8d 9b1f9b36d7354b1ea121ccfbae339d8b 85a11a1515f94848be7aa5b56adec8bf - - -] 192.168.0.10 - - [25/Feb/2016 20:07:01] "HEAD /v1/images/8a724f78-2673-4ea1-b607-373626a15afb HTTP/1.1" 200 817 0.260780
2016-02-25 20:10:37.873 2012 INFO eventlet.wsgi.server [req-0d07dc46-7f0e-4a36-bf89-fe9009288115 e9483918caa940a48fe882ba092c7e0b 300b2cc45c3846939e589310ae714e46 - - -] 192.168.0.10 - - [25/Feb/2016 20:10:37] "GET /v1/images/detail?sort_key=created_at&sort_dir=desc&limit=1000 HTTP/1.1" 200 1172 0.306492
2016-02-25 20:11:06.171 2023 INFO eventlet.wsgi.server [req-e59d32bc-edd6-4b74-85b5-dd42f65d5dc4 e9483918caa940a48fe882ba092c7e0b 300b2cc45c3846939e589310ae714e46 - - -] 192.168.0.10 - - [25/Feb/2016 20:11:06] "HEAD /v1/images/3576a64c-e041-4d99-a87f-41fb2fa711b7 HTTP/1.1" 200 726 0.271208
2016-02-25 20:11:06.304 2023 INFO eventlet.wsgi.server [req-eb7c1cca-f5fc-4cd8-bb6c-3ac84b894b23 e9483918caa940a48fe882ba092c7e0b 300b2cc45c3846939e589310ae714e46 - - -] 192.168.0.10 - - [25/Feb/2016 20:11:06] "HEAD /v1/images/3576a64c-e041-4d99-a87f-41fb2fa711b7 HTTP/1.1" 200 726 0.125199
2016-02-25 20:11:58.120 2023 INFO eventlet.wsgi.server [req-3783841f-d44e-4e41-9f82-c31d51dce9db e9483918caa940a48fe882ba092c7e0b 300b2cc45c3846939e589310ae714e46 - - -] 192.168.0.10 - - [25/Feb/2016 20:11:58] "GET /v1/images/detail?sort_key=created_at&sort_dir=desc&limit=1000 HTTP/1.1" 200 1172 0.227226
2016-02-25 20:12:03.012 2019 INFO eventlet.wsgi.server [req-731e5a7c-7266-433d-9b31-bf5f694c129b e9483918caa940a48fe882ba092c7e0b 300b2cc45c3846939e589310ae714e46 - - -] 192.168.0.10 - - [25/Feb/2016 20:12:03] "GET /v1/images/detail?sort_key=created_at&sort_dir=desc&status=active&limit=1000&is_public=True HTTP/1.1" 200 1172 0.320779
2016-02-25 20:12:03.078 2019 INFO eventlet.wsgi.server [req-bc0c1e04-79a1-4947-90c7-203f99e52325 e9483918caa940a48fe882ba092c7e0b 300b2cc45c3846939e589310ae714e46 - - -] 192.168.0.10 - - [25/Feb/2016 20:12:03] "GET /v1/images/detail?sort_key=created_at&sort_dir=desc&property-owner_id=300b2cc45c3846939e589310ae714e46&status=active&limit=1000 HTTP/1.1" 200 231 0.061474
2016-02-25 20:12:28.178 2019 INFO eventlet.wsgi.server [req-1430749c-a1c3-476a-83b5-bccff80415da e9483918caa940a48fe882ba092c7e0b 300b2cc45c3846939e589310ae714e46 - - -] 192.168.0.10 - - [25/Feb/2016 20:12:28] "GET /v1/images/detail?sort_key=created_at&sort_dir=desc&status=active&limit=1000&is_public=True HTTP/1.1" 200 1172 0.226509
2016-02-25 20:12:28.261 2019 INFO eventlet.wsgi.server [req-a6ed339a-0e48-4864-b697-bc8c4e49403e e9483918caa940a48fe882ba092c7e0b 300b2cc45c3846939e589310ae714e46 - - -] 192.168.0.10 - - [25/Feb/2016 20:12:28] "GET /v1/images/detail?sort_key=created_at&sort_dir=desc&property-owner_id=300b2cc45c3846939e589310ae714e46&status=active&limit=1000 HTTP/1.1" 200 231 0.077578
2016-02-25 20:12:41.599 2019 INFO eventlet.wsgi.server [req-bdbe3f8c-6706-4450-b31f-aa8297ace137 e9483918caa940a48fe882ba092c7e0b 300b2cc45c3846939e589310ae714e46 - - -] 192.168.0.10 - - [25/Feb/2016 20:12:41] "GET /v1/images/detail?sort_key=created_at&sort_dir=desc&status=active&limit=1000&is_public=True HTTP/1.1" 200 1172 0.246832
2016-02-25 20:12:41.683 2019 INFO eventlet.wsgi.server [req-4a735f6e-078e-4ee2-aa90-29c2df7ea105 e9483918caa940a48fe882ba092c7e0b 300b2cc45c3846939e589310ae714e46 - - -] 192.168.0.10 - - [25/Feb/2016 20:12:41] "GET /v1/images/detail?sort_key=created_at&sort_dir=desc&property-owner_id=300b2cc45c3846939e589310ae714e46&status=active&limit=1000 HTTP/1.1" 200 231 0.077101
2016-02-25 20:12:43.087 2023 INFO eventlet.wsgi.server [req-29ea28f4-84b4-470b-bb55-69f018f2915e e9483918caa940a48fe882ba092c7e0b 300b2cc45c3846939e589310ae714e46 - - -] 192.168.0.10 - - [25/Feb/2016 20:12:43] "HEAD /v1/images/3576a64c-e041-4d99-a87f-41fb2fa711b7 HTTP/1.1" 200 726 0.053085
2016-02-25 20:12:43.136 2023 INFO eventlet.wsgi.server [req-14f51a6f-2238-4e8a-9296-cd92913d69c1 e9483918caa940a48fe882ba092c7e0b 300b2cc45c3846939e589310ae714e46 - - -] 192.168.0.10 - - [25/Feb/2016 20:12:43] "HEAD /v1/images/3576a64c-e041-4d99-a87f-41fb2fa711b7 HTTP/1.1" 200 726 0.043986
2016-02-25 20:12:44.457 2012 INFO eventlet.wsgi.server [req-66261d50-353a-46b6-ac2c-4e760de214e9 e9483918caa940a48fe882ba092c7e0b 300b2cc45c3846939e589310ae714e46 - - -] 192.168.0.10 - - [25/Feb/2016 20:12:44] "GET /v1/images/detail?sort_key=created_at&sort_dir=desc&limit=1000 HTTP/1.1" 200 1172 0.105010
2016-02-25 20:12:46.537 2023 INFO eventlet.wsgi.server [req-5c817942-70e3-406a-918b-61833b9c3332 e9483918caa940a48fe882ba092c7e0b 300b2cc45c3846939e589310ae714e46 - - -] 192.168.0.10 - - [25/Feb/2016 20:12:46] "HEAD /v1/images/3576a64c-e041-4d99-a87f-41fb2fa711b7 HTTP/1.1" 200 726 0.068353
2016-02-25 20:12:49.979 2028 INFO eventlet.wsgi.server [req-545b05da-229a-4b08-926f-0858219607e2 e9483918caa940a48fe882ba092c7e0b 300b2cc45c3846939e589310ae714e46 - - -] 192.168.0.10 - - [25/Feb/2016 20:12:49] "HEAD /v1/images/3576a64c-e041-4d99-a87f-41fb2fa711b7 HTTP/1.1" 200 726 0.166993
2016-02-25 20:12:54.220 2012 INFO oslo_messaging._drivers.impl_rabbit [req-3fb3f786-3830-4c89-b5bb-27096a6a98bb e9483918caa940a48fe882ba092c7e0b 300b2cc45c3846939e589310ae714e46 - - -] Connecting to AMQP server on 192.168.0.10:5672
2016-02-25 20:12:54.259 2012 INFO oslo_messaging._drivers.impl_rabbit [req-3fb3f786-3830-4c89-b5bb-27096a6a98bb e9483918caa940a48fe882ba092c7e0b 300b2cc45c3846939e589310ae714e46 - - -] Connected to AMQP server on 192.168.0.10:5672
2016-02-25 20:12:54.272 2012 INFO eventlet.wsgi.server [req-3fb3f786-3830-4c89-b5bb-27096a6a98bb e9483918caa940a48fe882ba092c7e0b 300b2cc45c3846939e589310ae714e46 - - -] 192.168.0.12 - - [25/Feb/2016 20:12:54] "GET /v1/images/3576a64c-e041-4d99-a87f-41fb2fa711b7 HTTP/1.1" 200 13288669 9.238910
2016-02-25 20:12:55.983 2012 INFO eventlet.wsgi.server [req-2a3780fe-ec89-422e-8642-cb98ef608420 e9483918caa940a48fe882ba092c7e0b 300b2cc45c3846939e589310ae714e46 - - -] 192.168.0.10 - - [25/Feb/2016 20:12:55] "HEAD /v1/images/3576a64c-e041-4d99-a87f-41fb2fa711b7 HTTP/1.1" 200 726 0.079302
2016-02-25 20:13:01.616 2012 INFO eventlet.wsgi.server [req-2eb74475-aac4-4679-884e-49c4e7dff4c1 e9483918caa940a48fe882ba092c7e0b 300b2cc45c3846939e589310ae714e46 - - -] 192.168.0.10 - - [25/Feb/2016 20:13:01] "HEAD /v1/images/3576a64c-e041-4d99-a87f-41fb2fa711b7 HTTP/1.1" 200 726 0.393645
2016-02-25 20:13:01.670 2012 INFO eventlet.wsgi.server [req-8d69aba0-9489-49cd-bf90-2be371047b28 e9483918caa940a48fe882ba092c7e0b 300b2cc45c3846939e589310ae714e46 - - -] 192.168.0.10 - - [25/Feb/2016 20:13:01] "HEAD /v1/images/3576a64c-e041-4d99-a87f-41fb2fa711b7 HTTP/1.1" 200 726 0.047132
2016-02-25 20:13:05.284 2028 INFO eventlet.wsgi.server [req-1994f662-1522-4bc6-854f-c4d762dfef43 e9483918caa940a48fe882ba092c7e0b 300b2cc45c3846939e589310ae714e46 - - -] 192.168.0.10 - - [25/Feb/2016 20:13:05] "HEAD /v1/images/3576a64c-e041-4d99-a87f-41fb2fa711b7 HTTP/1.1" 200 726 0.085729
2016-02-25 20:13:17.110 2028 INFO eventlet.wsgi.server [req-9a9271bf-eccc-4817-a4eb-13562c481750 e9483918caa940a48fe882ba092c7e0b 300b2cc45c3846939e589310ae714e46 - - -] 192.168.0.10 - - [25/Feb/2016 20:13:17] "HEAD /v1/images/3576a64c-e041-4d99-a87f-41fb2fa711b7 HTTP/1.1" 200 726 0.075475
2016-02-25 20:13:31.095 2019 INFO eventlet.wsgi.server [req-fdc384fc-c797-441e-9af4-bc517e16e783 e9483918caa940a48fe882ba092c7e0b 300b2cc45c3846939e589310ae714e46 - - -] 192.168.0.10 - - [25/Feb/2016 20:13:31] "HEAD /v1/images/3576a64c-e041-4d99-a87f-41fb2fa711b7 HTTP/1.1" 200 726 0.066448
2016-02-25 20:13:47.088 2023 INFO eventlet.wsgi.server [req-1f5cc57d-18ba-48b9-bab6-8fd1377bdf8d e9483918caa940a48fe882ba092c7e0b 300b2cc45c3846939e589310ae714e46 - - -] 192.168.0.10 - - [25/Feb/2016 20:13:47] "HEAD /v1/images/3576a64c-e041-4d99-a87f-41fb2fa711b7 HTTP/1.1" 200 726 0.081073
2016-02-25 20:14:06.249 2028 INFO eventlet.wsgi.server [req-fedc1e25-0be6-4550-91ef-7726fbb0b372 e9483918caa940a48fe882ba092c7e0b 300b2cc45c3846939e589310ae714e46 - - -] 192.168.0.10 - - [25/Feb/2016 20:14:06] "HEAD /v1/images/3576a64c-e041-4d99-a87f-41fb2fa711b7 HTTP/1.1" 200 726 0.082362
2016-02-25 20:14:28.106 2012 INFO eventlet.wsgi.server [req-572af76d-efc1-4b67-8ee3-9b0843c86d53 e9483918caa940a48fe882ba092c7e0b 300b2cc45c3846939e589310ae714e46 - - -] 192.168.0.10 - - [25/Feb/2016 20:14:28] "HEAD /v1/images/3576a64c-e041-4d99-a87f-41fb2fa711b7 HTTP/1.1" 200 726 0.081988
2016-02-25 20:16:51.958 2019 INFO eventlet.wsgi.server [req-9a4d88fd-c76f-4076-9339-38a0e1ce7ec1 9b1f9b36d7354b1ea121ccfbae339d8b 85a11a1515f94848be7aa5b56adec8bf - - -] 192.168.0.10 - - [25/Feb/2016 20:16:51] "HEAD /v1/images/3576a64c-e041-4d99-a87f-41fb2fa711b7 HTTP/1.1" 200 726 0.568450
2016-02-25 20:16:52.246 2019 INFO eventlet.wsgi.server [req-bb97bb44-8945-42c2-9382-690e50a1d0e4 9b1f9b36d7354b1ea121ccfbae339d8b 85a11a1515f94848be7aa5b56adec8bf - - -] 192.168.0.10 - - [25/Feb/2016 20:16:52] "GET /v1/images/detail?is_public=None&limit=20 HTTP/1.1" 200 1172 0.586578
2016-02-25 20:16:52.284 2019 INFO eventlet.wsgi.server [req-bb97bb44-8945-42c2-9382-690e50a1d0e4 9b1f9b36d7354b1ea121ccfbae339d8b 85a11a1515f94848be7aa5b56adec8bf - - -] 192.168.0.10 - - [25/Feb/2016 20:16:52] "HEAD /v1/images/3576a64c-e041-4d99-a87f-41fb2fa711b7 HTTP/1.1" 200 726 0.318315
2016-02-25 20:16:53.101 2012 INFO eventlet.wsgi.server [req-60aed7e2-b828-48ff-8048-4e379e990e69 9b1f9b36d7354b1ea121ccfbae339d8b 85a11a1515f94848be7aa5b56adec8bf - - -] 192.168.0.10 - - [25/Feb/2016 20:16:53] "HEAD /v1/images/8a724f78-2673-4ea1-b607-373626a15afb HTTP/1.1" 200 817 0.742112
2016-02-25 20:17:01.021 2012 INFO eventlet.wsgi.server [req-a6a323f4-d314-4159-bfbc-06690c15cd1f 9b1f9b36d7354b1ea121ccfbae339d8b 85a11a1515f94848be7aa5b56adec8bf - - -] 192.168.0.10 - - [25/Feb/2016 20:17:01] "HEAD /v1/images/3576a64c-e041-4d99-a87f-41fb2fa711b7 HTTP/1.1" 200 726 0.295767
2016-02-25 20:17:01.204 2012 INFO eventlet.wsgi.server [req-fe8782a5-7322-480d-ac07-db977a8a0e05 9b1f9b36d7354b1ea121ccfbae339d8b 85a11a1515f94848be7aa5b56adec8bf - - -] 192.168.0.10 - - [25/Feb/2016 20:17:01] "HEAD /v1/images/3576a64c-e041-4d99-a87f-41fb2fa711b7 HTTP/1.1" 200 726 0.176803
2016-02-25 20:17:01.559 2028 INFO eventlet.wsgi.server [req-c28c0ab7-12d6-4b60-b224-b855cc193354 9b1f9b36d7354b1ea121ccfbae339d8b 85a11a1515f94848be7aa5b56adec8bf - - -] 192.168.0.10 - - [25/Feb/2016 20:17:01] "HEAD /v1/images/8a724f78-2673-4ea1-b607-373626a15afb HTTP/1.1" 200 817 0.270808
2016-02-25 20:19:45.440 2023 INFO eventlet.wsgi.server [req-7b7e3883-e10f-4939-b5ee-aa145bc23b55 e9483918caa940a48fe882ba092c7e0b 300b2cc45c3846939e589310ae714e46 - - -] 192.168.0.10 - - [25/Feb/2016 20:19:45] "HEAD /v1/images/3576a64c-e041-4d99-a87f-41fb2fa711b7 HTTP/1.1" 200 726 0.350240
2016-02-25 20:19:45.677 2023 INFO eventlet.wsgi.server [req-85dad4ec-5567-4228-897f-72d2c241e6d6 e9483918caa940a48fe882ba092c7e0b 300b2cc45c3846939e589310ae714e46 - - -] 192.168.0.10 - - [25/Feb/2016 20:19:45] "HEAD /v1/images/3576a64c-e041-4d99-a87f-41fb2fa711b7 HTTP/1.1" 200 726 0.226757
2016-02-25 20:22:47.411 2019 INFO eventlet.wsgi.server [req-cd2646b3-74d8-4743-ba4e-2de443cf4a98 a7efbc8d2a394409a3bc37b6078a3283 4cf1e5c5b43442838d14781be3f285b1 - - -] 192.168.0.10 - - [25/Feb/2016 20:22:47] "GET /v1/images/detail?sort_key=created_at&sort_dir=desc&status=active&limit=1000&is_public=True HTTP/1.1" 200 1172 0.293278
2016-02-25 20:22:47.488 2019 INFO eventlet.wsgi.server [req-ac0f2934-6f8c-4788-b817-40515d6c2b11 a7efbc8d2a394409a3bc37b6078a3283 4cf1e5c5b43442838d14781be3f285b1 - - -] 192.168.0.10 - - [25/Feb/2016 20:22:47] "GET /v1/images/detail?sort_key=created_at&sort_dir=desc&property-owner_id=4cf1e5c5b43442838d14781be3f285b1&status=active&limit=1000 HTTP/1.1" 200 231 0.072348
2016-02-25 20:23:14.754 2028 INFO eventlet.wsgi.server [req-1ad8efd9-e1d5-4f0a-8848-d32049eb7016 a7efbc8d2a394409a3bc37b6078a3283 4cf1e5c5b43442838d14781be3f285b1 - - -] 192.168.0.10 - - [25/Feb/2016 20:23:14] "GET /v1/images/detail?sort_key=created_at&sort_dir=desc&status=active&limit=1000&is_public=True HTTP/1.1" 200 1172 0.405697
2016-02-25 20:23:14.873 2028 INFO eventlet.wsgi.server [req-8ba5c908-ebf4-4008-8677-efcb048346ce a7efbc8d2a394409a3bc37b6078a3283 4cf1e5c5b43442838d14781be3f285b1 - - -] 192.168.0.10 - - [25/Feb/2016 20:23:14] "GET /v1/images/detail?sort_key=created_at&sort_dir=desc&property-owner_id=4cf1e5c5b43442838d14781be3f285b1&status=active&limit=1000 HTTP/1.1" 200 231 0.113977
2016-02-25 20:26:51.986 2019 INFO eventlet.wsgi.server [req-d563d738-f793-46d1-a377-d85baf907113 9b1f9b36d7354b1ea121ccfbae339d8b 85a11a1515f94848be7aa5b56adec8bf - - -] 192.168.0.10 - - [25/Feb/2016 20:26:51] "HEAD /v1/images/3576a64c-e041-4d99-a87f-41fb2fa711b7 HTTP/1.1" 200 726 0.602291
2016-02-25 20:26:52.345 2019 INFO eventlet.wsgi.server [req-6f2dbf0c-245f-49ee-baf9-8f88ba1fd828 9b1f9b36d7354b1ea121ccfbae339d8b 85a11a1515f94848be7aa5b56adec8bf - - -] 192.168.0.10 - - [25/Feb/2016 20:26:52] "HEAD /v1/images/3576a64c-e041-4d99-a87f-41fb2fa711b7 HTTP/1.1" 200 726 0.352261
2016-02-25 20:26:52.480 2019 INFO eventlet.wsgi.server [req-6f2dbf0c-245f-49ee-baf9-8f88ba1fd828 9b1f9b36d7354b1ea121ccfbae339d8b 85a11a1515f94848be7aa5b56adec8bf - - -] 192.168.0.10 - - [25/Feb/2016 20:26:52] "GET /v1/images/detail?is_public=None&limit=20 HTTP/1.1" 200 1172 0.509675
2016-02-25 20:26:53.067 2023 INFO eventlet.wsgi.server [req-efa73395-4f28-4b54-9891-588e94cc6c0a 9b1f9b36d7354b1ea121ccfbae339d8b 85a11a1515f94848be7aa5b56adec8bf - - -] 192.168.0.10 - - [25/Feb/2016 20:26:53] "HEAD /v1/images/8a724f78-2673-4ea1-b607-373626a15afb HTTP/1.1" 200 817 0.567868
2016-02-25 20:27:00.787 2023 INFO eventlet.wsgi.server [req-c1afe748-de40-416a-ae49-96d47ce1ab67 9b1f9b36d7354b1ea121ccfbae339d8b 85a11a1515f94848be7aa5b56adec8bf - - -] 192.168.0.10 - - [25/Feb/2016 20:27:00] "HEAD /v1/images/3576a64c-e041-4d99-a87f-41fb2fa711b7 HTTP/1.1" 200 726 0.249621
2016-02-25 20:27:00.938 2023 INFO eventlet.wsgi.server [req-68bb933a-b4bc-4a1e-a6ee-401b9ede40d2 9b1f9b36d7354b1ea121ccfbae339d8b 85a11a1515f94848be7aa5b56adec8bf - - -] 192.168.0.10 - - [25/Feb/2016 20:27:00] "HEAD /v1/images/3576a64c-e041-4d99-a87f-41fb2fa711b7 HTTP/1.1" 200 726 0.144861
2016-02-25 20:27:01.380 2012 INFO eventlet.wsgi.server [req-be273e3a-f4a7-405c-8673-9d2e77e72fa0 9b1f9b36d7354b1ea121ccfbae339d8b 85a11a1515f94848be7aa5b56adec8bf - - -] 192.168.0.10 - - [25/Feb/2016 20:27:01] "HEAD /v1/images/8a724f78-2673-4ea1-b607-373626a15afb HTTP/1.1" 200 817 0.342534
2016-02-25 20:36:51.935 2012 INFO eventlet.wsgi.server [req-86e2f766-ef3e-4743-95d2-6568aaeda872 9b1f9b36d7354b1ea121ccfbae339d8b 85a11a1515f94848be7aa5b56adec8bf - - -] 192.168.0.10 - - [25/Feb/2016 20:36:51] "HEAD /v1/images/3576a64c-e041-4d99-a87f-41fb2fa711b7 HTTP/1.1" 200 726 0.678784
2016-02-25 20:36:52.263 2012 INFO eventlet.wsgi.server [req-f6feeeb9-392e-4e21-9cbf-19c9637f994a 9b1f9b36d7354b1ea121ccfbae339d8b 85a11a1515f94848be7aa5b56adec8bf - - -] 192.168.0.10 - - [25/Feb/2016 20:36:52] "HEAD /v1/images/3576a64c-e041-4d99-a87f-41fb2fa711b7 HTTP/1.1" 200 726 0.320736
2016-02-25 20:36:52.590 2019 INFO eventlet.wsgi.server [req-d14bd80e-1464-4e62-a85d-e788657c5e68 9b1f9b36d7354b1ea121ccfbae339d8b 85a11a1515f94848be7aa5b56adec8bf - - -] 192.168.0.10 - - [25/Feb/2016 20:36:52] "GET /v1/images/detail?is_public=None&limit=20 HTTP/1.1" 200 1172 0.641959
2016-02-25 20:36:52.687 2019 INFO eventlet.wsgi.server [req-7a6ee493-b558-465f-ac6f-52733f88e0ef 9b1f9b36d7354b1ea121ccfbae339d8b 85a11a1515f94848be7aa5b56adec8bf - - -] 192.168.0.10 - - [25/Feb/2016 20:36:52] "HEAD /v1/images/8a724f78-2673-4ea1-b607-373626a15afb HTTP/1.1" 200 817 0.247434
2016-02-25 20:37:00.950 2019 INFO eventlet.wsgi.server [req-b7200d54-ac59-49d9-8485-5a2a8894b14b 9b1f9b36d7354b1ea121ccfbae339d8b 85a11a1515f94848be7aa5b56adec8bf - - -] 192.168.0.10 - - [25/Feb/2016 20:37:00] "HEAD /v1/images/3576a64c-e041-4d99-a87f-41fb2fa711b7 HTTP/1.1" 200 726 0.296817
