2016-02-22 19:24:47.074 968 INFO glance.common.wsgi [-] Started child 1984
2016-02-22 19:24:47.086 1984 INFO eventlet.wsgi.server [-] (1984) wsgi starting up on http://0.0.0.0:9292/
2016-02-22 19:24:47.203 1991 INFO eventlet.wsgi.server [-] (1991) wsgi starting up on http://0.0.0.0:9292/
2016-02-22 19:24:47.181 968 INFO glance.common.wsgi [-] Started child 1991
2016-02-22 19:26:00.781 968 INFO glance.common.wsgi [-] Removed dead child 1970
2016-02-22 19:26:01.380 2760 INFO eventlet.wsgi.server [-] (2760) wsgi starting up on http://0.0.0.0:9292/
2016-02-22 19:26:01.474 968 INFO glance.common.wsgi [-] Started child 2760
2016-02-22 19:26:01.691 2760 INFO eventlet.wsgi.server [-] (2760) wsgi exited, is_accepting=True
2016-02-22 19:26:01.695 2760 INFO glance.common.wsgi [-] Child 2760 exiting normally
2016-02-22 19:39:22.343 1026 WARNING oslo_config.cfg [-] Option "filesystem_store_datadir" from group "DEFAULT" is deprecated. Use option "filesystem_store_datadir" from group "glance_store".
2016-02-22 19:39:22.361 1026 INFO glance.common.wsgi [-] Starting 4 workers
2016-02-22 19:39:22.597 1026 INFO glance.common.wsgi [-] Started child 2031
2016-02-22 19:39:22.651 2031 INFO eventlet.wsgi.server [-] (2031) wsgi starting up on http://0.0.0.0:9292/
2016-02-22 19:39:22.752 1026 INFO glance.common.wsgi [-] Started child 2046
2016-02-22 19:39:22.773 2046 INFO eventlet.wsgi.server [-] (2046) wsgi starting up on http://0.0.0.0:9292/
2016-02-22 19:39:22.874 2054 INFO eventlet.wsgi.server [-] (2054) wsgi starting up on http://0.0.0.0:9292/
2016-02-22 19:39:22.916 1026 INFO glance.common.wsgi [-] Started child 2054
2016-02-22 19:39:22.985 1026 INFO glance.common.wsgi [-] Started child 2062
2016-02-22 19:39:23.007 2062 INFO eventlet.wsgi.server [-] (2062) wsgi starting up on http://0.0.0.0:9292/
2016-02-22 19:49:20.251 2031 INFO eventlet.wsgi.server [req-860dcf7a-1154-4239-8a31-0c19b8c2a21d 9b1f9b36d7354b1ea121ccfbae339d8b 85a11a1515f94848be7aa5b56adec8bf - - -] 192.168.0.10 - - [22/Feb/2016 19:49:20] "GET /v1/images/detail?is_public=None&limit=20 HTTP/1.1" 200 713 0.892389
2016-02-22 19:59:17.506 2046 INFO eventlet.wsgi.server [req-fd99d59a-3077-4474-99c8-cf66772a6a32 9b1f9b36d7354b1ea121ccfbae339d8b 85a11a1515f94848be7aa5b56adec8bf - - -] 192.168.0.10 - - [22/Feb/2016 19:59:17] "GET /v1/images/detail?is_public=None&limit=20 HTTP/1.1" 200 713 0.858117
2016-02-22 20:09:16.889 2046 INFO eventlet.wsgi.server [req-a145e298-9cca-456e-b501-fd3207e6ba10 9b1f9b36d7354b1ea121ccfbae339d8b 85a11a1515f94848be7aa5b56adec8bf - - -] 192.168.0.10 - - [22/Feb/2016 20:09:16] "GET /v1/images/detail?is_public=None&limit=20 HTTP/1.1" 200 713 0.282332
2016-02-22 20:19:17.439 2062 INFO eventlet.wsgi.server [req-a2364858-2245-4d2c-99aa-789e767dd82d 9b1f9b36d7354b1ea121ccfbae339d8b 85a11a1515f94848be7aa5b56adec8bf - - -] 192.168.0.10 - - [22/Feb/2016 20:19:17] "GET /v1/images/detail?is_public=None&limit=20 HTTP/1.1" 200 713 0.688067
2016-02-22 20:29:17.364 2062 INFO eventlet.wsgi.server [req-fc47a3cc-731d-4637-b3a8-6bd4b178bf71 9b1f9b36d7354b1ea121ccfbae339d8b 85a11a1515f94848be7aa5b56adec8bf - - -] 192.168.0.10 - - [22/Feb/2016 20:29:17] "GET /v1/images/detail?is_public=None&limit=20 HTTP/1.1" 200 713 0.699439
2016-02-22 20:39:17.318 2054 INFO eventlet.wsgi.server [req-0e5579dc-e166-4800-ae5f-df6d12a85396 9b1f9b36d7354b1ea121ccfbae339d8b 85a11a1515f94848be7aa5b56adec8bf - - -] 192.168.0.10 - - [22/Feb/2016 20:39:17] "GET /v1/images/detail?is_public=None&limit=20 HTTP/1.1" 200 713 0.607842
2016-02-22 20:49:17.481 2031 INFO eventlet.wsgi.server [req-27ef4b60-544e-4b5a-b972-e0376fa942c5 9b1f9b36d7354b1ea121ccfbae339d8b 85a11a1515f94848be7aa5b56adec8bf - - -] 192.168.0.10 - - [22/Feb/2016 20:49:17] "GET /v1/images/detail?is_public=None&limit=20 HTTP/1.1" 200 713 0.677340
2016-02-22 20:59:17.439 2046 INFO eventlet.wsgi.server [req-7503b208-961d-41cb-a904-dc1cd5a03862 9b1f9b36d7354b1ea121ccfbae339d8b 85a11a1515f94848be7aa5b56adec8bf - - -] 192.168.0.10 - - [22/Feb/2016 20:59:17] "GET /v1/images/detail?is_public=None&limit=20 HTTP/1.1" 200 713 0.431051
2016-02-22 21:09:17.559 2046 INFO eventlet.wsgi.server [req-af4f1ebf-d17f-4cee-a36c-b91819ad7126 9b1f9b36d7354b1ea121ccfbae339d8b 85a11a1515f94848be7aa5b56adec8bf - - -] 192.168.0.10 - - [22/Feb/2016 21:09:17] "GET /v1/images/detail?is_public=None&limit=20 HTTP/1.1" 200 713 0.896737
2016-02-22 21:19:17.172 2031 INFO eventlet.wsgi.server [req-51e69ef2-5d39-471c-88ea-953d8351f22c 9b1f9b36d7354b1ea121ccfbae339d8b 85a11a1515f94848be7aa5b56adec8bf - - -] 192.168.0.10 - - [22/Feb/2016 21:19:17] "GET /v1/images/detail?is_public=None&limit=20 HTTP/1.1" 200 713 0.518744
2016-02-22 21:27:03.452 2046 INFO eventlet.wsgi.server [req-2ba4ca32-8fb4-4899-ba09-9ff35bbe85be f542593f2b48411eb9fe1d41a99d4d61 c539c1b721724d79b78c514fe6c6978d - - -] 192.168.0.10 - - [22/Feb/2016 21:27:03] "GET /v1/images/detail?sort_key=created_at&sort_dir=desc&status=active&limit=1000&is_public=True HTTP/1.1" 200 713 0.353765
2016-02-22 21:27:03.731 2046 INFO eventlet.wsgi.server [req-f07b284d-554c-468a-be47-58523a7a9608 f542593f2b48411eb9fe1d41a99d4d61 c539c1b721724d79b78c514fe6c6978d - - -] 192.168.0.10 - - [22/Feb/2016 21:27:03] "GET /v1/images/detail?sort_key=created_at&sort_dir=desc&property-owner_id=c539c1b721724d79b78c514fe6c6978d&status=active&limit=1000 HTTP/1.1" 200 231 0.273062
2016-02-22 21:27:29.152 2054 INFO eventlet.wsgi.server [req-4a616e66-0027-467c-b3c7-f033625eb771 f542593f2b48411eb9fe1d41a99d4d61 c539c1b721724d79b78c514fe6c6978d - - -] 192.168.0.10 - - [22/Feb/2016 21:27:29] "GET /v1/images/detail?sort_key=created_at&sort_dir=desc&status=active&limit=1000&is_public=True HTTP/1.1" 200 713 0.358934
2016-02-22 21:27:29.217 2054 INFO eventlet.wsgi.server [req-f9e8e688-4943-43c7-82cb-73f8df7edeb6 f542593f2b48411eb9fe1d41a99d4d61 c539c1b721724d79b78c514fe6c6978d - - -] 192.168.0.10 - - [22/Feb/2016 21:27:29] "GET /v1/images/detail?sort_key=created_at&sort_dir=desc&property-owner_id=c539c1b721724d79b78c514fe6c6978d&status=active&limit=1000 HTTP/1.1" 200 231 0.059465
2016-02-22 21:29:16.959 2031 INFO eventlet.wsgi.server [req-9f63bbdb-1b6e-4dc5-a429-91073f4d1e54 9b1f9b36d7354b1ea121ccfbae339d8b 85a11a1515f94848be7aa5b56adec8bf - - -] 192.168.0.10 - - [22/Feb/2016 21:29:16] "GET /v1/images/detail?is_public=None&limit=20 HTTP/1.1" 200 713 0.274195
2016-02-22 21:32:15.478 2054 INFO eventlet.wsgi.server [req-1154b6a1-1643-4496-a42a-2d5808204d3a f542593f2b48411eb9fe1d41a99d4d61 c539c1b721724d79b78c514fe6c6978d - - -] 192.168.0.10 - - [22/Feb/2016 21:32:15] "GET /v1/images/detail?sort_key=created_at&sort_dir=desc&status=active&limit=1000&is_public=True HTTP/1.1" 200 713 0.294645
2016-02-22 21:32:15.767 2054 INFO eventlet.wsgi.server [req-d3bb5fd4-0f4f-4ad2-a9d5-f6fd5642ed19 f542593f2b48411eb9fe1d41a99d4d61 c539c1b721724d79b78c514fe6c6978d - - -] 192.168.0.10 - - [22/Feb/2016 21:32:15] "GET /v1/images/detail?sort_key=created_at&sort_dir=desc&property-owner_id=c539c1b721724d79b78c514fe6c6978d&status=active&limit=1000 HTTP/1.1" 200 231 0.276923
2016-02-22 21:32:33.395 2062 INFO eventlet.wsgi.server [req-e2e2ef91-806f-4752-9071-e9a1b56ca6cd f542593f2b48411eb9fe1d41a99d4d61 c539c1b721724d79b78c514fe6c6978d - - -] 192.168.0.10 - - [22/Feb/2016 21:32:33] "GET /v1/images/detail?sort_key=created_at&sort_dir=desc&status=active&limit=1000&is_public=True HTTP/1.1" 200 713 0.350499
2016-02-22 21:32:33.605 2062 INFO eventlet.wsgi.server [req-d6c25c65-7c2f-4f5f-a2dd-3bfd8bd08585 f542593f2b48411eb9fe1d41a99d4d61 c539c1b721724d79b78c514fe6c6978d - - -] 192.168.0.10 - - [22/Feb/2016 21:32:33] "GET /v1/images/detail?sort_key=created_at&sort_dir=desc&property-owner_id=c539c1b721724d79b78c514fe6c6978d&status=active&limit=1000 HTTP/1.1" 200 231 0.201605
2016-02-22 21:33:13.763 2054 INFO eventlet.wsgi.server [req-40a142b7-4be1-4c26-959f-0d561479ef32 f542593f2b48411eb9fe1d41a99d4d61 c539c1b721724d79b78c514fe6c6978d - - -] 192.168.0.10 - - [22/Feb/2016 21:33:13] "GET /v1/images/detail?sort_key=created_at&sort_dir=desc&status=active&limit=1000&is_public=True HTTP/1.1" 200 713 0.096137
2016-02-22 21:33:13.981 2054 INFO eventlet.wsgi.server [req-f3c0aced-7370-4f52-b02c-6506b0823b15 f542593f2b48411eb9fe1d41a99d4d61 c539c1b721724d79b78c514fe6c6978d - - -] 192.168.0.10 - - [22/Feb/2016 21:33:13] "GET /v1/images/detail?sort_key=created_at&sort_dir=desc&property-owner_id=c539c1b721724d79b78c514fe6c6978d&status=active&limit=1000 HTTP/1.1" 200 231 0.214617
2016-02-22 21:33:15.041 2046 INFO eventlet.wsgi.server [req-8da67b7f-d681-47c8-8bb6-88ef263b801c f542593f2b48411eb9fe1d41a99d4d61 c539c1b721724d79b78c514fe6c6978d - - -] 192.168.0.10 - - [22/Feb/2016 21:33:15] "HEAD /v1/images/8a724f78-2673-4ea1-b607-373626a15afb HTTP/1.1" 200 817 0.152988
2016-02-22 21:33:16.406 2054 INFO eventlet.wsgi.server [req-fa00bd7a-9e7d-4515-90db-5ba120b3b06e f542593f2b48411eb9fe1d41a99d4d61 c539c1b721724d79b78c514fe6c6978d - - -] 192.168.0.10 - - [22/Feb/2016 21:33:16] "GET /v1/images/detail?sort_key=created_at&sort_dir=desc&limit=1000 HTTP/1.1" 200 713 0.090766
2016-02-22 21:33:17.402 2054 WARNING oslo_config.cfg [req-ea234770-e1a7-4180-a73d-333efdacfb85 f542593f2b48411eb9fe1d41a99d4d61 c539c1b721724d79b78c514fe6c6978d - - -] Option "rabbit_virtual_host" from group "DEFAULT" is deprecated. Use option "rabbit_virtual_host" from group "oslo_messaging_rabbit".
2016-02-22 21:33:17.403 2054 WARNING oslo_config.cfg [req-ea234770-e1a7-4180-a73d-333efdacfb85 f542593f2b48411eb9fe1d41a99d4d61 c539c1b721724d79b78c514fe6c6978d - - -] Option "rabbit_hosts" from group "DEFAULT" is deprecated. Use option "rabbit_hosts" from group "oslo_messaging_rabbit".
2016-02-22 21:33:17.404 2054 WARNING oslo_config.cfg [req-ea234770-e1a7-4180-a73d-333efdacfb85 f542593f2b48411eb9fe1d41a99d4d61 c539c1b721724d79b78c514fe6c6978d - - -] Option "rabbit_port" from group "DEFAULT" is deprecated. Use option "rabbit_port" from group "oslo_messaging_rabbit".
2016-02-22 21:33:17.405 2054 WARNING oslo_config.cfg [req-ea234770-e1a7-4180-a73d-333efdacfb85 f542593f2b48411eb9fe1d41a99d4d61 c539c1b721724d79b78c514fe6c6978d - - -] Option "rabbit_userid" from group "DEFAULT" is deprecated. Use option "rabbit_userid" from group "oslo_messaging_rabbit".
2016-02-22 21:33:17.405 2054 WARNING oslo_config.cfg [req-ea234770-e1a7-4180-a73d-333efdacfb85 f542593f2b48411eb9fe1d41a99d4d61 c539c1b721724d79b78c514fe6c6978d - - -] Option "rabbit_password" from group "DEFAULT" is deprecated. Use option "rabbit_password" from group "oslo_messaging_rabbit".
2016-02-22 21:33:17.406 2054 WARNING oslo_config.cfg [req-ea234770-e1a7-4180-a73d-333efdacfb85 f542593f2b48411eb9fe1d41a99d4d61 c539c1b721724d79b78c514fe6c6978d - - -] Option "rabbit_use_ssl" from group "DEFAULT" is deprecated. Use option "rabbit_use_ssl" from group "oslo_messaging_rabbit".
2016-02-22 21:33:17.446 2054 INFO oslo_messaging._drivers.impl_rabbit [req-ea234770-e1a7-4180-a73d-333efdacfb85 f542593f2b48411eb9fe1d41a99d4d61 c539c1b721724d79b78c514fe6c6978d - - -] Connecting to AMQP server on 192.168.0.10:5672
2016-02-22 21:33:17.466 2054 INFO oslo_messaging._drivers.impl_rabbit [req-ea234770-e1a7-4180-a73d-333efdacfb85 f542593f2b48411eb9fe1d41a99d4d61 c539c1b721724d79b78c514fe6c6978d - - -] Connected to AMQP server on 192.168.0.10:5672
2016-02-22 21:33:17.468 2054 WARNING oslo_config.cfg [req-ea234770-e1a7-4180-a73d-333efdacfb85 f542593f2b48411eb9fe1d41a99d4d61 c539c1b721724d79b78c514fe6c6978d - - -] Option "rabbit_ha_queues" from group "DEFAULT" is deprecated. Use option "rabbit_ha_queues" from group "oslo_messaging_rabbit".
2016-02-22 21:33:17.483 2054 INFO eventlet.wsgi.server [req-ea234770-e1a7-4180-a73d-333efdacfb85 f542593f2b48411eb9fe1d41a99d4d61 c539c1b721724d79b78c514fe6c6978d - - -] 192.168.0.13 - - [22/Feb/2016 21:33:17] "GET /v1/images/8a724f78-2673-4ea1-b607-373626a15afb HTTP/1.1" 200 13201720 0.398214
2016-02-22 21:33:18.013 2062 INFO eventlet.wsgi.server [req-ba229090-77e7-4106-bd6b-51d257dd736b f542593f2b48411eb9fe1d41a99d4d61 c539c1b721724d79b78c514fe6c6978d - - -] 192.168.0.10 - - [22/Feb/2016 21:33:18] "HEAD /v1/images/8a724f78-2673-4ea1-b607-373626a15afb HTTP/1.1" 200 817 0.066455
2016-02-22 21:33:21.299 2046 INFO eventlet.wsgi.server [req-3b6fb0ad-3598-431d-bb44-9dec0fc01ada f542593f2b48411eb9fe1d41a99d4d61 c539c1b721724d79b78c514fe6c6978d - - -] 192.168.0.10 - - [22/Feb/2016 21:33:21] "HEAD /v1/images/8a724f78-2673-4ea1-b607-373626a15afb HTTP/1.1" 200 817 0.059012
2016-02-22 21:33:27.029 2046 INFO eventlet.wsgi.server [req-904cf4fd-8b60-446d-9fc7-af0b6955881a f542593f2b48411eb9fe1d41a99d4d61 c539c1b721724d79b78c514fe6c6978d - - -] 192.168.0.10 - - [22/Feb/2016 21:33:27] "HEAD /v1/images/8a724f78-2673-4ea1-b607-373626a15afb HTTP/1.1" 200 817 0.055307
2016-02-22 21:33:35.409 2054 INFO eventlet.wsgi.server [req-58f689ab-34c7-48b9-b536-d114a1797847 f542593f2b48411eb9fe1d41a99d4d61 c539c1b721724d79b78c514fe6c6978d - - -] 192.168.0.10 - - [22/Feb/2016 21:33:35] "HEAD /v1/images/8a724f78-2673-4ea1-b607-373626a15afb HTTP/1.1" 200 817 0.044404
2016-02-22 21:33:46.125 2062 INFO eventlet.wsgi.server [req-e044f636-4ef0-4da9-928d-a44681e948aa f542593f2b48411eb9fe1d41a99d4d61 c539c1b721724d79b78c514fe6c6978d - - -] 192.168.0.10 - - [22/Feb/2016 21:33:46] "HEAD /v1/images/8a724f78-2673-4ea1-b607-373626a15afb HTTP/1.1" 200 817 0.068324
2016-02-22 21:33:59.317 2046 INFO eventlet.wsgi.server [req-b83f4d9f-0136-40b0-9b67-631f824166a5 f542593f2b48411eb9fe1d41a99d4d61 c539c1b721724d79b78c514fe6c6978d - - -] 192.168.0.10 - - [22/Feb/2016 21:33:59] "HEAD /v1/images/8a724f78-2673-4ea1-b607-373626a15afb HTTP/1.1" 200 817 0.042011
2016-02-22 21:34:15.025 2046 INFO eventlet.wsgi.server [req-8b3de456-240b-41e3-92ef-b382dba4576e f542593f2b48411eb9fe1d41a99d4d61 c539c1b721724d79b78c514fe6c6978d - - -] 192.168.0.10 - - [22/Feb/2016 21:34:15] "HEAD /v1/images/8a724f78-2673-4ea1-b607-373626a15afb HTTP/1.1" 200 817 0.052836
2016-02-22 21:34:33.344 2046 INFO eventlet.wsgi.server [req-87465f6a-5f15-46e2-a728-28d06adb109e f542593f2b48411eb9fe1d41a99d4d61 c539c1b721724d79b78c514fe6c6978d - - -] 192.168.0.10 - - [22/Feb/2016 21:34:33] "HEAD /v1/images/8a724f78-2673-4ea1-b607-373626a15afb HTTP/1.1" 200 817 0.060522
2016-02-22 21:34:54.442 2031 INFO eventlet.wsgi.server [req-7d43cfe6-ef20-4e23-8d8a-365db1453dde f542593f2b48411eb9fe1d41a99d4d61 c539c1b721724d79b78c514fe6c6978d - - -] 192.168.0.10 - - [22/Feb/2016 21:34:54] "HEAD /v1/images/8a724f78-2673-4ea1-b607-373626a15afb HTTP/1.1" 200 817 0.248533
2016-02-22 21:35:18.268 2062 INFO eventlet.wsgi.server [req-44a488bf-ac1d-4e71-a4b0-494dbc362ea4 f542593f2b48411eb9fe1d41a99d4d61 c539c1b721724d79b78c514fe6c6978d - - -] 192.168.0.10 - - [22/Feb/2016 21:35:18] "HEAD /v1/images/8a724f78-2673-4ea1-b607-373626a15afb HTTP/1.1" 200 817 0.076886
2016-02-22 21:35:44.117 2054 INFO eventlet.wsgi.server [req-9624f57a-6f6e-4cda-84e1-50c8cfddd876 f542593f2b48411eb9fe1d41a99d4d61 c539c1b721724d79b78c514fe6c6978d - - -] 192.168.0.10 - - [22/Feb/2016 21:35:44] "HEAD /v1/images/8a724f78-2673-4ea1-b607-373626a15afb HTTP/1.1" 200 817 0.066661
2016-02-22 21:36:15.040 2046 INFO eventlet.wsgi.server [req-9fc555f5-3b9c-4018-a575-ce245c4d815c 4019eceeba62448e862a3cf30bdad253 c539c1b721724d79b78c514fe6c6978d - - -] 192.168.0.10 - - [22/Feb/2016 21:36:15] "GET /v1/images/detail?sort_key=created_at&sort_dir=desc&limit=1000 HTTP/1.1" 200 713 0.292028
2016-02-22 21:36:27.474 2046 INFO eventlet.wsgi.server [req-04759652-3192-48d1-b7d9-6f78d16a984f 4019eceeba62448e862a3cf30bdad253 c539c1b721724d79b78c514fe6c6978d - - -] 192.168.0.10 - - [22/Feb/2016 21:36:27] "GET /v1/images/detail?sort_key=created_at&sort_dir=desc&status=active&limit=1000&is_public=True HTTP/1.1" 200 713 0.184323
2016-02-22 21:36:27.545 2046 INFO eventlet.wsgi.server [req-b114626a-c51f-4818-9522-2c2233445caf 4019eceeba62448e862a3cf30bdad253 c539c1b721724d79b78c514fe6c6978d - - -] 192.168.0.10 - - [22/Feb/2016 21:36:27] "GET /v1/images/detail?sort_key=created_at&sort_dir=desc&property-owner_id=c539c1b721724d79b78c514fe6c6978d&status=active&limit=1000 HTTP/1.1" 200 231 0.067007
2016-02-22 21:36:43.213 2031 INFO eventlet.wsgi.server [req-e29368f6-3055-4be6-b13c-029c8486a927 4019eceeba62448e862a3cf30bdad253 c539c1b721724d79b78c514fe6c6978d - - -] 192.168.0.10 - - [22/Feb/2016 21:36:43] "GET /v1/images/detail?sort_key=created_at&sort_dir=desc&status=active&limit=1000&is_public=True HTTP/1.1" 200 713 0.205678
2016-02-22 21:36:43.272 2031 INFO eventlet.wsgi.server [req-adbfd16e-f266-4527-bc09-bf60099dee55 4019eceeba62448e862a3cf30bdad253 c539c1b721724d79b78c514fe6c6978d - - -] 192.168.0.10 - - [22/Feb/2016 21:36:43] "GET /v1/images/detail?sort_key=created_at&sort_dir=desc&property-owner_id=c539c1b721724d79b78c514fe6c6978d&status=active&limit=1000 HTTP/1.1" 200 231 0.054695
2016-02-22 21:36:51.829 2031 INFO eventlet.wsgi.server [req-529e89eb-1ca1-48e7-84e5-7589d661761d 4019eceeba62448e862a3cf30bdad253 c539c1b721724d79b78c514fe6c6978d - - -] 192.168.0.10 - - [22/Feb/2016 21:36:51] "GET /v1/images/detail?sort_key=created_at&sort_dir=desc&status=active&limit=1000&is_public=True HTTP/1.1" 200 713 0.065921
2016-02-22 21:36:52.031 2031 INFO eventlet.wsgi.server [req-c95d1e95-c704-4d5b-8a19-04d474e12fc9 4019eceeba62448e862a3cf30bdad253 c539c1b721724d79b78c514fe6c6978d - - -] 192.168.0.10 - - [22/Feb/2016 21:36:52] "GET /v1/images/detail?sort_key=created_at&sort_dir=desc&property-owner_id=c539c1b721724d79b78c514fe6c6978d&status=active&limit=1000 HTTP/1.1" 200 231 0.198455
2016-02-22 21:36:53.196 2046 INFO eventlet.wsgi.server [req-2074b142-02ba-4e24-9bf4-83a4400cea86 4019eceeba62448e862a3cf30bdad253 c539c1b721724d79b78c514fe6c6978d - - -] 192.168.0.10 - - [22/Feb/2016 21:36:53] "HEAD /v1/images/8a724f78-2673-4ea1-b607-373626a15afb HTTP/1.1" 200 817 0.166198
2016-02-22 21:36:54.186 2046 INFO eventlet.wsgi.server [req-d5420603-ad2f-430f-b3f6-18010ad116c4 4019eceeba62448e862a3cf30bdad253 c539c1b721724d79b78c514fe6c6978d - - -] 192.168.0.10 - - [22/Feb/2016 21:36:54] "GET /v1/images/detail?sort_key=created_at&sort_dir=desc&limit=1000 HTTP/1.1" 200 713 0.083154
2016-02-22 21:36:55.456 2054 INFO eventlet.wsgi.server [req-9943154b-fbb9-4628-b6a2-166fb5300e44 4019eceeba62448e862a3cf30bdad253 c539c1b721724d79b78c514fe6c6978d - - -] 192.168.0.12 - - [22/Feb/2016 21:36:55] "GET /v1/images/8a724f78-2673-4ea1-b607-373626a15afb HTTP/1.1" 200 13201720 0.449711
2016-02-22 21:36:55.954 2054 INFO eventlet.wsgi.server [req-7a9db626-6ac1-4042-98de-969500698dff 4019eceeba62448e862a3cf30bdad253 c539c1b721724d79b78c514fe6c6978d - - -] 192.168.0.10 - - [22/Feb/2016 21:36:55] "HEAD /v1/images/8a724f78-2673-4ea1-b607-373626a15afb HTTP/1.1" 200 817 0.032950
2016-02-22 21:36:59.285 2046 INFO eventlet.wsgi.server [req-2a4c05d7-2169-48bd-8a17-f4d480f82023 4019eceeba62448e862a3cf30bdad253 c539c1b721724d79b78c514fe6c6978d - - -] 192.168.0.10 - - [22/Feb/2016 21:36:59] "HEAD /v1/images/8a724f78-2673-4ea1-b607-373626a15afb HTTP/1.1" 200 817 0.042194
2016-02-22 21:37:05.058 2046 INFO eventlet.wsgi.server [req-e7066d01-795c-4d90-9db4-9fb82f7bab50 4019eceeba62448e862a3cf30bdad253 c539c1b721724d79b78c514fe6c6978d - - -] 192.168.0.10 - - [22/Feb/2016 21:37:05] "HEAD /v1/images/8a724f78-2673-4ea1-b607-373626a15afb HTTP/1.1" 200 817 0.069529
2016-02-22 21:37:13.424 2046 INFO eventlet.wsgi.server [req-a0c51132-3608-4359-a1bd-2261598529ac 4019eceeba62448e862a3cf30bdad253 c539c1b721724d79b78c514fe6c6978d - - -] 192.168.0.10 - - [22/Feb/2016 21:37:13] "HEAD /v1/images/8a724f78-2673-4ea1-b607-373626a15afb HTTP/1.1" 200 817 0.061686
2016-02-22 21:37:24.499 2062 INFO eventlet.wsgi.server [req-74fe86ad-59e6-41b0-ac7b-43107d8d6c62 4019eceeba62448e862a3cf30bdad253 c539c1b721724d79b78c514fe6c6978d - - -] 192.168.0.10 - - [22/Feb/2016 21:37:24] "HEAD /v1/images/8a724f78-2673-4ea1-b607-373626a15afb HTTP/1.1" 200 817 0.316905
2016-02-22 21:37:37.941 2062 INFO eventlet.wsgi.server [req-ad54e394-629b-4a0a-9a36-961585232a72 4019eceeba62448e862a3cf30bdad253 c539c1b721724d79b78c514fe6c6978d - - -] 192.168.0.10 - - [22/Feb/2016 21:37:37] "HEAD /v1/images/8a724f78-2673-4ea1-b607-373626a15afb HTTP/1.1" 200 817 0.065710
2016-02-22 21:37:53.795 2046 INFO eventlet.wsgi.server [req-ab533114-9f0b-45ed-84a3-720aca1be7f9 4019eceeba62448e862a3cf30bdad253 c539c1b721724d79b78c514fe6c6978d - - -] 192.168.0.10 - - [22/Feb/2016 21:37:53] "HEAD /v1/images/8a724f78-2673-4ea1-b607-373626a15afb HTTP/1.1" 200 817 0.056589
2016-02-22 21:38:12.156 2054 INFO eventlet.wsgi.server [req-5471545b-2bed-4209-9166-489fb59b2c43 4019eceeba62448e862a3cf30bdad253 c539c1b721724d79b78c514fe6c6978d - - -] 192.168.0.10 - - [22/Feb/2016 21:38:12] "HEAD /v1/images/8a724f78-2673-4ea1-b607-373626a15afb HTTP/1.1" 200 817 0.058241
2016-02-22 21:38:33.010 2062 INFO eventlet.wsgi.server [req-51791b57-c746-483a-9f1c-8f0a23409a83 4019eceeba62448e862a3cf30bdad253 c539c1b721724d79b78c514fe6c6978d - - -] 192.168.0.10 - - [22/Feb/2016 21:38:33] "HEAD /v1/images/8a724f78-2673-4ea1-b607-373626a15afb HTTP/1.1" 200 817 0.090956
2016-02-22 21:38:56.388 2031 INFO eventlet.wsgi.server [req-c5f42dd6-64be-4816-a463-3c482dd840d1 4019eceeba62448e862a3cf30bdad253 c539c1b721724d79b78c514fe6c6978d - - -] 192.168.0.10 - - [22/Feb/2016 21:38:56] "HEAD /v1/images/8a724f78-2673-4ea1-b607-373626a15afb HTTP/1.1" 200 817 0.061529
2016-02-22 21:39:17.482 2046 INFO eventlet.wsgi.server [req-216ab99c-bfae-4990-87c3-13d33951d0ff 9b1f9b36d7354b1ea121ccfbae339d8b 85a11a1515f94848be7aa5b56adec8bf - - -] 192.168.0.10 - - [22/Feb/2016 21:39:17] "GET /v1/images/detail?is_public=None&limit=20 HTTP/1.1" 200 713 0.405491
2016-02-22 21:39:22.216 2054 INFO eventlet.wsgi.server [req-9d687655-6fa1-40a4-bfaa-b1b45c10fd5d 4019eceeba62448e862a3cf30bdad253 c539c1b721724d79b78c514fe6c6978d - - -] 192.168.0.10 - - [22/Feb/2016 21:39:22] "HEAD /v1/images/8a724f78-2673-4ea1-b607-373626a15afb HTTP/1.1" 200 817 0.063465
2016-02-22 21:39:47.863 2062 INFO eventlet.wsgi.server [req-11989ae3-0bb4-4f49-99e4-b0ebb15ae40b 9b1f9b36d7354b1ea121ccfbae339d8b 85a11a1515f94848be7aa5b56adec8bf - - -] 192.168.0.10 - - [22/Feb/2016 21:39:47] "HEAD /v1/images/8a724f78-2673-4ea1-b607-373626a15afb HTTP/1.1" 200 817 0.335296
2016-02-22 21:39:50.537 2054 INFO eventlet.wsgi.server [req-f86403fd-23f5-4db0-82b8-3f3a197d4ea2 4019eceeba62448e862a3cf30bdad253 c539c1b721724d79b78c514fe6c6978d - - -] 192.168.0.10 - - [22/Feb/2016 21:39:50] "HEAD /v1/images/8a724f78-2673-4ea1-b607-373626a15afb HTTP/1.1" 200 817 0.054098
2016-02-22 21:40:04.052 2046 INFO eventlet.wsgi.server [req-1a6d49f1-e716-4a0a-99b6-45f84e8f5827 9b1f9b36d7354b1ea121ccfbae339d8b 85a11a1515f94848be7aa5b56adec8bf - - -] 192.168.0.10 - - [22/Feb/2016 21:40:04] "HEAD /v1/images/8a724f78-2673-4ea1-b607-373626a15afb HTTP/1.1" 200 817 0.274342
2016-02-22 21:40:45.504 2031 INFO eventlet.wsgi.server [req-36ee2b49-d03f-4d7e-8b3d-cef9f1170722 4019eceeba62448e862a3cf30bdad253 c539c1b721724d79b78c514fe6c6978d - - -] 192.168.0.10 - - [22/Feb/2016 21:40:45] "GET /v1/images/detail?sort_key=created_at&sort_dir=desc&limit=1000 HTTP/1.1" 200 713 0.088216
2016-02-22 21:41:12.545 2054 INFO eventlet.wsgi.server [req-3cda049e-22dc-4d96-ace4-75f47f0c06ff 4019eceeba62448e862a3cf30bdad253 c539c1b721724d79b78c514fe6c6978d - - -] 192.168.0.10 - - [22/Feb/2016 21:41:12] "HEAD /v1/images/8a724f78-2673-4ea1-b607-373626a15afb HTTP/1.1" 200 817 0.062654
2016-02-22 21:41:54.840 2054 INFO eventlet.wsgi.server [req-7622a07f-239d-4825-b0ac-0fd6bd20c48d 4019eceeba62448e862a3cf30bdad253 c539c1b721724d79b78c514fe6c6978d - - -] 192.168.0.10 - - [22/Feb/2016 21:41:54] "GET /v1/images/detail?sort_key=created_at&sort_dir=desc&limit=1000 HTTP/1.1" 200 713 0.205158
2016-02-22 21:43:08.662 2046 INFO eventlet.wsgi.server [req-5ddb2aa0-92ca-4910-9328-28d75dcc6382 e9483918caa940a48fe882ba092c7e0b 300b2cc45c3846939e589310ae714e46 - - -] 192.168.0.10 - - [22/Feb/2016 21:43:08] "HEAD /v1/images/8a724f78-2673-4ea1-b607-373626a15afb HTTP/1.1" 200 817 0.290560
2016-02-22 21:43:08.779 2046 INFO eventlet.wsgi.server [req-a9a1daa6-97f4-43c3-8b40-af60c2369e99 e9483918caa940a48fe882ba092c7e0b 300b2cc45c3846939e589310ae714e46 - - -] 192.168.0.10 - - [22/Feb/2016 21:43:08] "HEAD /v1/images/8a724f78-2673-4ea1-b607-373626a15afb HTTP/1.1" 200 817 0.033767
2016-02-22 21:44:31.870 2046 INFO eventlet.wsgi.server [req-a1b68dfb-ed68-489b-bdd6-5ebdbe9e1d05 e9483918caa940a48fe882ba092c7e0b 300b2cc45c3846939e589310ae714e46 - - -] 192.168.0.10 - - [22/Feb/2016 21:44:31] "HEAD /v1/images/8a724f78-2673-4ea1-b607-373626a15afb HTTP/1.1" 200 817 0.240114
2016-02-22 21:44:31.985 2046 INFO eventlet.wsgi.server [req-273e7240-0eb2-419b-af76-ab5363c50da0 e9483918caa940a48fe882ba092c7e0b 300b2cc45c3846939e589310ae714e46 - - -] 192.168.0.10 - - [22/Feb/2016 21:44:31] "HEAD /v1/images/8a724f78-2673-4ea1-b607-373626a15afb HTTP/1.1" 200 817 0.048704
2016-02-22 21:44:33.677 2046 INFO eventlet.wsgi.server [req-de6b38ad-6c4a-49b6-b8f4-c30e631b8589 e9483918caa940a48fe882ba092c7e0b 300b2cc45c3846939e589310ae714e46 - - -] 192.168.0.10 - - [22/Feb/2016 21:44:33] "HEAD /v1/images/8a724f78-2673-4ea1-b607-373626a15afb HTTP/1.1" 200 817 0.066817
2016-02-22 21:44:33.802 2046 INFO eventlet.wsgi.server [req-de6b38ad-6c4a-49b6-b8f4-c30e631b8589 e9483918caa940a48fe882ba092c7e0b 300b2cc45c3846939e589310ae714e46 - - -] 192.168.0.10 - - [22/Feb/2016 21:44:33] "HEAD /v1/images/8a724f78-2673-4ea1-b607-373626a15afb HTTP/1.1" 200 817 0.339749
2016-02-22 21:49:17.088 2031 INFO eventlet.wsgi.server [req-958a5169-96df-4eaf-b93a-9cc0573f2d62 9b1f9b36d7354b1ea121ccfbae339d8b 85a11a1515f94848be7aa5b56adec8bf - - -] 192.168.0.10 - - [22/Feb/2016 21:49:17] "GET /v1/images/detail?is_public=None&limit=20 HTTP/1.1" 200 713 0.277833
2016-02-22 21:59:17.490 2054 INFO eventlet.wsgi.server [req-4133dce2-09e3-44b6-b7ab-d5bdb9027a14 9b1f9b36d7354b1ea121ccfbae339d8b 85a11a1515f94848be7aa5b56adec8bf - - -] 192.168.0.10 - - [22/Feb/2016 21:59:17] "GET /v1/images/detail?is_public=None&limit=20 HTTP/1.1" 200 713 0.412307
2016-02-22 22:09:17.212 2046 INFO eventlet.wsgi.server [req-bc381413-4bf5-42b1-9391-9e9e64990f45 9b1f9b36d7354b1ea121ccfbae339d8b 85a11a1515f94848be7aa5b56adec8bf - - -] 192.168.0.10 - - [22/Feb/2016 22:09:17] "GET /v1/images/detail?is_public=None&limit=20 HTTP/1.1" 200 713 0.393497
2016-02-22 22:19:17.061 2054 INFO eventlet.wsgi.server [req-e3cd5fd9-d653-4b86-ac74-32b629aae357 9b1f9b36d7354b1ea121ccfbae339d8b 85a11a1515f94848be7aa5b56adec8bf - - -] 192.168.0.10 - - [22/Feb/2016 22:19:17] "GET /v1/images/detail?is_public=None&limit=20 HTTP/1.1" 200 713 0.393400
2016-02-22 22:26:03.089 1026 INFO glance.common.wsgi [-] Removed dead child 2031
2016-02-22 22:26:03.493 1026 INFO glance.common.wsgi [-] Started child 4763
2016-02-22 22:26:03.432 4763 INFO eventlet.wsgi.server [-] (4763) wsgi starting up on http://0.0.0.0:9292/
2016-02-22 22:26:03.681 4763 INFO eventlet.wsgi.server [-] (4763) wsgi exited, is_accepting=True
2016-02-22 22:26:03.684 4763 INFO glance.common.wsgi [-] Child 4763 exiting normally
2016-02-23 19:46:57.604 1026 WARNING oslo_config.cfg [-] Option "filesystem_store_datadir" from group "DEFAULT" is deprecated. Use option "filesystem_store_datadir" from group "glance_store".
2016-02-23 19:46:57.640 1026 INFO glance.common.wsgi [-] Starting 4 workers
2016-02-23 19:46:57.860 2003 INFO eventlet.wsgi.server [-] (2003) wsgi starting up on http://0.0.0.0:9292/
2016-02-23 19:46:57.852 1026 INFO glance.common.wsgi [-] Started child 2003
2016-02-23 19:46:58.059 1026 INFO glance.common.wsgi [-] Started child 2010
2016-02-23 19:46:58.115 2010 INFO eventlet.wsgi.server [-] (2010) wsgi starting up on http://0.0.0.0:9292/
2016-02-23 19:46:58.257 2015 INFO eventlet.wsgi.server [-] (2015) wsgi starting up on http://0.0.0.0:9292/
2016-02-23 19:46:58.303 1026 INFO glance.common.wsgi [-] Started child 2015
2016-02-23 19:46:58.438 1026 INFO glance.common.wsgi [-] Started child 2020
2016-02-23 19:46:58.457 2020 INFO eventlet.wsgi.server [-] (2020) wsgi starting up on http://0.0.0.0:9292/
2016-02-23 19:56:57.771 2020 INFO eventlet.wsgi.server [req-103c2c60-d9ba-4099-af8c-3da8b0d82d31 9b1f9b36d7354b1ea121ccfbae339d8b 85a11a1515f94848be7aa5b56adec8bf - - -] 192.168.0.10 - - [23/Feb/2016 19:56:57] "GET /v1/images/detail?is_public=None&limit=20 HTTP/1.1" 200 713 1.128378
2016-02-23 20:06:55.914 2010 INFO eventlet.wsgi.server [req-e0580023-9da2-43a6-8e1b-4c31a6c2e5cb 9b1f9b36d7354b1ea121ccfbae339d8b 85a11a1515f94848be7aa5b56adec8bf - - -] 192.168.0.10 - - [23/Feb/2016 20:06:55] "GET /v1/images/detail?is_public=None&limit=20 HTTP/1.1" 200 713 0.973792
2016-02-23 20:16:53.997 2015 INFO eventlet.wsgi.server [req-f3cd1291-5482-49a6-b8ab-5af938925d58 9b1f9b36d7354b1ea121ccfbae339d8b 85a11a1515f94848be7aa5b56adec8bf - - -] 192.168.0.10 - - [23/Feb/2016 20:16:53] "GET /v1/images/detail?is_public=None&limit=20 HTTP/1.1" 200 713 0.504573
2016-02-23 20:26:54.227 2015 INFO eventlet.wsgi.server [req-40c8e813-64d4-4bcb-b854-f70bcf46dbdf 9b1f9b36d7354b1ea121ccfbae339d8b 85a11a1515f94848be7aa5b56adec8bf - - -] 192.168.0.10 - - [23/Feb/2016 20:26:54] "GET /v1/images/detail?is_public=None&limit=20 HTTP/1.1" 200 713 0.796784
2016-02-23 20:36:53.738 2020 INFO eventlet.wsgi.server [req-f10dfcd5-20fe-43e1-86e0-8fd6a12ff6d7 9b1f9b36d7354b1ea121ccfbae339d8b 85a11a1515f94848be7aa5b56adec8bf - - -] 192.168.0.10 - - [23/Feb/2016 20:36:53] "GET /v1/images/detail?is_public=None&limit=20 HTTP/1.1" 200 713 0.295899
2016-02-23 20:46:53.760 2010 INFO eventlet.wsgi.server [req-902b205c-2f63-4007-a06a-4d5be4f40edc 9b1f9b36d7354b1ea121ccfbae339d8b 85a11a1515f94848be7aa5b56adec8bf - - -] 192.168.0.10 - - [23/Feb/2016 20:46:53] "GET /v1/images/detail?is_public=None&limit=20 HTTP/1.1" 200 713 0.317807
2016-02-23 20:56:54.472 2003 INFO eventlet.wsgi.server [req-4289f3b8-7d4b-4d20-aed2-9db2e57dc272 9b1f9b36d7354b1ea121ccfbae339d8b 85a11a1515f94848be7aa5b56adec8bf - - -] 192.168.0.10 - - [23/Feb/2016 20:56:54] "GET /v1/images/detail?is_public=None&limit=20 HTTP/1.1" 200 713 0.912295
2016-02-23 21:06:54.017 2003 INFO eventlet.wsgi.server [req-332a6b48-d712-43c0-bbac-87bd964ab05b 9b1f9b36d7354b1ea121ccfbae339d8b 85a11a1515f94848be7aa5b56adec8bf - - -] 192.168.0.10 - - [23/Feb/2016 21:06:54] "GET /v1/images/detail?is_public=None&limit=20 HTTP/1.1" 200 713 0.264657
2016-02-23 21:16:53.913 2020 INFO eventlet.wsgi.server [req-0213da47-20b1-473d-b6e7-e2651d5f7048 9b1f9b36d7354b1ea121ccfbae339d8b 85a11a1515f94848be7aa5b56adec8bf - - -] 192.168.0.10 - - [23/Feb/2016 21:16:53] "GET /v1/images/detail?is_public=None&limit=20 HTTP/1.1" 200 713 0.487445
2016-02-23 21:26:53.808 2010 INFO eventlet.wsgi.server [req-cee0f0cc-a0df-4468-9daf-4b28b5018492 9b1f9b36d7354b1ea121ccfbae339d8b 85a11a1515f94848be7aa5b56adec8bf - - -] 192.168.0.10 - - [23/Feb/2016 21:26:53] "GET /v1/images/detail?is_public=None&limit=20 HTTP/1.1" 200 713 0.409050
2016-02-23 21:36:53.770 2010 INFO eventlet.wsgi.server [req-cff45b84-65bd-4342-81ee-bff9cb2f9b17 9b1f9b36d7354b1ea121ccfbae339d8b 85a11a1515f94848be7aa5b56adec8bf - - -] 192.168.0.10 - - [23/Feb/2016 21:36:53] "GET /v1/images/detail?is_public=None&limit=20 HTTP/1.1" 200 713 0.379559
2016-02-23 21:46:53.882 2015 INFO eventlet.wsgi.server [req-f59a34b6-c772-44a0-8e37-74a9f2f7c9c0 9b1f9b36d7354b1ea121ccfbae339d8b 85a11a1515f94848be7aa5b56adec8bf - - -] 192.168.0.10 - - [23/Feb/2016 21:46:53] "GET /v1/images/detail?is_public=None&limit=20 HTTP/1.1" 200 713 0.456331
2016-02-23 21:56:53.896 2020 INFO eventlet.wsgi.server [req-3aec9bf0-f916-4c6d-a698-9bdde84cf37f 9b1f9b36d7354b1ea121ccfbae339d8b 85a11a1515f94848be7aa5b56adec8bf - - -] 192.168.0.10 - - [23/Feb/2016 21:56:53] "GET /v1/images/detail?is_public=None&limit=20 HTTP/1.1" 200 713 0.270172
2016-02-23 22:06:54.547 2020 INFO eventlet.wsgi.server [req-ebdcae8b-ed01-4f2d-a4b5-38ffe8276653 9b1f9b36d7354b1ea121ccfbae339d8b 85a11a1515f94848be7aa5b56adec8bf - - -] 192.168.0.10 - - [23/Feb/2016 22:06:54] "GET /v1/images/detail?is_public=None&limit=20 HTTP/1.1" 200 713 0.481717
2016-02-23 22:16:53.701 2010 INFO eventlet.wsgi.server [req-8de74479-5d13-43e1-b510-194523122857 9b1f9b36d7354b1ea121ccfbae339d8b 85a11a1515f94848be7aa5b56adec8bf - - -] 192.168.0.10 - - [23/Feb/2016 22:16:53] "GET /v1/images/detail?is_public=None&limit=20 HTTP/1.1" 200 713 0.243820
2016-02-23 22:20:56.756 2020 INFO eventlet.wsgi.server [req-bd74d346-64f6-47d9-abe7-f0887e899e24 a7efbc8d2a394409a3bc37b6078a3283 4cf1e5c5b43442838d14781be3f285b1 - - -] 192.168.0.10 - - [23/Feb/2016 22:20:56] "GET /v1/images/detail?is_public=none&limit=20 HTTP/1.1" 200 713 0.642282
2016-02-23 22:23:14.242 2003 INFO eventlet.wsgi.server [req-14cda298-555c-4a5f-8bfb-72198123994e a7efbc8d2a394409a3bc37b6078a3283 4cf1e5c5b43442838d14781be3f285b1 - - -] 192.168.0.10 - - [23/Feb/2016 22:23:14] "GET /v1/images/detail?is_public=none&limit=20 HTTP/1.1" 200 713 0.560676
2016-02-23 22:23:14.481 2003 INFO eventlet.wsgi.server [req-c9d061bb-81f5-44f4-b721-aa24b3194993 a7efbc8d2a394409a3bc37b6078a3283 4cf1e5c5b43442838d14781be3f285b1 - - -] 192.168.0.10 - - [23/Feb/2016 22:23:14] "HEAD /v1/images/8a724f78-2673-4ea1-b607-373626a15afb HTTP/1.1" 200 817 0.194366
2016-02-23 22:23:14.777 2010 INFO eventlet.wsgi.server [req-ae536a25-4221-43da-ad60-27611cde215a a7efbc8d2a394409a3bc37b6078a3283 4cf1e5c5b43442838d14781be3f285b1 - - -] 192.168.0.10 - - [23/Feb/2016 22:23:14] "HEAD /v1/images/8a724f78-2673-4ea1-b607-373626a15afb HTTP/1.1" 200 817 0.151393
2016-02-23 22:23:35.705 2010 INFO eventlet.wsgi.server [req-4ee2021c-4491-4b8a-af34-dc1c77bc5c57 a7efbc8d2a394409a3bc37b6078a3283 4cf1e5c5b43442838d14781be3f285b1 - - -] 192.168.0.10 - - [23/Feb/2016 22:23:35] "GET /v1/images/detail?is_public=none&limit=20 HTTP/1.1" 200 713 0.375785
2016-02-23 22:23:35.983 2010 INFO eventlet.wsgi.server [req-7d35d093-414f-49fc-9091-5ab6d67a416f a7efbc8d2a394409a3bc37b6078a3283 4cf1e5c5b43442838d14781be3f285b1 - - -] 192.168.0.10 - - [23/Feb/2016 22:23:35] "HEAD /v1/images/8a724f78-2673-4ea1-b607-373626a15afb HTTP/1.1" 200 817 0.221707
2016-02-23 22:23:36.348 2003 INFO eventlet.wsgi.server [req-b9b33c4a-8f81-4327-bbd6-ef775b50701b a7efbc8d2a394409a3bc37b6078a3283 4cf1e5c5b43442838d14781be3f285b1 - - -] 192.168.0.10 - - [23/Feb/2016 22:23:36] "HEAD /v1/images/8a724f78-2673-4ea1-b607-373626a15afb HTTP/1.1" 200 817 0.171754
2016-02-23 22:26:53.741 2015 INFO eventlet.wsgi.server [req-6121456f-e560-4603-a3c6-988d2fc5d793 9b1f9b36d7354b1ea121ccfbae339d8b 85a11a1515f94848be7aa5b56adec8bf - - -] 192.168.0.10 - - [23/Feb/2016 22:26:53] "GET /v1/images/detail?is_public=None&limit=20 HTTP/1.1" 200 713 0.345262
2016-02-23 22:27:54.301 2020 INFO eventlet.wsgi.server [req-8c5884aa-e616-450f-9715-fdeac8349792 a7efbc8d2a394409a3bc37b6078a3283 4cf1e5c5b43442838d14781be3f285b1 - - -] 192.168.0.10 - - [23/Feb/2016 22:27:54] "GET /v1/images/detail?is_public=none&limit=20 HTTP/1.1" 200 713 0.290255
2016-02-23 22:27:54.497 2003 INFO eventlet.wsgi.server [req-a0cb7f9c-1609-4521-94f3-8ef2bb6db613 a7efbc8d2a394409a3bc37b6078a3283 4cf1e5c5b43442838d14781be3f285b1 - - -] 192.168.0.10 - - [23/Feb/2016 22:27:54] "HEAD /v1/images/8a724f78-2673-4ea1-b607-373626a15afb HTTP/1.1" 200 817 0.145510
2016-02-23 22:27:54.859 2003 INFO eventlet.wsgi.server [req-cc2b1454-f1e7-4c23-b32e-facc7eb7e0eb a7efbc8d2a394409a3bc37b6078a3283 4cf1e5c5b43442838d14781be3f285b1 - - -] 192.168.0.10 - - [23/Feb/2016 22:27:54] "HEAD /v1/images/8a724f78-2673-4ea1-b607-373626a15afb HTTP/1.1" 200 817 0.187259
2016-02-23 22:27:55.762 2020 INFO eventlet.wsgi.server [req-3dcf95b3-8d1d-4d0b-ac1d-1da051dcfe15 a7efbc8d2a394409a3bc37b6078a3283 4cf1e5c5b43442838d14781be3f285b1 - - -] 192.168.0.10 - - [23/Feb/2016 22:27:55] "HEAD /v1/images/8a724f78-2673-4ea1-b607-373626a15afb HTTP/1.1" 200 817 0.040688
2016-02-23 22:27:57.942 2010 WARNING oslo_config.cfg [req-e04ba726-2090-4892-8745-83d76037011d a7efbc8d2a394409a3bc37b6078a3283 4cf1e5c5b43442838d14781be3f285b1 - - -] Option "rabbit_virtual_host" from group "DEFAULT" is deprecated. Use option "rabbit_virtual_host" from group "oslo_messaging_rabbit".
2016-02-23 22:27:57.943 2010 WARNING oslo_config.cfg [req-e04ba726-2090-4892-8745-83d76037011d a7efbc8d2a394409a3bc37b6078a3283 4cf1e5c5b43442838d14781be3f285b1 - - -] Option "rabbit_hosts" from group "DEFAULT" is deprecated. Use option "rabbit_hosts" from group "oslo_messaging_rabbit".
2016-02-23 22:27:57.944 2010 WARNING oslo_config.cfg [req-e04ba726-2090-4892-8745-83d76037011d a7efbc8d2a394409a3bc37b6078a3283 4cf1e5c5b43442838d14781be3f285b1 - - -] Option "rabbit_port" from group "DEFAULT" is deprecated. Use option "rabbit_port" from group "oslo_messaging_rabbit".
2016-02-23 22:27:57.944 2010 WARNING oslo_config.cfg [req-e04ba726-2090-4892-8745-83d76037011d a7efbc8d2a394409a3bc37b6078a3283 4cf1e5c5b43442838d14781be3f285b1 - - -] Option "rabbit_userid" from group "DEFAULT" is deprecated. Use option "rabbit_userid" from group "oslo_messaging_rabbit".
2016-02-23 22:27:57.944 2010 WARNING oslo_config.cfg [req-e04ba726-2090-4892-8745-83d76037011d a7efbc8d2a394409a3bc37b6078a3283 4cf1e5c5b43442838d14781be3f285b1 - - -] Option "rabbit_password" from group "DEFAULT" is deprecated. Use option "rabbit_password" from group "oslo_messaging_rabbit".
2016-02-23 22:27:57.946 2010 WARNING oslo_config.cfg [req-e04ba726-2090-4892-8745-83d76037011d a7efbc8d2a394409a3bc37b6078a3283 4cf1e5c5b43442838d14781be3f285b1 - - -] Option "rabbit_use_ssl" from group "DEFAULT" is deprecated. Use option "rabbit_use_ssl" from group "oslo_messaging_rabbit".
2016-02-23 22:27:58.000 2010 INFO oslo_messaging._drivers.impl_rabbit [req-e04ba726-2090-4892-8745-83d76037011d a7efbc8d2a394409a3bc37b6078a3283 4cf1e5c5b43442838d14781be3f285b1 - - -] Connecting to AMQP server on 192.168.0.10:5672
2016-02-23 22:27:58.027 2010 INFO oslo_messaging._drivers.impl_rabbit [req-e04ba726-2090-4892-8745-83d76037011d a7efbc8d2a394409a3bc37b6078a3283 4cf1e5c5b43442838d14781be3f285b1 - - -] Connected to AMQP server on 192.168.0.10:5672
2016-02-23 22:27:58.028 2010 WARNING oslo_config.cfg [req-e04ba726-2090-4892-8745-83d76037011d a7efbc8d2a394409a3bc37b6078a3283 4cf1e5c5b43442838d14781be3f285b1 - - -] Option "rabbit_ha_queues" from group "DEFAULT" is deprecated. Use option "rabbit_ha_queues" from group "oslo_messaging_rabbit".
2016-02-23 22:27:58.042 2010 INFO eventlet.wsgi.server [req-e04ba726-2090-4892-8745-83d76037011d a7efbc8d2a394409a3bc37b6078a3283 4cf1e5c5b43442838d14781be3f285b1 - - -] 192.168.0.13 - - [23/Feb/2016 22:27:58] "GET /v1/images/8a724f78-2673-4ea1-b607-373626a15afb HTTP/1.1" 200 13201720 0.684094
2016-02-23 22:31:02.884 2020 INFO eventlet.wsgi.server [req-63efd92a-b428-43cc-90fa-3696a7619f9e a7efbc8d2a394409a3bc37b6078a3283 4cf1e5c5b43442838d14781be3f285b1 - - -] 192.168.0.10 - - [23/Feb/2016 22:31:02] "GET /v1/images/detail?sort_key=created_at&sort_dir=desc&limit=1000 HTTP/1.1" 200 713 0.535798
2016-02-23 22:31:08.381 2015 INFO eventlet.wsgi.server [req-0d0df110-67e4-4be9-87c2-e198ca73c51d a7efbc8d2a394409a3bc37b6078a3283 4cf1e5c5b43442838d14781be3f285b1 - - -] 192.168.0.10 - - [23/Feb/2016 22:31:08] "HEAD /v1/images/8a724f78-2673-4ea1-b607-373626a15afb HTTP/1.1" 200 817 0.237573
2016-02-23 22:31:12.507 2015 INFO eventlet.wsgi.server [req-b0f8af55-3b43-4823-bf91-448cad003a68 a7efbc8d2a394409a3bc37b6078a3283 4cf1e5c5b43442838d14781be3f285b1 - - -] 192.168.0.10 - - [23/Feb/2016 22:31:12] "HEAD /v1/images/8a724f78-2673-4ea1-b607-373626a15afb HTTP/1.1" 200 817 0.234591
2016-02-23 22:31:18.901 2020 INFO eventlet.wsgi.server [req-4de19ee0-0f75-461e-9ad0-56db9eaec2ce a7efbc8d2a394409a3bc37b6078a3283 4cf1e5c5b43442838d14781be3f285b1 - - -] 192.168.0.10 - - [23/Feb/2016 22:31:18] "HEAD /v1/images/8a724f78-2673-4ea1-b607-373626a15afb HTTP/1.1" 200 817 0.060733
2016-02-23 22:36:54.094 2010 INFO eventlet.wsgi.server [req-646d29f6-8ee3-402f-8321-b03ae76519f5 9b1f9b36d7354b1ea121ccfbae339d8b 85a11a1515f94848be7aa5b56adec8bf - - -] 192.168.0.10 - - [23/Feb/2016 22:36:54] "GET /v1/images/detail?is_public=None&limit=20 HTTP/1.1" 200 713 0.389316
2016-02-23 22:37:11.250 2020 INFO eventlet.wsgi.server [req-657cfa74-45aa-45f6-8489-4de943f9421c 9b1f9b36d7354b1ea121ccfbae339d8b 85a11a1515f94848be7aa5b56adec8bf - - -] 192.168.0.10 - - [23/Feb/2016 22:37:11] "HEAD /v1/images/8a724f78-2673-4ea1-b607-373626a15afb HTTP/1.1" 200 817 0.294822
2016-02-23 22:42:10.315 2015 INFO eventlet.wsgi.server [req-4dc20ae0-5d93-4684-a6dc-5cd5891e487e e9483918caa940a48fe882ba092c7e0b 300b2cc45c3846939e589310ae714e46 - - -] 192.168.0.10 - - [23/Feb/2016 22:42:10] "HEAD /v1/images/8a724f78-2673-4ea1-b607-373626a15afb HTTP/1.1" 200 817 0.240628
2016-02-23 22:44:43.110 2010 INFO eventlet.wsgi.server [req-2c5e3056-4295-41bf-a894-79726114c4d4 e9483918caa940a48fe882ba092c7e0b 300b2cc45c3846939e589310ae714e46 - - -] 192.168.0.10 - - [23/Feb/2016 22:44:43] "HEAD /v1/images/8a724f78-2673-4ea1-b607-373626a15afb HTTP/1.1" 200 817 0.228780
2016-02-23 22:45:42.051 2015 INFO eventlet.wsgi.server [req-c127b2ea-f799-4297-b968-9e9b6f2b8711 e9483918caa940a48fe882ba092c7e0b 300b2cc45c3846939e589310ae714e46 - - -] 192.168.0.10 - - [23/Feb/2016 22:45:42] "HEAD /v1/images/8a724f78-2673-4ea1-b607-373626a15afb HTTP/1.1" 200 817 0.239271
2016-02-23 22:46:16.281 2010 INFO eventlet.wsgi.server [req-43f056a0-36bc-4b32-abe5-f601fff5bfaf e9483918caa940a48fe882ba092c7e0b 300b2cc45c3846939e589310ae714e46 - - -] 192.168.0.10 - - [23/Feb/2016 22:46:16] "HEAD /v1/images/8a724f78-2673-4ea1-b607-373626a15afb HTTP/1.1" 200 817 0.285447
2016-02-23 22:46:54.170 2015 INFO eventlet.wsgi.server [req-3f333be4-9fe7-4bfa-bab1-39d99260a6f9 9b1f9b36d7354b1ea121ccfbae339d8b 85a11a1515f94848be7aa5b56adec8bf - - -] 192.168.0.10 - - [23/Feb/2016 22:46:54] "GET /v1/images/detail?is_public=None&limit=20 HTTP/1.1" 200 713 0.458058
2016-02-23 22:47:01.203 2020 INFO eventlet.wsgi.server [req-bb8041f8-6f75-4cbc-9a8d-fede31884334 e9483918caa940a48fe882ba092c7e0b 300b2cc45c3846939e589310ae714e46 - - -] 192.168.0.10 - - [23/Feb/2016 22:47:01] "HEAD /v1/images/8a724f78-2673-4ea1-b607-373626a15afb HTTP/1.1" 200 817 0.216744
2016-02-23 22:47:11.190 2003 INFO eventlet.wsgi.server [req-484d1df1-8d5e-446f-8121-202437e13ba0 9b1f9b36d7354b1ea121ccfbae339d8b 85a11a1515f94848be7aa5b56adec8bf - - -] 192.168.0.10 - - [23/Feb/2016 22:47:11] "HEAD /v1/images/8a724f78-2673-4ea1-b607-373626a15afb HTTP/1.1" 200 817 0.230867
2016-02-23 22:47:33.713 2010 INFO eventlet.wsgi.server [req-83ad168a-0fd0-4a9d-8864-cdb815067ee9 e9483918caa940a48fe882ba092c7e0b 300b2cc45c3846939e589310ae714e46 - - -] 192.168.0.10 - - [23/Feb/2016 22:47:33] "HEAD /v1/images/8a724f78-2673-4ea1-b607-373626a15afb HTTP/1.1" 200 817 0.353219
2016-02-23 22:48:17.370 2003 INFO eventlet.wsgi.server [req-f945cf8f-d831-4aea-bd0b-7b602109c386 e9483918caa940a48fe882ba092c7e0b 300b2cc45c3846939e589310ae714e46 - - -] 192.168.0.10 - - [23/Feb/2016 22:48:17] "HEAD /v1/images/8a724f78-2673-4ea1-b607-373626a15afb HTTP/1.1" 200 817 0.339129
2016-02-23 22:49:16.024 2010 INFO eventlet.wsgi.server [req-3bde332e-fdce-4be7-a70c-1e4d7faef89b a7efbc8d2a394409a3bc37b6078a3283 4cf1e5c5b43442838d14781be3f285b1 - - -] 192.168.0.10 - - [23/Feb/2016 22:49:16] "GET /v1/images/detail?sort_key=created_at&sort_dir=desc&limit=1000 HTTP/1.1" 200 713 0.369489
2016-02-23 22:49:53.450 2015 INFO eventlet.wsgi.server [req-685eeab0-5e11-4c92-b97f-7b580d924564 e9483918caa940a48fe882ba092c7e0b 300b2cc45c3846939e589310ae714e46 - - -] 192.168.0.10 - - [23/Feb/2016 22:49:53] "HEAD /v1/images/8a724f78-2673-4ea1-b607-373626a15afb HTTP/1.1" 200 817 0.218652
2016-02-23 22:50:47.457 2003 INFO eventlet.wsgi.server [req-7c4f4a40-36c7-4839-83c0-94a0b19eb10f e9483918caa940a48fe882ba092c7e0b 300b2cc45c3846939e589310ae714e46 - - -] 192.168.0.10 - - [23/Feb/2016 22:50:47] "HEAD /v1/images/8a724f78-2673-4ea1-b607-373626a15afb HTTP/1.1" 200 817 0.247640
2016-02-23 22:51:09.791 2020 INFO eventlet.wsgi.server [req-ec076e8b-6eb1-4b39-8038-e848dd7de70f e9483918caa940a48fe882ba092c7e0b 300b2cc45c3846939e589310ae714e46 - - -] 192.168.0.13 - - [23/Feb/2016 22:51:09] "HEAD /v1/images/8a724f78-2673-4ea1-b607-373626a15afb HTTP/1.1" 200 817 0.298307
2016-02-23 22:51:12.828 2020 INFO eventlet.wsgi.server [req-7363af6b-28dd-45b7-a003-e4cfa1802f01 e9483918caa940a48fe882ba092c7e0b 300b2cc45c3846939e589310ae714e46 - - -] 192.168.0.10 - - [23/Feb/2016 22:51:12] "HEAD /v1/images/8a724f78-2673-4ea1-b607-373626a15afb HTTP/1.1" 200 817 0.246517
2016-02-23 22:52:05.057 2020 INFO eventlet.wsgi.server [req-b8a0449a-e38b-4219-948a-3c18ec835e1a e9483918caa940a48fe882ba092c7e0b 300b2cc45c3846939e589310ae714e46 - - -] 192.168.0.10 - - [23/Feb/2016 22:52:05] "HEAD /v1/images/8a724f78-2673-4ea1-b607-373626a15afb HTTP/1.1" 200 817 0.262112
2016-02-23 22:52:28.220 2015 INFO eventlet.wsgi.server [req-79427dfe-e994-46de-9832-3cd354fe38b1 e9483918caa940a48fe882ba092c7e0b 300b2cc45c3846939e589310ae714e46 - - -] 192.168.0.10 - - [23/Feb/2016 22:52:28] "HEAD /v1/images/8a724f78-2673-4ea1-b607-373626a15afb HTTP/1.1" 200 817 0.284350
2016-02-23 22:52:51.453 2015 INFO eventlet.wsgi.server [req-ebfbb83c-9824-47de-b523-89ceeb9cdef3 e9483918caa940a48fe882ba092c7e0b 300b2cc45c3846939e589310ae714e46 - - -] 192.168.0.10 - - [23/Feb/2016 22:52:51] "HEAD /v1/images/8a724f78-2673-4ea1-b607-373626a15afb HTTP/1.1" 200 817 0.243376
2016-02-23 22:53:54.396 2015 INFO eventlet.wsgi.server [req-4c3faecd-3fab-4f77-b575-091dd271ba1f e9483918caa940a48fe882ba092c7e0b 300b2cc45c3846939e589310ae714e46 - - -] 192.168.0.13 - - [23/Feb/2016 22:53:54] "HEAD /v1/images/8a724f78-2673-4ea1-b607-373626a15afb HTTP/1.1" 200 817 0.235088
2016-02-23 22:54:37.985 2015 INFO eventlet.wsgi.server [req-97bc4b4c-1f08-44a5-8773-366577c38bb6 e9483918caa940a48fe882ba092c7e0b 300b2cc45c3846939e589310ae714e46 - - -] 192.168.0.10 - - [23/Feb/2016 22:54:37] "HEAD /v1/images/8a724f78-2673-4ea1-b607-373626a15afb HTTP/1.1" 200 817 0.376037
2016-02-23 22:55:20.985 2020 INFO eventlet.wsgi.server [req-17b1d88f-66ad-4f27-922b-c8f9886717c7 e9483918caa940a48fe882ba092c7e0b 300b2cc45c3846939e589310ae714e46 - - -] 192.168.0.10 - - [23/Feb/2016 22:55:20] "HEAD /v1/images/8a724f78-2673-4ea1-b607-373626a15afb HTTP/1.1" 200 817 0.307073
2016-02-23 22:56:00.765 2003 INFO eventlet.wsgi.server [req-5d9cfcfe-930a-4358-9c02-223d5aadf860 e9483918caa940a48fe882ba092c7e0b 300b2cc45c3846939e589310ae714e46 - - -] 192.168.0.10 - - [23/Feb/2016 22:56:00] "HEAD /v1/images/8a724f78-2673-4ea1-b607-373626a15afb HTTP/1.1" 200 817 0.281781
2016-02-23 22:56:54.173 2015 INFO eventlet.wsgi.server [req-9e48ea7b-e01c-44e2-8c43-e90345cca030 9b1f9b36d7354b1ea121ccfbae339d8b 85a11a1515f94848be7aa5b56adec8bf - - -] 192.168.0.10 - - [23/Feb/2016 22:56:54] "GET /v1/images/detail?is_public=None&limit=20 HTTP/1.1" 200 713 0.241026
2016-02-23 22:56:59.285 2010 INFO eventlet.wsgi.server [req-4c05cb6c-a773-44dc-9519-0fa3e620a4dc e9483918caa940a48fe882ba092c7e0b 300b2cc45c3846939e589310ae714e46 - - -] 192.168.0.13 - - [23/Feb/2016 22:56:59] "HEAD /v1/images/8a724f78-2673-4ea1-b607-373626a15afb HTTP/1.1" 200 817 0.206249
2016-02-23 22:57:03.529 2020 INFO eventlet.wsgi.server [req-a11f6092-399d-4720-a641-0412cbce7d4c e9483918caa940a48fe882ba092c7e0b 300b2cc45c3846939e589310ae714e46 - - -] 192.168.0.10 - - [23/Feb/2016 22:57:03] "HEAD /v1/images/8a724f78-2673-4ea1-b607-373626a15afb HTTP/1.1" 200 817 0.429220
2016-02-23 22:57:11.505 2003 INFO eventlet.wsgi.server [req-6414019e-1cf7-4c7a-8ec6-1a461f1e52e4 9b1f9b36d7354b1ea121ccfbae339d8b 85a11a1515f94848be7aa5b56adec8bf - - -] 192.168.0.10 - - [23/Feb/2016 22:57:11] "HEAD /v1/images/8a724f78-2673-4ea1-b607-373626a15afb HTTP/1.1" 200 817 0.291824
2016-02-23 22:57:14.463 2003 INFO eventlet.wsgi.server [req-eb7dc8aa-285d-4d42-90a2-3831830819e6 e9483918caa940a48fe882ba092c7e0b 300b2cc45c3846939e589310ae714e46 - - -] 192.168.0.10 - - [23/Feb/2016 22:57:14] "HEAD /v1/images/8a724f78-2673-4ea1-b607-373626a15afb HTTP/1.1" 200 817 0.260009
2016-02-23 22:57:20.914 2020 INFO eventlet.wsgi.server [req-baa0a6ee-e95d-4cd0-9600-e4c75e343c7b e9483918caa940a48fe882ba092c7e0b 300b2cc45c3846939e589310ae714e46 - - -] 192.168.0.10 - - [23/Feb/2016 22:57:20] "HEAD /v1/images/8a724f78-2673-4ea1-b607-373626a15afb HTTP/1.1" 200 817 0.282817
2016-02-23 22:57:25.209 2020 INFO eventlet.wsgi.server [req-87988184-d12b-4e8c-9214-7262c532377c e9483918caa940a48fe882ba092c7e0b 300b2cc45c3846939e589310ae714e46 - - -] 192.168.0.10 - - [23/Feb/2016 22:57:25] "HEAD /v1/images/8a724f78-2673-4ea1-b607-373626a15afb HTTP/1.1" 200 817 0.268321
2016-02-23 22:57:29.206 2020 INFO eventlet.wsgi.server [req-1fc36e8e-b7a5-4151-b96e-cd514d2541b7 e9483918caa940a48fe882ba092c7e0b 300b2cc45c3846939e589310ae714e46 - - -] 192.168.0.10 - - [23/Feb/2016 22:57:29] "HEAD /v1/images/8a724f78-2673-4ea1-b607-373626a15afb HTTP/1.1" 200 817 0.299855
2016-02-23 22:57:33.047 2020 INFO eventlet.wsgi.server [req-b4657a5e-6ba2-46fc-bcb7-7712066b56b5 e9483918caa940a48fe882ba092c7e0b 300b2cc45c3846939e589310ae714e46 - - -] 192.168.0.10 - - [23/Feb/2016 22:57:33] "HEAD /v1/images/8a724f78-2673-4ea1-b607-373626a15afb HTTP/1.1" 200 817 0.273776
2016-02-23 22:57:36.687 2010 INFO eventlet.wsgi.server [req-1107faf3-baa7-40cb-a698-aa52233b9cec e9483918caa940a48fe882ba092c7e0b 300b2cc45c3846939e589310ae714e46 - - -] 192.168.0.10 - - [23/Feb/2016 22:57:36] "HEAD /v1/images/8a724f78-2673-4ea1-b607-373626a15afb HTTP/1.1" 200 817 0.269016
2016-02-23 22:57:40.401 2003 INFO eventlet.wsgi.server [req-9e04073b-9b42-4b36-8ff6-f977c67ad7dc e9483918caa940a48fe882ba092c7e0b 300b2cc45c3846939e589310ae714e46 - - -] 192.168.0.10 - - [23/Feb/2016 22:57:40] "HEAD /v1/images/8a724f78-2673-4ea1-b607-373626a15afb HTTP/1.1" 200 817 0.302803
2016-02-23 22:57:44.485 2003 INFO eventlet.wsgi.server [req-d4627db0-bb78-4702-9eb7-a3ba4dcc34a6 e9483918caa940a48fe882ba092c7e0b 300b2cc45c3846939e589310ae714e46 - - -] 192.168.0.10 - - [23/Feb/2016 22:57:44] "HEAD /v1/images/8a724f78-2673-4ea1-b607-373626a15afb HTTP/1.1" 200 817 0.262817
