2015-06-22 21:09:24.710 19793 INFO migrate.versioning.api [-] 0 -> 1... 
2015-06-22 21:09:24.721 19793 INFO glance.db.sqlalchemy.migrate_repo.schema [-] creating table images
2015-06-22 21:09:24.768 19793 INFO migrate.versioning.api [-] done
2015-06-22 21:09:24.769 19793 INFO migrate.versioning.api [-] 1 -> 2... 
2015-06-22 21:09:24.784 19793 INFO glance.db.sqlalchemy.migrate_repo.schema [-] creating table image_properties
2015-06-22 21:09:24.843 19793 INFO migrate.versioning.api [-] done
2015-06-22 21:09:24.844 19793 INFO migrate.versioning.api [-] 2 -> 3... 
2015-06-22 21:09:24.884 19793 INFO migrate.versioning.api [-] done
2015-06-22 21:09:24.884 19793 INFO migrate.versioning.api [-] 3 -> 4... 
2015-06-22 21:09:24.900 19793 INFO migrate.versioning.api [-] done
2015-06-22 21:09:24.900 19793 INFO migrate.versioning.api [-] 4 -> 5... 
2015-06-22 21:09:24.917 19793 INFO migrate.versioning.api [-] done
2015-06-22 21:09:24.917 19793 INFO migrate.versioning.api [-] 5 -> 6... 
2015-06-22 21:09:24.961 19793 INFO migrate.versioning.api [-] done
2015-06-22 21:09:24.962 19793 INFO migrate.versioning.api [-] 6 -> 7... 
2015-06-22 21:09:24.979 19793 INFO migrate.versioning.api [-] done
2015-06-22 21:09:24.979 19793 INFO migrate.versioning.api [-] 7 -> 8... 
2015-06-22 21:09:24.996 19793 INFO glance.db.sqlalchemy.migrate_repo.schema [-] creating table image_members
2015-06-22 21:09:25.055 19793 INFO migrate.versioning.api [-] done
2015-06-22 21:09:25.055 19793 INFO migrate.versioning.api [-] 8 -> 9... 
2015-06-22 21:09:25.083 19793 INFO migrate.versioning.api [-] done
2015-06-22 21:09:25.083 19793 INFO migrate.versioning.api [-] 9 -> 10... 
2015-06-22 21:09:25.094 19793 INFO migrate.versioning.api [-] done
2015-06-22 21:09:25.094 19793 INFO migrate.versioning.api [-] 10 -> 11... 
2015-06-22 21:09:25.117 19793 INFO migrate.versioning.api [-] done
2015-06-22 21:09:25.118 19793 INFO migrate.versioning.api [-] 11 -> 12... 
2015-06-22 21:09:25.183 19793 INFO migrate.versioning.api [-] done
2015-06-22 21:09:25.183 19793 INFO migrate.versioning.api [-] 12 -> 13... 
2015-06-22 21:09:25.206 19793 INFO migrate.versioning.api [-] done
2015-06-22 21:09:25.207 19793 INFO migrate.versioning.api [-] 13 -> 14... 
2015-06-22 21:09:25.223 19793 INFO glance.db.sqlalchemy.migrate_repo.schema [-] creating table image_tags
2015-06-22 21:09:25.269 19793 INFO migrate.versioning.api [-] done
2015-06-22 21:09:25.269 19793 INFO migrate.versioning.api [-] 14 -> 15... 
2015-06-22 21:09:25.283 19793 INFO migrate.versioning.api [-] done
2015-06-22 21:09:25.283 19793 INFO migrate.versioning.api [-] 15 -> 16... 
2015-06-22 21:09:25.306 19793 INFO migrate.versioning.api [-] done
2015-06-22 21:09:25.306 19793 INFO migrate.versioning.api [-] 16 -> 17... 
2015-06-22 21:09:25.364 19793 INFO 017_quote_encrypted_swift_credentials [-] 'metadata_encryption_key' was not specified in the config file or a config file was not specified. This means that this migration is a NOOP.
2015-06-22 21:09:25.371 19793 INFO migrate.versioning.api [-] done
2015-06-22 21:09:25.371 19793 INFO migrate.versioning.api [-] 17 -> 18... 
2015-06-22 21:09:25.387 19793 INFO glance.db.sqlalchemy.migrate_repo.schema [-] creating table image_locations
2015-06-22 21:09:25.436 19793 INFO migrate.versioning.api [-] done
2015-06-22 21:09:25.437 19793 INFO migrate.versioning.api [-] 18 -> 19... 
2015-06-22 21:09:25.453 19793 INFO migrate.versioning.api [-] done
2015-06-22 21:09:25.453 19793 INFO migrate.versioning.api [-] 19 -> 20... 
2015-06-22 21:09:25.470 19793 INFO migrate.versioning.api [-] done
2015-06-22 21:09:25.471 19793 INFO migrate.versioning.api [-] 20 -> 21... 
2015-06-22 21:09:25.479 19793 INFO migrate.versioning.api [-] done
2015-06-22 21:09:25.479 19793 INFO migrate.versioning.api [-] 21 -> 22... 
2015-06-22 21:09:25.513 19793 INFO migrate.versioning.api [-] done
2015-06-22 21:09:25.513 19793 INFO migrate.versioning.api [-] 22 -> 23... 
2015-06-22 21:09:25.519 19793 INFO migrate.versioning.api [-] done
2015-06-22 21:09:25.520 19793 INFO migrate.versioning.api [-] 23 -> 24... 
2015-06-22 21:09:25.526 19793 INFO migrate.versioning.api [-] done
2015-06-22 21:09:25.527 19793 INFO migrate.versioning.api [-] 24 -> 25... 
2015-06-22 21:09:25.533 19793 INFO migrate.versioning.api [-] done
2015-06-22 21:09:25.533 19793 INFO migrate.versioning.api [-] 25 -> 26... 
2015-06-22 21:09:25.556 19793 INFO migrate.versioning.api [-] done
2015-06-22 21:09:25.556 19793 INFO migrate.versioning.api [-] 26 -> 27... 
2015-06-22 21:09:25.601 19793 INFO migrate.versioning.api [-] done
2015-06-22 21:09:25.601 19793 INFO migrate.versioning.api [-] 27 -> 28... 
2015-06-22 21:09:25.642 19793 INFO migrate.versioning.api [-] done
2015-06-22 21:09:25.643 19793 INFO migrate.versioning.api [-] 28 -> 29... 
2015-06-22 21:09:25.681 19793 INFO migrate.versioning.api [-] done
2015-06-22 21:09:25.681 19793 INFO migrate.versioning.api [-] 29 -> 30... 
2015-06-22 21:09:25.690 19793 INFO glance.db.sqlalchemy.migrate_repo.schema [-] creating table tasks
2015-06-22 21:09:25.825 19793 INFO migrate.versioning.api [-] done
2015-06-22 21:09:25.825 19793 INFO migrate.versioning.api [-] 30 -> 31... 
2015-06-22 21:09:25.842 19793 INFO migrate.versioning.api [-] done
2015-06-22 21:09:25.842 19793 INFO migrate.versioning.api [-] 31 -> 32... 
2015-06-22 21:09:25.855 19793 INFO glance.db.sqlalchemy.migrate_repo.schema [-] creating table task_info
2015-06-22 21:09:25.888 19793 INFO migrate.versioning.api [-] done
2015-06-22 21:09:25.888 19793 INFO migrate.versioning.api [-] 32 -> 33... 
2015-06-22 21:09:25.917 19793 INFO migrate.versioning.api [-] done
2015-06-22 21:09:25.918 19793 INFO migrate.versioning.api [-] 33 -> 34... 
2015-06-22 21:09:25.936 19793 INFO migrate.versioning.api [-] done
2015-06-22 21:09:25.936 19793 INFO migrate.versioning.api [-] 34 -> 35... 
2015-06-22 21:09:25.960 19793 INFO glance.db.sqlalchemy.migrate_repo.schema [-] creating table metadef_namespaces
2015-06-22 21:09:25.999 19793 INFO glance.db.sqlalchemy.migrate_repo.schema [-] creating table metadef_objects
2015-06-22 21:09:26.036 19793 INFO glance.db.sqlalchemy.migrate_repo.schema [-] creating table metadef_properties
2015-06-22 21:09:26.072 19793 INFO glance.db.sqlalchemy.migrate_repo.schema [-] creating table metadef_resource_types
2015-06-22 21:09:26.112 19793 INFO glance.db.sqlalchemy.migrate_repo.schema [-] creating table metadef_namespace_resource_types
2015-06-22 21:09:26.150 19793 INFO migrate.versioning.api [-] done
2015-06-22 21:09:26.150 19793 INFO migrate.versioning.api [-] 35 -> 36... 
2015-06-22 21:09:26.179 19793 INFO migrate.versioning.api [-] done
2015-06-22 21:09:26.179 19793 INFO migrate.versioning.api [-] 36 -> 37... 
2015-06-22 21:09:26.222 19793 INFO migrate.versioning.api [-] done
2015-06-22 21:09:26.222 19793 INFO migrate.versioning.api [-] 37 -> 38... 
2015-06-22 21:09:26.228 19793 INFO glance.db.sqlalchemy.migrate_repo.schema [-] creating table metadef_tags
2015-06-22 21:09:26.253 19793 INFO migrate.versioning.api [-] done
2015-06-22 21:09:26.253 19793 INFO migrate.versioning.api [-] 38 -> 39... 
2015-06-22 21:09:26.552 19793 INFO migrate.versioning.api [-] done
2015-06-22 21:09:26.553 19793 INFO migrate.versioning.api [-] 39 -> 40... 
2015-06-22 21:09:26.570 19793 INFO migrate.versioning.api [-] done
2015-06-22 21:09:26.570 19793 INFO migrate.versioning.api [-] 40 -> 41... 
2015-06-22 21:09:26.603 19793 INFO glance.db.sqlalchemy.migrate_repo.schema [-] creating table artifacts
2015-06-22 21:09:26.778 19793 INFO glance.db.sqlalchemy.migrate_repo.schema [-] creating table artifact_tags
2015-06-22 21:09:26.886 19793 INFO glance.db.sqlalchemy.migrate_repo.schema [-] creating table artifact_properties
2015-06-22 21:09:26.964 19793 INFO glance.db.sqlalchemy.migrate_repo.schema [-] creating table artifact_blobs
2015-06-22 21:09:27.043 19793 INFO glance.db.sqlalchemy.migrate_repo.schema [-] creating table artifact_blob_locations
2015-06-22 21:09:27.097 19793 INFO glance.db.sqlalchemy.migrate_repo.schema [-] creating table artifact_dependencies
2015-06-22 21:09:27.221 19793 INFO migrate.versioning.api [-] done
2015-06-22 21:09:28.788 19828 INFO glance.common.wsgi [-] Starting 4 workers
2015-06-22 21:09:28.803 19828 INFO glance.common.wsgi [-] Started child 19841
2015-06-22 21:09:28.807 19841 INFO eventlet.wsgi.server [-] (19841) wsgi starting up on http://0.0.0.0:9191/
2015-06-22 21:09:28.815 19828 INFO glance.common.wsgi [-] Started child 19842
2015-06-22 21:09:28.827 19842 INFO eventlet.wsgi.server [-] (19842) wsgi starting up on http://0.0.0.0:9191/
2015-06-22 21:09:28.838 19828 INFO glance.common.wsgi [-] Started child 19843
2015-06-22 21:09:28.847 19843 INFO eventlet.wsgi.server [-] (19843) wsgi starting up on http://0.0.0.0:9191/
2015-06-22 21:09:28.866 19828 INFO glance.common.wsgi [-] Started child 19844
2015-06-22 21:09:28.882 19844 INFO eventlet.wsgi.server [-] (19844) wsgi starting up on http://0.0.0.0:9191/
2015-06-22 21:19:35.065 19843 INFO eventlet.wsgi.server [req-990f5c0c-390e-481f-b08e-ad27dbb599c1 6146821b56ed4ca18f82b0f90afd278c 85a11a1515f94848be7aa5b56adec8bf - - -] 127.0.0.1 - - [22/Jun/2015 21:19:35] "GET /images/detail?sort_key=name&sort_dir=asc&limit=20 HTTP/1.1" 200 207 0.551494
2015-06-22 21:19:37.075 19842 INFO glance.registry.api.v1.images [req-9ddb5277-f6c3-49cb-851f-03a25b132d4a 6146821b56ed4ca18f82b0f90afd278c 85a11a1515f94848be7aa5b56adec8bf - - -] Successfully created image 8a724f78-2673-4ea1-b607-373626a15afb
2015-06-22 21:19:37.078 19842 INFO eventlet.wsgi.server [req-9ddb5277-f6c3-49cb-851f-03a25b132d4a 6146821b56ed4ca18f82b0f90afd278c 85a11a1515f94848be7aa5b56adec8bf - - -] 127.0.0.1 - - [22/Jun/2015 21:19:37] "POST /images HTTP/1.1" 200 695 0.616603
2015-06-22 21:19:38.017 19841 INFO glance.registry.api.v1.images [req-77d1e8fc-e968-409e-bf24-0a142f6de936 6146821b56ed4ca18f82b0f90afd278c 85a11a1515f94848be7aa5b56adec8bf - - -] Updating metadata for image 8a724f78-2673-4ea1-b607-373626a15afb
2015-06-22 21:19:38.020 19841 INFO eventlet.wsgi.server [req-77d1e8fc-e968-409e-bf24-0a142f6de936 6146821b56ed4ca18f82b0f90afd278c 85a11a1515f94848be7aa5b56adec8bf - - -] 127.0.0.1 - - [22/Jun/2015 21:19:38] "PUT /images/8a724f78-2673-4ea1-b607-373626a15afb HTTP/1.1" 200 695 0.690568
2015-06-22 21:19:41.698 19841 INFO glance.registry.api.v1.images [req-bd2e93f6-4630-438c-80f8-1fccb7dbbff4 6146821b56ed4ca18f82b0f90afd278c 85a11a1515f94848be7aa5b56adec8bf - - -] Updating metadata for image 8a724f78-2673-4ea1-b607-373626a15afb
2015-06-22 21:19:41.700 19841 INFO eventlet.wsgi.server [req-bd2e93f6-4630-438c-80f8-1fccb7dbbff4 6146821b56ed4ca18f82b0f90afd278c 85a11a1515f94848be7aa5b56adec8bf - - -] 127.0.0.1 - - [22/Jun/2015 21:19:41] "PUT /images/8a724f78-2673-4ea1-b607-373626a15afb HTTP/1.1" 200 725 0.072631
2015-06-22 21:19:41.828 19841 INFO glance.registry.api.v1.images [req-e8b4c017-4307-4e7e-8776-f184df8232bb 6146821b56ed4ca18f82b0f90afd278c 85a11a1515f94848be7aa5b56adec8bf - - -] Updating metadata for image 8a724f78-2673-4ea1-b607-373626a15afb
2015-06-22 21:19:41.831 19841 INFO eventlet.wsgi.server [req-e8b4c017-4307-4e7e-8776-f184df8232bb 6146821b56ed4ca18f82b0f90afd278c 85a11a1515f94848be7aa5b56adec8bf - - -] 127.0.0.1 - - [22/Jun/2015 21:19:41] "PUT /images/8a724f78-2673-4ea1-b607-373626a15afb HTTP/1.1" 200 911 0.109067
2015-06-22 21:24:12.684 19841 INFO eventlet.wsgi.server [req-8fe2be0f-f851-437e-98db-d21dc024a2f4 e9483918caa940a48fe882ba092c7e0b 300b2cc45c3846939e589310ae714e46 - - -] 127.0.0.1 - - [22/Jun/2015 21:24:12] "GET /images/detail?sort_key=name&sort_dir=asc&limit=20 HTTP/1.1" 200 914 0.148076
2015-06-22 21:30:23.616 19842 INFO eventlet.wsgi.server [req-447c607e-3cd1-4fca-a10d-e96d6760bd3b e9483918caa940a48fe882ba092c7e0b 300b2cc45c3846939e589310ae714e46 - - -] 127.0.0.1 - - [22/Jun/2015 21:30:23] "GET /images/detail?sort_key=name&is_public=None&limit=20&sort_dir=asc HTTP/1.1" 200 914 0.133672
2015-06-22 21:31:34.366 19844 INFO eventlet.wsgi.server [req-bb99f7ab-536b-40b0-919e-1605f2d1dace 9b1f9b36d7354b1ea121ccfbae339d8b 85a11a1515f94848be7aa5b56adec8bf - - -] 127.0.0.1 - - [22/Jun/2015 21:31:34] "GET /images/detail?is_public=None&limit=20 HTTP/1.1" 200 914 0.496891
2015-06-22 22:07:17.983 1040 INFO glance.common.wsgi [-] Starting 4 workers
2015-06-22 22:07:18.106 1040 INFO glance.common.wsgi [-] Started child 1836
2015-06-22 22:07:18.133 1836 INFO eventlet.wsgi.server [-] (1836) wsgi starting up on http://0.0.0.0:9191/
2015-06-22 22:07:18.240 1040 INFO glance.common.wsgi [-] Started child 1842
2015-06-22 22:07:18.295 1842 INFO eventlet.wsgi.server [-] (1842) wsgi starting up on http://0.0.0.0:9191/
2015-06-22 22:07:18.409 1040 INFO glance.common.wsgi [-] Started child 1846
2015-06-22 22:07:18.445 1846 INFO eventlet.wsgi.server [-] (1846) wsgi starting up on http://0.0.0.0:9191/
2015-06-22 22:07:18.617 1040 INFO glance.common.wsgi [-] Started child 1855
2015-06-22 22:07:18.628 1855 INFO eventlet.wsgi.server [-] (1855) wsgi starting up on http://0.0.0.0:9191/
2015-06-22 22:09:27.103 1836 INFO eventlet.wsgi.server [req-11d32950-7384-4519-a1bb-98e19aa758a4 e9483918caa940a48fe882ba092c7e0b 300b2cc45c3846939e589310ae714e46 - - -] 127.0.0.1 - - [22/Jun/2015 22:09:27] "GET /images/detail?sort_key=name&sort_dir=asc&limit=20 HTTP/1.1" 200 914 0.518777
2015-06-22 22:14:58.841 1842 INFO eventlet.wsgi.server [req-7d250d33-765f-4d51-910d-8c259ade5a30 e9483918caa940a48fe882ba092c7e0b 300b2cc45c3846939e589310ae714e46 - - -] 127.0.0.1 - - [22/Jun/2015 22:14:58] "GET /images/detail?sort_key=name&is_public=None&limit=20&sort_dir=asc HTTP/1.1" 200 914 0.478155
2015-06-22 22:17:19.097 1855 INFO eventlet.wsgi.server [req-646e00c6-6ac4-4f9a-be3b-92720cdb56eb 9b1f9b36d7354b1ea121ccfbae339d8b 85a11a1515f94848be7aa5b56adec8bf - - -] 127.0.0.1 - - [22/Jun/2015 22:17:19] "GET /images/detail?is_public=None&limit=20 HTTP/1.1" 200 914 0.538046
2015-06-22 22:19:58.198 1836 INFO eventlet.wsgi.server [req-29f5c8cb-42a5-4284-839b-75ce5b001273 e9483918caa940a48fe882ba092c7e0b 300b2cc45c3846939e589310ae714e46 - - -] 127.0.0.1 - - [22/Jun/2015 22:19:58] "GET /images/detail?sort_key=name&is_public=None&limit=20&sort_dir=asc HTTP/1.1" 200 914 0.117634
2015-06-22 22:24:58.452 1836 INFO eventlet.wsgi.server [req-14d02618-1928-4f76-abd7-8694b72ae198 e9483918caa940a48fe882ba092c7e0b 300b2cc45c3846939e589310ae714e46 - - -] 127.0.0.1 - - [22/Jun/2015 22:24:58] "GET /images/detail?sort_key=name&is_public=None&limit=20&sort_dir=asc HTTP/1.1" 200 914 0.136249
2015-06-22 22:27:16.938 1855 INFO eventlet.wsgi.server [req-e68dd068-6e81-40c4-8c09-38b892d3d7da 9b1f9b36d7354b1ea121ccfbae339d8b 85a11a1515f94848be7aa5b56adec8bf - - -] 127.0.0.1 - - [22/Jun/2015 22:27:16] "GET /images/detail?is_public=None&limit=20 HTTP/1.1" 200 914 0.147532
2015-06-22 22:27:47.022 1836 INFO eventlet.wsgi.server [req-451ac90c-d39b-4bf0-9ab2-813370fa5fec e9483918caa940a48fe882ba092c7e0b 300b2cc45c3846939e589310ae714e46 - - -] 127.0.0.1 - - [22/Jun/2015 22:27:47] "GET /images/detail?sort_key=name&sort_dir=asc&limit=20 HTTP/1.1" 200 914 0.133257
2015-06-22 22:29:58.219 1836 INFO eventlet.wsgi.server [req-fe00c6d5-6341-4254-bb74-38d8366c2e50 e9483918caa940a48fe882ba092c7e0b 300b2cc45c3846939e589310ae714e46 - - -] 127.0.0.1 - - [22/Jun/2015 22:29:58] "GET /images/detail?sort_key=name&is_public=None&limit=20&sort_dir=asc HTTP/1.1" 200 914 0.113585
2015-06-22 22:30:43.509 1855 INFO eventlet.wsgi.server [req-e2314643-64b2-4666-99ef-860a46706f5b 92b130a947e342adb476431b041ed43c a9c27d47441e432c8529f8f30ea3261e - - -] 127.0.0.1 - - [22/Jun/2015 22:30:43] "GET /images/detail?sort_key=created_at&sort_dir=desc&limit=1000 HTTP/1.1" 200 914 0.138430
2015-06-22 22:31:19.321 1846 INFO eventlet.wsgi.server [req-f9095ded-b56a-498a-9c20-addb0ec853c8 92b130a947e342adb476431b041ed43c a9c27d47441e432c8529f8f30ea3261e - - -] 127.0.0.1 - - [22/Jun/2015 22:31:19] "GET /images/detail?status=active&is_public=True&limit=1000&sort_dir=desc&sort_key=created_at HTTP/1.1" 200 914 0.586101
2015-06-22 22:31:19.487 1842 INFO eventlet.wsgi.server [req-d75b1eed-69af-4acc-9c9a-67fdcbf8f2e0 92b130a947e342adb476431b041ed43c a9c27d47441e432c8529f8f30ea3261e - - -] 127.0.0.1 - - [22/Jun/2015 22:31:19] "GET /images/detail?status=active&sort_key=created_at&property-owner_id=a9c27d47441e432c8529f8f30ea3261e&limit=1000&sort_dir=desc HTTP/1.1" 200 207 0.145255
2015-06-22 22:31:36.660 1842 INFO eventlet.wsgi.server [req-dd8593dd-c239-4543-8d12-a4c5535293b7 92b130a947e342adb476431b041ed43c a9c27d47441e432c8529f8f30ea3261e - - -] 127.0.0.1 - - [22/Jun/2015 22:31:36] "GET /images/detail?status=active&is_public=True&limit=1000&sort_dir=desc&sort_key=created_at HTTP/1.1" 200 914 0.052447
2015-06-22 22:31:36.713 1842 INFO eventlet.wsgi.server [req-fc3e53dc-e80b-44aa-b5e9-596381fb77cd 92b130a947e342adb476431b041ed43c a9c27d47441e432c8529f8f30ea3261e - - -] 127.0.0.1 - - [22/Jun/2015 22:31:36] "GET /images/detail?status=active&sort_key=created_at&property-owner_id=a9c27d47441e432c8529f8f30ea3261e&limit=1000&sort_dir=desc HTTP/1.1" 200 207 0.038328
2015-06-22 22:31:37.706 1842 INFO eventlet.wsgi.server [req-133f138a-77f7-46b9-8175-4d8aab56ca63 92b130a947e342adb476431b041ed43c a9c27d47441e432c8529f8f30ea3261e - - -] 127.0.0.1 - - [22/Jun/2015 22:31:37] "GET /images/8a724f78-2673-4ea1-b607-373626a15afb HTTP/1.1" 200 911 0.016507
2015-06-22 22:31:39.197 1842 INFO eventlet.wsgi.server [req-df09c65f-b388-4a29-a430-3b778859c540 92b130a947e342adb476431b041ed43c a9c27d47441e432c8529f8f30ea3261e - - -] 127.0.0.1 - - [22/Jun/2015 22:31:39] "GET /images/detail?sort_key=created_at&sort_dir=desc&limit=1000 HTTP/1.1" 200 914 0.075490
2015-06-22 22:31:39.681 1855 INFO eventlet.wsgi.server [req-ea437a5e-28a6-4f64-9226-3af4e8439b86 92b130a947e342adb476431b041ed43c a9c27d47441e432c8529f8f30ea3261e - - -] 127.0.0.1 - - [22/Jun/2015 22:31:39] "GET /images/8a724f78-2673-4ea1-b607-373626a15afb HTTP/1.1" 200 911 0.048998
2015-06-22 22:31:41.015 1836 INFO eventlet.wsgi.server [req-001f24f4-c0ed-40ee-8110-34b17200b3db 92b130a947e342adb476431b041ed43c a9c27d47441e432c8529f8f30ea3261e - - -] 127.0.0.1 - - [22/Jun/2015 22:31:41] "GET /images/8a724f78-2673-4ea1-b607-373626a15afb HTTP/1.1" 200 911 0.132936
2015-06-22 22:31:44.354 1855 INFO eventlet.wsgi.server [req-8d2663ff-7204-4b6a-9a7f-419d2835e28e 92b130a947e342adb476431b041ed43c a9c27d47441e432c8529f8f30ea3261e - - -] 127.0.0.1 - - [22/Jun/2015 22:31:44] "GET /images/8a724f78-2673-4ea1-b607-373626a15afb HTTP/1.1" 200 911 0.019503
2015-06-22 22:31:50.085 1855 INFO eventlet.wsgi.server [req-503fec04-ae8b-469e-a3fb-341ad554e6b7 92b130a947e342adb476431b041ed43c a9c27d47441e432c8529f8f30ea3261e - - -] 127.0.0.1 - - [22/Jun/2015 22:31:50] "GET /images/8a724f78-2673-4ea1-b607-373626a15afb HTTP/1.1" 200 911 0.022307
2015-06-22 22:31:58.220 1846 INFO eventlet.wsgi.server [req-edfdbfc5-d17e-4343-8a93-0d2bd72b9662 92b130a947e342adb476431b041ed43c a9c27d47441e432c8529f8f30ea3261e - - -] 127.0.0.1 - - [22/Jun/2015 22:31:58] "GET /images/8a724f78-2673-4ea1-b607-373626a15afb HTTP/1.1" 200 911 0.031516
2015-06-22 22:34:53.447 1836 INFO eventlet.wsgi.server [req-dda0cf07-39b4-430f-ab53-2e956a816d50 92b130a947e342adb476431b041ed43c a9c27d47441e432c8529f8f30ea3261e - - -] 127.0.0.1 - - [22/Jun/2015 22:34:53] "GET /images/detail?sort_key=created_at&sort_dir=desc&limit=1000 HTTP/1.1" 200 914 0.146419
2015-06-22 22:35:06.199 1842 INFO eventlet.wsgi.server [req-4593067b-bb0a-4cbb-9d0f-75eee3e65702 92b130a947e342adb476431b041ed43c a9c27d47441e432c8529f8f30ea3261e - - -] 127.0.0.1 - - [22/Jun/2015 22:35:06] "GET /images/detail?sort_key=created_at&sort_dir=desc&limit=1000 HTTP/1.1" 200 914 0.129467
2015-06-22 22:35:07.252 1855 INFO eventlet.wsgi.server [req-23cb2f53-0cdb-46b5-8f32-36d2c3790887 92b130a947e342adb476431b041ed43c a9c27d47441e432c8529f8f30ea3261e - - -] 127.0.0.1 - - [22/Jun/2015 22:35:07] "GET /images/detail?sort_key=created_at&sort_dir=desc&limit=1000 HTTP/1.1" 200 914 0.168663
2015-06-22 22:37:02.018 1040 INFO glance.common.wsgi [-] Removed dead child 1836
2015-06-22 22:37:02.437 5710 INFO eventlet.wsgi.server [-] (5710) wsgi starting up on http://0.0.0.0:9191/
2015-06-22 22:37:02.515 1040 INFO glance.common.wsgi [-] Started child 5710
2015-06-22 22:37:02.713 5710 INFO eventlet.wsgi.server [-] (5710) wsgi exited, is_accepting=True
2015-06-22 22:37:02.717 5710 INFO glance.common.wsgi [-] Child 5710 exiting normally
2015-09-30 19:05:37.664 980 INFO glance.common.wsgi [-] Starting 4 workers
2015-09-30 19:05:37.818 1829 INFO eventlet.wsgi.server [-] (1829) wsgi starting up on http://0.0.0.0:9191/
2015-09-30 19:05:37.834 980 INFO glance.common.wsgi [-] Started child 1829
2015-09-30 19:05:38.132 980 INFO glance.common.wsgi [-] Started child 1832
2015-09-30 19:05:38.107 1832 INFO eventlet.wsgi.server [-] (1832) wsgi starting up on http://0.0.0.0:9191/
2015-09-30 19:05:38.192 980 INFO glance.common.wsgi [-] Started child 1847
2015-09-30 19:05:38.304 1847 INFO eventlet.wsgi.server [-] (1847) wsgi starting up on http://0.0.0.0:9191/
2015-09-30 19:05:38.394 980 INFO glance.common.wsgi [-] Started child 1848
2015-09-30 19:05:38.380 1848 INFO eventlet.wsgi.server [-] (1848) wsgi starting up on http://0.0.0.0:9191/
2015-09-30 19:15:37.930 1848 INFO eventlet.wsgi.server [req-3fe32120-78c5-4514-8d49-35dc79df36bf 9b1f9b36d7354b1ea121ccfbae339d8b 85a11a1515f94848be7aa5b56adec8bf - - -] 127.0.0.1 - - [30/Sep/2015 19:15:37] "GET /images/detail?is_public=None&limit=20 HTTP/1.1" 200 914 0.542320
2015-09-30 19:25:36.065 1847 INFO eventlet.wsgi.server [req-72467682-be7f-41ce-9804-9c4187b2a201 9b1f9b36d7354b1ea121ccfbae339d8b 85a11a1515f94848be7aa5b56adec8bf - - -] 127.0.0.1 - - [30/Sep/2015 19:25:36] "GET /images/detail?is_public=None&limit=20 HTTP/1.1" 200 914 0.519945
2015-09-30 19:35:35.292 1829 INFO eventlet.wsgi.server [req-c9466cbe-b60b-4048-b871-9147efad246a 9b1f9b36d7354b1ea121ccfbae339d8b 85a11a1515f94848be7aa5b56adec8bf - - -] 127.0.0.1 - - [30/Sep/2015 19:35:35] "GET /images/detail?is_public=None&limit=20 HTTP/1.1" 200 914 0.470895
2015-09-30 19:45:35.035 1829 INFO eventlet.wsgi.server [req-7da37f17-e7e6-4ec6-b1aa-b4899131a532 9b1f9b36d7354b1ea121ccfbae339d8b 85a11a1515f94848be7aa5b56adec8bf - - -] 127.0.0.1 - - [30/Sep/2015 19:45:35] "GET /images/detail?is_public=None&limit=20 HTTP/1.1" 200 914 0.148210
2015-09-30 19:55:34.903 1829 INFO eventlet.wsgi.server [req-b38afc45-cb12-43c5-a2bd-1b3be3a5c435 9b1f9b36d7354b1ea121ccfbae339d8b 85a11a1515f94848be7aa5b56adec8bf - - -] 127.0.0.1 - - [30/Sep/2015 19:55:34] "GET /images/detail?is_public=None&limit=20 HTTP/1.1" 200 914 0.129376
2015-09-30 20:05:34.807 1847 INFO eventlet.wsgi.server [req-ef6f42dd-199a-4f47-b942-90d535582be8 9b1f9b36d7354b1ea121ccfbae339d8b 85a11a1515f94848be7aa5b56adec8bf - - -] 127.0.0.1 - - [30/Sep/2015 20:05:34] "GET /images/detail?is_public=None&limit=20 HTTP/1.1" 200 914 0.118145
2015-09-30 20:15:35.535 1832 INFO eventlet.wsgi.server [req-dbae40ed-5ee2-41f6-9487-ae0d5f9c54e3 9b1f9b36d7354b1ea121ccfbae339d8b 85a11a1515f94848be7aa5b56adec8bf - - -] 127.0.0.1 - - [30/Sep/2015 20:15:35] "GET /images/detail?is_public=None&limit=20 HTTP/1.1" 200 914 0.521942
2015-09-30 20:25:35.431 1832 INFO eventlet.wsgi.server [req-f94b01f0-5690-45bd-b69a-e34de448324f 9b1f9b36d7354b1ea121ccfbae339d8b 85a11a1515f94848be7aa5b56adec8bf - - -] 127.0.0.1 - - [30/Sep/2015 20:25:35] "GET /images/detail?is_public=None&limit=20 HTTP/1.1" 200 914 0.124636
2015-09-30 20:35:35.033 1832 INFO eventlet.wsgi.server [req-3aa4744f-724a-4bb3-a7c2-17525c4ea019 9b1f9b36d7354b1ea121ccfbae339d8b 85a11a1515f94848be7aa5b56adec8bf - - -] 127.0.0.1 - - [30/Sep/2015 20:35:35] "GET /images/detail?is_public=None&limit=20 HTTP/1.1" 200 914 0.132498
2015-09-30 20:45:34.976 1848 INFO eventlet.wsgi.server [req-b07d72e6-6c12-48bc-9860-17582ac7f91c 9b1f9b36d7354b1ea121ccfbae339d8b 85a11a1515f94848be7aa5b56adec8bf - - -] 127.0.0.1 - - [30/Sep/2015 20:45:34] "GET /images/detail?is_public=None&limit=20 HTTP/1.1" 200 914 0.217274
2015-09-30 20:55:34.991 1829 INFO eventlet.wsgi.server [req-e644a716-36a9-4e5f-9229-b5c68ae0ad59 9b1f9b36d7354b1ea121ccfbae339d8b 85a11a1515f94848be7aa5b56adec8bf - - -] 127.0.0.1 - - [30/Sep/2015 20:55:34] "GET /images/detail?is_public=None&limit=20 HTTP/1.1" 200 914 0.231992
2015-09-30 21:05:34.820 1829 INFO eventlet.wsgi.server [req-b15c30b8-f5ca-472a-95ab-33c95a83d8cd 9b1f9b36d7354b1ea121ccfbae339d8b 85a11a1515f94848be7aa5b56adec8bf - - -] 127.0.0.1 - - [30/Sep/2015 21:05:34] "GET /images/detail?is_public=None&limit=20 HTTP/1.1" 200 914 0.126095
2015-09-30 21:15:35.257 1848 INFO eventlet.wsgi.server [req-4b28443c-19c4-409c-889e-0f47bc95b9a7 9b1f9b36d7354b1ea121ccfbae339d8b 85a11a1515f94848be7aa5b56adec8bf - - -] 127.0.0.1 - - [30/Sep/2015 21:15:35] "GET /images/detail?is_public=None&limit=20 HTTP/1.1" 200 914 0.128258
2015-09-30 21:25:35.776 1847 INFO eventlet.wsgi.server [req-e39dd0f4-256c-4b43-beae-0fd23fd26416 9b1f9b36d7354b1ea121ccfbae339d8b 85a11a1515f94848be7aa5b56adec8bf - - -] 127.0.0.1 - - [30/Sep/2015 21:25:35] "GET /images/detail?is_public=None&limit=20 HTTP/1.1" 200 914 0.256367
2015-09-30 21:35:35.149 1832 INFO eventlet.wsgi.server [req-ea319ff3-9aac-4a3c-8739-d6340c5d3fb9 9b1f9b36d7354b1ea121ccfbae339d8b 85a11a1515f94848be7aa5b56adec8bf - - -] 127.0.0.1 - - [30/Sep/2015 21:35:35] "GET /images/detail?is_public=None&limit=20 HTTP/1.1" 200 914 0.236301
2015-09-30 21:45:35.115 1847 INFO eventlet.wsgi.server [req-4182aa1b-fdd7-4f46-96e3-1fb5cad161bb 9b1f9b36d7354b1ea121ccfbae339d8b 85a11a1515f94848be7aa5b56adec8bf - - -] 127.0.0.1 - - [30/Sep/2015 21:45:35] "GET /images/detail?is_public=None&limit=20 HTTP/1.1" 200 914 0.121370
2015-09-30 22:02:01.533 977 INFO glance.common.wsgi [-] Starting 4 workers
2015-09-30 22:02:01.630 1722 INFO eventlet.wsgi.server [-] (1722) wsgi starting up on http://0.0.0.0:9191/
2015-09-30 22:02:01.659 977 INFO glance.common.wsgi [-] Started child 1722
2015-09-30 22:02:01.751 977 INFO glance.common.wsgi [-] Started child 1726
2015-09-30 22:02:01.770 1726 INFO eventlet.wsgi.server [-] (1726) wsgi starting up on http://0.0.0.0:9191/
2015-09-30 22:02:01.892 977 INFO glance.common.wsgi [-] Started child 1732
2015-09-30 22:02:01.898 1732 INFO eventlet.wsgi.server [-] (1732) wsgi starting up on http://0.0.0.0:9191/
2015-09-30 22:02:02.027 977 INFO glance.common.wsgi [-] Started child 1740
2015-09-30 22:02:02.290 1740 INFO eventlet.wsgi.server [-] (1740) wsgi starting up on http://0.0.0.0:9191/
2015-09-30 22:11:13.733 973 INFO glance.common.wsgi [-] Starting 4 workers
2015-09-30 22:11:13.991 973 INFO glance.common.wsgi [-] Started child 1789
2015-09-30 22:11:14.016 1789 INFO eventlet.wsgi.server [-] (1789) wsgi starting up on http://0.0.0.0:9191/
2015-09-30 22:11:14.191 973 INFO glance.common.wsgi [-] Started child 1794
2015-09-30 22:11:14.188 1794 INFO eventlet.wsgi.server [-] (1794) wsgi starting up on http://0.0.0.0:9191/
2015-09-30 22:11:14.336 1801 INFO eventlet.wsgi.server [-] (1801) wsgi starting up on http://0.0.0.0:9191/
2015-09-30 22:11:14.320 973 INFO glance.common.wsgi [-] Started child 1801
2015-09-30 22:11:14.470 973 INFO glance.common.wsgi [-] Started child 1805
2015-09-30 22:11:14.842 1805 INFO eventlet.wsgi.server [-] (1805) wsgi starting up on http://0.0.0.0:9191/
2015-09-30 22:21:15.816 1801 INFO eventlet.wsgi.server [req-45b7ef16-1624-4b89-aa7d-6bd3a1b78742 9b1f9b36d7354b1ea121ccfbae339d8b 85a11a1515f94848be7aa5b56adec8bf - - -] 127.0.0.1 - - [30/Sep/2015 22:21:15] "GET /images/detail?is_public=None&limit=20 HTTP/1.1" 200 914 1.278736
2015-09-30 22:31:12.183 1801 INFO eventlet.wsgi.server [req-3606b29c-17e3-49eb-befe-278971102f50 9b1f9b36d7354b1ea121ccfbae339d8b 85a11a1515f94848be7aa5b56adec8bf - - -] 127.0.0.1 - - [30/Sep/2015 22:31:12] "GET /images/detail?is_public=None&limit=20 HTTP/1.1" 200 914 0.263636
2015-09-30 22:41:13.416 1789 INFO eventlet.wsgi.server [req-a14247e5-bc6f-44cf-ac06-bd1e043884aa 9b1f9b36d7354b1ea121ccfbae339d8b 85a11a1515f94848be7aa5b56adec8bf - - -] 127.0.0.1 - - [30/Sep/2015 22:41:13] "GET /images/detail?is_public=None&limit=20 HTTP/1.1" 200 914 0.949250
2015-09-30 22:42:24.508 1805 INFO eventlet.wsgi.server [req-c8cb1805-9ecd-4a4b-bc2e-50e3d93ede0e 415b597bda074b30a90d8cb3b9fd92ec e914019c03814ded9911e9718ff69977 - - -] 127.0.0.1 - - [30/Sep/2015 22:42:24] "GET /images/detail?status=active&is_public=True&limit=1000&sort_dir=desc&sort_key=created_at HTTP/1.1" 200 914 0.751133
2015-09-30 22:42:24.868 1789 INFO eventlet.wsgi.server [req-5ee606ae-f382-4b98-8979-43d7d348fd50 415b597bda074b30a90d8cb3b9fd92ec e914019c03814ded9911e9718ff69977 - - -] 127.0.0.1 - - [30/Sep/2015 22:42:24] "GET /images/detail?status=active&sort_key=created_at&property-owner_id=e914019c03814ded9911e9718ff69977&limit=1000&sort_dir=desc HTTP/1.1" 200 207 0.315642
2015-09-30 22:42:37.522 1789 INFO eventlet.wsgi.server [req-17af1704-9360-4070-9fdd-c85ed95a6c5d 415b597bda074b30a90d8cb3b9fd92ec e914019c03814ded9911e9718ff69977 - - -] 127.0.0.1 - - [30/Sep/2015 22:42:37] "GET /images/detail?status=active&is_public=True&limit=1000&sort_dir=desc&sort_key=created_at HTTP/1.1" 200 914 0.130621
2015-09-30 22:42:37.629 1789 INFO eventlet.wsgi.server [req-a63d122e-69ad-4307-b918-484b4c648f2b 415b597bda074b30a90d8cb3b9fd92ec e914019c03814ded9911e9718ff69977 - - -] 127.0.0.1 - - [30/Sep/2015 22:42:37] "GET /images/detail?status=active&sort_key=created_at&property-owner_id=e914019c03814ded9911e9718ff69977&limit=1000&sort_dir=desc HTTP/1.1" 200 207 0.073283
2015-09-30 22:42:44.676 1789 INFO eventlet.wsgi.server [req-ceb788ea-6cc4-4b83-9254-03f4cd55ffc7 415b597bda074b30a90d8cb3b9fd92ec e914019c03814ded9911e9718ff69977 - - -] 127.0.0.1 - - [30/Sep/2015 22:42:44] "GET /images/detail?status=active&is_public=True&limit=1000&sort_dir=desc&sort_key=created_at HTTP/1.1" 200 914 0.067940
2015-09-30 22:42:45.048 1801 INFO eventlet.wsgi.server [req-af7d7660-b087-4305-8a8f-a93b0fbc272b 415b597bda074b30a90d8cb3b9fd92ec e914019c03814ded9911e9718ff69977 - - -] 127.0.0.1 - - [30/Sep/2015 22:42:45] "GET /images/detail?status=active&sort_key=created_at&property-owner_id=e914019c03814ded9911e9718ff69977&limit=1000&sort_dir=desc HTTP/1.1" 200 207 0.340443
2015-09-30 22:42:47.789 1794 INFO eventlet.wsgi.server [req-47ec76e3-5c5d-4382-b91c-1eb8187b28d7 415b597bda074b30a90d8cb3b9fd92ec e914019c03814ded9911e9718ff69977 - - -] 127.0.0.1 - - [30/Sep/2015 22:42:47] "GET /images/8a724f78-2673-4ea1-b607-373626a15afb HTTP/1.1" 200 911 0.795578
2015-09-30 22:42:49.874 1805 INFO eventlet.wsgi.server [req-e63d6ade-5d50-4852-bca9-17367004f70f 415b597bda074b30a90d8cb3b9fd92ec e914019c03814ded9911e9718ff69977 - - -] 127.0.0.1 - - [30/Sep/2015 22:42:49] "GET /images/detail?sort_key=created_at&sort_dir=desc&limit=1000 HTTP/1.1" 200 914 0.163142
2015-09-30 22:42:51.212 1805 INFO eventlet.wsgi.server [req-0a4ed544-bebd-4ab4-bfab-8adfac5c682e 415b597bda074b30a90d8cb3b9fd92ec e914019c03814ded9911e9718ff69977 - - -] 127.0.0.1 - - [30/Sep/2015 22:42:51] "GET /images/8a724f78-2673-4ea1-b607-373626a15afb HTTP/1.1" 200 911 0.034672
2015-09-30 22:42:52.469 1794 INFO eventlet.wsgi.server [req-06e7404c-3a5e-4d76-97a5-f5d9a59ab940 415b597bda074b30a90d8cb3b9fd92ec e914019c03814ded9911e9718ff69977 - - -] 127.0.0.1 - - [30/Sep/2015 22:42:52] "GET /images/8a724f78-2673-4ea1-b607-373626a15afb HTTP/1.1" 200 911 0.063198
2015-09-30 22:42:56.461 1805 INFO eventlet.wsgi.server [req-c5fbdbb0-ab82-4b48-bacf-0b107747a2e3 415b597bda074b30a90d8cb3b9fd92ec e914019c03814ded9911e9718ff69977 - - -] 127.0.0.1 - - [30/Sep/2015 22:42:56] "GET /images/8a724f78-2673-4ea1-b607-373626a15afb HTTP/1.1" 200 911 0.030168
2015-09-30 22:43:03.639 1805 INFO eventlet.wsgi.server [req-e99dcdb0-39eb-4ade-84af-c587e551cc8f 415b597bda074b30a90d8cb3b9fd92ec e914019c03814ded9911e9718ff69977 - - -] 127.0.0.1 - - [30/Sep/2015 22:43:03] "GET /images/8a724f78-2673-4ea1-b607-373626a15afb HTTP/1.1" 200 911 0.023490
2015-09-30 22:43:13.638 1801 INFO eventlet.wsgi.server [req-05f26e4d-dc02-401b-a283-c55774dad426 415b597bda074b30a90d8cb3b9fd92ec e914019c03814ded9911e9718ff69977 - - -] 127.0.0.1 - - [30/Sep/2015 22:43:13] "GET /images/8a724f78-2673-4ea1-b607-373626a15afb HTTP/1.1" 200 911 0.040523
2015-09-30 22:43:25.443 1805 INFO eventlet.wsgi.server [req-5622b839-8353-4f1d-b0be-87d920d9d112 415b597bda074b30a90d8cb3b9fd92ec e914019c03814ded9911e9718ff69977 - - -] 127.0.0.1 - - [30/Sep/2015 22:43:25] "GET /images/8a724f78-2673-4ea1-b607-373626a15afb HTTP/1.1" 200 911 0.053192
2015-09-30 22:43:41.730 1789 INFO eventlet.wsgi.server [req-21c0ad9c-ab08-45a4-b628-2ad79162acf0 415b597bda074b30a90d8cb3b9fd92ec e914019c03814ded9911e9718ff69977 - - -] 127.0.0.1 - - [30/Sep/2015 22:43:41] "GET /images/8a724f78-2673-4ea1-b607-373626a15afb HTTP/1.1" 200 911 0.072886
2015-09-30 22:43:58.987 1805 INFO eventlet.wsgi.server [req-53f6426f-f239-4518-a71c-0e7ca427c4dd 415b597bda074b30a90d8cb3b9fd92ec e914019c03814ded9911e9718ff69977 - - -] 127.0.0.1 - - [30/Sep/2015 22:43:58] "GET /images/8a724f78-2673-4ea1-b607-373626a15afb HTTP/1.1" 200 911 0.036840
2015-09-30 22:44:18.691 1801 INFO eventlet.wsgi.server [req-891d1ce7-c839-49e1-b7cf-554a1c5d8eb2 415b597bda074b30a90d8cb3b9fd92ec e914019c03814ded9911e9718ff69977 - - -] 127.0.0.1 - - [30/Sep/2015 22:44:18] "GET /images/8a724f78-2673-4ea1-b607-373626a15afb HTTP/1.1" 200 911 0.057847
2015-09-30 22:44:40.624 1789 INFO eventlet.wsgi.server [req-0fb9fc82-343e-40c3-bba1-f2ba6ef9e672 415b597bda074b30a90d8cb3b9fd92ec e914019c03814ded9911e9718ff69977 - - -] 127.0.0.1 - - [30/Sep/2015 22:44:40] "GET /images/8a724f78-2673-4ea1-b607-373626a15afb HTTP/1.1" 200 911 0.062416
2015-09-30 22:45:04.482 1794 INFO eventlet.wsgi.server [req-19666b5a-f63b-4d69-8cda-e7a0124bb060 415b597bda074b30a90d8cb3b9fd92ec e914019c03814ded9911e9718ff69977 - - -] 127.0.0.1 - - [30/Sep/2015 22:45:04] "GET /images/8a724f78-2673-4ea1-b607-373626a15afb HTTP/1.1" 200 911 0.065893
2015-09-30 22:45:31.284 1794 INFO eventlet.wsgi.server [req-d345d752-72e9-40ea-90ea-909401bf2a40 415b597bda074b30a90d8cb3b9fd92ec e914019c03814ded9911e9718ff69977 - - -] 127.0.0.1 - - [30/Sep/2015 22:45:31] "GET /images/8a724f78-2673-4ea1-b607-373626a15afb HTTP/1.1" 200 911 0.039530
2015-09-30 22:46:00.468 1801 INFO eventlet.wsgi.server [req-0f398be7-dc00-467c-a17e-f39d2282062c 415b597bda074b30a90d8cb3b9fd92ec e914019c03814ded9911e9718ff69977 - - -] 127.0.0.1 - - [30/Sep/2015 22:46:00] "GET /images/8a724f78-2673-4ea1-b607-373626a15afb HTTP/1.1" 200 911 0.031215
2015-09-30 22:46:32.848 1805 INFO eventlet.wsgi.server [req-0ffa240a-dd70-4f56-ad62-342915b39219 415b597bda074b30a90d8cb3b9fd92ec e914019c03814ded9911e9718ff69977 - - -] 127.0.0.1 - - [30/Sep/2015 22:46:32] "GET /images/8a724f78-2673-4ea1-b607-373626a15afb HTTP/1.1" 200 911 0.046762
2015-09-30 22:47:04.201 1805 INFO eventlet.wsgi.server [req-892a6759-6a3f-4ce5-95bb-7631ed7875d6 415b597bda074b30a90d8cb3b9fd92ec e914019c03814ded9911e9718ff69977 - - -] 127.0.0.1 - - [30/Sep/2015 22:47:04] "GET /images/8a724f78-2673-4ea1-b607-373626a15afb HTTP/1.1" 200 911 0.029023
2015-09-30 22:47:36.084 1789 INFO eventlet.wsgi.server [req-62c71e94-f53d-4993-8625-748479d27807 415b597bda074b30a90d8cb3b9fd92ec e914019c03814ded9911e9718ff69977 - - -] 127.0.0.1 - - [30/Sep/2015 22:47:36] "GET /images/8a724f78-2673-4ea1-b607-373626a15afb HTTP/1.1" 200 911 0.206105
2015-09-30 22:50:05.580 1794 INFO eventlet.wsgi.server [req-155c12c4-f172-4c0c-b458-0ecf9864aace 9b1f9b36d7354b1ea121ccfbae339d8b 85a11a1515f94848be7aa5b56adec8bf - - -] 127.0.0.1 - - [30/Sep/2015 22:50:05] "GET /images/8a724f78-2673-4ea1-b607-373626a15afb HTTP/1.1" 200 911 0.135478
2015-09-30 22:51:12.274 1801 INFO eventlet.wsgi.server [req-2dddb9a1-ae3d-4b7a-aa7c-25952757eb46 9b1f9b36d7354b1ea121ccfbae339d8b 85a11a1515f94848be7aa5b56adec8bf - - -] 127.0.0.1 - - [30/Sep/2015 22:51:12] "GET /images/detail?is_public=None&limit=20 HTTP/1.1" 200 914 0.169185
2015-09-30 22:53:12.753 1805 INFO eventlet.wsgi.server [req-69b0219a-5875-4a5a-a617-cd4cdc8274da 415b597bda074b30a90d8cb3b9fd92ec e914019c03814ded9911e9718ff69977 - - -] 127.0.0.1 - - [30/Sep/2015 22:53:12] "GET /images/8a724f78-2673-4ea1-b607-373626a15afb HTTP/1.1" 200 911 0.209982
2015-09-30 23:00:05.445 1794 INFO eventlet.wsgi.server [req-ff5afd06-a21a-4a56-a5fc-de028804e0f1 9b1f9b36d7354b1ea121ccfbae339d8b 85a11a1515f94848be7aa5b56adec8bf - - -] 127.0.0.1 - - [30/Sep/2015 23:00:05] "GET /images/8a724f78-2673-4ea1-b607-373626a15afb HTTP/1.1" 200 911 0.186240
2015-09-30 23:10:05.585 1794 INFO eventlet.wsgi.server [req-eaed3410-5b3f-480f-941e-0d0d5dc9f22a 9b1f9b36d7354b1ea121ccfbae339d8b 85a11a1515f94848be7aa5b56adec8bf - - -] 127.0.0.1 - - [30/Sep/2015 23:10:05] "GET /images/8a724f78-2673-4ea1-b607-373626a15afb HTTP/1.1" 200 911 0.164819
2015-09-30 23:11:12.306 1801 INFO eventlet.wsgi.server [req-c86f5c46-1830-4eb6-9998-e2a8ff769484 9b1f9b36d7354b1ea121ccfbae339d8b 85a11a1515f94848be7aa5b56adec8bf - - -] 127.0.0.1 - - [30/Sep/2015 23:11:12] "GET /images/detail?is_public=None&limit=20 HTTP/1.1" 200 914 0.182994
2015-09-30 23:20:05.865 1794 INFO eventlet.wsgi.server [req-281e5ef7-125a-403f-973c-1e5e26c7a5b5 9b1f9b36d7354b1ea121ccfbae339d8b 85a11a1515f94848be7aa5b56adec8bf - - -] 127.0.0.1 - - [30/Sep/2015 23:20:05] "GET /images/8a724f78-2673-4ea1-b607-373626a15afb HTTP/1.1" 200 911 0.156489
2015-09-30 23:21:12.762 1794 INFO eventlet.wsgi.server [req-e06994df-1fe8-4796-8155-e18eb959d35d 9b1f9b36d7354b1ea121ccfbae339d8b 85a11a1515f94848be7aa5b56adec8bf - - -] 127.0.0.1 - - [30/Sep/2015 23:21:12] "GET /images/detail?is_public=None&limit=20 HTTP/1.1" 200 914 0.231505
2015-09-30 23:30:05.758 1805 INFO eventlet.wsgi.server [req-1314bf0a-5d17-45e6-85cd-01eb006086a6 9b1f9b36d7354b1ea121ccfbae339d8b 85a11a1515f94848be7aa5b56adec8bf - - -] 127.0.0.1 - - [30/Sep/2015 23:30:05] "GET /images/8a724f78-2673-4ea1-b607-373626a15afb HTTP/1.1" 200 911 0.155766
2015-09-30 23:31:12.577 1805 INFO eventlet.wsgi.server [req-2c58bdb2-9f1f-447b-8e3f-a97c90f10dad 9b1f9b36d7354b1ea121ccfbae339d8b 85a11a1515f94848be7aa5b56adec8bf - - -] 127.0.0.1 - - [30/Sep/2015 23:31:12] "GET /images/detail?is_public=None&limit=20 HTTP/1.1" 200 914 0.187004
2015-09-30 23:40:05.805 1801 INFO eventlet.wsgi.server [req-d8b60bee-49e2-4c4f-afe6-1b4b125d28ad 9b1f9b36d7354b1ea121ccfbae339d8b 85a11a1515f94848be7aa5b56adec8bf - - -] 127.0.0.1 - - [30/Sep/2015 23:40:05] "GET /images/8a724f78-2673-4ea1-b607-373626a15afb HTTP/1.1" 200 911 0.380639
2015-09-30 23:41:12.479 1794 INFO eventlet.wsgi.server [req-f4b5ca93-68be-4817-a8db-83729c8aa1fd 9b1f9b36d7354b1ea121ccfbae339d8b 85a11a1515f94848be7aa5b56adec8bf - - -] 127.0.0.1 - - [30/Sep/2015 23:41:12] "GET /images/detail?is_public=None&limit=20 HTTP/1.1" 200 914 0.211753
2015-09-30 23:50:05.822 1801 INFO eventlet.wsgi.server [req-c2861c4b-15a9-4ccb-8992-a85511884c0c 9b1f9b36d7354b1ea121ccfbae339d8b 85a11a1515f94848be7aa5b56adec8bf - - -] 127.0.0.1 - - [30/Sep/2015 23:50:05] "GET /images/8a724f78-2673-4ea1-b607-373626a15afb HTTP/1.1" 200 911 0.183960
2015-09-30 23:51:12.465 1789 INFO eventlet.wsgi.server [req-e36b6684-549f-4a30-8412-d46e866237eb 9b1f9b36d7354b1ea121ccfbae339d8b 85a11a1515f94848be7aa5b56adec8bf - - -] 127.0.0.1 - - [30/Sep/2015 23:51:12] "GET /images/detail?is_public=None&limit=20 HTTP/1.1" 200 914 0.292454
2015-10-01 00:00:05.648 1805 INFO eventlet.wsgi.server [req-d7b12152-3a6c-4a60-b1fa-7bde35ac063a 9b1f9b36d7354b1ea121ccfbae339d8b 85a11a1515f94848be7aa5b56adec8bf - - -] 127.0.0.1 - - [01/Oct/2015 00:00:05] "GET /images/8a724f78-2673-4ea1-b607-373626a15afb HTTP/1.1" 200 911 0.312144
2015-10-01 00:01:12.146 1789 INFO eventlet.wsgi.server [req-8fc13a98-7ce1-4af9-a793-2eedf1baca84 9b1f9b36d7354b1ea121ccfbae339d8b 85a11a1515f94848be7aa5b56adec8bf - - -] 127.0.0.1 - - [01/Oct/2015 00:01:12] "GET /images/detail?is_public=None&limit=20 HTTP/1.1" 200 914 0.161148
2015-10-01 00:10:05.752 1794 INFO eventlet.wsgi.server [req-30aca0f9-64e9-423d-85d6-fc37a618737f 9b1f9b36d7354b1ea121ccfbae339d8b 85a11a1515f94848be7aa5b56adec8bf - - -] 127.0.0.1 - - [01/Oct/2015 00:10:05] "GET /images/8a724f78-2673-4ea1-b607-373626a15afb HTTP/1.1" 200 911 0.320602
2015-10-01 00:11:12.331 1805 INFO eventlet.wsgi.server [req-1662da86-394e-4015-ae07-d04e3ebe377d 9b1f9b36d7354b1ea121ccfbae339d8b 85a11a1515f94848be7aa5b56adec8bf - - -] 127.0.0.1 - - [01/Oct/2015 00:11:12] "GET /images/detail?is_public=None&limit=20 HTTP/1.1" 200 914 0.152978
2015-10-01 00:20:05.870 1805 INFO eventlet.wsgi.server [req-bf1fc574-36d3-4026-8e52-c22427e6ee66 9b1f9b36d7354b1ea121ccfbae339d8b 85a11a1515f94848be7aa5b56adec8bf - - -] 127.0.0.1 - - [01/Oct/2015 00:20:05] "GET /images/8a724f78-2673-4ea1-b607-373626a15afb HTTP/1.1" 200 911 0.170915
2015-10-01 00:21:12.564 1805 INFO eventlet.wsgi.server [req-c46a519e-63e1-428c-b1a5-c1f5c05588f5 9b1f9b36d7354b1ea121ccfbae339d8b 85a11a1515f94848be7aa5b56adec8bf - - -] 127.0.0.1 - - [01/Oct/2015 00:21:12] "GET /images/detail?is_public=None&limit=20 HTTP/1.1" 200 914 0.175042
2015-10-01 00:30:05.910 1789 INFO eventlet.wsgi.server [req-2e8b911d-6c23-4e2f-ab3b-226377f2c64b 9b1f9b36d7354b1ea121ccfbae339d8b 85a11a1515f94848be7aa5b56adec8bf - - -] 127.0.0.1 - - [01/Oct/2015 00:30:05] "GET /images/8a724f78-2673-4ea1-b607-373626a15afb HTTP/1.1" 200 911 0.189989
2015-10-01 00:31:12.780 1801 INFO eventlet.wsgi.server [req-86dce067-fff3-478b-a106-e85bba0e5776 9b1f9b36d7354b1ea121ccfbae339d8b 85a11a1515f94848be7aa5b56adec8bf - - -] 127.0.0.1 - - [01/Oct/2015 00:31:12] "GET /images/detail?is_public=None&limit=20 HTTP/1.1" 200 914 0.157064
2015-10-01 00:40:05.357 1805 INFO eventlet.wsgi.server [req-155bdd3c-24b7-45d0-b258-d87ffff80a67 9b1f9b36d7354b1ea121ccfbae339d8b 85a11a1515f94848be7aa5b56adec8bf - - -] 127.0.0.1 - - [01/Oct/2015 00:40:05] "GET /images/8a724f78-2673-4ea1-b607-373626a15afb HTTP/1.1" 200 911 0.163928
2015-10-01 00:41:12.921 1801 INFO eventlet.wsgi.server [req-ca7dc219-fe6e-448f-9c69-88de7b78f6ef 9b1f9b36d7354b1ea121ccfbae339d8b 85a11a1515f94848be7aa5b56adec8bf - - -] 127.0.0.1 - - [01/Oct/2015 00:41:12] "GET /images/detail?is_public=None&limit=20 HTTP/1.1" 200 914 0.365722
2015-10-01 00:50:05.697 1789 INFO eventlet.wsgi.server [req-50e0f0d8-8a86-404d-9726-026aa2facf56 9b1f9b36d7354b1ea121ccfbae339d8b 85a11a1515f94848be7aa5b56adec8bf - - -] 127.0.0.1 - - [01/Oct/2015 00:50:05] "GET /images/8a724f78-2673-4ea1-b607-373626a15afb HTTP/1.1" 200 911 0.169308
2015-10-01 00:51:12.820 1801 INFO eventlet.wsgi.server [req-ab5531e2-f661-45a4-b4cf-6edc7b4cf7a3 9b1f9b36d7354b1ea121ccfbae339d8b 85a11a1515f94848be7aa5b56adec8bf - - -] 127.0.0.1 - - [01/Oct/2015 00:51:12] "GET /images/detail?is_public=None&limit=20 HTTP/1.1" 200 914 0.188131
2015-10-01 01:00:05.545 1801 INFO eventlet.wsgi.server [req-e10c5d13-22f3-4148-8ea3-55d694c7ac73 9b1f9b36d7354b1ea121ccfbae339d8b 85a11a1515f94848be7aa5b56adec8bf - - -] 127.0.0.1 - - [01/Oct/2015 01:00:05] "GET /images/8a724f78-2673-4ea1-b607-373626a15afb HTTP/1.1" 200 911 0.180790
2015-10-01 01:01:12.271 1794 INFO eventlet.wsgi.server [req-5675b15d-be68-481b-86f2-088a95f60a70 9b1f9b36d7354b1ea121ccfbae339d8b 85a11a1515f94848be7aa5b56adec8bf - - -] 127.0.0.1 - - [01/Oct/2015 01:01:12] "GET /images/detail?is_public=None&limit=20 HTTP/1.1" 200 914 0.223435
2015-10-01 01:10:05.662 1794 INFO eventlet.wsgi.server [req-80d1b2dd-c282-4f7e-b9c6-a781047de737 9b1f9b36d7354b1ea121ccfbae339d8b 85a11a1515f94848be7aa5b56adec8bf - - -] 127.0.0.1 - - [01/Oct/2015 01:10:05] "GET /images/8a724f78-2673-4ea1-b607-373626a15afb HTTP/1.1" 200 911 0.316469
2015-10-01 01:11:12.726 1805 INFO eventlet.wsgi.server [req-eb10c72e-af89-4e27-8929-d5be63c7416d 9b1f9b36d7354b1ea121ccfbae339d8b 85a11a1515f94848be7aa5b56adec8bf - - -] 127.0.0.1 - - [01/Oct/2015 01:11:12] "GET /images/detail?is_public=None&limit=20 HTTP/1.1" 200 914 0.475738
2015-10-01 01:20:05.575 1805 INFO eventlet.wsgi.server [req-65ec967e-3d8d-4abe-bf09-679cf33b7f99 9b1f9b36d7354b1ea121ccfbae339d8b 85a11a1515f94848be7aa5b56adec8bf - - -] 127.0.0.1 - - [01/Oct/2015 01:20:05] "GET /images/8a724f78-2673-4ea1-b607-373626a15afb HTTP/1.1" 200 911 0.160994
2015-10-01 01:21:12.438 1805 INFO eventlet.wsgi.server [req-cef4f445-f447-42aa-affd-e68a2ac555c6 9b1f9b36d7354b1ea121ccfbae339d8b 85a11a1515f94848be7aa5b56adec8bf - - -] 127.0.0.1 - - [01/Oct/2015 01:21:12] "GET /images/detail?is_public=None&limit=20 HTTP/1.1" 200 914 0.185209
2015-10-01 01:30:05.824 1789 INFO eventlet.wsgi.server [req-1795c5f1-7c86-47f6-b4f3-f922c8021a20 9b1f9b36d7354b1ea121ccfbae339d8b 85a11a1515f94848be7aa5b56adec8bf - - -] 127.0.0.1 - - [01/Oct/2015 01:30:05] "GET /images/8a724f78-2673-4ea1-b607-373626a15afb HTTP/1.1" 200 911 0.322447
2015-10-01 01:31:12.856 1789 INFO eventlet.wsgi.server [req-da1789e6-b3b2-43cc-9bfd-b0c6faf7d196 9b1f9b36d7354b1ea121ccfbae339d8b 85a11a1515f94848be7aa5b56adec8bf - - -] 127.0.0.1 - - [01/Oct/2015 01:31:12] "GET /images/detail?is_public=None&limit=20 HTTP/1.1" 200 914 0.211658
2015-10-01 01:40:05.615 1805 INFO eventlet.wsgi.server [req-20a3222c-6f7c-4c7e-9ecb-c3eb5434db22 9b1f9b36d7354b1ea121ccfbae339d8b 85a11a1515f94848be7aa5b56adec8bf - - -] 127.0.0.1 - - [01/Oct/2015 01:40:05] "GET /images/8a724f78-2673-4ea1-b607-373626a15afb HTTP/1.1" 200 911 0.165926
2015-10-01 01:41:12.461 1789 INFO eventlet.wsgi.server [req-cf7bc32d-ef04-49dd-9f54-015d95923845 9b1f9b36d7354b1ea121ccfbae339d8b 85a11a1515f94848be7aa5b56adec8bf - - -] 127.0.0.1 - - [01/Oct/2015 01:41:12] "GET /images/detail?is_public=None&limit=20 HTTP/1.1" 200 914 0.185971
2015-10-01 01:50:05.627 1794 INFO eventlet.wsgi.server [req-78edb136-1d5a-46f2-9d16-bb1d6c5a5ff1 9b1f9b36d7354b1ea121ccfbae339d8b 85a11a1515f94848be7aa5b56adec8bf - - -] 127.0.0.1 - - [01/Oct/2015 01:50:05] "GET /images/8a724f78-2673-4ea1-b607-373626a15afb HTTP/1.1" 200 911 0.150838
2015-10-01 01:51:12.755 1801 INFO eventlet.wsgi.server [req-fc4ba8b6-c6ff-4ee3-b127-0b219ececc0f 9b1f9b36d7354b1ea121ccfbae339d8b 85a11a1515f94848be7aa5b56adec8bf - - -] 127.0.0.1 - - [01/Oct/2015 01:51:12] "GET /images/detail?is_public=None&limit=20 HTTP/1.1" 200 914 0.352351
2015-10-01 02:00:05.585 1805 INFO eventlet.wsgi.server [req-49a83d33-6dcb-40a5-9dd9-ea5ff307fb83 9b1f9b36d7354b1ea121ccfbae339d8b 85a11a1515f94848be7aa5b56adec8bf - - -] 127.0.0.1 - - [01/Oct/2015 02:00:05] "GET /images/8a724f78-2673-4ea1-b607-373626a15afb HTTP/1.1" 200 911 0.165396
2015-10-01 02:01:12.376 1794 INFO eventlet.wsgi.server [req-a47d855f-de5b-4263-bff3-9a9dc7bbe738 9b1f9b36d7354b1ea121ccfbae339d8b 85a11a1515f94848be7aa5b56adec8bf - - -] 127.0.0.1 - - [01/Oct/2015 02:01:12] "GET /images/detail?is_public=None&limit=20 HTTP/1.1" 200 914 0.143417
2015-10-01 02:10:05.447 1801 INFO eventlet.wsgi.server [req-96e3581c-beaa-4e82-a127-6e1971dcc42a 9b1f9b36d7354b1ea121ccfbae339d8b 85a11a1515f94848be7aa5b56adec8bf - - -] 127.0.0.1 - - [01/Oct/2015 02:10:05] "GET /images/8a724f78-2673-4ea1-b607-373626a15afb HTTP/1.1" 200 911 0.200077
2015-10-01 02:11:12.737 1789 INFO eventlet.wsgi.server [req-a4b4c52e-819b-4575-96f6-3242c3e25a83 9b1f9b36d7354b1ea121ccfbae339d8b 85a11a1515f94848be7aa5b56adec8bf - - -] 127.0.0.1 - - [01/Oct/2015 02:11:12] "GET /images/detail?is_public=None&limit=20 HTTP/1.1" 200 914 0.169889
2015-10-01 02:20:05.651 1789 INFO eventlet.wsgi.server [req-c895c454-ee64-41f6-861a-0df13a0e5709 9b1f9b36d7354b1ea121ccfbae339d8b 85a11a1515f94848be7aa5b56adec8bf - - -] 127.0.0.1 - - [01/Oct/2015 02:20:05] "GET /images/8a724f78-2673-4ea1-b607-373626a15afb HTTP/1.1" 200 911 0.174130
2015-10-01 02:21:12.563 1805 INFO eventlet.wsgi.server [req-532184ed-b560-4cf7-996b-65919fad2f3a 9b1f9b36d7354b1ea121ccfbae339d8b 85a11a1515f94848be7aa5b56adec8bf - - -] 127.0.0.1 - - [01/Oct/2015 02:21:12] "GET /images/detail?is_public=None&limit=20 HTTP/1.1" 200 914 0.318942
2015-10-01 02:30:05.992 1801 INFO eventlet.wsgi.server [req-c79aeb7a-c27b-4479-878e-ae2a03a66051 9b1f9b36d7354b1ea121ccfbae339d8b 85a11a1515f94848be7aa5b56adec8bf - - -] 127.0.0.1 - - [01/Oct/2015 02:30:05] "GET /images/8a724f78-2673-4ea1-b607-373626a15afb HTTP/1.1" 200 911 0.205398
2015-10-01 02:31:12.333 1801 INFO eventlet.wsgi.server [req-f6a6ac11-3a4b-43d0-8b12-2a87aba740ac 9b1f9b36d7354b1ea121ccfbae339d8b 85a11a1515f94848be7aa5b56adec8bf - - -] 127.0.0.1 - - [01/Oct/2015 02:31:12] "GET /images/detail?is_public=None&limit=20 HTTP/1.1" 200 914 0.151367
2015-10-01 02:40:05.685 1805 INFO eventlet.wsgi.server [req-6602e20b-2f85-47ad-a878-44b4a45da9c7 9b1f9b36d7354b1ea121ccfbae339d8b 85a11a1515f94848be7aa5b56adec8bf - - -] 127.0.0.1 - - [01/Oct/2015 02:40:05] "GET /images/8a724f78-2673-4ea1-b607-373626a15afb HTTP/1.1" 200 911 0.195968
2015-10-01 02:41:12.744 1805 INFO eventlet.wsgi.server [req-5d576ad6-3003-4298-af97-0b1e8c0696b8 9b1f9b36d7354b1ea121ccfbae339d8b 85a11a1515f94848be7aa5b56adec8bf - - -] 127.0.0.1 - - [01/Oct/2015 02:41:12] "GET /images/detail?is_public=None&limit=20 HTTP/1.1" 200 914 0.159743
2015-10-01 02:50:05.758 1794 INFO eventlet.wsgi.server [req-88fc26fa-36dd-4db0-ba19-f157b4a83ef3 9b1f9b36d7354b1ea121ccfbae339d8b 85a11a1515f94848be7aa5b56adec8bf - - -] 127.0.0.1 - - [01/Oct/2015 02:50:05] "GET /images/8a724f78-2673-4ea1-b607-373626a15afb HTTP/1.1" 200 911 0.300714
2015-10-01 02:51:12.580 1801 INFO eventlet.wsgi.server [req-55d52fb7-4bbc-4394-93a2-ccf0c5d98694 9b1f9b36d7354b1ea121ccfbae339d8b 85a11a1515f94848be7aa5b56adec8bf - - -] 127.0.0.1 - - [01/Oct/2015 02:51:12] "GET /images/detail?is_public=None&limit=20 HTTP/1.1" 200 914 0.307097
2015-10-01 02:58:44.954 1794 INFO eventlet.wsgi.server [req-c750ce49-cf81-4a7a-8cca-4421f4e2228c 415b597bda074b30a90d8cb3b9fd92ec e914019c03814ded9911e9718ff69977 - - -] 127.0.0.1 - - [01/Oct/2015 02:58:44] "GET /images/detail?sort_key=created_at&sort_dir=desc&limit=1000 HTTP/1.1" 200 914 0.199907
2015-10-01 02:58:49.056 1805 INFO eventlet.wsgi.server [req-2a738bfe-555d-4ea7-9431-caf5d14980c8 415b597bda074b30a90d8cb3b9fd92ec e914019c03814ded9911e9718ff69977 - - -] 127.0.0.1 - - [01/Oct/2015 02:58:49] "GET /images/8a724f78-2673-4ea1-b607-373626a15afb HTTP/1.1" 200 911 0.145249
