2016-02-24 20:29:20.172 1860 INFO eventlet.wsgi.server [req-9521f04e-59ef-457f-951c-391660c3c9be a7efbc8d2a394409a3bc37b6078a3283 4cf1e5c5b43442838d14781be3f285b1 - - -] 127.0.0.1 - - [24/Feb/2016 20:29:20] "GET /images/8a724f78-2673-4ea1-b607-373626a15afb HTTP/1.1" 200 911 0.023637
2016-02-24 20:29:31.107 1868 INFO eventlet.wsgi.server [req-98adbb71-f998-432d-85e0-f42b8fad57ed a7efbc8d2a394409a3bc37b6078a3283 4cf1e5c5b43442838d14781be3f285b1 - - -] 127.0.0.1 - - [24/Feb/2016 20:29:31] "GET /images/8a724f78-2673-4ea1-b607-373626a15afb HTTP/1.1" 200 911 0.039835
2016-02-24 20:29:44.377 1863 INFO eventlet.wsgi.server [req-e2a6e6af-a314-4bbc-ab29-f5272a97806b a7efbc8d2a394409a3bc37b6078a3283 4cf1e5c5b43442838d14781be3f285b1 - - -] 127.0.0.1 - - [24/Feb/2016 20:29:44] "GET /images/8a724f78-2673-4ea1-b607-373626a15afb HTTP/1.1" 200 911 0.042112
2016-02-24 20:30:00.411 1860 INFO eventlet.wsgi.server [req-324a6406-edf4-4958-a545-0ac1e241194c a7efbc8d2a394409a3bc37b6078a3283 4cf1e5c5b43442838d14781be3f285b1 - - -] 127.0.0.1 - - [24/Feb/2016 20:30:00] "GET /images/8a724f78-2673-4ea1-b607-373626a15afb HTTP/1.1" 200 911 0.030758
2016-02-24 20:30:18.900 1868 INFO eventlet.wsgi.server [req-4b8533e6-7244-4a95-bf01-94c3e5d5a3af a7efbc8d2a394409a3bc37b6078a3283 4cf1e5c5b43442838d14781be3f285b1 - - -] 127.0.0.1 - - [24/Feb/2016 20:30:18] "GET /images/8a724f78-2673-4ea1-b607-373626a15afb HTTP/1.1" 200 911 0.049039
2016-02-24 20:30:22.096 1868 INFO eventlet.wsgi.server [req-61a6d590-6c67-4dc1-b5e0-07958c24ed24 a7efbc8d2a394409a3bc37b6078a3283 4cf1e5c5b43442838d14781be3f285b1 - - -] 127.0.0.1 - - [24/Feb/2016 20:30:22] "GET /images/8a724f78-2673-4ea1-b607-373626a15afb HTTP/1.1" 200 911 0.125906
2016-02-24 20:30:29.874 1868 INFO eventlet.wsgi.server [req-f663e6d3-d70e-4883-a9e8-4a53fac74d3f a7efbc8d2a394409a3bc37b6078a3283 4cf1e5c5b43442838d14781be3f285b1 - - -] 127.0.0.1 - - [24/Feb/2016 20:30:29] "GET /images/8a724f78-2673-4ea1-b607-373626a15afb HTTP/1.1" 200 911 0.142222
2016-02-24 20:30:39.829 1868 INFO eventlet.wsgi.server [req-90995284-5a68-4188-aa04-3efdfae64cc5 a7efbc8d2a394409a3bc37b6078a3283 4cf1e5c5b43442838d14781be3f285b1 - - -] 127.0.0.1 - - [24/Feb/2016 20:30:39] "GET /images/8a724f78-2673-4ea1-b607-373626a15afb HTTP/1.1" 200 911 0.030794
2016-02-24 20:31:17.108 1868 INFO eventlet.wsgi.server [req-6443f293-1d6d-4fd3-80d8-a9b8f822a185 a7efbc8d2a394409a3bc37b6078a3283 4cf1e5c5b43442838d14781be3f285b1 - - -] 127.0.0.1 - - [24/Feb/2016 20:31:17] "GET /images/8a724f78-2673-4ea1-b607-373626a15afb HTTP/1.1" 200 911 0.112810
2016-02-24 20:35:37.579 1863 INFO eventlet.wsgi.server [req-8639ce60-82e1-4e5f-9a2c-01691fd8afd3 9b1f9b36d7354b1ea121ccfbae339d8b 85a11a1515f94848be7aa5b56adec8bf - - -] 127.0.0.1 - - [24/Feb/2016 20:35:37] "GET /images/8a724f78-2673-4ea1-b607-373626a15afb HTTP/1.1" 200 911 0.134351
2016-02-24 20:36:10.749 1860 INFO eventlet.wsgi.server [req-7e1675e3-12cf-444e-9a8b-cab21a21a01d 9b1f9b36d7354b1ea121ccfbae339d8b 85a11a1515f94848be7aa5b56adec8bf - - -] 127.0.0.1 - - [24/Feb/2016 20:36:10] "GET /images/8a724f78-2673-4ea1-b607-373626a15afb HTTP/1.1" 200 911 0.157790
2016-02-24 20:36:16.517 1860 INFO eventlet.wsgi.server [req-e80107f7-4d46-4580-9784-9f68e6547c76 9b1f9b36d7354b1ea121ccfbae339d8b 85a11a1515f94848be7aa5b56adec8bf - - -] 127.0.0.1 - - [24/Feb/2016 20:36:16] "GET /images/detail?is_public=None&limit=20 HTTP/1.1" 200 914 0.133218
2016-02-24 20:45:37.431 1868 INFO eventlet.wsgi.server [req-b7d92937-962e-43dd-ae01-dd474d9e5a65 9b1f9b36d7354b1ea121ccfbae339d8b 85a11a1515f94848be7aa5b56adec8bf - - -] 127.0.0.1 - - [24/Feb/2016 20:45:37] "GET /images/8a724f78-2673-4ea1-b607-373626a15afb HTTP/1.1" 200 911 0.128171
2016-02-24 20:46:10.846 1875 INFO eventlet.wsgi.server [req-1a1ab730-af77-4d3c-896e-f14a01b762cf 9b1f9b36d7354b1ea121ccfbae339d8b 85a11a1515f94848be7aa5b56adec8bf - - -] 127.0.0.1 - - [24/Feb/2016 20:46:10] "GET /images/8a724f78-2673-4ea1-b607-373626a15afb HTTP/1.1" 200 911 0.120389
2016-02-24 20:46:16.165 1875 INFO eventlet.wsgi.server [req-4c188a50-d2b5-49c3-9d7c-b062b840f471 9b1f9b36d7354b1ea121ccfbae339d8b 85a11a1515f94848be7aa5b56adec8bf - - -] 127.0.0.1 - - [24/Feb/2016 20:46:16] "GET /images/detail?is_public=None&limit=20 HTTP/1.1" 200 914 0.131958
2016-02-24 20:55:37.660 1868 INFO eventlet.wsgi.server [req-c990bdc0-8f53-4376-aabb-7e843427ee42 9b1f9b36d7354b1ea121ccfbae339d8b 85a11a1515f94848be7aa5b56adec8bf - - -] 127.0.0.1 - - [24/Feb/2016 20:55:37] "GET /images/8a724f78-2673-4ea1-b607-373626a15afb HTTP/1.1" 200 911 0.119118
2016-02-24 20:56:11.084 1860 INFO eventlet.wsgi.server [req-2165e953-4fec-427c-aaca-e018cf91cd87 9b1f9b36d7354b1ea121ccfbae339d8b 85a11a1515f94848be7aa5b56adec8bf - - -] 127.0.0.1 - - [24/Feb/2016 20:56:11] "GET /images/8a724f78-2673-4ea1-b607-373626a15afb HTTP/1.1" 200 911 0.108920
2016-02-24 20:56:16.567 1868 INFO eventlet.wsgi.server [req-f0f8a020-bf1c-4d0d-a1e9-44182009936c 9b1f9b36d7354b1ea121ccfbae339d8b 85a11a1515f94848be7aa5b56adec8bf - - -] 127.0.0.1 - - [24/Feb/2016 20:56:16] "GET /images/detail?is_public=None&limit=20 HTTP/1.1" 200 914 0.148563
2016-02-24 21:05:37.894 1863 INFO eventlet.wsgi.server [req-ffb5d4ac-57c8-4839-a3d6-aa3d8b7b26a1 9b1f9b36d7354b1ea121ccfbae339d8b 85a11a1515f94848be7aa5b56adec8bf - - -] 127.0.0.1 - - [24/Feb/2016 21:05:37] "GET /images/8a724f78-2673-4ea1-b607-373626a15afb HTTP/1.1" 200 911 0.275380
2016-02-24 21:06:10.637 1860 INFO eventlet.wsgi.server [req-1685d42d-4561-4c3f-85f2-788c1e6d5e46 9b1f9b36d7354b1ea121ccfbae339d8b 85a11a1515f94848be7aa5b56adec8bf - - -] 127.0.0.1 - - [24/Feb/2016 21:06:10] "GET /images/8a724f78-2673-4ea1-b607-373626a15afb HTTP/1.1" 200 911 0.240536
2016-02-24 21:06:17.114 1863 INFO eventlet.wsgi.server [req-d967db0e-3720-4f82-a008-f5a116ad0464 9b1f9b36d7354b1ea121ccfbae339d8b 85a11a1515f94848be7aa5b56adec8bf - - -] 127.0.0.1 - - [24/Feb/2016 21:06:17] "GET /images/detail?is_public=None&limit=20 HTTP/1.1" 200 914 0.134119
2016-02-24 21:15:37.885 1868 INFO eventlet.wsgi.server [req-2a39a238-0c9d-4b01-bb40-3746b9e3e0e2 9b1f9b36d7354b1ea121ccfbae339d8b 85a11a1515f94848be7aa5b56adec8bf - - -] 127.0.0.1 - - [24/Feb/2016 21:15:37] "GET /images/8a724f78-2673-4ea1-b607-373626a15afb HTTP/1.1" 200 911 0.145743
2016-02-24 21:16:10.617 1863 INFO eventlet.wsgi.server [req-46a4d23a-56c3-4229-bca8-f5dc987380b4 9b1f9b36d7354b1ea121ccfbae339d8b 85a11a1515f94848be7aa5b56adec8bf - - -] 127.0.0.1 - - [24/Feb/2016 21:16:10] "GET /images/8a724f78-2673-4ea1-b607-373626a15afb HTTP/1.1" 200 911 0.114866
2016-02-24 21:16:16.345 1868 INFO eventlet.wsgi.server [req-04632482-c783-40ec-b752-91a0af4c1503 9b1f9b36d7354b1ea121ccfbae339d8b 85a11a1515f94848be7aa5b56adec8bf - - -] 127.0.0.1 - - [24/Feb/2016 21:16:16] "GET /images/detail?is_public=None&limit=20 HTTP/1.1" 200 914 0.240254
2016-02-24 21:25:37.445 1863 INFO eventlet.wsgi.server [req-036c82c8-c25a-49b3-904c-f5f955706789 9b1f9b36d7354b1ea121ccfbae339d8b 85a11a1515f94848be7aa5b56adec8bf - - -] 127.0.0.1 - - [24/Feb/2016 21:25:37] "GET /images/8a724f78-2673-4ea1-b607-373626a15afb HTTP/1.1" 200 911 0.117462
2016-02-24 21:26:10.885 1875 INFO eventlet.wsgi.server [req-e1a175e8-be72-4424-97bd-25cdeb807f2a 9b1f9b36d7354b1ea121ccfbae339d8b 85a11a1515f94848be7aa5b56adec8bf - - -] 127.0.0.1 - - [24/Feb/2016 21:26:10] "GET /images/8a724f78-2673-4ea1-b607-373626a15afb HTTP/1.1" 200 911 0.238798
2016-02-24 21:26:16.442 1875 INFO eventlet.wsgi.server [req-1f9703ce-b349-4cd0-924b-e322ad7209d1 9b1f9b36d7354b1ea121ccfbae339d8b 85a11a1515f94848be7aa5b56adec8bf - - -] 127.0.0.1 - - [24/Feb/2016 21:26:16] "GET /images/detail?is_public=None&limit=20 HTTP/1.1" 200 914 0.122480
2016-02-24 21:35:37.447 1860 INFO eventlet.wsgi.server [req-484b6faa-de86-4e9f-8a0c-8b11170ec2f5 9b1f9b36d7354b1ea121ccfbae339d8b 85a11a1515f94848be7aa5b56adec8bf - - -] 127.0.0.1 - - [24/Feb/2016 21:35:37] "GET /images/8a724f78-2673-4ea1-b607-373626a15afb HTTP/1.1" 200 911 0.113005
2016-02-24 21:36:10.613 1868 INFO eventlet.wsgi.server [req-0272db5f-d0b0-460a-b071-4f0a71a7d440 9b1f9b36d7354b1ea121ccfbae339d8b 85a11a1515f94848be7aa5b56adec8bf - - -] 127.0.0.1 - - [24/Feb/2016 21:36:10] "GET /images/8a724f78-2673-4ea1-b607-373626a15afb HTTP/1.1" 200 911 0.118782
2016-02-24 21:36:16.360 1863 INFO eventlet.wsgi.server [req-0f8b44ac-d993-4369-b239-e13c84f1562a 9b1f9b36d7354b1ea121ccfbae339d8b 85a11a1515f94848be7aa5b56adec8bf - - -] 127.0.0.1 - - [24/Feb/2016 21:36:16] "GET /images/detail?is_public=None&limit=20 HTTP/1.1" 200 914 0.126948
2016-02-24 21:45:37.372 1863 INFO eventlet.wsgi.server [req-a0170885-8905-40ce-a9ac-75585ac06d57 9b1f9b36d7354b1ea121ccfbae339d8b 85a11a1515f94848be7aa5b56adec8bf - - -] 127.0.0.1 - - [24/Feb/2016 21:45:37] "GET /images/8a724f78-2673-4ea1-b607-373626a15afb HTTP/1.1" 200 911 0.129107
2016-02-24 21:46:10.698 1863 INFO eventlet.wsgi.server [req-5b0d7fbd-3656-4a74-acef-fe02939912c8 9b1f9b36d7354b1ea121ccfbae339d8b 85a11a1515f94848be7aa5b56adec8bf - - -] 127.0.0.1 - - [24/Feb/2016 21:46:10] "GET /images/8a724f78-2673-4ea1-b607-373626a15afb HTTP/1.1" 200 911 0.120203
2016-02-24 21:46:16.257 1875 INFO eventlet.wsgi.server [req-7c85d655-a1ed-49fb-bf2f-4957d8877ace 9b1f9b36d7354b1ea121ccfbae339d8b 85a11a1515f94848be7aa5b56adec8bf - - -] 127.0.0.1 - - [24/Feb/2016 21:46:16] "GET /images/detail?is_public=None&limit=20 HTTP/1.1" 200 914 0.123911
2016-02-24 21:55:38.030 1875 INFO eventlet.wsgi.server [req-b994355e-12e8-48f6-9296-354641d989ce 9b1f9b36d7354b1ea121ccfbae339d8b 85a11a1515f94848be7aa5b56adec8bf - - -] 127.0.0.1 - - [24/Feb/2016 21:55:38] "GET /images/8a724f78-2673-4ea1-b607-373626a15afb HTTP/1.1" 200 911 0.112822
2016-02-24 21:56:11.033 1868 INFO eventlet.wsgi.server [req-38f72e43-931e-418d-9cf4-231ce1681bde 9b1f9b36d7354b1ea121ccfbae339d8b 85a11a1515f94848be7aa5b56adec8bf - - -] 127.0.0.1 - - [24/Feb/2016 21:56:11] "GET /images/8a724f78-2673-4ea1-b607-373626a15afb HTTP/1.1" 200 911 0.124177
2016-02-24 21:56:16.670 1860 INFO eventlet.wsgi.server [req-d3a96eb0-8f9f-49dd-8575-5e24dac156be 9b1f9b36d7354b1ea121ccfbae339d8b 85a11a1515f94848be7aa5b56adec8bf - - -] 127.0.0.1 - - [24/Feb/2016 21:56:16] "GET /images/detail?is_public=None&limit=20 HTTP/1.1" 200 914 0.139931
2016-02-24 22:05:37.707 1863 INFO eventlet.wsgi.server [req-eee5e5ab-237d-497a-a99b-e48dc3c89470 9b1f9b36d7354b1ea121ccfbae339d8b 85a11a1515f94848be7aa5b56adec8bf - - -] 127.0.0.1 - - [24/Feb/2016 22:05:37] "GET /images/8a724f78-2673-4ea1-b607-373626a15afb HTTP/1.1" 200 911 0.244690
2016-02-24 22:06:10.708 1860 INFO eventlet.wsgi.server [req-aa760348-4fde-451d-a1b9-d3a69e0282e2 9b1f9b36d7354b1ea121ccfbae339d8b 85a11a1515f94848be7aa5b56adec8bf - - -] 127.0.0.1 - - [24/Feb/2016 22:06:10] "GET /images/8a724f78-2673-4ea1-b607-373626a15afb HTTP/1.1" 200 911 0.224586
2016-02-24 22:06:16.497 1863 INFO eventlet.wsgi.server [req-40ed4045-7b51-4be8-88dc-76213d5ae698 9b1f9b36d7354b1ea121ccfbae339d8b 85a11a1515f94848be7aa5b56adec8bf - - -] 127.0.0.1 - - [24/Feb/2016 22:06:16] "GET /images/detail?is_public=None&limit=20 HTTP/1.1" 200 914 0.127032
2016-02-24 22:15:37.550 1860 INFO eventlet.wsgi.server [req-905f4e29-ffdf-4473-879e-feaa782da85c 9b1f9b36d7354b1ea121ccfbae339d8b 85a11a1515f94848be7aa5b56adec8bf - - -] 127.0.0.1 - - [24/Feb/2016 22:15:37] "GET /images/8a724f78-2673-4ea1-b607-373626a15afb HTTP/1.1" 200 911 0.136906
2016-02-24 22:16:10.743 1875 INFO eventlet.wsgi.server [req-eb3ee113-c90d-4df1-a535-5a40220bcc2a 9b1f9b36d7354b1ea121ccfbae339d8b 85a11a1515f94848be7aa5b56adec8bf - - -] 127.0.0.1 - - [24/Feb/2016 22:16:10] "GET /images/8a724f78-2673-4ea1-b607-373626a15afb HTTP/1.1" 200 911 0.114612
2016-02-24 22:16:16.239 1860 INFO eventlet.wsgi.server [req-e95f2918-a540-40c9-8a3e-e5941982062c 9b1f9b36d7354b1ea121ccfbae339d8b 85a11a1515f94848be7aa5b56adec8bf - - -] 127.0.0.1 - - [24/Feb/2016 22:16:16] "GET /images/detail?is_public=None&limit=20 HTTP/1.1" 200 914 0.126116
2016-02-24 22:25:37.457 1860 INFO eventlet.wsgi.server [req-4268f5bd-66d0-4e1b-b64c-71a5b8b2c9d6 9b1f9b36d7354b1ea121ccfbae339d8b 85a11a1515f94848be7aa5b56adec8bf - - -] 127.0.0.1 - - [24/Feb/2016 22:25:37] "GET /images/8a724f78-2673-4ea1-b607-373626a15afb HTTP/1.1" 200 911 0.135710
2016-02-24 22:26:10.701 1868 INFO eventlet.wsgi.server [req-73029d30-981c-4f4f-b392-521970261d19 9b1f9b36d7354b1ea121ccfbae339d8b 85a11a1515f94848be7aa5b56adec8bf - - -] 127.0.0.1 - - [24/Feb/2016 22:26:10] "GET /images/8a724f78-2673-4ea1-b607-373626a15afb HTTP/1.1" 200 911 0.228553
2016-02-24 22:26:16.160 1863 INFO eventlet.wsgi.server [req-bd4ffdc1-154a-468f-8130-fe8e9fe22051 9b1f9b36d7354b1ea121ccfbae339d8b 85a11a1515f94848be7aa5b56adec8bf - - -] 127.0.0.1 - - [24/Feb/2016 22:26:16] "GET /images/detail?is_public=None&limit=20 HTTP/1.1" 200 914 0.124584
2016-02-24 22:35:37.765 1875 INFO eventlet.wsgi.server [req-cc7f2fda-9054-4655-bda0-ab1b22be2866 9b1f9b36d7354b1ea121ccfbae339d8b 85a11a1515f94848be7aa5b56adec8bf - - -] 127.0.0.1 - - [24/Feb/2016 22:35:37] "GET /images/8a724f78-2673-4ea1-b607-373626a15afb HTTP/1.1" 200 911 0.248616
2016-02-24 22:36:10.599 1868 INFO eventlet.wsgi.server [req-a8dd6f81-17b8-4355-994d-8dbc7999e64d 9b1f9b36d7354b1ea121ccfbae339d8b 85a11a1515f94848be7aa5b56adec8bf - - -] 127.0.0.1 - - [24/Feb/2016 22:36:10] "GET /images/8a724f78-2673-4ea1-b607-373626a15afb HTTP/1.1" 200 911 0.115917
2016-02-24 22:36:16.266 1868 INFO eventlet.wsgi.server [req-44e9bbad-1afd-4998-a316-f51013bf7e9c 9b1f9b36d7354b1ea121ccfbae339d8b 85a11a1515f94848be7aa5b56adec8bf - - -] 127.0.0.1 - - [24/Feb/2016 22:36:16] "GET /images/detail?is_public=None&limit=20 HTTP/1.1" 200 914 0.118646
2016-02-24 22:45:37.447 1863 INFO eventlet.wsgi.server [req-62b38f2e-4f51-433f-8b66-6cd0ac6a90a5 9b1f9b36d7354b1ea121ccfbae339d8b 85a11a1515f94848be7aa5b56adec8bf - - -] 127.0.0.1 - - [24/Feb/2016 22:45:37] "GET /images/8a724f78-2673-4ea1-b607-373626a15afb HTTP/1.1" 200 911 0.117740
2016-02-24 22:46:10.652 1868 INFO eventlet.wsgi.server [req-cb366a00-2fd9-4059-99e1-4e6d91fd8bfc 9b1f9b36d7354b1ea121ccfbae339d8b 85a11a1515f94848be7aa5b56adec8bf - - -] 127.0.0.1 - - [24/Feb/2016 22:46:10] "GET /images/8a724f78-2673-4ea1-b607-373626a15afb HTTP/1.1" 200 911 0.119938
2016-02-24 22:46:16.317 1860 INFO eventlet.wsgi.server [req-9338836c-9c89-458d-a99c-2bfbd3b0aeb9 9b1f9b36d7354b1ea121ccfbae339d8b 85a11a1515f94848be7aa5b56adec8bf - - -] 127.0.0.1 - - [24/Feb/2016 22:46:16] "GET /images/detail?is_public=None&limit=20 HTTP/1.1" 200 914 0.136785
2016-02-24 22:55:37.867 1863 INFO eventlet.wsgi.server [req-7904fe6b-5fa0-463f-976a-764b1d885b1b 9b1f9b36d7354b1ea121ccfbae339d8b 85a11a1515f94848be7aa5b56adec8bf - - -] 127.0.0.1 - - [24/Feb/2016 22:55:37] "GET /images/8a724f78-2673-4ea1-b607-373626a15afb HTTP/1.1" 200 911 0.116482
2016-02-24 22:56:11.244 1868 INFO eventlet.wsgi.server [req-453b470a-64ae-4e17-aafe-e752c429aa7a 9b1f9b36d7354b1ea121ccfbae339d8b 85a11a1515f94848be7aa5b56adec8bf - - -] 127.0.0.1 - - [24/Feb/2016 22:56:11] "GET /images/8a724f78-2673-4ea1-b607-373626a15afb HTTP/1.1" 200 911 0.116518
2016-02-24 22:56:16.502 1860 INFO eventlet.wsgi.server [req-533d1426-b788-489a-aa6e-51288357c70a 9b1f9b36d7354b1ea121ccfbae339d8b 85a11a1515f94848be7aa5b56adec8bf - - -] 127.0.0.1 - - [24/Feb/2016 22:56:16] "GET /images/detail?is_public=None&limit=20 HTTP/1.1" 200 914 0.114887
2016-02-25 19:46:50.245 998 INFO glance.common.wsgi [-] Starting 4 workers
2016-02-25 19:46:50.449 998 INFO glance.common.wsgi [-] Started child 1903
2016-02-25 19:46:50.446 1903 INFO eventlet.wsgi.server [-] (1903) wsgi starting up on http://0.0.0.0:9191/
2016-02-25 19:46:50.686 998 INFO glance.common.wsgi [-] Started child 1908
2016-02-25 19:46:50.824 1908 INFO eventlet.wsgi.server [-] (1908) wsgi starting up on http://0.0.0.0:9191/
2016-02-25 19:46:50.866 998 INFO glance.common.wsgi [-] Started child 1914
2016-02-25 19:46:51.111 998 INFO glance.common.wsgi [-] Started child 1923
2016-02-25 19:46:51.165 1923 INFO eventlet.wsgi.server [-] (1923) wsgi starting up on http://0.0.0.0:9191/
2016-02-25 19:46:51.240 1914 INFO eventlet.wsgi.server [-] (1914) wsgi starting up on http://0.0.0.0:9191/
2016-02-25 19:56:54.640 1908 INFO eventlet.wsgi.server [req-65579252-73bf-4abf-9053-f033d1084a9c 9b1f9b36d7354b1ea121ccfbae339d8b 85a11a1515f94848be7aa5b56adec8bf - - -] 127.0.0.1 - - [25/Feb/2016 19:56:54] "GET /images/8a724f78-2673-4ea1-b607-373626a15afb HTTP/1.1" 200 911 0.861206
2016-02-25 19:56:55.509 1923 INFO eventlet.wsgi.server [req-a9bded5b-94ad-4d1a-adbd-6efa482f9c20 9b1f9b36d7354b1ea121ccfbae339d8b 85a11a1515f94848be7aa5b56adec8bf - - -] 127.0.0.1 - - [25/Feb/2016 19:56:55] "GET /images/detail?is_public=None&limit=20 HTTP/1.1" 200 914 0.560453
2016-02-25 19:57:01.535 1914 INFO eventlet.wsgi.server [req-b02c46d7-1242-487e-a074-7e6fbfbc30a8 9b1f9b36d7354b1ea121ccfbae339d8b 85a11a1515f94848be7aa5b56adec8bf - - -] 127.0.0.1 - - [25/Feb/2016 19:57:01] "GET /images/8a724f78-2673-4ea1-b607-373626a15afb HTTP/1.1" 200 911 0.592483
2016-02-25 20:01:17.207 1914 INFO eventlet.wsgi.server [req-9d4d8dab-aa6e-4f71-86e5-5a9484f45226 e9483918caa940a48fe882ba092c7e0b 300b2cc45c3846939e589310ae714e46 - - -] 127.0.0.1 - - [25/Feb/2016 20:01:17] "GET /images/detail?sort_key=name&sort_dir=asc&limit=20 HTTP/1.1" 200 914 0.190094
2016-02-25 20:04:23.301 1923 INFO glance.registry.api.v1.images [req-9935406c-9314-4138-a65e-fc7a2be31b67 e9483918caa940a48fe882ba092c7e0b 300b2cc45c3846939e589310ae714e46 - - -] Successfully created image 3576a64c-e041-4d99-a87f-41fb2fa711b7
2016-02-25 20:04:23.305 1923 INFO eventlet.wsgi.server [req-9935406c-9314-4138-a65e-fc7a2be31b67 e9483918caa940a48fe882ba092c7e0b 300b2cc45c3846939e589310ae714e46 - - -] 127.0.0.1 - - [25/Feb/2016 20:04:23] "POST /images HTTP/1.1" 200 891 0.202832
2016-02-25 20:04:23.545 1908 INFO eventlet.wsgi.server [req-ac7e04b5-9e75-49ba-b9c9-9683e44327d7 e9483918caa940a48fe882ba092c7e0b 300b2cc45c3846939e589310ae714e46 - - -] 127.0.0.1 - - [25/Feb/2016 20:04:23] "GET /images/3576a64c-e041-4d99-a87f-41fb2fa711b7 HTTP/1.1" 200 891 0.157556
2016-02-25 20:04:24.505 1903 INFO glance.registry.api.v1.images [req-d50a6dfa-846c-468b-b1c1-5c4d59efa3d5 e9483918caa940a48fe882ba092c7e0b 300b2cc45c3846939e589310ae714e46 - - -] Updating metadata for image 3576a64c-e041-4d99-a87f-41fb2fa711b7
2016-02-25 20:04:24.509 1903 INFO eventlet.wsgi.server [req-d50a6dfa-846c-468b-b1c1-5c4d59efa3d5 e9483918caa940a48fe882ba092c7e0b 300b2cc45c3846939e589310ae714e46 - - -] 127.0.0.1 - - [25/Feb/2016 20:04:24] "PUT /images/3576a64c-e041-4d99-a87f-41fb2fa711b7 HTTP/1.1" 200 891 0.625506
2016-02-25 20:04:24.558 1903 INFO eventlet.wsgi.server [req-4c0d10b9-f45d-4b3f-b46a-bf91d25acd7f e9483918caa940a48fe882ba092c7e0b 300b2cc45c3846939e589310ae714e46 - - -] 127.0.0.1 - - [25/Feb/2016 20:04:24] "GET /images/3576a64c-e041-4d99-a87f-41fb2fa711b7/members HTTP/1.1" 200 208 0.025695
2016-02-25 20:04:41.843 1923 INFO eventlet.wsgi.server [req-6c091cef-ea8a-4599-9b13-c65416414b09 e9483918caa940a48fe882ba092c7e0b 300b2cc45c3846939e589310ae714e46 - - -] 127.0.0.1 - - [25/Feb/2016 20:04:41] "GET /images/detail?sort_key=name&sort_dir=asc&limit=20 HTTP/1.1" 200 1603 0.149303
2016-02-25 20:06:34.162 1908 INFO eventlet.wsgi.server [req-619c9baa-59bd-411e-8665-a0f982a55051 e9483918caa940a48fe882ba092c7e0b 300b2cc45c3846939e589310ae714e46 - - -] 127.0.0.1 - - [25/Feb/2016 20:06:34] "GET /images/detail?is_public=none&limit=20 HTTP/1.1" 200 1603 0.143056
2016-02-25 20:06:34.347 1908 INFO eventlet.wsgi.server [req-52c8f992-6d13-4a81-8337-dcc52050b036 e9483918caa940a48fe882ba092c7e0b 300b2cc45c3846939e589310ae714e46 - - -] 127.0.0.1 - - [25/Feb/2016 20:06:34] "GET /images/3576a64c-e041-4d99-a87f-41fb2fa711b7 HTTP/1.1" 200 891 0.018422
2016-02-25 20:06:34.499 1903 INFO eventlet.wsgi.server [req-a9f12ebd-515f-40b5-a577-ca7147adbc47 e9483918caa940a48fe882ba092c7e0b 300b2cc45c3846939e589310ae714e46 - - -] 127.0.0.1 - - [25/Feb/2016 20:06:34] "GET /images/3576a64c-e041-4d99-a87f-41fb2fa711b7 HTTP/1.1" 200 891 0.132986
2016-02-25 20:06:34.670 1908 INFO eventlet.wsgi.server [req-9b8600fb-a641-42e2-84e7-0d9267754480 e9483918caa940a48fe882ba092c7e0b 300b2cc45c3846939e589310ae714e46 - - -] 127.0.0.1 - - [25/Feb/2016 20:06:34] "GET /images/3576a64c-e041-4d99-a87f-41fb2fa711b7 HTTP/1.1" 200 891 0.017944
2016-02-25 20:06:34.815 1914 INFO eventlet.wsgi.server [req-92e3202f-1097-4054-baf4-3687069eb3b6 e9483918caa940a48fe882ba092c7e0b 300b2cc45c3846939e589310ae714e46 - - -] 127.0.0.1 - - [25/Feb/2016 20:06:34] "GET /images/3576a64c-e041-4d99-a87f-41fb2fa711b7 HTTP/1.1" 200 891 0.124659
2016-02-25 20:06:35.913 1923 INFO eventlet.wsgi.server [req-4be7e437-9342-458a-9397-2aa862a5c2f4 e9483918caa940a48fe882ba092c7e0b 300b2cc45c3846939e589310ae714e46 - - -] 127.0.0.1 - - [25/Feb/2016 20:06:35] "GET /images/3576a64c-e041-4d99-a87f-41fb2fa711b7 HTTP/1.1" 200 891 0.125329
2016-02-25 20:06:35.948 1923 INFO eventlet.wsgi.server [req-6b4c45b8-5a59-4729-b495-562959272ece e9483918caa940a48fe882ba092c7e0b 300b2cc45c3846939e589310ae714e46 - - -] 127.0.0.1 - - [25/Feb/2016 20:06:35] "GET /images/3576a64c-e041-4d99-a87f-41fb2fa711b7 HTTP/1.1" 200 891 0.013701
2016-02-25 20:06:36.781 1914 INFO eventlet.wsgi.server [req-4cdcb5bd-bbd4-403e-a405-1c0c31ad456b e9483918caa940a48fe882ba092c7e0b 300b2cc45c3846939e589310ae714e46 - - -] 127.0.0.1 - - [25/Feb/2016 20:06:36] "GET /images/3576a64c-e041-4d99-a87f-41fb2fa711b7 HTTP/1.1" 200 891 0.028867
2016-02-25 20:06:52.430 1914 INFO eventlet.wsgi.server [req-8ceaf76b-b23d-4fab-b43f-dedd44ccee77 9b1f9b36d7354b1ea121ccfbae339d8b 85a11a1515f94848be7aa5b56adec8bf - - -] 127.0.0.1 - - [25/Feb/2016 20:06:52] "GET /images/8a724f78-2673-4ea1-b607-373626a15afb HTTP/1.1" 200 911 0.376283
2016-02-25 20:06:52.832 1903 INFO eventlet.wsgi.server [req-b573ca6c-5510-4bba-9771-2b1a7bad4ef5 9b1f9b36d7354b1ea121ccfbae339d8b 85a11a1515f94848be7aa5b56adec8bf - - -] 127.0.0.1 - - [25/Feb/2016 20:06:52] "GET /images/detail?is_public=None&limit=20 HTTP/1.1" 200 1603 0.362512
2016-02-25 20:07:01.293 1914 INFO eventlet.wsgi.server [req-f17200d0-6a40-4cbb-8939-cfde8a5eea6b 9b1f9b36d7354b1ea121ccfbae339d8b 85a11a1515f94848be7aa5b56adec8bf - - -] 127.0.0.1 - - [25/Feb/2016 20:07:01] "GET /images/3576a64c-e041-4d99-a87f-41fb2fa711b7 HTTP/1.1" 200 891 0.221644
2016-02-25 20:07:01.369 1914 INFO eventlet.wsgi.server [req-cea5e0ae-73d1-4c74-ad17-69892e687ee6 9b1f9b36d7354b1ea121ccfbae339d8b 85a11a1515f94848be7aa5b56adec8bf - - -] 127.0.0.1 - - [25/Feb/2016 20:07:01] "GET /images/3576a64c-e041-4d99-a87f-41fb2fa711b7 HTTP/1.1" 200 891 0.025162
2016-02-25 20:07:01.737 1908 INFO eventlet.wsgi.server [req-de5856e5-975e-4ec6-8b2f-635189fd71e6 9b1f9b36d7354b1ea121ccfbae339d8b 85a11a1515f94848be7aa5b56adec8bf - - -] 127.0.0.1 - - [25/Feb/2016 20:07:01] "GET /images/8a724f78-2673-4ea1-b607-373626a15afb HTTP/1.1" 200 911 0.240623
2016-02-25 20:10:37.869 1923 INFO eventlet.wsgi.server [req-fce32e24-7523-4df3-b717-217f45cda7b6 e9483918caa940a48fe882ba092c7e0b 300b2cc45c3846939e589310ae714e46 - - -] 127.0.0.1 - - [25/Feb/2016 20:10:37] "GET /images/detail?sort_key=created_at&sort_dir=desc&limit=1000 HTTP/1.1" 200 1603 0.149102
2016-02-25 20:11:06.166 1914 INFO eventlet.wsgi.server [req-63334cdd-d946-4b96-bb86-976854047493 e9483918caa940a48fe882ba092c7e0b 300b2cc45c3846939e589310ae714e46 - - -] 127.0.0.1 - - [25/Feb/2016 20:11:06] "GET /images/3576a64c-e041-4d99-a87f-41fb2fa711b7 HTTP/1.1" 200 891 0.144345
2016-02-25 20:11:06.301 1908 INFO eventlet.wsgi.server [req-bb71311c-39aa-4971-8282-51cf2e16647e e9483918caa940a48fe882ba092c7e0b 300b2cc45c3846939e589310ae714e46 - - -] 127.0.0.1 - - [25/Feb/2016 20:11:06] "GET /images/3576a64c-e041-4d99-a87f-41fb2fa711b7 HTTP/1.1" 200 891 0.112150
2016-02-25 20:11:58.117 1923 INFO eventlet.wsgi.server [req-6a4f9d36-2c41-4020-9a61-3034b3908200 e9483918caa940a48fe882ba092c7e0b 300b2cc45c3846939e589310ae714e46 - - -] 127.0.0.1 - - [25/Feb/2016 20:11:58] "GET /images/detail?sort_key=created_at&sort_dir=desc&limit=1000 HTTP/1.1" 200 1603 0.071836
2016-02-25 20:12:03.009 1908 INFO eventlet.wsgi.server [req-e50dde1d-dbf2-42aa-a4c0-7d14ce6f7095 e9483918caa940a48fe882ba092c7e0b 300b2cc45c3846939e589310ae714e46 - - -] 127.0.0.1 - - [25/Feb/2016 20:12:03] "GET /images/detail?status=active&is_public=True&limit=1000&sort_dir=desc&sort_key=created_at HTTP/1.1" 200 1603 0.167805
2016-02-25 20:12:03.072 1908 INFO eventlet.wsgi.server [req-055a3325-d150-4e48-9ce7-805070373140 e9483918caa940a48fe882ba092c7e0b 300b2cc45c3846939e589310ae714e46 - - -] 127.0.0.1 - - [25/Feb/2016 20:12:03] "GET /images/detail?status=active&sort_key=created_at&property-owner_id=300b2cc45c3846939e589310ae714e46&limit=1000&sort_dir=desc HTTP/1.1" 200 207 0.049987
2016-02-25 20:12:28.174 1903 INFO eventlet.wsgi.server [req-5253734c-43e3-4c62-b2ec-07d5559beaff e9483918caa940a48fe882ba092c7e0b 300b2cc45c3846939e589310ae714e46 - - -] 127.0.0.1 - - [25/Feb/2016 20:12:28] "GET /images/detail?status=active&is_public=True&limit=1000&sort_dir=desc&sort_key=created_at HTTP/1.1" 200 1603 0.197607
2016-02-25 20:12:28.258 1923 INFO eventlet.wsgi.server [req-67643413-6ca2-42e0-a3c4-9d5436bb591a e9483918caa940a48fe882ba092c7e0b 300b2cc45c3846939e589310ae714e46 - - -] 127.0.0.1 - - [25/Feb/2016 20:12:28] "GET /images/detail?status=active&sort_key=created_at&property-owner_id=300b2cc45c3846939e589310ae714e46&limit=1000&sort_dir=desc HTTP/1.1" 200 207 0.066744
2016-02-25 20:12:41.595 1914 INFO eventlet.wsgi.server [req-19038dae-daef-4823-b2cc-d70cdf24f113 e9483918caa940a48fe882ba092c7e0b 300b2cc45c3846939e589310ae714e46 - - -] 127.0.0.1 - - [25/Feb/2016 20:12:41] "GET /images/detail?status=active&is_public=True&limit=1000&sort_dir=desc&sort_key=created_at HTTP/1.1" 200 1603 0.215554
2016-02-25 20:12:41.680 1914 INFO eventlet.wsgi.server [req-13b9ffc9-24ce-441d-b72e-ab08512b48de e9483918caa940a48fe882ba092c7e0b 300b2cc45c3846939e589310ae714e46 - - -] 127.0.0.1 - - [25/Feb/2016 20:12:41] "GET /images/detail?status=active&sort_key=created_at&property-owner_id=300b2cc45c3846939e589310ae714e46&limit=1000&sort_dir=desc HTTP/1.1" 200 207 0.066575
2016-02-25 20:12:43.081 1908 INFO eventlet.wsgi.server [req-6116bbb4-cdee-4bbb-b1e8-98c354dda6ae e9483918caa940a48fe882ba092c7e0b 300b2cc45c3846939e589310ae714e46 - - -] 127.0.0.1 - - [25/Feb/2016 20:12:43] "GET /images/3576a64c-e041-4d99-a87f-41fb2fa711b7 HTTP/1.1" 200 891 0.032540
2016-02-25 20:12:43.131 1903 INFO eventlet.wsgi.server [req-65ddfd19-ff32-4f4b-bf71-4a8c6d2af94b e9483918caa940a48fe882ba092c7e0b 300b2cc45c3846939e589310ae714e46 - - -] 127.0.0.1 - - [25/Feb/2016 20:12:43] "GET /images/3576a64c-e041-4d99-a87f-41fb2fa711b7 HTTP/1.1" 200 891 0.030362
2016-02-25 20:12:44.453 1903 INFO eventlet.wsgi.server [req-76758e29-a663-4ec8-b441-923a5d4880cc e9483918caa940a48fe882ba092c7e0b 300b2cc45c3846939e589310ae714e46 - - -] 127.0.0.1 - - [25/Feb/2016 20:12:44] "GET /images/detail?sort_key=created_at&sort_dir=desc&limit=1000 HTTP/1.1" 200 1603 0.087023
2016-02-25 20:12:45.095 1908 INFO eventlet.wsgi.server [req-99a15644-11d0-45fa-966e-c08ae0032d2c e9483918caa940a48fe882ba092c7e0b 300b2cc45c3846939e589310ae714e46 - - -] 127.0.0.1 - - [25/Feb/2016 20:12:45] "GET /images/3576a64c-e041-4d99-a87f-41fb2fa711b7 HTTP/1.1" 200 891 0.073551
2016-02-25 20:12:46.530 1923 INFO eventlet.wsgi.server [req-6c43c8a5-32e0-4719-906b-de2a2c4289e2 e9483918caa940a48fe882ba092c7e0b 300b2cc45c3846939e589310ae714e46 - - -] 127.0.0.1 - - [25/Feb/2016 20:12:46] "GET /images/3576a64c-e041-4d99-a87f-41fb2fa711b7 HTTP/1.1" 200 891 0.039542
2016-02-25 20:12:49.972 1923 INFO eventlet.wsgi.server [req-a7c5960e-3b67-4f9e-a27b-2c6eb8d69489 e9483918caa940a48fe882ba092c7e0b 300b2cc45c3846939e589310ae714e46 - - -] 127.0.0.1 - - [25/Feb/2016 20:12:49] "GET /images/3576a64c-e041-4d99-a87f-41fb2fa711b7 HTTP/1.1" 200 891 0.026003
2016-02-25 20:12:55.977 1908 INFO eventlet.wsgi.server [req-17284e12-ba50-4962-af4e-8ffafdd2ba70 e9483918caa940a48fe882ba092c7e0b 300b2cc45c3846939e589310ae714e46 - - -] 127.0.0.1 - - [25/Feb/2016 20:12:55] "GET /images/3576a64c-e041-4d99-a87f-41fb2fa711b7 HTTP/1.1" 200 891 0.043620
2016-02-25 20:13:01.608 1923 INFO eventlet.wsgi.server [req-d6521fad-7d3a-4b6c-aaf9-0e48c338db97 e9483918caa940a48fe882ba092c7e0b 300b2cc45c3846939e589310ae714e46 - - -] 127.0.0.1 - - [25/Feb/2016 20:13:01] "GET /images/3576a64c-e041-4d99-a87f-41fb2fa711b7 HTTP/1.1" 200 891 0.203434
2016-02-25 20:13:01.663 1923 INFO eventlet.wsgi.server [req-806cba00-5964-492e-88cd-e027ecca5b74 e9483918caa940a48fe882ba092c7e0b 300b2cc45c3846939e589310ae714e46 - - -] 127.0.0.1 - - [25/Feb/2016 20:13:01] "GET /images/3576a64c-e041-4d99-a87f-41fb2fa711b7 HTTP/1.1" 200 891 0.028692
2016-02-25 20:13:05.277 1914 INFO eventlet.wsgi.server [req-c8d9f6f4-6bb9-402b-9f85-3aac5e55d594 e9483918caa940a48fe882ba092c7e0b 300b2cc45c3846939e589310ae714e46 - - -] 127.0.0.1 - - [25/Feb/2016 20:13:05] "GET /images/3576a64c-e041-4d99-a87f-41fb2fa711b7 HTTP/1.1" 200 891 0.054577
2016-02-25 20:13:17.104 1923 INFO eventlet.wsgi.server [req-0bf39ee0-0003-4872-9d8c-f2b9501c5d80 e9483918caa940a48fe882ba092c7e0b 300b2cc45c3846939e589310ae714e46 - - -] 127.0.0.1 - - [25/Feb/2016 20:13:17] "GET /images/3576a64c-e041-4d99-a87f-41fb2fa711b7 HTTP/1.1" 200 891 0.039592
2016-02-25 20:13:31.090 1914 INFO eventlet.wsgi.server [req-95c27e2b-c103-4cde-b874-ca4389c5e451 e9483918caa940a48fe882ba092c7e0b 300b2cc45c3846939e589310ae714e46 - - -] 127.0.0.1 - - [25/Feb/2016 20:13:31] "GET /images/3576a64c-e041-4d99-a87f-41fb2fa711b7 HTTP/1.1" 200 891 0.033524
2016-02-25 20:13:47.072 1903 INFO eventlet.wsgi.server [req-7e84404d-ccf4-431b-a24e-0cdc6269a76b e9483918caa940a48fe882ba092c7e0b 300b2cc45c3846939e589310ae714e46 - - -] 127.0.0.1 - - [25/Feb/2016 20:13:47] "GET /images/3576a64c-e041-4d99-a87f-41fb2fa711b7 HTTP/1.1" 200 891 0.044277
2016-02-25 20:14:06.245 1908 INFO eventlet.wsgi.server [req-22758047-c53a-42b5-bd21-51742091bcc7 e9483918caa940a48fe882ba092c7e0b 300b2cc45c3846939e589310ae714e46 - - -] 127.0.0.1 - - [25/Feb/2016 20:14:06] "GET /images/3576a64c-e041-4d99-a87f-41fb2fa711b7 HTTP/1.1" 200 891 0.050198
2016-02-25 20:14:28.102 1903 INFO eventlet.wsgi.server [req-c231ef6f-af95-408d-a8bc-fe2431c2d007 e9483918caa940a48fe882ba092c7e0b 300b2cc45c3846939e589310ae714e46 - - -] 127.0.0.1 - - [25/Feb/2016 20:14:28] "GET /images/3576a64c-e041-4d99-a87f-41fb2fa711b7 HTTP/1.1" 200 891 0.056318
2016-02-25 20:16:51.954 1903 INFO eventlet.wsgi.server [req-bb701026-bd40-4734-aab2-a982acc311f1 9b1f9b36d7354b1ea121ccfbae339d8b 85a11a1515f94848be7aa5b56adec8bf - - -] 127.0.0.1 - - [25/Feb/2016 20:16:51] "GET /images/3576a64c-e041-4d99-a87f-41fb2fa711b7 HTTP/1.1" 200 891 0.302751
2016-02-25 20:16:52.246 1908 INFO eventlet.wsgi.server [req-98bd4aca-7593-44b8-bcc2-ebdea66e2b79 9b1f9b36d7354b1ea121ccfbae339d8b 85a11a1515f94848be7aa5b56adec8bf - - -] 127.0.0.1 - - [25/Feb/2016 20:16:52] "GET /images/detail?is_public=None&limit=20 HTTP/1.1" 200 1603 0.314224
2016-02-25 20:16:52.276 1923 INFO eventlet.wsgi.server [req-5f73af81-b0de-466f-b79f-884b46491e43 9b1f9b36d7354b1ea121ccfbae339d8b 85a11a1515f94848be7aa5b56adec8bf - - -] 127.0.0.1 - - [25/Feb/2016 20:16:52] "GET /images/3576a64c-e041-4d99-a87f-41fb2fa711b7 HTTP/1.1" 200 891 0.299391
2016-02-25 20:16:53.092 1914 INFO eventlet.wsgi.server [req-12b52820-99cb-449b-a2fa-4b65aa7aa4c1 9b1f9b36d7354b1ea121ccfbae339d8b 85a11a1515f94848be7aa5b56adec8bf - - -] 127.0.0.1 - - [25/Feb/2016 20:16:53] "GET /images/8a724f78-2673-4ea1-b607-373626a15afb HTTP/1.1" 200 911 0.356434
2016-02-25 20:17:01.016 1908 INFO eventlet.wsgi.server [req-0eea9389-5484-4378-9b35-b7ed205637d2 9b1f9b36d7354b1ea121ccfbae339d8b 85a11a1515f94848be7aa5b56adec8bf - - -] 127.0.0.1 - - [25/Feb/2016 20:17:01] "GET /images/3576a64c-e041-4d99-a87f-41fb2fa711b7 HTTP/1.1" 200 891 0.161042
2016-02-25 20:17:01.200 1903 INFO eventlet.wsgi.server [req-4e42143d-4b6a-4766-8b69-3e032bc47ed3 9b1f9b36d7354b1ea121ccfbae339d8b 85a11a1515f94848be7aa5b56adec8bf - - -] 127.0.0.1 - - [25/Feb/2016 20:17:01] "GET /images/3576a64c-e041-4d99-a87f-41fb2fa711b7 HTTP/1.1" 200 891 0.150509
2016-02-25 20:17:01.553 1914 INFO eventlet.wsgi.server [req-20b1541a-2f12-447b-ba4c-f44c27f5a0ce 9b1f9b36d7354b1ea121ccfbae339d8b 85a11a1515f94848be7aa5b56adec8bf - - -] 127.0.0.1 - - [25/Feb/2016 20:17:01] "GET /images/8a724f78-2673-4ea1-b607-373626a15afb HTTP/1.1" 200 911 0.137563
2016-02-25 20:19:45.430 1908 INFO eventlet.wsgi.server [req-68f40ef2-8f95-4c9a-99f8-2511e84d2368 e9483918caa940a48fe882ba092c7e0b 300b2cc45c3846939e589310ae714e46 - - -] 127.0.0.1 - - [25/Feb/2016 20:19:45] "GET /images/3576a64c-e041-4d99-a87f-41fb2fa711b7 HTTP/1.1" 200 891 0.179641
2016-02-25 20:19:45.669 1914 INFO eventlet.wsgi.server [req-b3503ed6-e663-4af1-8bdd-52fa9c1f3456 e9483918caa940a48fe882ba092c7e0b 300b2cc45c3846939e589310ae714e46 - - -] 127.0.0.1 - - [25/Feb/2016 20:19:45] "GET /images/3576a64c-e041-4d99-a87f-41fb2fa711b7 HTTP/1.1" 200 891 0.202437
2016-02-25 20:22:47.404 1908 INFO eventlet.wsgi.server [req-e38e9ead-0936-4fe6-a43a-d3b023d158fa a7efbc8d2a394409a3bc37b6078a3283 4cf1e5c5b43442838d14781be3f285b1 - - -] 127.0.0.1 - - [25/Feb/2016 20:22:47] "GET /images/detail?status=active&is_public=True&limit=1000&sort_dir=desc&sort_key=created_at HTTP/1.1" 200 1603 0.171965
2016-02-25 20:22:47.484 1908 INFO eventlet.wsgi.server [req-13fbf24f-51f4-4a79-967a-71eeb637c95d a7efbc8d2a394409a3bc37b6078a3283 4cf1e5c5b43442838d14781be3f285b1 - - -] 127.0.0.1 - - [25/Feb/2016 20:22:47] "GET /images/detail?status=active&sort_key=created_at&property-owner_id=4cf1e5c5b43442838d14781be3f285b1&limit=1000&sort_dir=desc HTTP/1.1" 200 207 0.060559
2016-02-25 20:23:14.742 1903 INFO eventlet.wsgi.server [req-c8057771-6617-414a-ae2f-f250b9215463 a7efbc8d2a394409a3bc37b6078a3283 4cf1e5c5b43442838d14781be3f285b1 - - -] 127.0.0.1 - - [25/Feb/2016 20:23:14] "GET /images/detail?status=active&is_public=True&limit=1000&sort_dir=desc&sort_key=created_at HTTP/1.1" 200 1603 0.241915
2016-02-25 20:23:14.870 1908 INFO eventlet.wsgi.server [req-6751dbec-5532-4d13-8f82-5340ecc71df0 a7efbc8d2a394409a3bc37b6078a3283 4cf1e5c5b43442838d14781be3f285b1 - - -] 127.0.0.1 - - [25/Feb/2016 20:23:14] "GET /images/detail?status=active&sort_key=created_at&property-owner_id=4cf1e5c5b43442838d14781be3f285b1&limit=1000&sort_dir=desc HTTP/1.1" 200 207 0.076572
2016-02-25 20:26:51.979 1908 INFO eventlet.wsgi.server [req-db3d625d-8731-4e19-aa84-87dc39e7bd8d 9b1f9b36d7354b1ea121ccfbae339d8b 85a11a1515f94848be7aa5b56adec8bf - - -] 127.0.0.1 - - [25/Feb/2016 20:26:51] "GET /images/3576a64c-e041-4d99-a87f-41fb2fa711b7 HTTP/1.1" 200 891 0.289545
2016-02-25 20:26:52.341 1923 INFO eventlet.wsgi.server [req-c2a80471-076b-40ee-8147-3f7f691522a4 9b1f9b36d7354b1ea121ccfbae339d8b 85a11a1515f94848be7aa5b56adec8bf - - -] 127.0.0.1 - - [25/Feb/2016 20:26:52] "GET /images/3576a64c-e041-4d99-a87f-41fb2fa711b7 HTTP/1.1" 200 891 0.330995
2016-02-25 20:26:52.476 1908 INFO eventlet.wsgi.server [req-73bc0d34-4d31-4a89-ba70-4e58d8263af0 9b1f9b36d7354b1ea121ccfbae339d8b 85a11a1515f94848be7aa5b56adec8bf - - -] 127.0.0.1 - - [25/Feb/2016 20:26:52] "GET /images/detail?is_public=None&limit=20 HTTP/1.1" 200 1603 0.263902
2016-02-25 20:26:53.060 1903 INFO eventlet.wsgi.server [req-ac451eb3-36f9-4618-8826-f1501a3051a7 9b1f9b36d7354b1ea121ccfbae339d8b 85a11a1515f94848be7aa5b56adec8bf - - -] 127.0.0.1 - - [25/Feb/2016 20:26:53] "GET /images/8a724f78-2673-4ea1-b607-373626a15afb HTTP/1.1" 200 911 0.216912
2016-02-25 20:27:00.783 1908 INFO eventlet.wsgi.server [req-71d1e5a5-7404-4e1d-a2d7-6c508d1d411c 9b1f9b36d7354b1ea121ccfbae339d8b 85a11a1515f94848be7aa5b56adec8bf - - -] 127.0.0.1 - - [25/Feb/2016 20:27:00] "GET /images/3576a64c-e041-4d99-a87f-41fb2fa711b7 HTTP/1.1" 200 891 0.129837
2016-02-25 20:27:00.932 1903 INFO eventlet.wsgi.server [req-49197f46-f7d6-4232-a1b0-5c9ff0ae840d 9b1f9b36d7354b1ea121ccfbae339d8b 85a11a1515f94848be7aa5b56adec8bf - - -] 127.0.0.1 - - [25/Feb/2016 20:27:00] "GET /images/3576a64c-e041-4d99-a87f-41fb2fa711b7 HTTP/1.1" 200 891 0.132055
2016-02-25 20:27:01.368 1923 INFO eventlet.wsgi.server [req-f9472608-374c-4b7b-82dc-97ea97ab0455 9b1f9b36d7354b1ea121ccfbae339d8b 85a11a1515f94848be7aa5b56adec8bf - - -] 127.0.0.1 - - [25/Feb/2016 20:27:01] "GET /images/8a724f78-2673-4ea1-b607-373626a15afb HTTP/1.1" 200 911 0.174200
2016-02-25 20:36:51.929 1923 INFO eventlet.wsgi.server [req-e734803a-6dbd-4cc8-b021-b317ddfe78a2 9b1f9b36d7354b1ea121ccfbae339d8b 85a11a1515f94848be7aa5b56adec8bf - - -] 127.0.0.1 - - [25/Feb/2016 20:36:51] "GET /images/3576a64c-e041-4d99-a87f-41fb2fa711b7 HTTP/1.1" 200 891 0.374646
2016-02-25 20:36:52.256 1914 INFO eventlet.wsgi.server [req-d1f916ff-77bd-4506-b521-8a693315c5d0 9b1f9b36d7354b1ea121ccfbae339d8b 85a11a1515f94848be7aa5b56adec8bf - - -] 127.0.0.1 - - [25/Feb/2016 20:36:52] "GET /images/3576a64c-e041-4d99-a87f-41fb2fa711b7 HTTP/1.1" 200 891 0.305989
2016-02-25 20:36:52.587 1923 INFO eventlet.wsgi.server [req-262f68a3-09cd-4ae7-b08b-e92cb954aade 9b1f9b36d7354b1ea121ccfbae339d8b 85a11a1515f94848be7aa5b56adec8bf - - -] 127.0.0.1 - - [25/Feb/2016 20:36:52] "GET /images/detail?is_public=None&limit=20 HTTP/1.1" 200 1603 0.327309
2016-02-25 20:36:52.681 1914 INFO eventlet.wsgi.server [req-2e998cbd-f6ac-405c-9562-83d816a8fa96 9b1f9b36d7354b1ea121ccfbae339d8b 85a11a1515f94848be7aa5b56adec8bf - - -] 127.0.0.1 - - [25/Feb/2016 20:36:52] "GET /images/8a724f78-2673-4ea1-b607-373626a15afb HTTP/1.1" 200 911 0.021905
2016-02-25 20:37:00.944 1923 INFO eventlet.wsgi.server [req-b4c1a124-bd3b-4c7a-9860-fd690dba49e4 9b1f9b36d7354b1ea121ccfbae339d8b 85a11a1515f94848be7aa5b56adec8bf - - -] 127.0.0.1 - - [25/Feb/2016 20:37:00] "GET /images/3576a64c-e041-4d99-a87f-41fb2fa711b7 HTTP/1.1" 200 891 0.130255
2016-02-25 20:37:01.104 1903 INFO eventlet.wsgi.server [req-e00dcfc4-7c69-4375-a5bb-2da31f41a14c 9b1f9b36d7354b1ea121ccfbae339d8b 85a11a1515f94848be7aa5b56adec8bf - - -] 127.0.0.1 - - [25/Feb/2016 20:37:01] "GET /images/3576a64c-e041-4d99-a87f-41fb2fa711b7 HTTP/1.1" 200 891 0.137534
2016-02-25 20:37:01.508 1908 INFO eventlet.wsgi.server [req-0e85086d-166d-4c9c-8f3f-80ac2bb0bd0a 9b1f9b36d7354b1ea121ccfbae339d8b 85a11a1515f94848be7aa5b56adec8bf - - -] 127.0.0.1 - - [25/Feb/2016 20:37:01] "GET /images/8a724f78-2673-4ea1-b607-373626a15afb HTTP/1.1" 200 911 0.192322
2016-02-25 20:46:51.853 1908 INFO eventlet.wsgi.server [req-8b98b4d3-e1f5-49da-903a-1b031e6cbc4d 9b1f9b36d7354b1ea121ccfbae339d8b 85a11a1515f94848be7aa5b56adec8bf - - -] 127.0.0.1 - - [25/Feb/2016 20:46:51] "GET /images/3576a64c-e041-4d99-a87f-41fb2fa711b7 HTTP/1.1" 200 891 0.260034
2016-02-25 20:46:51.916 1908 INFO eventlet.wsgi.server [req-d90f9a2d-e1bf-4800-9bbc-21477191ec4c 9b1f9b36d7354b1ea121ccfbae339d8b 85a11a1515f94848be7aa5b56adec8bf - - -] 127.0.0.1 - - [25/Feb/2016 20:46:51] "GET /images/3576a64c-e041-4d99-a87f-41fb2fa711b7 HTTP/1.1" 200 891 0.029051
2016-02-25 20:46:52.154 1914 INFO eventlet.wsgi.server [req-84276a56-2943-488f-a74a-5060955e08ff 9b1f9b36d7354b1ea121ccfbae339d8b 85a11a1515f94848be7aa5b56adec8bf - - -] 127.0.0.1 - - [25/Feb/2016 20:46:52] "GET /images/detail?is_public=None&limit=20 HTTP/1.1" 200 1603 0.251078
2016-02-25 20:46:52.494 1903 INFO eventlet.wsgi.server [req-a915fa68-ae82-4ce8-8c4a-1bd558b0b6bd 9b1f9b36d7354b1ea121ccfbae339d8b 85a11a1515f94848be7aa5b56adec8bf - - -] 127.0.0.1 - - [25/Feb/2016 20:46:52] "GET /images/8a724f78-2673-4ea1-b607-373626a15afb HTTP/1.1" 200 911 0.385706
2016-02-25 20:47:00.826 1923 INFO eventlet.wsgi.server [req-3bae6672-ce3d-4d84-bfde-a4061ddd06b5 9b1f9b36d7354b1ea121ccfbae339d8b 85a11a1515f94848be7aa5b56adec8bf - - -] 127.0.0.1 - - [25/Feb/2016 20:47:00] "GET /images/3576a64c-e041-4d99-a87f-41fb2fa711b7 HTTP/1.1" 200 891 0.143085
2016-02-25 20:47:00.863 1923 INFO eventlet.wsgi.server [req-c1add4e9-9829-4fcd-8aaa-5d20fe75c85f 9b1f9b36d7354b1ea121ccfbae339d8b 85a11a1515f94848be7aa5b56adec8bf - - -] 127.0.0.1 - - [25/Feb/2016 20:47:00] "GET /images/3576a64c-e041-4d99-a87f-41fb2fa711b7 HTTP/1.1" 200 891 0.018947
2016-02-25 20:47:01.033 1903 INFO eventlet.wsgi.server [req-67b95abf-7169-41c9-a9b0-c7cf374568d1 9b1f9b36d7354b1ea121ccfbae339d8b 85a11a1515f94848be7aa5b56adec8bf - - -] 127.0.0.1 - - [25/Feb/2016 20:47:01] "GET /images/8a724f78-2673-4ea1-b607-373626a15afb HTTP/1.1" 200 911 0.132298
2016-02-25 20:56:53.275 1903 INFO eventlet.wsgi.server [req-482b67e3-dcd3-4b5a-9fc9-e188a66d8ca4 9b1f9b36d7354b1ea121ccfbae339d8b 85a11a1515f94848be7aa5b56adec8bf - - -] 127.0.0.1 - - [25/Feb/2016 20:56:53] "GET /images/3576a64c-e041-4d99-a87f-41fb2fa711b7 HTTP/1.1" 200 891 0.379435
2016-02-25 20:56:53.639 1914 INFO eventlet.wsgi.server [req-81d67e1e-3d40-42db-9103-c40d06026e98 9b1f9b36d7354b1ea121ccfbae339d8b 85a11a1515f94848be7aa5b56adec8bf - - -] 127.0.0.1 - - [25/Feb/2016 20:56:53] "GET /images/3576a64c-e041-4d99-a87f-41fb2fa711b7 HTTP/1.1" 200 891 0.337814
2016-02-25 20:56:53.746 1914 INFO eventlet.wsgi.server [req-b0206915-02cd-4cff-a71c-ea0625b08ac3 9b1f9b36d7354b1ea121ccfbae339d8b 85a11a1515f94848be7aa5b56adec8bf - - -] 127.0.0.1 - - [25/Feb/2016 20:56:53] "GET /images/detail?is_public=None&limit=20 HTTP/1.1" 200 1603 0.178815
2016-02-25 20:56:54.479 1914 INFO eventlet.wsgi.server [req-97bc300a-48bc-43a0-a5aa-45484bea3863 9b1f9b36d7354b1ea121ccfbae339d8b 85a11a1515f94848be7aa5b56adec8bf - - -] 127.0.0.1 - - [25/Feb/2016 20:56:54] "GET /images/8a724f78-2673-4ea1-b607-373626a15afb HTTP/1.1" 200 911 0.026039
2016-02-25 20:57:01.548 1923 INFO eventlet.wsgi.server [req-38e45fad-c29e-4eca-bc16-512b47aeb4d6 9b1f9b36d7354b1ea121ccfbae339d8b 85a11a1515f94848be7aa5b56adec8bf - - -] 127.0.0.1 - - [25/Feb/2016 20:57:01] "GET /images/3576a64c-e041-4d99-a87f-41fb2fa711b7 HTTP/1.1" 200 891 0.397966
2016-02-25 20:57:01.603 1923 INFO eventlet.wsgi.server [req-ee4783a4-cb82-44c8-ace4-b5fa0737eac1 9b1f9b36d7354b1ea121ccfbae339d8b 85a11a1515f94848be7aa5b56adec8bf - - -] 127.0.0.1 - - [25/Feb/2016 20:57:01] "GET /images/3576a64c-e041-4d99-a87f-41fb2fa711b7 HTTP/1.1" 200 891 0.023713
2016-02-25 20:57:01.914 1923 INFO eventlet.wsgi.server [req-4ed1ed12-b8ee-4680-9ed8-6136e8c98738 9b1f9b36d7354b1ea121ccfbae339d8b 85a11a1515f94848be7aa5b56adec8bf - - -] 127.0.0.1 - - [25/Feb/2016 20:57:01] "GET /images/8a724f78-2673-4ea1-b607-373626a15afb HTTP/1.1" 200 911 0.042325
2016-02-25 21:06:52.744 1914 INFO eventlet.wsgi.server [req-fbf7e0e2-6d79-4e75-aea0-1c4253cc9e16 9b1f9b36d7354b1ea121ccfbae339d8b 85a11a1515f94848be7aa5b56adec8bf - - -] 127.0.0.1 - - [25/Feb/2016 21:06:52] "GET /images/3576a64c-e041-4d99-a87f-41fb2fa711b7 HTTP/1.1" 200 891 0.652004
2016-02-25 21:06:53.365 1903 INFO eventlet.wsgi.server [req-072fa4c2-2405-494b-9323-75aad496d946 9b1f9b36d7354b1ea121ccfbae339d8b 85a11a1515f94848be7aa5b56adec8bf - - -] 127.0.0.1 - - [25/Feb/2016 21:06:53] "GET /images/3576a64c-e041-4d99-a87f-41fb2fa711b7 HTTP/1.1" 200 891 0.595396
2016-02-25 21:06:53.411 1914 INFO eventlet.wsgi.server [req-e8ec9bc7-cb49-4d55-9a88-a3236a7be82b 9b1f9b36d7354b1ea121ccfbae339d8b 85a11a1515f94848be7aa5b56adec8bf - - -] 127.0.0.1 - - [25/Feb/2016 21:06:53] "GET /images/detail?is_public=None&limit=20 HTTP/1.1" 200 1603 0.222479
2016-02-25 21:06:54.237 1923 INFO eventlet.wsgi.server [req-25ed137a-9e0e-40d3-80be-df80a8e7bef9 9b1f9b36d7354b1ea121ccfbae339d8b 85a11a1515f94848be7aa5b56adec8bf - - -] 127.0.0.1 - - [25/Feb/2016 21:06:54] "GET /images/8a724f78-2673-4ea1-b607-373626a15afb HTTP/1.1" 200 911 0.317023
2016-02-25 21:07:00.990 1903 INFO eventlet.wsgi.server [req-1ddf05c3-032e-4a66-80b8-4fa17b6afba9 9b1f9b36d7354b1ea121ccfbae339d8b 85a11a1515f94848be7aa5b56adec8bf - - -] 127.0.0.1 - - [25/Feb/2016 21:07:00] "GET /images/3576a64c-e041-4d99-a87f-41fb2fa711b7 HTTP/1.1" 200 891 0.136446
2016-02-25 21:07:01.024 1903 INFO eventlet.wsgi.server [req-d5272d6e-2d0c-4479-920c-36d06b79a59e 9b1f9b36d7354b1ea121ccfbae339d8b 85a11a1515f94848be7aa5b56adec8bf - - -] 127.0.0.1 - - [25/Feb/2016 21:07:01] "GET /images/3576a64c-e041-4d99-a87f-41fb2fa711b7 HTTP/1.1" 200 891 0.014723
2016-02-25 21:07:01.596 1908 INFO eventlet.wsgi.server [req-14f3bf1e-8aea-46ae-92f3-a2a9ae24e2b6 9b1f9b36d7354b1ea121ccfbae339d8b 85a11a1515f94848be7aa5b56adec8bf - - -] 127.0.0.1 - - [25/Feb/2016 21:07:01] "GET /images/8a724f78-2673-4ea1-b607-373626a15afb HTTP/1.1" 200 911 0.279216
2016-02-25 21:16:51.864 1914 INFO eventlet.wsgi.server [req-6fac9118-8bfd-4050-a849-f0efc7a8d978 9b1f9b36d7354b1ea121ccfbae339d8b 85a11a1515f94848be7aa5b56adec8bf - - -] 127.0.0.1 - - [25/Feb/2016 21:16:51] "GET /images/3576a64c-e041-4d99-a87f-41fb2fa711b7 HTTP/1.1" 200 891 0.293975
2016-02-25 21:16:51.911 1914 INFO eventlet.wsgi.server [req-b081dbc6-0a0b-41e4-802c-ac48d6501878 9b1f9b36d7354b1ea121ccfbae339d8b 85a11a1515f94848be7aa5b56adec8bf - - -] 127.0.0.1 - - [25/Feb/2016 21:16:51] "GET /images/3576a64c-e041-4d99-a87f-41fb2fa711b7 HTTP/1.1" 200 891 0.024852
2016-02-25 21:16:52.150 1903 INFO eventlet.wsgi.server [req-f811f8e0-bfe2-4bd9-bf47-1ea05e80da22 9b1f9b36d7354b1ea121ccfbae339d8b 85a11a1515f94848be7aa5b56adec8bf - - -] 127.0.0.1 - - [25/Feb/2016 21:16:52] "GET /images/detail?is_public=None&limit=20 HTTP/1.1" 200 1603 0.210918
2016-02-25 21:16:52.587 1923 INFO eventlet.wsgi.server [req-4efce847-3f62-4323-8600-d673609c8e6f 9b1f9b36d7354b1ea121ccfbae339d8b 85a11a1515f94848be7aa5b56adec8bf - - -] 127.0.0.1 - - [25/Feb/2016 21:16:52] "GET /images/8a724f78-2673-4ea1-b607-373626a15afb HTTP/1.1" 200 911 0.334942
2016-02-25 21:17:00.957 1908 INFO eventlet.wsgi.server [req-949517a9-e2f5-470b-950a-7a458d257ff4 9b1f9b36d7354b1ea121ccfbae339d8b 85a11a1515f94848be7aa5b56adec8bf - - -] 127.0.0.1 - - [25/Feb/2016 21:17:00] "GET /images/3576a64c-e041-4d99-a87f-41fb2fa711b7 HTTP/1.1" 200 891 0.127315
2016-02-25 21:17:00.993 1908 INFO eventlet.wsgi.server [req-f4a1bbe7-b5bc-4722-812e-d1a7068e2dbc 9b1f9b36d7354b1ea121ccfbae339d8b 85a11a1515f94848be7aa5b56adec8bf - - -] 127.0.0.1 - - [25/Feb/2016 21:17:00] "GET /images/3576a64c-e041-4d99-a87f-41fb2fa711b7 HTTP/1.1" 200 891 0.017481
2016-02-25 21:17:01.222 1903 INFO eventlet.wsgi.server [req-1ab22ecd-5c5f-4e8f-a9b9-ea08261a671b 9b1f9b36d7354b1ea121ccfbae339d8b 85a11a1515f94848be7aa5b56adec8bf - - -] 127.0.0.1 - - [25/Feb/2016 21:17:01] "GET /images/8a724f78-2673-4ea1-b607-373626a15afb HTTP/1.1" 200 911 0.136096
2016-02-25 21:26:51.494 1908 INFO eventlet.wsgi.server [req-e2ba2d58-34d1-493b-9cae-8ee1f63133cf 9b1f9b36d7354b1ea121ccfbae339d8b 85a11a1515f94848be7aa5b56adec8bf - - -] 127.0.0.1 - - [25/Feb/2016 21:26:51] "GET /images/3576a64c-e041-4d99-a87f-41fb2fa711b7 HTTP/1.1" 200 891 0.288579
2016-02-25 21:26:51.816 1914 INFO eventlet.wsgi.server [req-9a8c3190-78cc-4cda-8b20-36c5bd7f54cb 9b1f9b36d7354b1ea121ccfbae339d8b 85a11a1515f94848be7aa5b56adec8bf - - -] 127.0.0.1 - - [25/Feb/2016 21:26:51] "GET /images/3576a64c-e041-4d99-a87f-41fb2fa711b7 HTTP/1.1" 200 891 0.301167
2016-02-25 21:26:52.430 1903 INFO eventlet.wsgi.server [req-d1758a12-73de-44aa-9f02-843f703c9a14 9b1f9b36d7354b1ea121ccfbae339d8b 85a11a1515f94848be7aa5b56adec8bf - - -] 127.0.0.1 - - [25/Feb/2016 21:26:52] "GET /images/detail?is_public=None&limit=20 HTTP/1.1" 200 1603 0.358393
2016-02-25 21:26:52.447 1923 INFO eventlet.wsgi.server [req-c77532c2-0cbc-49dc-aa84-75ece8cc983c 9b1f9b36d7354b1ea121ccfbae339d8b 85a11a1515f94848be7aa5b56adec8bf - - -] 127.0.0.1 - - [25/Feb/2016 21:26:52] "GET /images/8a724f78-2673-4ea1-b607-373626a15afb HTTP/1.1" 200 911 0.266766
2016-02-25 21:27:00.887 1908 INFO eventlet.wsgi.server [req-0d1f4bcf-cd56-4371-b4de-e20856aba3b9 9b1f9b36d7354b1ea121ccfbae339d8b 85a11a1515f94848be7aa5b56adec8bf - - -] 127.0.0.1 - - [25/Feb/2016 21:27:00] "GET /images/3576a64c-e041-4d99-a87f-41fb2fa711b7 HTTP/1.1" 200 891 0.135420
2016-02-25 21:27:00.938 1908 INFO eventlet.wsgi.server [req-4f9ebd85-1a6c-4abb-87fc-838b145452e6 9b1f9b36d7354b1ea121ccfbae339d8b 85a11a1515f94848be7aa5b56adec8bf - - -] 127.0.0.1 - - [25/Feb/2016 21:27:00] "GET /images/3576a64c-e041-4d99-a87f-41fb2fa711b7 HTTP/1.1" 200 891 0.026309
2016-02-25 21:27:01.272 1903 INFO eventlet.wsgi.server [req-e730de0c-7e87-4776-90b4-17ea7a1094c1 9b1f9b36d7354b1ea121ccfbae339d8b 85a11a1515f94848be7aa5b56adec8bf - - -] 127.0.0.1 - - [25/Feb/2016 21:27:01] "GET /images/8a724f78-2673-4ea1-b607-373626a15afb HTTP/1.1" 200 911 0.184931
2016-02-25 21:36:51.722 1908 INFO eventlet.wsgi.server [req-4cc568b3-3191-4974-8342-f8ae4ae77412 9b1f9b36d7354b1ea121ccfbae339d8b 85a11a1515f94848be7aa5b56adec8bf - - -] 127.0.0.1 - - [25/Feb/2016 21:36:51] "GET /images/3576a64c-e041-4d99-a87f-41fb2fa711b7 HTTP/1.1" 200 891 0.304365
2016-02-25 21:36:52.000 1923 INFO eventlet.wsgi.server [req-fb8c0aa0-74e7-43d5-8b64-0080db3e622e 9b1f9b36d7354b1ea121ccfbae339d8b 85a11a1515f94848be7aa5b56adec8bf - - -] 127.0.0.1 - - [25/Feb/2016 21:36:51] "GET /images/3576a64c-e041-4d99-a87f-41fb2fa711b7 HTTP/1.1" 200 891 0.253829
2016-02-25 21:36:52.358 1914 INFO eventlet.wsgi.server [req-8d63667c-adc4-4e6e-bd48-f9a426b60e60 9b1f9b36d7354b1ea121ccfbae339d8b 85a11a1515f94848be7aa5b56adec8bf - - -] 127.0.0.1 - - [25/Feb/2016 21:36:52] "GET /images/detail?is_public=None&limit=20 HTTP/1.1" 200 1603 0.316244
2016-02-25 21:36:52.379 1914 INFO eventlet.wsgi.server [req-19c14219-2837-4658-8b0d-0b05b0b3726d 9b1f9b36d7354b1ea121ccfbae339d8b 85a11a1515f94848be7aa5b56adec8bf - - -] 127.0.0.1 - - [25/Feb/2016 21:36:52] "GET /images/8a724f78-2673-4ea1-b607-373626a15afb HTTP/1.1" 200 911 0.292345
2016-02-25 21:37:01.046 1914 INFO eventlet.wsgi.server [req-4ac940ea-5ab2-4c81-b231-45b9798b7682 9b1f9b36d7354b1ea121ccfbae339d8b 85a11a1515f94848be7aa5b56adec8bf - - -] 127.0.0.1 - - [25/Feb/2016 21:37:01] "GET /images/3576a64c-e041-4d99-a87f-41fb2fa711b7 HTTP/1.1" 200 891 0.142727
2016-02-25 21:37:01.088 1914 INFO eventlet.wsgi.server [req-8b81d270-e200-4bf9-9861-91d09fb8c99a 9b1f9b36d7354b1ea121ccfbae339d8b 85a11a1515f94848be7aa5b56adec8bf - - -] 127.0.0.1 - - [25/Feb/2016 21:37:01] "GET /images/3576a64c-e041-4d99-a87f-41fb2fa711b7 HTTP/1.1" 200 891 0.021101
