2016-02-22 20:39:17.310 1874 INFO eventlet.wsgi.server [req-43cbb6ac-f2c0-448d-ace3-aa3385c1e7e1 9b1f9b36d7354b1ea121ccfbae339d8b 85a11a1515f94848be7aa5b56adec8bf - - -] 127.0.0.1 - - [22/Feb/2016 20:39:17] "GET /images/detail?is_public=None&limit=20 HTTP/1.1" 200 914 0.142143
2016-02-22 20:49:17.475 1866 INFO eventlet.wsgi.server [req-c1927c88-9f78-43c6-9ee6-9fd1653b80b0 9b1f9b36d7354b1ea121ccfbae339d8b 85a11a1515f94848be7aa5b56adec8bf - - -] 127.0.0.1 - - [22/Feb/2016 20:49:17] "GET /images/detail?is_public=None&limit=20 HTTP/1.1" 200 914 0.543726
2016-02-22 20:59:17.434 1866 INFO eventlet.wsgi.server [req-79f1e0a3-808d-4343-a8ba-5e85aa4b7041 9b1f9b36d7354b1ea121ccfbae339d8b 85a11a1515f94848be7aa5b56adec8bf - - -] 127.0.0.1 - - [22/Feb/2016 20:59:17] "GET /images/detail?is_public=None&limit=20 HTTP/1.1" 200 914 0.147721
2016-02-22 21:09:17.553 1871 INFO eventlet.wsgi.server [req-834219e5-d1e5-4cea-a44b-f5306da14481 9b1f9b36d7354b1ea121ccfbae339d8b 85a11a1515f94848be7aa5b56adec8bf - - -] 127.0.0.1 - - [22/Feb/2016 21:09:17] "GET /images/detail?is_public=None&limit=20 HTTP/1.1" 200 914 0.552304
2016-02-22 21:19:17.166 1860 INFO eventlet.wsgi.server [req-6dc49c39-1485-4603-9134-100025b7c207 9b1f9b36d7354b1ea121ccfbae339d8b 85a11a1515f94848be7aa5b56adec8bf - - -] 127.0.0.1 - - [22/Feb/2016 21:19:17] "GET /images/detail?is_public=None&limit=20 HTTP/1.1" 200 914 0.277840
2016-02-22 21:27:03.447 1866 INFO eventlet.wsgi.server [req-31491f74-df77-439f-9389-77f84257b647 f542593f2b48411eb9fe1d41a99d4d61 c539c1b721724d79b78c514fe6c6978d - - -] 127.0.0.1 - - [22/Feb/2016 21:27:03] "GET /images/detail?status=active&is_public=True&limit=1000&sort_dir=desc&sort_key=created_at HTTP/1.1" 200 914 0.199847
2016-02-22 21:27:03.727 1860 INFO eventlet.wsgi.server [req-a9dc49d8-95d7-44b5-895b-e19310b7ca73 f542593f2b48411eb9fe1d41a99d4d61 c539c1b721724d79b78c514fe6c6978d - - -] 127.0.0.1 - - [22/Feb/2016 21:27:03] "GET /images/detail?status=active&sort_key=created_at&property-owner_id=c539c1b721724d79b78c514fe6c6978d&limit=1000&sort_dir=desc HTTP/1.1" 200 207 0.258560
2016-02-22 21:27:29.148 1874 INFO eventlet.wsgi.server [req-fadf3614-ebf2-485d-bde9-2f7989856791 f542593f2b48411eb9fe1d41a99d4d61 c539c1b721724d79b78c514fe6c6978d - - -] 127.0.0.1 - - [22/Feb/2016 21:27:29] "GET /images/detail?status=active&is_public=True&limit=1000&sort_dir=desc&sort_key=created_at HTTP/1.1" 200 914 0.195172
2016-02-22 21:27:29.214 1874 INFO eventlet.wsgi.server [req-7853f041-4941-47af-a319-69a77ba21b43 f542593f2b48411eb9fe1d41a99d4d61 c539c1b721724d79b78c514fe6c6978d - - -] 127.0.0.1 - - [22/Feb/2016 21:27:29] "GET /images/detail?status=active&sort_key=created_at&property-owner_id=c539c1b721724d79b78c514fe6c6978d&limit=1000&sort_dir=desc HTTP/1.1" 200 207 0.046932
2016-02-22 21:29:16.955 1871 INFO eventlet.wsgi.server [req-8b1574f1-0090-4d51-bbc1-d1fd2e53ce2a 9b1f9b36d7354b1ea121ccfbae339d8b 85a11a1515f94848be7aa5b56adec8bf - - -] 127.0.0.1 - - [22/Feb/2016 21:29:16] "GET /images/detail?is_public=None&limit=20 HTTP/1.1" 200 914 0.134560
2016-02-22 21:32:15.475 1860 INFO eventlet.wsgi.server [req-c859282a-a391-4fe5-af2c-6896ebc6a1f1 f542593f2b48411eb9fe1d41a99d4d61 c539c1b721724d79b78c514fe6c6978d - - -] 127.0.0.1 - - [22/Feb/2016 21:32:15] "GET /images/detail?status=active&is_public=True&limit=1000&sort_dir=desc&sort_key=created_at HTTP/1.1" 200 914 0.158096
2016-02-22 21:32:15.762 1874 INFO eventlet.wsgi.server [req-93d3b4f0-9d8f-4d68-a7da-5e578739d4aa f542593f2b48411eb9fe1d41a99d4d61 c539c1b721724d79b78c514fe6c6978d - - -] 127.0.0.1 - - [22/Feb/2016 21:32:15] "GET /images/detail?status=active&sort_key=created_at&property-owner_id=c539c1b721724d79b78c514fe6c6978d&limit=1000&sort_dir=desc HTTP/1.1" 200 207 0.262852
2016-02-22 21:32:33.388 1874 INFO eventlet.wsgi.server [req-0df997de-a93a-42e3-b695-5b810d2fe624 f542593f2b48411eb9fe1d41a99d4d61 c539c1b721724d79b78c514fe6c6978d - - -] 127.0.0.1 - - [22/Feb/2016 21:32:33] "GET /images/detail?status=active&is_public=True&limit=1000&sort_dir=desc&sort_key=created_at HTTP/1.1" 200 914 0.068273
2016-02-22 21:32:33.599 1871 INFO eventlet.wsgi.server [req-f008876b-42a5-492a-8a09-399659614ae7 f542593f2b48411eb9fe1d41a99d4d61 c539c1b721724d79b78c514fe6c6978d - - -] 127.0.0.1 - - [22/Feb/2016 21:32:33] "GET /images/detail?status=active&sort_key=created_at&property-owner_id=c539c1b721724d79b78c514fe6c6978d&limit=1000&sort_dir=desc HTTP/1.1" 200 207 0.180905
2016-02-22 21:33:13.758 1860 INFO eventlet.wsgi.server [req-51df7254-88c3-468b-a62b-21c02b25159b f542593f2b48411eb9fe1d41a99d4d61 c539c1b721724d79b78c514fe6c6978d - - -] 127.0.0.1 - - [22/Feb/2016 21:33:13] "GET /images/detail?status=active&is_public=True&limit=1000&sort_dir=desc&sort_key=created_at HTTP/1.1" 200 914 0.070883
2016-02-22 21:33:13.979 1866 INFO eventlet.wsgi.server [req-6090a60e-57c3-4d42-b193-d9edd3bf490b f542593f2b48411eb9fe1d41a99d4d61 c539c1b721724d79b78c514fe6c6978d - - -] 127.0.0.1 - - [22/Feb/2016 21:33:13] "GET /images/detail?status=active&sort_key=created_at&property-owner_id=c539c1b721724d79b78c514fe6c6978d&limit=1000&sort_dir=desc HTTP/1.1" 200 207 0.200574
2016-02-22 21:33:15.035 1871 INFO eventlet.wsgi.server [req-c85694fa-ef51-4e8f-abe8-bd780f1ad584 f542593f2b48411eb9fe1d41a99d4d61 c539c1b721724d79b78c514fe6c6978d - - -] 127.0.0.1 - - [22/Feb/2016 21:33:15] "GET /images/8a724f78-2673-4ea1-b607-373626a15afb HTTP/1.1" 200 911 0.027766
2016-02-22 21:33:16.402 1871 INFO eventlet.wsgi.server [req-8bdaab70-17f2-42b9-ba78-19881acf4c2c f542593f2b48411eb9fe1d41a99d4d61 c539c1b721724d79b78c514fe6c6978d - - -] 127.0.0.1 - - [22/Feb/2016 21:33:16] "GET /images/detail?sort_key=created_at&sort_dir=desc&limit=1000 HTTP/1.1" 200 914 0.060578
2016-02-22 21:33:17.041 1871 INFO eventlet.wsgi.server [req-0a8a94f0-f082-4868-88c9-5a7839583aee f542593f2b48411eb9fe1d41a99d4d61 c539c1b721724d79b78c514fe6c6978d - - -] 127.0.0.1 - - [22/Feb/2016 21:33:17] "GET /images/8a724f78-2673-4ea1-b607-373626a15afb HTTP/1.1" 200 911 0.033199
2016-02-22 21:33:18.008 1874 INFO eventlet.wsgi.server [req-1d8c6787-f132-4a5f-ace2-fef218398dad f542593f2b48411eb9fe1d41a99d4d61 c539c1b721724d79b78c514fe6c6978d - - -] 127.0.0.1 - - [22/Feb/2016 21:33:18] "GET /images/8a724f78-2673-4ea1-b607-373626a15afb HTTP/1.1" 200 911 0.040285
2016-02-22 21:33:21.293 1871 INFO eventlet.wsgi.server [req-8bf83e02-6dfe-43f0-891f-9389e1fd57c3 f542593f2b48411eb9fe1d41a99d4d61 c539c1b721724d79b78c514fe6c6978d - - -] 127.0.0.1 - - [22/Feb/2016 21:33:21] "GET /images/8a724f78-2673-4ea1-b607-373626a15afb HTTP/1.1" 200 911 0.033904
2016-02-22 21:33:27.025 1860 INFO eventlet.wsgi.server [req-b2511a98-46e0-4ec1-bd63-f0ffbdf380d8 f542593f2b48411eb9fe1d41a99d4d61 c539c1b721724d79b78c514fe6c6978d - - -] 127.0.0.1 - - [22/Feb/2016 21:33:27] "GET /images/8a724f78-2673-4ea1-b607-373626a15afb HTTP/1.1" 200 911 0.037935
2016-02-22 21:33:35.403 1871 INFO eventlet.wsgi.server [req-df6a7f8f-d189-475f-85c9-41447fa867eb f542593f2b48411eb9fe1d41a99d4d61 c539c1b721724d79b78c514fe6c6978d - - -] 127.0.0.1 - - [22/Feb/2016 21:33:35] "GET /images/8a724f78-2673-4ea1-b607-373626a15afb HTTP/1.1" 200 911 0.022929
2016-02-22 21:33:46.119 1860 INFO eventlet.wsgi.server [req-cd2dcc7e-2443-40cc-929d-7b81eaac5936 f542593f2b48411eb9fe1d41a99d4d61 c539c1b721724d79b78c514fe6c6978d - - -] 127.0.0.1 - - [22/Feb/2016 21:33:46] "GET /images/8a724f78-2673-4ea1-b607-373626a15afb HTTP/1.1" 200 911 0.036558
2016-02-22 21:33:59.312 1860 INFO eventlet.wsgi.server [req-f95ea190-b40d-4d9b-b795-9b80acc85d57 f542593f2b48411eb9fe1d41a99d4d61 c539c1b721724d79b78c514fe6c6978d - - -] 127.0.0.1 - - [22/Feb/2016 21:33:59] "GET /images/8a724f78-2673-4ea1-b607-373626a15afb HTTP/1.1" 200 911 0.017340
2016-02-22 21:34:15.021 1874 INFO eventlet.wsgi.server [req-e8541e14-c6cb-4b07-8e7d-4aa088468ef9 f542593f2b48411eb9fe1d41a99d4d61 c539c1b721724d79b78c514fe6c6978d - - -] 127.0.0.1 - - [22/Feb/2016 21:34:15] "GET /images/8a724f78-2673-4ea1-b607-373626a15afb HTTP/1.1" 200 911 0.037087
2016-02-22 21:34:33.337 1866 INFO eventlet.wsgi.server [req-ac3f189e-189d-4303-8300-03d962b42fd3 f542593f2b48411eb9fe1d41a99d4d61 c539c1b721724d79b78c514fe6c6978d - - -] 127.0.0.1 - - [22/Feb/2016 21:34:33] "GET /images/8a724f78-2673-4ea1-b607-373626a15afb HTTP/1.1" 200 911 0.033661
2016-02-22 21:34:54.438 1871 INFO eventlet.wsgi.server [req-fbab469e-a466-4409-95d2-8881b75b77e7 f542593f2b48411eb9fe1d41a99d4d61 c539c1b721724d79b78c514fe6c6978d - - -] 127.0.0.1 - - [22/Feb/2016 21:34:54] "GET /images/8a724f78-2673-4ea1-b607-373626a15afb HTTP/1.1" 200 911 0.049832
2016-02-22 21:35:18.261 1866 INFO eventlet.wsgi.server [req-8d0eba2b-f7a1-45e1-9010-78473879dd61 f542593f2b48411eb9fe1d41a99d4d61 c539c1b721724d79b78c514fe6c6978d - - -] 127.0.0.1 - - [22/Feb/2016 21:35:18] "GET /images/8a724f78-2673-4ea1-b607-373626a15afb HTTP/1.1" 200 911 0.041436
2016-02-22 21:35:44.111 1866 INFO eventlet.wsgi.server [req-90942e90-e498-408c-a00c-023a90b36731 f542593f2b48411eb9fe1d41a99d4d61 c539c1b721724d79b78c514fe6c6978d - - -] 127.0.0.1 - - [22/Feb/2016 21:35:44] "GET /images/8a724f78-2673-4ea1-b607-373626a15afb HTTP/1.1" 200 911 0.032399
2016-02-22 21:36:15.037 1860 INFO eventlet.wsgi.server [req-5ce3b6dd-e50b-4efe-8b2d-e0d3fbbd496a 4019eceeba62448e862a3cf30bdad253 c539c1b721724d79b78c514fe6c6978d - - -] 127.0.0.1 - - [22/Feb/2016 21:36:15] "GET /images/detail?sort_key=created_at&sort_dir=desc&limit=1000 HTTP/1.1" 200 914 0.164262
2016-02-22 21:36:27.471 1866 INFO eventlet.wsgi.server [req-5f0d8eca-456a-4ff0-83dc-79610d91d8ad 4019eceeba62448e862a3cf30bdad253 c539c1b721724d79b78c514fe6c6978d - - -] 127.0.0.1 - - [22/Feb/2016 21:36:27] "GET /images/detail?status=active&is_public=True&limit=1000&sort_dir=desc&sort_key=created_at HTTP/1.1" 200 914 0.167939
2016-02-22 21:36:27.542 1866 INFO eventlet.wsgi.server [req-a21723f8-34d8-494a-9d52-157a907ff7d3 4019eceeba62448e862a3cf30bdad253 c539c1b721724d79b78c514fe6c6978d - - -] 127.0.0.1 - - [22/Feb/2016 21:36:27] "GET /images/detail?status=active&sort_key=created_at&property-owner_id=c539c1b721724d79b78c514fe6c6978d&limit=1000&sort_dir=desc HTTP/1.1" 200 207 0.047982
2016-02-22 21:36:43.208 1866 INFO eventlet.wsgi.server [req-d4b081dc-c3c8-4c1b-96df-4b4dc3d67c0b 4019eceeba62448e862a3cf30bdad253 c539c1b721724d79b78c514fe6c6978d - - -] 127.0.0.1 - - [22/Feb/2016 21:36:43] "GET /images/detail?status=active&is_public=True&limit=1000&sort_dir=desc&sort_key=created_at HTTP/1.1" 200 914 0.072999
2016-02-22 21:36:43.268 1866 INFO eventlet.wsgi.server [req-1e4901bf-fd24-47e2-ab0a-7b616977420f 4019eceeba62448e862a3cf30bdad253 c539c1b721724d79b78c514fe6c6978d - - -] 127.0.0.1 - - [22/Feb/2016 21:36:43] "GET /images/detail?status=active&sort_key=created_at&property-owner_id=c539c1b721724d79b78c514fe6c6978d&limit=1000&sort_dir=desc HTTP/1.1" 200 207 0.044532
2016-02-22 21:36:51.826 1866 INFO eventlet.wsgi.server [req-6dea1c05-fd30-44ad-a034-6329c2df9750 4019eceeba62448e862a3cf30bdad253 c539c1b721724d79b78c514fe6c6978d - - -] 127.0.0.1 - - [22/Feb/2016 21:36:51] "GET /images/detail?status=active&is_public=True&limit=1000&sort_dir=desc&sort_key=created_at HTTP/1.1" 200 914 0.053291
2016-02-22 21:36:52.027 1871 INFO eventlet.wsgi.server [req-de5ac075-3a85-49eb-99e6-e0e3776ce0b1 4019eceeba62448e862a3cf30bdad253 c539c1b721724d79b78c514fe6c6978d - - -] 127.0.0.1 - - [22/Feb/2016 21:36:52] "GET /images/detail?status=active&sort_key=created_at&property-owner_id=c539c1b721724d79b78c514fe6c6978d&limit=1000&sort_dir=desc HTTP/1.1" 200 207 0.184749
2016-02-22 21:36:53.191 1874 INFO eventlet.wsgi.server [req-945b297e-e2eb-436f-ba4c-70f535c1be56 4019eceeba62448e862a3cf30bdad253 c539c1b721724d79b78c514fe6c6978d - - -] 127.0.0.1 - - [22/Feb/2016 21:36:53] "GET /images/8a724f78-2673-4ea1-b607-373626a15afb HTTP/1.1" 200 911 0.143228
2016-02-22 21:36:54.182 1874 INFO eventlet.wsgi.server [req-2b1192f5-e828-4737-bd2a-ff90f4ed03a4 4019eceeba62448e862a3cf30bdad253 c539c1b721724d79b78c514fe6c6978d - - -] 127.0.0.1 - - [22/Feb/2016 21:36:54] "GET /images/detail?sort_key=created_at&sort_dir=desc&limit=1000 HTTP/1.1" 200 914 0.056753
2016-02-22 21:36:55.206 1866 INFO eventlet.wsgi.server [req-2a9a0573-6e3d-4159-87cd-5e9dd7f6d00c 4019eceeba62448e862a3cf30bdad253 c539c1b721724d79b78c514fe6c6978d - - -] 127.0.0.1 - - [22/Feb/2016 21:36:55] "GET /images/8a724f78-2673-4ea1-b607-373626a15afb HTTP/1.1" 200 911 0.043170
2016-02-22 21:36:55.948 1866 INFO eventlet.wsgi.server [req-d081f40e-f0e5-4b43-b74e-147ff10a24c9 4019eceeba62448e862a3cf30bdad253 c539c1b721724d79b78c514fe6c6978d - - -] 127.0.0.1 - - [22/Feb/2016 21:36:55] "GET /images/8a724f78-2673-4ea1-b607-373626a15afb HTTP/1.1" 200 911 0.020216
2016-02-22 21:36:59.279 1866 INFO eventlet.wsgi.server [req-a87f039a-552a-46d0-a480-0394d3de8cfe 4019eceeba62448e862a3cf30bdad253 c539c1b721724d79b78c514fe6c6978d - - -] 127.0.0.1 - - [22/Feb/2016 21:36:59] "GET /images/8a724f78-2673-4ea1-b607-373626a15afb HTTP/1.1" 200 911 0.026359
2016-02-22 21:37:05.050 1874 INFO eventlet.wsgi.server [req-4e5bdcc8-3975-421f-9c81-79e29cf588c3 4019eceeba62448e862a3cf30bdad253 c539c1b721724d79b78c514fe6c6978d - - -] 127.0.0.1 - - [22/Feb/2016 21:37:05] "GET /images/8a724f78-2673-4ea1-b607-373626a15afb HTTP/1.1" 200 911 0.038567
2016-02-22 21:37:13.417 1860 INFO eventlet.wsgi.server [req-ef793cab-d6d9-46cf-9485-a94c5aa254f1 4019eceeba62448e862a3cf30bdad253 c539c1b721724d79b78c514fe6c6978d - - -] 127.0.0.1 - - [22/Feb/2016 21:37:13] "GET /images/8a724f78-2673-4ea1-b607-373626a15afb HTTP/1.1" 200 911 0.043850
2016-02-22 21:37:24.491 1866 INFO eventlet.wsgi.server [req-1adaa8e5-1b35-49b1-923c-2ba309938c90 4019eceeba62448e862a3cf30bdad253 c539c1b721724d79b78c514fe6c6978d - - -] 127.0.0.1 - - [22/Feb/2016 21:37:24] "GET /images/8a724f78-2673-4ea1-b607-373626a15afb HTTP/1.1" 200 911 0.038957
2016-02-22 21:37:37.934 1866 INFO eventlet.wsgi.server [req-aad99fee-1e4a-4286-bd93-78eaa9ee24a5 4019eceeba62448e862a3cf30bdad253 c539c1b721724d79b78c514fe6c6978d - - -] 127.0.0.1 - - [22/Feb/2016 21:37:37] "GET /images/8a724f78-2673-4ea1-b607-373626a15afb HTTP/1.1" 200 911 0.033263
2016-02-22 21:37:53.789 1866 INFO eventlet.wsgi.server [req-7b014ecc-9b79-4056-8ff7-c50b87fe4248 4019eceeba62448e862a3cf30bdad253 c539c1b721724d79b78c514fe6c6978d - - -] 127.0.0.1 - - [22/Feb/2016 21:37:53] "GET /images/8a724f78-2673-4ea1-b607-373626a15afb HTTP/1.1" 200 911 0.030259
2016-02-22 21:38:12.150 1860 INFO eventlet.wsgi.server [req-d97e8340-5fd3-424c-b517-ac06b1f1a84b 4019eceeba62448e862a3cf30bdad253 c539c1b721724d79b78c514fe6c6978d - - -] 127.0.0.1 - - [22/Feb/2016 21:38:12] "GET /images/8a724f78-2673-4ea1-b607-373626a15afb HTTP/1.1" 200 911 0.033782
2016-02-22 21:38:33.004 1860 INFO eventlet.wsgi.server [req-984606f7-a48a-479d-95f4-4f162ea55df1 4019eceeba62448e862a3cf30bdad253 c539c1b721724d79b78c514fe6c6978d - - -] 127.0.0.1 - - [22/Feb/2016 21:38:33] "GET /images/8a724f78-2673-4ea1-b607-373626a15afb HTTP/1.1" 200 911 0.047710
2016-02-22 21:38:56.381 1874 INFO eventlet.wsgi.server [req-1e95dd46-1c79-4220-b9e1-256c6ddedcb5 4019eceeba62448e862a3cf30bdad253 c539c1b721724d79b78c514fe6c6978d - - -] 127.0.0.1 - - [22/Feb/2016 21:38:56] "GET /images/8a724f78-2673-4ea1-b607-373626a15afb HTTP/1.1" 200 911 0.032660
2016-02-22 21:39:17.483 1866 INFO eventlet.wsgi.server [req-9d59c164-eb97-46d4-ac2d-8ed67ebf14f1 9b1f9b36d7354b1ea121ccfbae339d8b 85a11a1515f94848be7aa5b56adec8bf - - -] 127.0.0.1 - - [22/Feb/2016 21:39:17] "GET /images/detail?is_public=None&limit=20 HTTP/1.1" 200 914 0.180105
2016-02-22 21:39:22.208 1874 INFO eventlet.wsgi.server [req-7b7f8931-fa98-468b-947e-199155a78da0 4019eceeba62448e862a3cf30bdad253 c539c1b721724d79b78c514fe6c6978d - - -] 127.0.0.1 - - [22/Feb/2016 21:39:22] "GET /images/8a724f78-2673-4ea1-b607-373626a15afb HTTP/1.1" 200 911 0.035432
2016-02-22 21:39:47.861 1860 INFO eventlet.wsgi.server [req-0ddff73c-8939-4702-8ce3-2c961fdc08f9 9b1f9b36d7354b1ea121ccfbae339d8b 85a11a1515f94848be7aa5b56adec8bf - - -] 127.0.0.1 - - [22/Feb/2016 21:39:47] "GET /images/8a724f78-2673-4ea1-b607-373626a15afb HTTP/1.1" 200 911 0.165648
2016-02-22 21:39:50.532 1860 INFO eventlet.wsgi.server [req-6409303d-4819-4414-a804-547304e6a144 4019eceeba62448e862a3cf30bdad253 c539c1b721724d79b78c514fe6c6978d - - -] 127.0.0.1 - - [22/Feb/2016 21:39:50] "GET /images/8a724f78-2673-4ea1-b607-373626a15afb HTTP/1.1" 200 911 0.018876
2016-02-22 21:40:04.048 1866 INFO eventlet.wsgi.server [req-83ee3503-1a77-495b-9055-19db869e6b84 9b1f9b36d7354b1ea121ccfbae339d8b 85a11a1515f94848be7aa5b56adec8bf - - -] 127.0.0.1 - - [22/Feb/2016 21:40:04] "GET /images/8a724f78-2673-4ea1-b607-373626a15afb HTTP/1.1" 200 911 0.136046
2016-02-22 21:40:45.501 1866 INFO eventlet.wsgi.server [req-99f017ee-cb54-4576-8bba-22caffe8dece 4019eceeba62448e862a3cf30bdad253 c539c1b721724d79b78c514fe6c6978d - - -] 127.0.0.1 - - [22/Feb/2016 21:40:45] "GET /images/detail?sort_key=created_at&sort_dir=desc&limit=1000 HTTP/1.1" 200 914 0.057563
2016-02-22 21:41:12.540 1866 INFO eventlet.wsgi.server [req-182a2c48-e331-4ee2-879f-e877f98a400c 4019eceeba62448e862a3cf30bdad253 c539c1b721724d79b78c514fe6c6978d - - -] 127.0.0.1 - - [22/Feb/2016 21:41:12] "GET /images/8a724f78-2673-4ea1-b607-373626a15afb HTTP/1.1" 200 911 0.035513
2016-02-22 21:41:54.837 1874 INFO eventlet.wsgi.server [req-cf5924e0-d6f6-4f8c-a0f1-0d5907860c18 4019eceeba62448e862a3cf30bdad253 c539c1b721724d79b78c514fe6c6978d - - -] 127.0.0.1 - - [22/Feb/2016 21:41:54] "GET /images/detail?sort_key=created_at&sort_dir=desc&limit=1000 HTTP/1.1" 200 914 0.178832
2016-02-22 21:43:08.657 1866 INFO eventlet.wsgi.server [req-650b689a-a75d-4975-b3d6-dd2afedaecca e9483918caa940a48fe882ba092c7e0b 300b2cc45c3846939e589310ae714e46 - - -] 127.0.0.1 - - [22/Feb/2016 21:43:08] "GET /images/8a724f78-2673-4ea1-b607-373626a15afb HTTP/1.1" 200 911 0.152711
2016-02-22 21:43:08.775 1866 INFO eventlet.wsgi.server [req-a8f75fce-9d48-405e-85f5-62c0a467806a e9483918caa940a48fe882ba092c7e0b 300b2cc45c3846939e589310ae714e46 - - -] 127.0.0.1 - - [22/Feb/2016 21:43:08] "GET /images/8a724f78-2673-4ea1-b607-373626a15afb HTTP/1.1" 200 911 0.022684
2016-02-22 21:44:31.862 1860 INFO eventlet.wsgi.server [req-8a4cade0-ffcc-4b02-926a-baaca7a9c587 e9483918caa940a48fe882ba092c7e0b 300b2cc45c3846939e589310ae714e46 - - -] 127.0.0.1 - - [22/Feb/2016 21:44:31] "GET /images/8a724f78-2673-4ea1-b607-373626a15afb HTTP/1.1" 200 911 0.196885
2016-02-22 21:44:31.980 1866 INFO eventlet.wsgi.server [req-847190d5-12c9-4052-a4f7-b5e528ccac59 e9483918caa940a48fe882ba092c7e0b 300b2cc45c3846939e589310ae714e46 - - -] 127.0.0.1 - - [22/Feb/2016 21:44:31] "GET /images/8a724f78-2673-4ea1-b607-373626a15afb HTTP/1.1" 200 911 0.034249
2016-02-22 21:44:33.668 1860 INFO eventlet.wsgi.server [req-f713dc50-2e11-42d8-a1cd-dced496b07bc e9483918caa940a48fe882ba092c7e0b 300b2cc45c3846939e589310ae714e46 - - -] 127.0.0.1 - - [22/Feb/2016 21:44:33] "GET /images/8a724f78-2673-4ea1-b607-373626a15afb HTTP/1.1" 200 911 0.019290
2016-02-22 21:44:33.797 1871 INFO eventlet.wsgi.server [req-294fccf1-8825-44a5-b924-4104257a6703 e9483918caa940a48fe882ba092c7e0b 300b2cc45c3846939e589310ae714e46 - - -] 127.0.0.1 - - [22/Feb/2016 21:44:33] "GET /images/8a724f78-2673-4ea1-b607-373626a15afb HTTP/1.1" 200 911 0.321396
2016-02-22 21:49:17.081 1874 INFO eventlet.wsgi.server [req-df94b0c1-faed-4ba5-bd52-73f56542bc9d 9b1f9b36d7354b1ea121ccfbae339d8b 85a11a1515f94848be7aa5b56adec8bf - - -] 127.0.0.1 - - [22/Feb/2016 21:49:17] "GET /images/detail?is_public=None&limit=20 HTTP/1.1" 200 914 0.144378
2016-02-22 21:59:17.485 1871 INFO eventlet.wsgi.server [req-e4c52292-a22d-49f0-9eeb-dac276d3d0ea 9b1f9b36d7354b1ea121ccfbae339d8b 85a11a1515f94848be7aa5b56adec8bf - - -] 127.0.0.1 - - [22/Feb/2016 21:59:17] "GET /images/detail?is_public=None&limit=20 HTTP/1.1" 200 914 0.141942
2016-02-22 22:09:17.209 1874 INFO eventlet.wsgi.server [req-8965b92b-924b-43f9-9fe8-a7c4aa2e560b 9b1f9b36d7354b1ea121ccfbae339d8b 85a11a1515f94848be7aa5b56adec8bf - - -] 127.0.0.1 - - [22/Feb/2016 22:09:17] "GET /images/detail?is_public=None&limit=20 HTTP/1.1" 200 914 0.133651
2016-02-22 22:19:17.057 1860 INFO eventlet.wsgi.server [req-3e6910f9-6123-46a0-adcb-4e45bb42cd36 9b1f9b36d7354b1ea121ccfbae339d8b 85a11a1515f94848be7aa5b56adec8bf - - -] 127.0.0.1 - - [22/Feb/2016 22:19:17] "GET /images/detail?is_public=None&limit=20 HTTP/1.1" 200 914 0.264448
2016-02-23 19:46:54.387 1021 INFO glance.common.wsgi [-] Starting 4 workers
2016-02-23 19:46:54.611 1021 INFO glance.common.wsgi [-] Started child 1893
2016-02-23 19:46:54.839 1893 INFO eventlet.wsgi.server [-] (1893) wsgi starting up on http://0.0.0.0:9191/
2016-02-23 19:46:54.930 1021 INFO glance.common.wsgi [-] Started child 1902
2016-02-23 19:46:54.966 1902 INFO eventlet.wsgi.server [-] (1902) wsgi starting up on http://0.0.0.0:9191/
2016-02-23 19:46:55.099 1021 INFO glance.common.wsgi [-] Started child 1908
2016-02-23 19:46:55.133 1908 INFO eventlet.wsgi.server [-] (1908) wsgi starting up on http://0.0.0.0:9191/
2016-02-23 19:46:55.326 1021 INFO glance.common.wsgi [-] Started child 1914
2016-02-23 19:46:55.322 1914 INFO eventlet.wsgi.server [-] (1914) wsgi starting up on http://0.0.0.0:9191/
2016-02-23 19:56:57.766 1902 INFO eventlet.wsgi.server [req-98bb59d4-0377-4c78-9295-0d9c24d7eebe 9b1f9b36d7354b1ea121ccfbae339d8b 85a11a1515f94848be7aa5b56adec8bf - - -] 127.0.0.1 - - [23/Feb/2016 19:56:57] "GET /images/detail?is_public=None&limit=20 HTTP/1.1" 200 914 0.733971
2016-02-23 20:06:55.909 1893 INFO eventlet.wsgi.server [req-07925e31-d29b-48f6-a365-2f8d1853f0f7 9b1f9b36d7354b1ea121ccfbae339d8b 85a11a1515f94848be7aa5b56adec8bf - - -] 127.0.0.1 - - [23/Feb/2016 20:06:55] "GET /images/detail?is_public=None&limit=20 HTTP/1.1" 200 914 0.571813
2016-02-23 20:16:53.991 1902 INFO eventlet.wsgi.server [req-55099088-aa71-4e62-8755-e9394b01dfbd 9b1f9b36d7354b1ea121ccfbae339d8b 85a11a1515f94848be7aa5b56adec8bf - - -] 127.0.0.1 - - [23/Feb/2016 20:16:53] "GET /images/detail?is_public=None&limit=20 HTTP/1.1" 200 914 0.155720
2016-02-23 20:26:54.223 1914 INFO eventlet.wsgi.server [req-1dee694e-e7b0-4cd0-b17a-d072f68a0252 9b1f9b36d7354b1ea121ccfbae339d8b 85a11a1515f94848be7aa5b56adec8bf - - -] 127.0.0.1 - - [23/Feb/2016 20:26:54] "GET /images/detail?is_public=None&limit=20 HTTP/1.1" 200 914 0.673858
2016-02-23 20:36:53.735 1902 INFO eventlet.wsgi.server [req-2bee113c-98e8-46c3-876c-3273761d4b9a 9b1f9b36d7354b1ea121ccfbae339d8b 85a11a1515f94848be7aa5b56adec8bf - - -] 127.0.0.1 - - [23/Feb/2016 20:36:53] "GET /images/detail?is_public=None&limit=20 HTTP/1.1" 200 914 0.151874
2016-02-23 20:46:53.756 1893 INFO eventlet.wsgi.server [req-8c7329b2-0ad5-40e0-98c9-89e384dae798 9b1f9b36d7354b1ea121ccfbae339d8b 85a11a1515f94848be7aa5b56adec8bf - - -] 127.0.0.1 - - [23/Feb/2016 20:46:53] "GET /images/detail?is_public=None&limit=20 HTTP/1.1" 200 914 0.196274
2016-02-23 20:56:54.467 1908 INFO eventlet.wsgi.server [req-02f8f48d-c78d-4c1a-ad64-b094f259fad4 9b1f9b36d7354b1ea121ccfbae339d8b 85a11a1515f94848be7aa5b56adec8bf - - -] 127.0.0.1 - - [23/Feb/2016 20:56:54] "GET /images/detail?is_public=None&limit=20 HTTP/1.1" 200 914 0.559474
2016-02-23 21:06:54.013 1893 INFO eventlet.wsgi.server [req-f6076b69-d84d-48cc-a7b9-8b2599ad0910 9b1f9b36d7354b1ea121ccfbae339d8b 85a11a1515f94848be7aa5b56adec8bf - - -] 127.0.0.1 - - [23/Feb/2016 21:06:54] "GET /images/detail?is_public=None&limit=20 HTTP/1.1" 200 914 0.135783
2016-02-23 21:16:53.910 1902 INFO eventlet.wsgi.server [req-0e50e80b-608c-4b72-a2c8-979dde39578a 9b1f9b36d7354b1ea121ccfbae339d8b 85a11a1515f94848be7aa5b56adec8bf - - -] 127.0.0.1 - - [23/Feb/2016 21:16:53] "GET /images/detail?is_public=None&limit=20 HTTP/1.1" 200 914 0.249547
2016-02-23 21:26:53.804 1908 INFO eventlet.wsgi.server [req-fc7e845f-5cb1-4845-ae49-c73bb6be1ca9 9b1f9b36d7354b1ea121ccfbae339d8b 85a11a1515f94848be7aa5b56adec8bf - - -] 127.0.0.1 - - [23/Feb/2016 21:26:53] "GET /images/detail?is_public=None&limit=20 HTTP/1.1" 200 914 0.129805
2016-02-23 21:36:53.765 1914 INFO eventlet.wsgi.server [req-2202c34a-dbb0-4774-97c4-9df5213aa208 9b1f9b36d7354b1ea121ccfbae339d8b 85a11a1515f94848be7aa5b56adec8bf - - -] 127.0.0.1 - - [23/Feb/2016 21:36:53] "GET /images/detail?is_public=None&limit=20 HTTP/1.1" 200 914 0.259462
2016-02-23 21:46:53.878 1902 INFO eventlet.wsgi.server [req-93a4786b-bc8f-43a8-9f02-7027b1183c53 9b1f9b36d7354b1ea121ccfbae339d8b 85a11a1515f94848be7aa5b56adec8bf - - -] 127.0.0.1 - - [23/Feb/2016 21:46:53] "GET /images/detail?is_public=None&limit=20 HTTP/1.1" 200 914 0.132291
2016-02-23 21:56:53.891 1914 INFO eventlet.wsgi.server [req-f6b63104-21f2-4ce4-a6a5-19676caae6e5 9b1f9b36d7354b1ea121ccfbae339d8b 85a11a1515f94848be7aa5b56adec8bf - - -] 127.0.0.1 - - [23/Feb/2016 21:56:53] "GET /images/detail?is_public=None&limit=20 HTTP/1.1" 200 914 0.143767
2016-02-23 22:06:54.543 1893 INFO eventlet.wsgi.server [req-5a725b81-1e2a-474f-8e13-c9bc96f0c36e 9b1f9b36d7354b1ea121ccfbae339d8b 85a11a1515f94848be7aa5b56adec8bf - - -] 127.0.0.1 - - [23/Feb/2016 22:06:54] "GET /images/detail?is_public=None&limit=20 HTTP/1.1" 200 914 0.303626
2016-02-23 22:16:53.698 1914 INFO eventlet.wsgi.server [req-42039811-6583-4513-9a0f-32dc248ef6bc 9b1f9b36d7354b1ea121ccfbae339d8b 85a11a1515f94848be7aa5b56adec8bf - - -] 127.0.0.1 - - [23/Feb/2016 22:16:53] "GET /images/detail?is_public=None&limit=20 HTTP/1.1" 200 914 0.138522
2016-02-23 22:20:56.752 1908 INFO eventlet.wsgi.server [req-f74ab402-d933-437e-9033-98d94571f5c9 a7efbc8d2a394409a3bc37b6078a3283 4cf1e5c5b43442838d14781be3f285b1 - - -] 127.0.0.1 - - [23/Feb/2016 22:20:56] "GET /images/detail?is_public=none&limit=20 HTTP/1.1" 200 914 0.384439
2016-02-23 22:23:14.238 1902 INFO eventlet.wsgi.server [req-2234a342-85c6-4c5f-b665-18302d6f45f1 a7efbc8d2a394409a3bc37b6078a3283 4cf1e5c5b43442838d14781be3f285b1 - - -] 127.0.0.1 - - [23/Feb/2016 22:23:14] "GET /images/detail?is_public=none&limit=20 HTTP/1.1" 200 914 0.299863
2016-02-23 22:23:14.463 1893 INFO eventlet.wsgi.server [req-60918b9a-9cd9-4933-bae2-0d3aa83e2797 a7efbc8d2a394409a3bc37b6078a3283 4cf1e5c5b43442838d14781be3f285b1 - - -] 127.0.0.1 - - [23/Feb/2016 22:23:14] "GET /images/8a724f78-2673-4ea1-b607-373626a15afb HTTP/1.1" 200 911 0.166761
2016-02-23 22:23:14.771 1893 INFO eventlet.wsgi.server [req-1b08b23a-34d9-4a76-8b7b-50707d35f369 a7efbc8d2a394409a3bc37b6078a3283 4cf1e5c5b43442838d14781be3f285b1 - - -] 127.0.0.1 - - [23/Feb/2016 22:23:14] "GET /images/8a724f78-2673-4ea1-b607-373626a15afb HTTP/1.1" 200 911 0.030150
2016-02-23 22:23:35.701 1893 INFO eventlet.wsgi.server [req-0397bc73-9e1e-4243-8edd-fe7de54eb3f4 a7efbc8d2a394409a3bc37b6078a3283 4cf1e5c5b43442838d14781be3f285b1 - - -] 127.0.0.1 - - [23/Feb/2016 22:23:35] "GET /images/detail?is_public=none&limit=20 HTTP/1.1" 200 914 0.222630
2016-02-23 22:23:35.979 1908 INFO eventlet.wsgi.server [req-361395e9-bcc1-42f7-b930-d120ecf6b3a9 a7efbc8d2a394409a3bc37b6078a3283 4cf1e5c5b43442838d14781be3f285b1 - - -] 127.0.0.1 - - [23/Feb/2016 22:23:35] "GET /images/8a724f78-2673-4ea1-b607-373626a15afb HTTP/1.1" 200 911 0.207472
2016-02-23 22:23:36.343 1893 INFO eventlet.wsgi.server [req-3e3cd0cb-cb69-470d-b715-00749d12b403 a7efbc8d2a394409a3bc37b6078a3283 4cf1e5c5b43442838d14781be3f285b1 - - -] 127.0.0.1 - - [23/Feb/2016 22:23:36] "GET /images/8a724f78-2673-4ea1-b607-373626a15afb HTTP/1.1" 200 911 0.023394
2016-02-23 22:26:53.732 1893 INFO eventlet.wsgi.server [req-cd789dfa-020b-4fcb-80a9-3fd887956cab 9b1f9b36d7354b1ea121ccfbae339d8b 85a11a1515f94848be7aa5b56adec8bf - - -] 127.0.0.1 - - [23/Feb/2016 22:26:53] "GET /images/detail?is_public=None&limit=20 HTTP/1.1" 200 914 0.214811
2016-02-23 22:27:54.297 1893 INFO eventlet.wsgi.server [req-08be8230-1c3f-456f-bfff-3857f304d35b a7efbc8d2a394409a3bc37b6078a3283 4cf1e5c5b43442838d14781be3f285b1 - - -] 127.0.0.1 - - [23/Feb/2016 22:27:54] "GET /images/detail?is_public=none&limit=20 HTTP/1.1" 200 914 0.148076
2016-02-23 22:27:54.492 1893 INFO eventlet.wsgi.server [req-ab31d357-ec26-493f-9201-cf7fb9d0ecfc a7efbc8d2a394409a3bc37b6078a3283 4cf1e5c5b43442838d14781be3f285b1 - - -] 127.0.0.1 - - [23/Feb/2016 22:27:54] "GET /images/8a724f78-2673-4ea1-b607-373626a15afb HTTP/1.1" 200 911 0.016663
2016-02-23 22:27:54.853 1902 INFO eventlet.wsgi.server [req-367eaf10-8a52-4631-9d4f-fc42a05eea34 a7efbc8d2a394409a3bc37b6078a3283 4cf1e5c5b43442838d14781be3f285b1 - - -] 127.0.0.1 - - [23/Feb/2016 22:27:54] "GET /images/8a724f78-2673-4ea1-b607-373626a15afb HTTP/1.1" 200 911 0.170916
2016-02-23 22:27:55.757 1902 INFO eventlet.wsgi.server [req-5e9ccb5c-df7f-4ea9-928c-e7e496057f65 a7efbc8d2a394409a3bc37b6078a3283 4cf1e5c5b43442838d14781be3f285b1 - - -] 127.0.0.1 - - [23/Feb/2016 22:27:55] "GET /images/8a724f78-2673-4ea1-b607-373626a15afb HTTP/1.1" 200 911 0.026995
2016-02-23 22:27:57.553 1902 INFO eventlet.wsgi.server [req-c7e290b5-3603-422e-ae57-a397561fb438 a7efbc8d2a394409a3bc37b6078a3283 4cf1e5c5b43442838d14781be3f285b1 - - -] 127.0.0.1 - - [23/Feb/2016 22:27:57] "GET /images/8a724f78-2673-4ea1-b607-373626a15afb HTTP/1.1" 200 911 0.036715
2016-02-23 22:31:02.866 1893 INFO eventlet.wsgi.server [req-19c536a5-6af6-4430-9f2c-f8b4629c024b a7efbc8d2a394409a3bc37b6078a3283 4cf1e5c5b43442838d14781be3f285b1 - - -] 127.0.0.1 - - [23/Feb/2016 22:31:02] "GET /images/detail?sort_key=created_at&sort_dir=desc&limit=1000 HTTP/1.1" 200 914 0.317428
2016-02-23 22:31:08.373 1893 INFO eventlet.wsgi.server [req-b90d8e1f-e2be-4064-997b-d5d29151f8f9 a7efbc8d2a394409a3bc37b6078a3283 4cf1e5c5b43442838d14781be3f285b1 - - -] 127.0.0.1 - - [23/Feb/2016 22:31:08] "GET /images/8a724f78-2673-4ea1-b607-373626a15afb HTTP/1.1" 200 911 0.039647
2016-02-23 22:31:12.500 1914 INFO eventlet.wsgi.server [req-5d3e74f1-6245-4345-aec2-c6ab2ffcece0 a7efbc8d2a394409a3bc37b6078a3283 4cf1e5c5b43442838d14781be3f285b1 - - -] 127.0.0.1 - - [23/Feb/2016 22:31:12] "GET /images/8a724f78-2673-4ea1-b607-373626a15afb HTTP/1.1" 200 911 0.204212
2016-02-23 22:31:18.894 1914 INFO eventlet.wsgi.server [req-3d6182f0-75c5-4e24-a5b8-0e8cb18240c8 a7efbc8d2a394409a3bc37b6078a3283 4cf1e5c5b43442838d14781be3f285b1 - - -] 127.0.0.1 - - [23/Feb/2016 22:31:18] "GET /images/8a724f78-2673-4ea1-b607-373626a15afb HTTP/1.1" 200 911 0.026943
2016-02-23 22:36:54.091 1914 INFO eventlet.wsgi.server [req-edbaafdf-2167-4eb7-b957-a42ab2604ccd 9b1f9b36d7354b1ea121ccfbae339d8b 85a11a1515f94848be7aa5b56adec8bf - - -] 127.0.0.1 - - [23/Feb/2016 22:36:54] "GET /images/detail?is_public=None&limit=20 HTTP/1.1" 200 914 0.253495
2016-02-23 22:37:11.243 1908 INFO eventlet.wsgi.server [req-9c0adbf9-50aa-4470-b5dd-f1d6728885c0 9b1f9b36d7354b1ea121ccfbae339d8b 85a11a1515f94848be7aa5b56adec8bf - - -] 127.0.0.1 - - [23/Feb/2016 22:37:11] "GET /images/8a724f78-2673-4ea1-b607-373626a15afb HTTP/1.1" 200 911 0.165563
2016-02-23 22:42:10.311 1908 INFO eventlet.wsgi.server [req-e776af56-3c7e-426e-ae9c-2f542ff5d84a e9483918caa940a48fe882ba092c7e0b 300b2cc45c3846939e589310ae714e46 - - -] 127.0.0.1 - - [23/Feb/2016 22:42:10] "GET /images/8a724f78-2673-4ea1-b607-373626a15afb HTTP/1.1" 200 911 0.129610
2016-02-23 22:44:43.103 1914 INFO eventlet.wsgi.server [req-addc29b8-c8fd-4d69-ab8e-a50d68e9dfe3 e9483918caa940a48fe882ba092c7e0b 300b2cc45c3846939e589310ae714e46 - - -] 127.0.0.1 - - [23/Feb/2016 22:44:43] "GET /images/8a724f78-2673-4ea1-b607-373626a15afb HTTP/1.1" 200 911 0.116569
2016-02-23 22:45:42.045 1914 INFO eventlet.wsgi.server [req-50004efc-ecb2-481d-a5ed-5ffcfe9471cb e9483918caa940a48fe882ba092c7e0b 300b2cc45c3846939e589310ae714e46 - - -] 127.0.0.1 - - [23/Feb/2016 22:45:42] "GET /images/8a724f78-2673-4ea1-b607-373626a15afb HTTP/1.1" 200 911 0.123108
2016-02-23 22:46:16.277 1902 INFO eventlet.wsgi.server [req-895029af-45f8-43b4-930f-9deeb75a617a e9483918caa940a48fe882ba092c7e0b 300b2cc45c3846939e589310ae714e46 - - -] 127.0.0.1 - - [23/Feb/2016 22:46:16] "GET /images/8a724f78-2673-4ea1-b607-373626a15afb HTTP/1.1" 200 911 0.153533
2016-02-23 22:46:54.167 1893 INFO eventlet.wsgi.server [req-be0b9758-f2f1-4087-85fd-3e29e0975b9e 9b1f9b36d7354b1ea121ccfbae339d8b 85a11a1515f94848be7aa5b56adec8bf - - -] 127.0.0.1 - - [23/Feb/2016 22:46:54] "GET /images/detail?is_public=None&limit=20 HTTP/1.1" 200 914 0.143477
2016-02-23 22:47:01.200 1908 INFO eventlet.wsgi.server [req-9da3874f-b99e-4070-a7c7-ee4d2fca4e97 e9483918caa940a48fe882ba092c7e0b 300b2cc45c3846939e589310ae714e46 - - -] 127.0.0.1 - - [23/Feb/2016 22:47:01] "GET /images/8a724f78-2673-4ea1-b607-373626a15afb HTTP/1.1" 200 911 0.107919
2016-02-23 22:47:11.186 1893 INFO eventlet.wsgi.server [req-aad9bf71-cbb1-4c86-b907-4c3be896ead0 9b1f9b36d7354b1ea121ccfbae339d8b 85a11a1515f94848be7aa5b56adec8bf - - -] 127.0.0.1 - - [23/Feb/2016 22:47:11] "GET /images/8a724f78-2673-4ea1-b607-373626a15afb HTTP/1.1" 200 911 0.111527
2016-02-23 22:47:33.709 1902 INFO eventlet.wsgi.server [req-ff6612f5-83b2-43af-8ff2-61ae46ed089b e9483918caa940a48fe882ba092c7e0b 300b2cc45c3846939e589310ae714e46 - - -] 127.0.0.1 - - [23/Feb/2016 22:47:33] "GET /images/8a724f78-2673-4ea1-b607-373626a15afb HTTP/1.1" 200 911 0.210938
2016-02-23 22:48:17.366 1908 INFO eventlet.wsgi.server [req-af290380-5027-4ed1-a1b2-194e1942b254 e9483918caa940a48fe882ba092c7e0b 300b2cc45c3846939e589310ae714e46 - - -] 127.0.0.1 - - [23/Feb/2016 22:48:17] "GET /images/8a724f78-2673-4ea1-b607-373626a15afb HTTP/1.1" 200 911 0.164304
2016-02-23 22:49:16.016 1893 INFO eventlet.wsgi.server [req-0d49d94f-1d39-434c-a66e-4ab52f641870 a7efbc8d2a394409a3bc37b6078a3283 4cf1e5c5b43442838d14781be3f285b1 - - -] 127.0.0.1 - - [23/Feb/2016 22:49:16] "GET /images/detail?sort_key=created_at&sort_dir=desc&limit=1000 HTTP/1.1" 200 914 0.223475
2016-02-23 22:49:53.446 1914 INFO eventlet.wsgi.server [req-bb839504-7b0f-49f1-a6b5-cffaaaea9d28 e9483918caa940a48fe882ba092c7e0b 300b2cc45c3846939e589310ae714e46 - - -] 127.0.0.1 - - [23/Feb/2016 22:49:53] "GET /images/8a724f78-2673-4ea1-b607-373626a15afb HTTP/1.1" 200 911 0.113944
2016-02-23 22:50:47.452 1914 INFO eventlet.wsgi.server [req-1459ef5a-4f71-4491-98d2-61ca9aa25f6f e9483918caa940a48fe882ba092c7e0b 300b2cc45c3846939e589310ae714e46 - - -] 127.0.0.1 - - [23/Feb/2016 22:50:47] "GET /images/8a724f78-2673-4ea1-b607-373626a15afb HTTP/1.1" 200 911 0.137616
2016-02-23 22:51:09.787 1908 INFO eventlet.wsgi.server [req-5cec4ab2-8b46-486b-abef-d39184e8ffb4 e9483918caa940a48fe882ba092c7e0b 300b2cc45c3846939e589310ae714e46 - - -] 127.0.0.1 - - [23/Feb/2016 22:51:09] "GET /images/8a724f78-2673-4ea1-b607-373626a15afb HTTP/1.1" 200 911 0.191283
2016-02-23 22:51:12.824 1893 INFO eventlet.wsgi.server [req-00fdc115-c37b-4bad-86c0-dc5cc0a1c644 e9483918caa940a48fe882ba092c7e0b 300b2cc45c3846939e589310ae714e46 - - -] 127.0.0.1 - - [23/Feb/2016 22:51:12] "GET /images/8a724f78-2673-4ea1-b607-373626a15afb HTTP/1.1" 200 911 0.119946
2016-02-23 22:52:05.053 1893 INFO eventlet.wsgi.server [req-be413c1a-4954-43ef-8cf6-655911f1b14e e9483918caa940a48fe882ba092c7e0b 300b2cc45c3846939e589310ae714e46 - - -] 127.0.0.1 - - [23/Feb/2016 22:52:05] "GET /images/8a724f78-2673-4ea1-b607-373626a15afb HTTP/1.1" 200 911 0.137160
2016-02-23 22:52:28.216 1893 INFO eventlet.wsgi.server [req-64b68f0a-f530-4b6a-8f45-cf8980cca640 e9483918caa940a48fe882ba092c7e0b 300b2cc45c3846939e589310ae714e46 - - -] 127.0.0.1 - - [23/Feb/2016 22:52:28] "GET /images/8a724f78-2673-4ea1-b607-373626a15afb HTTP/1.1" 200 911 0.142773
2016-02-23 22:52:51.449 1893 INFO eventlet.wsgi.server [req-d2a0c8f3-a467-4d63-9276-0a543774fe05 e9483918caa940a48fe882ba092c7e0b 300b2cc45c3846939e589310ae714e46 - - -] 127.0.0.1 - - [23/Feb/2016 22:52:51] "GET /images/8a724f78-2673-4ea1-b607-373626a15afb HTTP/1.1" 200 911 0.130181
2016-02-23 22:53:54.391 1908 INFO eventlet.wsgi.server [req-22c8a95a-246d-4379-a0d2-92975e78e4a0 e9483918caa940a48fe882ba092c7e0b 300b2cc45c3846939e589310ae714e46 - - -] 127.0.0.1 - - [23/Feb/2016 22:53:54] "GET /images/8a724f78-2673-4ea1-b607-373626a15afb HTTP/1.1" 200 911 0.128392
2016-02-23 22:54:37.976 1893 INFO eventlet.wsgi.server [req-b4b52310-451b-4176-9a18-0f19b1a2a2ca e9483918caa940a48fe882ba092c7e0b 300b2cc45c3846939e589310ae714e46 - - -] 127.0.0.1 - - [23/Feb/2016 22:54:37] "GET /images/8a724f78-2673-4ea1-b607-373626a15afb HTTP/1.1" 200 911 0.199953
2016-02-23 22:55:20.978 1914 INFO eventlet.wsgi.server [req-1521bae5-d06e-409e-b75c-ce203b591860 e9483918caa940a48fe882ba092c7e0b 300b2cc45c3846939e589310ae714e46 - - -] 127.0.0.1 - - [23/Feb/2016 22:55:20] "GET /images/8a724f78-2673-4ea1-b607-373626a15afb HTTP/1.1" 200 911 0.166722
2016-02-23 22:56:00.759 1902 INFO eventlet.wsgi.server [req-cceecf76-5f68-48d5-860b-9244b8234241 e9483918caa940a48fe882ba092c7e0b 300b2cc45c3846939e589310ae714e46 - - -] 127.0.0.1 - - [23/Feb/2016 22:56:00] "GET /images/8a724f78-2673-4ea1-b607-373626a15afb HTTP/1.1" 200 911 0.137645
2016-02-23 22:56:54.169 1893 INFO eventlet.wsgi.server [req-6caf1200-4070-4c69-b946-408ad6d477c7 9b1f9b36d7354b1ea121ccfbae339d8b 85a11a1515f94848be7aa5b56adec8bf - - -] 127.0.0.1 - - [23/Feb/2016 22:56:54] "GET /images/detail?is_public=None&limit=20 HTTP/1.1" 200 914 0.126710
2016-02-23 22:56:59.281 1908 INFO eventlet.wsgi.server [req-784a6572-b733-40d8-be8f-bb78dc9e928c e9483918caa940a48fe882ba092c7e0b 300b2cc45c3846939e589310ae714e46 - - -] 127.0.0.1 - - [23/Feb/2016 22:56:59] "GET /images/8a724f78-2673-4ea1-b607-373626a15afb HTTP/1.1" 200 911 0.112351
2016-02-23 22:57:03.521 1893 INFO eventlet.wsgi.server [req-74393c02-20fb-4ab8-af16-7555cc0f360d e9483918caa940a48fe882ba092c7e0b 300b2cc45c3846939e589310ae714e46 - - -] 127.0.0.1 - - [23/Feb/2016 22:57:03] "GET /images/8a724f78-2673-4ea1-b607-373626a15afb HTTP/1.1" 200 911 0.162044
2016-02-23 22:57:11.498 1908 INFO eventlet.wsgi.server [req-d47aecf0-63ad-4825-9f0e-bedef0bcc516 9b1f9b36d7354b1ea121ccfbae339d8b 85a11a1515f94848be7aa5b56adec8bf - - -] 127.0.0.1 - - [23/Feb/2016 22:57:11] "GET /images/8a724f78-2673-4ea1-b607-373626a15afb HTTP/1.1" 200 911 0.166656
2016-02-23 22:57:14.457 1902 INFO eventlet.wsgi.server [req-517a4b44-0d8a-4abd-81ba-378c4cbd4afb e9483918caa940a48fe882ba092c7e0b 300b2cc45c3846939e589310ae714e46 - - -] 127.0.0.1 - - [23/Feb/2016 22:57:14] "GET /images/8a724f78-2673-4ea1-b607-373626a15afb HTTP/1.1" 200 911 0.136319
2016-02-23 22:57:20.910 1914 INFO eventlet.wsgi.server [req-278a7ce6-2d00-441b-aa8e-8717d9391f99 e9483918caa940a48fe882ba092c7e0b 300b2cc45c3846939e589310ae714e46 - - -] 127.0.0.1 - - [23/Feb/2016 22:57:20] "GET /images/8a724f78-2673-4ea1-b607-373626a15afb HTTP/1.1" 200 911 0.134330
2016-02-23 22:57:25.206 1914 INFO eventlet.wsgi.server [req-d20f97fc-e6f4-431c-803a-838aca1de19a e9483918caa940a48fe882ba092c7e0b 300b2cc45c3846939e589310ae714e46 - - -] 127.0.0.1 - - [23/Feb/2016 22:57:25] "GET /images/8a724f78-2673-4ea1-b607-373626a15afb HTTP/1.1" 200 911 0.111173
2016-02-23 22:57:29.199 1893 INFO eventlet.wsgi.server [req-688b52bd-b80c-4c6e-a8a9-f032293bf43c e9483918caa940a48fe882ba092c7e0b 300b2cc45c3846939e589310ae714e46 - - -] 127.0.0.1 - - [23/Feb/2016 22:57:29] "GET /images/8a724f78-2673-4ea1-b607-373626a15afb HTTP/1.1" 200 911 0.158349
2016-02-23 22:57:33.041 1908 INFO eventlet.wsgi.server [req-3f966279-2fc5-43b9-a37b-809b05219fae e9483918caa940a48fe882ba092c7e0b 300b2cc45c3846939e589310ae714e46 - - -] 127.0.0.1 - - [23/Feb/2016 22:57:33] "GET /images/8a724f78-2673-4ea1-b607-373626a15afb HTTP/1.1" 200 911 0.145629
2016-02-23 22:57:36.683 1893 INFO eventlet.wsgi.server [req-d158b8e8-51dd-42e2-b567-99dd9b69a8fb e9483918caa940a48fe882ba092c7e0b 300b2cc45c3846939e589310ae714e46 - - -] 127.0.0.1 - - [23/Feb/2016 22:57:36] "GET /images/8a724f78-2673-4ea1-b607-373626a15afb HTTP/1.1" 200 911 0.139888
2016-02-23 22:57:40.395 1902 INFO eventlet.wsgi.server [req-be0ee48d-9a0a-496f-ba97-5ee8c49ac529 e9483918caa940a48fe882ba092c7e0b 300b2cc45c3846939e589310ae714e46 - - -] 127.0.0.1 - - [23/Feb/2016 22:57:40] "GET /images/8a724f78-2673-4ea1-b607-373626a15afb HTTP/1.1" 200 911 0.166370
2016-02-23 22:57:44.479 1908 INFO eventlet.wsgi.server [req-2931f0ab-827b-40ba-9606-85d68e01e2be e9483918caa940a48fe882ba092c7e0b 300b2cc45c3846939e589310ae714e46 - - -] 127.0.0.1 - - [23/Feb/2016 22:57:44] "GET /images/8a724f78-2673-4ea1-b607-373626a15afb HTTP/1.1" 200 911 0.146805
2016-02-23 22:57:48.186 1893 INFO eventlet.wsgi.server [req-1eed891b-034d-42fc-baa2-284699714874 e9483918caa940a48fe882ba092c7e0b 300b2cc45c3846939e589310ae714e46 - - -] 127.0.0.1 - - [23/Feb/2016 22:57:48] "GET /images/8a724f78-2673-4ea1-b607-373626a15afb HTTP/1.1" 200 911 0.154530
2016-02-23 22:57:51.893 1914 INFO eventlet.wsgi.server [req-2ac51d0d-84ee-4358-ac0d-95dc03d0f302 e9483918caa940a48fe882ba092c7e0b 300b2cc45c3846939e589310ae714e46 - - -] 127.0.0.1 - - [23/Feb/2016 22:57:51] "GET /images/8a724f78-2673-4ea1-b607-373626a15afb HTTP/1.1" 200 911 0.152184
2016-02-23 22:57:55.159 1893 INFO eventlet.wsgi.server [req-73909577-5ede-4528-97ed-1411e2eef53b e9483918caa940a48fe882ba092c7e0b 300b2cc45c3846939e589310ae714e46 - - -] 127.0.0.1 - - [23/Feb/2016 22:57:55] "GET /images/8a724f78-2673-4ea1-b607-373626a15afb HTTP/1.1" 200 911 0.130868
2016-02-23 22:58:56.890 1908 INFO eventlet.wsgi.server [req-c7b761b3-97d5-4adb-aaa5-ac0109e73c4b e9483918caa940a48fe882ba092c7e0b 300b2cc45c3846939e589310ae714e46 - - -] 127.0.0.1 - - [23/Feb/2016 22:58:56] "GET /images/8a724f78-2673-4ea1-b607-373626a15afb HTTP/1.1" 200 911 0.121143
2016-02-23 23:06:54.316 1914 INFO eventlet.wsgi.server [req-253e5a45-049a-4f39-95da-82e4a0c1382b 9b1f9b36d7354b1ea121ccfbae339d8b 85a11a1515f94848be7aa5b56adec8bf - - -] 127.0.0.1 - - [23/Feb/2016 23:06:54] "GET /images/detail?is_public=None&limit=20 HTTP/1.1" 200 914 0.115300
2016-02-23 23:07:11.303 1908 INFO eventlet.wsgi.server [req-3a81ab7a-8c19-415e-a872-9d24fac1233b 9b1f9b36d7354b1ea121ccfbae339d8b 85a11a1515f94848be7aa5b56adec8bf - - -] 127.0.0.1 - - [23/Feb/2016 23:07:11] "GET /images/8a724f78-2673-4ea1-b607-373626a15afb HTTP/1.1" 200 911 0.115505
2016-02-23 23:16:53.820 1902 INFO eventlet.wsgi.server [req-046c022c-b5ef-48a8-a4ba-52f5e0ca333e 9b1f9b36d7354b1ea121ccfbae339d8b 85a11a1515f94848be7aa5b56adec8bf - - -] 127.0.0.1 - - [23/Feb/2016 23:16:53] "GET /images/detail?is_public=None&limit=20 HTTP/1.1" 200 914 0.119370
2016-02-23 23:17:11.131 1908 INFO eventlet.wsgi.server [req-34e861f7-7171-4bf6-9707-e8f80a0b9c90 9b1f9b36d7354b1ea121ccfbae339d8b 85a11a1515f94848be7aa5b56adec8bf - - -] 127.0.0.1 - - [23/Feb/2016 23:17:11] "GET /images/8a724f78-2673-4ea1-b607-373626a15afb HTTP/1.1" 200 911 0.114875
2016-02-23 23:26:54.310 1893 INFO eventlet.wsgi.server [req-a3addd81-f749-4a9d-a5e1-3967900f5edb 9b1f9b36d7354b1ea121ccfbae339d8b 85a11a1515f94848be7aa5b56adec8bf - - -] 127.0.0.1 - - [23/Feb/2016 23:26:54] "GET /images/detail?is_public=None&limit=20 HTTP/1.1" 200 914 0.294461
2016-02-23 23:27:11.136 1914 INFO eventlet.wsgi.server [req-bea20c47-91d5-4503-aa76-2c101f11161c 9b1f9b36d7354b1ea121ccfbae339d8b 85a11a1515f94848be7aa5b56adec8bf - - -] 127.0.0.1 - - [23/Feb/2016 23:27:11] "GET /images/8a724f78-2673-4ea1-b607-373626a15afb HTTP/1.1" 200 911 0.127338
2016-02-23 23:36:54.575 1902 INFO eventlet.wsgi.server [req-b1de2f9b-e9ed-499b-bb8f-b256b5ae7f5a 9b1f9b36d7354b1ea121ccfbae339d8b 85a11a1515f94848be7aa5b56adec8bf - - -] 127.0.0.1 - - [23/Feb/2016 23:36:54] "GET /images/detail?is_public=None&limit=20 HTTP/1.1" 200 914 0.314393
2016-02-23 23:37:11.240 1893 INFO eventlet.wsgi.server [req-1db9ece4-7394-466f-92d1-63d4fa7f8e5f 9b1f9b36d7354b1ea121ccfbae339d8b 85a11a1515f94848be7aa5b56adec8bf - - -] 127.0.0.1 - - [23/Feb/2016 23:37:11] "GET /images/8a724f78-2673-4ea1-b607-373626a15afb HTTP/1.1" 200 911 0.116666
2016-02-24 19:46:16.544 996 INFO glance.common.wsgi [-] Starting 4 workers
2016-02-24 19:46:16.660 1860 INFO eventlet.wsgi.server [-] (1860) wsgi starting up on http://0.0.0.0:9191/
2016-02-24 19:46:16.650 996 INFO glance.common.wsgi [-] Started child 1860
2016-02-24 19:46:16.808 1863 INFO eventlet.wsgi.server [-] (1863) wsgi starting up on http://0.0.0.0:9191/
2016-02-24 19:46:16.853 996 INFO glance.common.wsgi [-] Started child 1863
2016-02-24 19:46:16.962 1868 INFO eventlet.wsgi.server [-] (1868) wsgi starting up on http://0.0.0.0:9191/
2016-02-24 19:46:16.995 996 INFO glance.common.wsgi [-] Started child 1868
2016-02-24 19:46:17.113 996 INFO glance.common.wsgi [-] Started child 1875
2016-02-24 19:46:17.254 1875 INFO eventlet.wsgi.server [-] (1875) wsgi starting up on http://0.0.0.0:9191/
2016-02-24 19:56:13.529 1863 INFO eventlet.wsgi.server [req-df4c48a3-fcf7-4031-9624-b0b744cb6a20 9b1f9b36d7354b1ea121ccfbae339d8b 85a11a1515f94848be7aa5b56adec8bf - - -] 127.0.0.1 - - [24/Feb/2016 19:56:13] "GET /images/8a724f78-2673-4ea1-b607-373626a15afb HTTP/1.1" 200 911 0.560734
2016-02-24 19:56:19.930 1860 INFO eventlet.wsgi.server [req-4cf0423c-6117-446e-b3a8-f70b836fad0d 9b1f9b36d7354b1ea121ccfbae339d8b 85a11a1515f94848be7aa5b56adec8bf - - -] 127.0.0.1 - - [24/Feb/2016 19:56:19] "GET /images/detail?is_public=None&limit=20 HTTP/1.1" 200 914 0.563495
2016-02-24 20:06:11.315 1875 INFO eventlet.wsgi.server [req-8150227b-a664-4fe8-a4b9-1a46dfcf4617 9b1f9b36d7354b1ea121ccfbae339d8b 85a11a1515f94848be7aa5b56adec8bf - - -] 127.0.0.1 - - [24/Feb/2016 20:06:11] "GET /images/8a724f78-2673-4ea1-b607-373626a15afb HTTP/1.1" 200 911 0.487561
2016-02-24 20:06:16.198 1863 INFO eventlet.wsgi.server [req-65be422a-1635-4e5c-96f7-2dc4e212a2b5 9b1f9b36d7354b1ea121ccfbae339d8b 85a11a1515f94848be7aa5b56adec8bf - - -] 127.0.0.1 - - [24/Feb/2016 20:06:16] "GET /images/detail?is_public=None&limit=20 HTTP/1.1" 200 914 0.136082
2016-02-24 20:16:10.595 1860 INFO eventlet.wsgi.server [req-7137095f-25ab-4a98-8f59-62de89388858 9b1f9b36d7354b1ea121ccfbae339d8b 85a11a1515f94848be7aa5b56adec8bf - - -] 127.0.0.1 - - [24/Feb/2016 20:16:10] "GET /images/8a724f78-2673-4ea1-b607-373626a15afb HTTP/1.1" 200 911 0.130449
2016-02-24 20:16:16.660 1868 INFO eventlet.wsgi.server [req-15fcdc27-f00c-4c10-9bdd-6a45d772a83a 9b1f9b36d7354b1ea121ccfbae339d8b 85a11a1515f94848be7aa5b56adec8bf - - -] 127.0.0.1 - - [24/Feb/2016 20:16:16] "GET /images/detail?is_public=None&limit=20 HTTP/1.1" 200 914 0.529761
2016-02-24 20:26:10.499 1875 INFO eventlet.wsgi.server [req-c75c4068-ff86-4218-8bd6-7e5f99d93738 9b1f9b36d7354b1ea121ccfbae339d8b 85a11a1515f94848be7aa5b56adec8bf - - -] 127.0.0.1 - - [24/Feb/2016 20:26:10] "GET /images/8a724f78-2673-4ea1-b607-373626a15afb HTTP/1.1" 200 911 0.122238
2016-02-24 20:26:16.077 1875 INFO eventlet.wsgi.server [req-b6d34103-807e-4094-92a8-a3d5b707813e 9b1f9b36d7354b1ea121ccfbae339d8b 85a11a1515f94848be7aa5b56adec8bf - - -] 127.0.0.1 - - [24/Feb/2016 20:26:16] "GET /images/detail?is_public=None&limit=20 HTTP/1.1" 200 914 0.119851
2016-02-24 20:27:05.733 1875 INFO eventlet.wsgi.server [req-8a0974de-96bd-457d-8742-bba34367b342 a7efbc8d2a394409a3bc37b6078a3283 4cf1e5c5b43442838d14781be3f285b1 - - -] 127.0.0.1 - - [24/Feb/2016 20:27:05] "GET /images/detail?sort_key=created_at&sort_dir=desc&limit=1000 HTTP/1.1" 200 914 0.211228
2016-02-24 20:27:28.677 1868 INFO eventlet.wsgi.server [req-405b9a45-a86f-42d6-be00-b3ce3b1c04f5 a7efbc8d2a394409a3bc37b6078a3283 4cf1e5c5b43442838d14781be3f285b1 - - -] 127.0.0.1 - - [24/Feb/2016 20:27:28] "GET /images/detail?status=active&is_public=True&limit=1000&sort_dir=desc&sort_key=created_at HTTP/1.1" 200 914 0.170524
2016-02-24 20:27:28.933 1863 INFO eventlet.wsgi.server [req-bca4a078-39c1-4a54-b76f-45781cf6b73c a7efbc8d2a394409a3bc37b6078a3283 4cf1e5c5b43442838d14781be3f285b1 - - -] 127.0.0.1 - - [24/Feb/2016 20:27:28] "GET /images/detail?status=active&sort_key=created_at&property-owner_id=4cf1e5c5b43442838d14781be3f285b1&limit=1000&sort_dir=desc HTTP/1.1" 200 207 0.235605
2016-02-24 20:28:58.198 1875 INFO eventlet.wsgi.server [req-edd64125-2190-4e5b-abdd-b47b9006f7cd a7efbc8d2a394409a3bc37b6078a3283 4cf1e5c5b43442838d14781be3f285b1 - - -] 127.0.0.1 - - [24/Feb/2016 20:28:58] "GET /images/detail?status=active&is_public=True&limit=1000&sort_dir=desc&sort_key=created_at HTTP/1.1" 200 914 0.080246
2016-02-24 20:28:58.262 1875 INFO eventlet.wsgi.server [req-7e971412-f271-4454-9e18-42e63d57d860 a7efbc8d2a394409a3bc37b6078a3283 4cf1e5c5b43442838d14781be3f285b1 - - -] 127.0.0.1 - - [24/Feb/2016 20:28:58] "GET /images/detail?status=active&sort_key=created_at&property-owner_id=4cf1e5c5b43442838d14781be3f285b1&limit=1000&sort_dir=desc HTTP/1.1" 200 207 0.045179
2016-02-24 20:28:59.554 1860 INFO eventlet.wsgi.server [req-15b24ce1-4181-4b72-b099-80f0158be488 a7efbc8d2a394409a3bc37b6078a3283 4cf1e5c5b43442838d14781be3f285b1 - - -] 127.0.0.1 - - [24/Feb/2016 20:28:59] "GET /images/8a724f78-2673-4ea1-b607-373626a15afb HTTP/1.1" 200 911 0.130495
2016-02-24 20:29:00.893 1868 INFO eventlet.wsgi.server [req-13cb0b6d-480c-4c32-a0c7-305c9135177f a7efbc8d2a394409a3bc37b6078a3283 4cf1e5c5b43442838d14781be3f285b1 - - -] 127.0.0.1 - - [24/Feb/2016 20:29:00] "GET /images/detail?sort_key=created_at&sort_dir=desc&limit=1000 HTTP/1.1" 200 914 0.066830
2016-02-24 20:29:01.538 1868 INFO eventlet.wsgi.server [req-ebb71b26-1a45-455b-afe4-c2c9c0e9b00f a7efbc8d2a394409a3bc37b6078a3283 4cf1e5c5b43442838d14781be3f285b1 - - -] 127.0.0.1 - - [24/Feb/2016 20:29:01] "GET /images/8a724f78-2673-4ea1-b607-373626a15afb HTTP/1.1" 200 911 0.027255
2016-02-24 20:29:02.568 1860 INFO eventlet.wsgi.server [req-d8677212-3f2d-4b7c-b7ef-22d3e4215408 a7efbc8d2a394409a3bc37b6078a3283 4cf1e5c5b43442838d14781be3f285b1 - - -] 127.0.0.1 - - [24/Feb/2016 20:29:02] "GET /images/8a724f78-2673-4ea1-b607-373626a15afb HTTP/1.1" 200 911 0.059231
2016-02-24 20:29:05.882 1860 INFO eventlet.wsgi.server [req-b7faa86a-5c97-4848-95e7-a7e04adf591c a7efbc8d2a394409a3bc37b6078a3283 4cf1e5c5b43442838d14781be3f285b1 - - -] 127.0.0.1 - - [24/Feb/2016 20:29:05] "GET /images/8a724f78-2673-4ea1-b607-373626a15afb HTTP/1.1" 200 911 0.033991
2016-02-24 20:29:11.597 1875 INFO eventlet.wsgi.server [req-1505dfbb-f2a8-4137-be08-8780854a411b a7efbc8d2a394409a3bc37b6078a3283 4cf1e5c5b43442838d14781be3f285b1 - - -] 127.0.0.1 - - [24/Feb/2016 20:29:11] "GET /images/8a724f78-2673-4ea1-b607-373626a15afb HTTP/1.1" 200 911 0.036150
