2015-10-04 15:48:11.515 1800 INFO eventlet.wsgi.server [req-9ef3cddc-75ac-4f35-b879-034be189c653 9b1f9b36d7354b1ea121ccfbae339d8b 85a11a1515f94848be7aa5b56adec8bf - - -] 127.0.0.1 - - [04/Oct/2015 15:48:11] "GET /images/8a724f78-2673-4ea1-b607-373626a15afb HTTP/1.1" 200 911 0.552980
2015-10-04 15:50:52.992 1814 INFO eventlet.wsgi.server [req-fe06aec1-0788-4043-9a67-f7ebe76c3c6c 9b1f9b36d7354b1ea121ccfbae339d8b 85a11a1515f94848be7aa5b56adec8bf - - -] 127.0.0.1 - - [04/Oct/2015 15:50:52] "GET /images/detail?is_public=None&limit=20 HTTP/1.1" 200 914 0.484862
2015-10-04 15:58:06.553 1814 INFO eventlet.wsgi.server [req-e7f258b9-548b-4039-a7e1-4e5a93de497c 9b1f9b36d7354b1ea121ccfbae339d8b 85a11a1515f94848be7aa5b56adec8bf - - -] 127.0.0.1 - - [04/Oct/2015 15:58:06] "GET /images/8a724f78-2673-4ea1-b607-373626a15afb HTTP/1.1" 200 911 0.117056
2015-10-04 16:00:51.802 1800 INFO eventlet.wsgi.server [req-4658e169-2daa-4d22-b89c-3a63ba61c885 9b1f9b36d7354b1ea121ccfbae339d8b 85a11a1515f94848be7aa5b56adec8bf - - -] 127.0.0.1 - - [04/Oct/2015 16:00:51] "GET /images/detail?is_public=None&limit=20 HTTP/1.1" 200 914 0.150925
2015-10-04 16:08:06.155 1814 INFO eventlet.wsgi.server [req-a7503794-cc09-4a28-9a8c-13f36340480b 9b1f9b36d7354b1ea121ccfbae339d8b 85a11a1515f94848be7aa5b56adec8bf - - -] 127.0.0.1 - - [04/Oct/2015 16:08:06] "GET /images/8a724f78-2673-4ea1-b607-373626a15afb HTTP/1.1" 200 911 0.115710
2015-10-04 16:10:52.043 1794 INFO eventlet.wsgi.server [req-705faa49-5856-4fb5-ab74-b820f76b6899 9b1f9b36d7354b1ea121ccfbae339d8b 85a11a1515f94848be7aa5b56adec8bf - - -] 127.0.0.1 - - [04/Oct/2015 16:10:52] "GET /images/detail?is_public=None&limit=20 HTTP/1.1" 200 914 0.559576
2015-10-04 16:18:06.116 1814 INFO eventlet.wsgi.server [req-7b7e7d24-647d-4d13-bed4-28c2f196deb0 9b1f9b36d7354b1ea121ccfbae339d8b 85a11a1515f94848be7aa5b56adec8bf - - -] 127.0.0.1 - - [04/Oct/2015 16:18:06] "GET /images/8a724f78-2673-4ea1-b607-373626a15afb HTTP/1.1" 200 911 0.111677
2015-10-04 16:20:51.470 1814 INFO eventlet.wsgi.server [req-2ca37e47-3ce0-4f38-b278-43ac06af8614 9b1f9b36d7354b1ea121ccfbae339d8b 85a11a1515f94848be7aa5b56adec8bf - - -] 127.0.0.1 - - [04/Oct/2015 16:20:51] "GET /images/detail?is_public=None&limit=20 HTTP/1.1" 200 914 0.135388
2015-10-04 16:28:06.180 1794 INFO eventlet.wsgi.server [req-c98d4f7a-181b-4966-b654-7d5c217f6cfc 9b1f9b36d7354b1ea121ccfbae339d8b 85a11a1515f94848be7aa5b56adec8bf - - -] 127.0.0.1 - - [04/Oct/2015 16:28:06] "GET /images/8a724f78-2673-4ea1-b607-373626a15afb HTTP/1.1" 200 911 0.113114
2015-10-04 16:30:51.822 1806 INFO eventlet.wsgi.server [req-215addc5-99ad-41e0-9930-8e50add30ec9 9b1f9b36d7354b1ea121ccfbae339d8b 85a11a1515f94848be7aa5b56adec8bf - - -] 127.0.0.1 - - [04/Oct/2015 16:30:51] "GET /images/detail?is_public=None&limit=20 HTTP/1.1" 200 914 0.526688
2015-10-04 16:38:06.554 1814 INFO eventlet.wsgi.server [req-0168ac68-95f9-4446-bb11-f54ec3b50dd1 9b1f9b36d7354b1ea121ccfbae339d8b 85a11a1515f94848be7aa5b56adec8bf - - -] 127.0.0.1 - - [04/Oct/2015 16:38:06] "GET /images/8a724f78-2673-4ea1-b607-373626a15afb HTTP/1.1" 200 911 0.113107
2015-10-04 16:40:51.690 1814 INFO eventlet.wsgi.server [req-a48d2e57-8a24-4d2e-9994-b20010c5bc3f 9b1f9b36d7354b1ea121ccfbae339d8b 85a11a1515f94848be7aa5b56adec8bf - - -] 127.0.0.1 - - [04/Oct/2015 16:40:51] "GET /images/detail?is_public=None&limit=20 HTTP/1.1" 200 914 0.127133
2015-10-04 16:48:06.400 1800 INFO eventlet.wsgi.server [req-9d90f11c-779d-4cbf-96bc-dfd70430cf32 9b1f9b36d7354b1ea121ccfbae339d8b 85a11a1515f94848be7aa5b56adec8bf - - -] 127.0.0.1 - - [04/Oct/2015 16:48:06] "GET /images/8a724f78-2673-4ea1-b607-373626a15afb HTTP/1.1" 200 911 0.115051
2015-10-04 16:50:52.467 1806 INFO eventlet.wsgi.server [req-5d9a95c9-91f2-4867-b18e-49e61657e858 9b1f9b36d7354b1ea121ccfbae339d8b 85a11a1515f94848be7aa5b56adec8bf - - -] 127.0.0.1 - - [04/Oct/2015 16:50:52] "GET /images/detail?is_public=None&limit=20 HTTP/1.1" 200 914 0.186785
2015-10-04 16:58:06.505 1806 INFO eventlet.wsgi.server [req-7f09bd77-1250-4796-bca0-05d89993b3b4 9b1f9b36d7354b1ea121ccfbae339d8b 85a11a1515f94848be7aa5b56adec8bf - - -] 127.0.0.1 - - [04/Oct/2015 16:58:06] "GET /images/8a724f78-2673-4ea1-b607-373626a15afb HTTP/1.1" 200 911 0.114754
2015-10-04 17:00:51.592 1806 INFO eventlet.wsgi.server [req-2583903d-ad22-4c36-ba8e-d7667d279740 9b1f9b36d7354b1ea121ccfbae339d8b 85a11a1515f94848be7aa5b56adec8bf - - -] 127.0.0.1 - - [04/Oct/2015 17:00:51] "GET /images/detail?is_public=None&limit=20 HTTP/1.1" 200 914 0.129681
2015-10-04 17:08:06.438 1814 INFO eventlet.wsgi.server [req-e77bb15e-aaca-48e0-a8b2-880f1e8213ee 9b1f9b36d7354b1ea121ccfbae339d8b 85a11a1515f94848be7aa5b56adec8bf - - -] 127.0.0.1 - - [04/Oct/2015 17:08:06] "GET /images/8a724f78-2673-4ea1-b607-373626a15afb HTTP/1.1" 200 911 0.213153
2015-10-04 17:10:51.531 1806 INFO eventlet.wsgi.server [req-ecb7ca96-28dd-4e9a-afdf-1f511eacf5ba 9b1f9b36d7354b1ea121ccfbae339d8b 85a11a1515f94848be7aa5b56adec8bf - - -] 127.0.0.1 - - [04/Oct/2015 17:10:51] "GET /images/detail?is_public=None&limit=20 HTTP/1.1" 200 914 0.139911
2015-10-04 17:18:06.224 1794 INFO eventlet.wsgi.server [req-7be58aad-e202-4a0c-9671-168181c00f44 9b1f9b36d7354b1ea121ccfbae339d8b 85a11a1515f94848be7aa5b56adec8bf - - -] 127.0.0.1 - - [04/Oct/2015 17:18:06] "GET /images/8a724f78-2673-4ea1-b607-373626a15afb HTTP/1.1" 200 911 0.226850
2015-10-04 17:20:51.799 1800 INFO eventlet.wsgi.server [req-90eb8303-bb12-4ceb-acb5-e50f08002be4 9b1f9b36d7354b1ea121ccfbae339d8b 85a11a1515f94848be7aa5b56adec8bf - - -] 127.0.0.1 - - [04/Oct/2015 17:20:51] "GET /images/detail?is_public=None&limit=20 HTTP/1.1" 200 914 0.242122
2015-10-04 17:28:06.126 1800 INFO eventlet.wsgi.server [req-f5386ddb-bb1b-4a63-afa3-92f79a6dca5e 9b1f9b36d7354b1ea121ccfbae339d8b 85a11a1515f94848be7aa5b56adec8bf - - -] 127.0.0.1 - - [04/Oct/2015 17:28:06] "GET /images/8a724f78-2673-4ea1-b607-373626a15afb HTTP/1.1" 200 911 0.108988
2015-10-04 17:30:51.506 1814 INFO eventlet.wsgi.server [req-844a7111-ecb0-4264-bc29-abb07d9166cc 9b1f9b36d7354b1ea121ccfbae339d8b 85a11a1515f94848be7aa5b56adec8bf - - -] 127.0.0.1 - - [04/Oct/2015 17:30:51] "GET /images/detail?is_public=None&limit=20 HTTP/1.1" 200 914 0.134135
2015-10-04 17:38:06.070 1794 INFO eventlet.wsgi.server [req-23089efc-86da-450b-9be7-86b3f9f55bca 9b1f9b36d7354b1ea121ccfbae339d8b 85a11a1515f94848be7aa5b56adec8bf - - -] 127.0.0.1 - - [04/Oct/2015 17:38:06] "GET /images/8a724f78-2673-4ea1-b607-373626a15afb HTTP/1.1" 200 911 0.117615
2015-10-04 17:40:51.544 1794 INFO eventlet.wsgi.server [req-1898fc8f-147c-4818-b6d2-29fcfa8982ab 9b1f9b36d7354b1ea121ccfbae339d8b 85a11a1515f94848be7aa5b56adec8bf - - -] 127.0.0.1 - - [04/Oct/2015 17:40:51] "GET /images/detail?is_public=None&limit=20 HTTP/1.1" 200 914 0.146575
2015-10-04 17:48:06.246 1800 INFO eventlet.wsgi.server [req-8ebf13cf-02de-4b72-a417-116379bb1416 9b1f9b36d7354b1ea121ccfbae339d8b 85a11a1515f94848be7aa5b56adec8bf - - -] 127.0.0.1 - - [04/Oct/2015 17:48:06] "GET /images/8a724f78-2673-4ea1-b607-373626a15afb HTTP/1.1" 200 911 0.113500
2015-10-04 17:50:52.275 1814 INFO eventlet.wsgi.server [req-bb96584b-acb7-4d02-bc5c-10e648f9598d 9b1f9b36d7354b1ea121ccfbae339d8b 85a11a1515f94848be7aa5b56adec8bf - - -] 127.0.0.1 - - [04/Oct/2015 17:50:52] "GET /images/detail?is_public=None&limit=20 HTTP/1.1" 200 914 0.193819
2015-10-04 17:58:06.523 1806 INFO eventlet.wsgi.server [req-f93b1864-b36a-45a1-9444-91783facfa34 9b1f9b36d7354b1ea121ccfbae339d8b 85a11a1515f94848be7aa5b56adec8bf - - -] 127.0.0.1 - - [04/Oct/2015 17:58:06] "GET /images/8a724f78-2673-4ea1-b607-373626a15afb HTTP/1.1" 200 911 0.215619
2015-10-04 18:00:51.773 1794 INFO eventlet.wsgi.server [req-317d03ec-08ca-4c73-a7b3-bd9117e1401e 9b1f9b36d7354b1ea121ccfbae339d8b 85a11a1515f94848be7aa5b56adec8bf - - -] 127.0.0.1 - - [04/Oct/2015 18:00:51] "GET /images/detail?is_public=None&limit=20 HTTP/1.1" 200 914 0.162592
2015-10-04 18:08:06.252 1814 INFO eventlet.wsgi.server [req-ebf7702b-e535-4e48-ba81-ca16efd4b56a 9b1f9b36d7354b1ea121ccfbae339d8b 85a11a1515f94848be7aa5b56adec8bf - - -] 127.0.0.1 - - [04/Oct/2015 18:08:06] "GET /images/8a724f78-2673-4ea1-b607-373626a15afb HTTP/1.1" 200 911 0.223403
2015-10-04 18:10:51.590 1800 INFO eventlet.wsgi.server [req-9fc6c7d8-964f-49d2-b3be-6f6c1520e1a5 9b1f9b36d7354b1ea121ccfbae339d8b 85a11a1515f94848be7aa5b56adec8bf - - -] 127.0.0.1 - - [04/Oct/2015 18:10:51] "GET /images/detail?is_public=None&limit=20 HTTP/1.1" 200 914 0.139602
2015-10-04 18:18:06.252 1794 INFO eventlet.wsgi.server [req-09a5cd4c-ae16-4a5a-9c37-f7d1e278b883 9b1f9b36d7354b1ea121ccfbae339d8b 85a11a1515f94848be7aa5b56adec8bf - - -] 127.0.0.1 - - [04/Oct/2015 18:18:06] "GET /images/8a724f78-2673-4ea1-b607-373626a15afb HTTP/1.1" 200 911 0.228777
2015-10-04 18:20:51.743 1800 INFO eventlet.wsgi.server [req-c03aaea8-17d7-4e55-a8a7-ae04fca000a6 9b1f9b36d7354b1ea121ccfbae339d8b 85a11a1515f94848be7aa5b56adec8bf - - -] 127.0.0.1 - - [04/Oct/2015 18:20:51] "GET /images/detail?is_public=None&limit=20 HTTP/1.1" 200 914 0.218335
2015-10-04 18:28:06.192 1814 INFO eventlet.wsgi.server [req-bc2fc1ff-2813-434e-b0b6-200ef1523fd8 9b1f9b36d7354b1ea121ccfbae339d8b 85a11a1515f94848be7aa5b56adec8bf - - -] 127.0.0.1 - - [04/Oct/2015 18:28:06] "GET /images/8a724f78-2673-4ea1-b607-373626a15afb HTTP/1.1" 200 911 0.118471
2015-10-04 18:30:51.502 1800 INFO eventlet.wsgi.server [req-2ceaa1b0-076e-4e27-be26-678e1352c2cd 9b1f9b36d7354b1ea121ccfbae339d8b 85a11a1515f94848be7aa5b56adec8bf - - -] 127.0.0.1 - - [04/Oct/2015 18:30:51] "GET /images/detail?is_public=None&limit=20 HTTP/1.1" 200 914 0.127374
2015-10-04 18:38:06.117 1806 INFO eventlet.wsgi.server [req-1690a28a-d952-4fdb-92c5-6fc77f9aff56 9b1f9b36d7354b1ea121ccfbae339d8b 85a11a1515f94848be7aa5b56adec8bf - - -] 127.0.0.1 - - [04/Oct/2015 18:38:06] "GET /images/8a724f78-2673-4ea1-b607-373626a15afb HTTP/1.1" 200 911 0.106479
2015-10-04 18:40:51.510 1800 INFO eventlet.wsgi.server [req-c91b1dc4-74a8-4901-919d-825d6ac50fe2 9b1f9b36d7354b1ea121ccfbae339d8b 85a11a1515f94848be7aa5b56adec8bf - - -] 127.0.0.1 - - [04/Oct/2015 18:40:51] "GET /images/detail?is_public=None&limit=20 HTTP/1.1" 200 914 0.137995
2015-10-04 18:48:06.075 1814 INFO eventlet.wsgi.server [req-1332485b-5682-48e8-b500-42d7aacc2a47 9b1f9b36d7354b1ea121ccfbae339d8b 85a11a1515f94848be7aa5b56adec8bf - - -] 127.0.0.1 - - [04/Oct/2015 18:48:06] "GET /images/8a724f78-2673-4ea1-b607-373626a15afb HTTP/1.1" 200 911 0.128693
2015-10-04 18:50:52.259 1794 INFO eventlet.wsgi.server [req-6def263d-3e7b-484d-aeac-4b56f3f68c33 9b1f9b36d7354b1ea121ccfbae339d8b 85a11a1515f94848be7aa5b56adec8bf - - -] 127.0.0.1 - - [04/Oct/2015 18:50:52] "GET /images/detail?is_public=None&limit=20 HTTP/1.1" 200 914 0.212999
2015-10-04 18:58:06.521 1800 INFO eventlet.wsgi.server [req-1654214c-06ef-41cf-83cb-bddb5cc67a68 9b1f9b36d7354b1ea121ccfbae339d8b 85a11a1515f94848be7aa5b56adec8bf - - -] 127.0.0.1 - - [04/Oct/2015 18:58:06] "GET /images/8a724f78-2673-4ea1-b607-373626a15afb HTTP/1.1" 200 911 0.118034
2015-10-04 19:00:51.711 1814 INFO eventlet.wsgi.server [req-4af44c85-ca29-4ee6-ab82-d16b58f66a98 9b1f9b36d7354b1ea121ccfbae339d8b 85a11a1515f94848be7aa5b56adec8bf - - -] 127.0.0.1 - - [04/Oct/2015 19:00:51] "GET /images/detail?is_public=None&limit=20 HTTP/1.1" 200 914 0.119941
2015-10-04 19:08:06.408 1800 INFO eventlet.wsgi.server [req-da14ba7c-c5ee-43f7-84cf-ab8678e9c1d9 9b1f9b36d7354b1ea121ccfbae339d8b 85a11a1515f94848be7aa5b56adec8bf - - -] 127.0.0.1 - - [04/Oct/2015 19:08:06] "GET /images/8a724f78-2673-4ea1-b607-373626a15afb HTTP/1.1" 200 911 0.138685
2015-10-04 19:10:51.618 1800 INFO eventlet.wsgi.server [req-d5160bd8-1f93-4986-8f02-9bd25cd834f7 9b1f9b36d7354b1ea121ccfbae339d8b 85a11a1515f94848be7aa5b56adec8bf - - -] 127.0.0.1 - - [04/Oct/2015 19:10:51] "GET /images/detail?is_public=None&limit=20 HTTP/1.1" 200 914 0.137574
2015-10-04 19:18:06.310 1794 INFO eventlet.wsgi.server [req-a436f2c8-9f24-4b88-8eec-94f049791e1c 9b1f9b36d7354b1ea121ccfbae339d8b 85a11a1515f94848be7aa5b56adec8bf - - -] 127.0.0.1 - - [04/Oct/2015 19:18:06] "GET /images/8a724f78-2673-4ea1-b607-373626a15afb HTTP/1.1" 200 911 0.266317
2015-10-04 19:20:51.650 1800 INFO eventlet.wsgi.server [req-0bee06f8-54c6-47db-8029-d8f05c9cfa6a 9b1f9b36d7354b1ea121ccfbae339d8b 85a11a1515f94848be7aa5b56adec8bf - - -] 127.0.0.1 - - [04/Oct/2015 19:20:51] "GET /images/detail?is_public=None&limit=20 HTTP/1.1" 200 914 0.275677
2015-10-04 19:28:06.127 1800 INFO eventlet.wsgi.server [req-a2328766-356a-4c25-9244-946db6782e0c 9b1f9b36d7354b1ea121ccfbae339d8b 85a11a1515f94848be7aa5b56adec8bf - - -] 127.0.0.1 - - [04/Oct/2015 19:28:06] "GET /images/8a724f78-2673-4ea1-b607-373626a15afb HTTP/1.1" 200 911 0.127244
2015-10-04 19:30:51.542 1794 INFO eventlet.wsgi.server [req-f538a0e9-f8f8-40d5-ada5-0446a7254762 9b1f9b36d7354b1ea121ccfbae339d8b 85a11a1515f94848be7aa5b56adec8bf - - -] 127.0.0.1 - - [04/Oct/2015 19:30:51] "GET /images/detail?is_public=None&limit=20 HTTP/1.1" 200 914 0.149477
2015-10-04 19:38:06.112 1800 INFO eventlet.wsgi.server [req-c8a667c7-8622-4956-b876-82872be5b776 9b1f9b36d7354b1ea121ccfbae339d8b 85a11a1515f94848be7aa5b56adec8bf - - -] 127.0.0.1 - - [04/Oct/2015 19:38:06] "GET /images/8a724f78-2673-4ea1-b607-373626a15afb HTTP/1.1" 200 911 0.120647
2015-10-04 19:40:51.689 1814 INFO eventlet.wsgi.server [req-4d6f4627-0cac-44ba-9883-52ac0d330d68 9b1f9b36d7354b1ea121ccfbae339d8b 85a11a1515f94848be7aa5b56adec8bf - - -] 127.0.0.1 - - [04/Oct/2015 19:40:51] "GET /images/detail?is_public=None&limit=20 HTTP/1.1" 200 914 0.252928
2015-10-04 19:48:06.289 1814 INFO eventlet.wsgi.server [req-1222d583-3683-4e49-9bf7-fadb707fa7c8 9b1f9b36d7354b1ea121ccfbae339d8b 85a11a1515f94848be7aa5b56adec8bf - - -] 127.0.0.1 - - [04/Oct/2015 19:48:06] "GET /images/8a724f78-2673-4ea1-b607-373626a15afb HTTP/1.1" 200 911 0.110923
2015-10-04 19:50:52.222 1806 INFO eventlet.wsgi.server [req-2c27afeb-5ae1-4c9c-a6e7-92c7ec4a1ff4 9b1f9b36d7354b1ea121ccfbae339d8b 85a11a1515f94848be7aa5b56adec8bf - - -] 127.0.0.1 - - [04/Oct/2015 19:50:52] "GET /images/detail?is_public=None&limit=20 HTTP/1.1" 200 914 0.348290
2015-10-04 19:58:06.414 1794 INFO eventlet.wsgi.server [req-3f808cfa-fffe-4a21-9a97-438f146debf5 9b1f9b36d7354b1ea121ccfbae339d8b 85a11a1515f94848be7aa5b56adec8bf - - -] 127.0.0.1 - - [04/Oct/2015 19:58:06] "GET /images/8a724f78-2673-4ea1-b607-373626a15afb HTTP/1.1" 200 911 0.115154
2015-10-04 20:00:51.913 1814 INFO eventlet.wsgi.server [req-6dedc936-43bd-48ef-a60f-14b62e19f474 9b1f9b36d7354b1ea121ccfbae339d8b 85a11a1515f94848be7aa5b56adec8bf - - -] 127.0.0.1 - - [04/Oct/2015 20:00:51] "GET /images/detail?is_public=None&limit=20 HTTP/1.1" 200 914 0.129556
2015-10-04 20:08:06.095 1814 INFO eventlet.wsgi.server [req-54058b79-0c59-4277-9754-7ffe1c2e5409 9b1f9b36d7354b1ea121ccfbae339d8b 85a11a1515f94848be7aa5b56adec8bf - - -] 127.0.0.1 - - [04/Oct/2015 20:08:06] "GET /images/8a724f78-2673-4ea1-b607-373626a15afb HTTP/1.1" 200 911 0.131061
2015-10-04 20:10:51.535 1794 INFO eventlet.wsgi.server [req-d4d834ca-62fc-4aaa-9c2b-32d064706f07 9b1f9b36d7354b1ea121ccfbae339d8b 85a11a1515f94848be7aa5b56adec8bf - - -] 127.0.0.1 - - [04/Oct/2015 20:10:51] "GET /images/detail?is_public=None&limit=20 HTTP/1.1" 200 914 0.130339
2015-10-04 20:18:06.231 1806 INFO eventlet.wsgi.server [req-a5527831-4015-436d-aa3b-94ffb9427592 9b1f9b36d7354b1ea121ccfbae339d8b 85a11a1515f94848be7aa5b56adec8bf - - -] 127.0.0.1 - - [04/Oct/2015 20:18:06] "GET /images/8a724f78-2673-4ea1-b607-373626a15afb HTTP/1.1" 200 911 0.116802
2015-10-04 20:20:51.934 1794 INFO eventlet.wsgi.server [req-a23ef7ce-ff3e-4c20-9cd5-62bd42587ff3 9b1f9b36d7354b1ea121ccfbae339d8b 85a11a1515f94848be7aa5b56adec8bf - - -] 127.0.0.1 - - [04/Oct/2015 20:20:51] "GET /images/detail?is_public=None&limit=20 HTTP/1.1" 200 914 0.273104
2015-10-04 20:22:47.965 1800 INFO eventlet.wsgi.server [req-e19be8c5-77a5-430e-b3e8-5949eb293dbc 9b1f9b36d7354b1ea121ccfbae339d8b 85a11a1515f94848be7aa5b56adec8bf - - -] 127.0.0.1 - - [04/Oct/2015 20:22:47] "GET /images/8a724f78-2673-4ea1-b607-373626a15afb HTTP/1.1" 200 911 0.243524
2015-10-04 20:30:51.517 1814 INFO eventlet.wsgi.server [req-c98b12f4-ea14-4c47-a094-5ac763e0e426 9b1f9b36d7354b1ea121ccfbae339d8b 85a11a1515f94848be7aa5b56adec8bf - - -] 127.0.0.1 - - [04/Oct/2015 20:30:51] "GET /images/detail?is_public=None&limit=20 HTTP/1.1" 200 914 0.127921
2015-10-04 20:40:51.487 1806 INFO eventlet.wsgi.server [req-e7a8d464-0018-46ce-b3b1-4ac6bcd28770 9b1f9b36d7354b1ea121ccfbae339d8b 85a11a1515f94848be7aa5b56adec8bf - - -] 127.0.0.1 - - [04/Oct/2015 20:40:51] "GET /images/detail?is_public=None&limit=20 HTTP/1.1" 200 914 0.126835
2015-10-04 20:50:51.787 1794 INFO eventlet.wsgi.server [req-787aa61c-bca0-452f-9fb7-e8883b5d36b9 9b1f9b36d7354b1ea121ccfbae339d8b 85a11a1515f94848be7aa5b56adec8bf - - -] 127.0.0.1 - - [04/Oct/2015 20:50:51] "GET /images/detail?is_public=None&limit=20 HTTP/1.1" 200 914 0.131199
2015-10-04 21:00:52.017 1806 INFO eventlet.wsgi.server [req-924d6178-69f4-45d2-af6d-592cb71af9ac 9b1f9b36d7354b1ea121ccfbae339d8b 85a11a1515f94848be7aa5b56adec8bf - - -] 127.0.0.1 - - [04/Oct/2015 21:00:52] "GET /images/detail?is_public=None&limit=20 HTTP/1.1" 200 914 0.269629
2015-10-04 21:10:51.796 1814 INFO eventlet.wsgi.server [req-dbeec3e1-94d6-4e90-b017-f3365a091bdd 9b1f9b36d7354b1ea121ccfbae339d8b 85a11a1515f94848be7aa5b56adec8bf - - -] 127.0.0.1 - - [04/Oct/2015 21:10:51] "GET /images/detail?is_public=None&limit=20 HTTP/1.1" 200 914 0.269914
2015-10-04 21:19:00.861 1806 INFO eventlet.wsgi.server [req-1575506f-d1b2-42d0-9fc0-e8f43e4e1772 ce6cdeec4c5147559b49659801b7a8e7 6eeec5f15aa14710b658f63ffc75b750 - - -] 127.0.0.1 - - [04/Oct/2015 21:19:00] "GET /images/detail?status=active&is_public=True&limit=1000&sort_dir=desc&sort_key=created_at HTTP/1.1" 200 914 0.174789
2015-10-04 21:19:01.033 1794 INFO eventlet.wsgi.server [req-39368bc8-6325-4f6d-bf8f-026dbd0c1228 ce6cdeec4c5147559b49659801b7a8e7 6eeec5f15aa14710b658f63ffc75b750 - - -] 127.0.0.1 - - [04/Oct/2015 21:19:01] "GET /images/detail?status=active&sort_key=created_at&property-owner_id=6eeec5f15aa14710b658f63ffc75b750&limit=1000&sort_dir=desc HTTP/1.1" 200 207 0.158106
2015-10-04 21:20:03.052 1806 INFO eventlet.wsgi.server [req-bbea523e-db53-4416-a512-5f31ce10852c ce6cdeec4c5147559b49659801b7a8e7 6eeec5f15aa14710b658f63ffc75b750 - - -] 127.0.0.1 - - [04/Oct/2015 21:20:03] "GET /images/detail?status=active&is_public=True&limit=1000&sort_dir=desc&sort_key=created_at HTTP/1.1" 200 914 0.056180
2015-10-04 21:20:03.110 1806 INFO eventlet.wsgi.server [req-18632a3c-7740-43cb-a899-1fca3eefdcbd ce6cdeec4c5147559b49659801b7a8e7 6eeec5f15aa14710b658f63ffc75b750 - - -] 127.0.0.1 - - [04/Oct/2015 21:20:03] "GET /images/detail?status=active&sort_key=created_at&property-owner_id=6eeec5f15aa14710b658f63ffc75b750&limit=1000&sort_dir=desc HTTP/1.1" 200 207 0.044973
2015-10-04 21:20:51.467 1800 INFO eventlet.wsgi.server [req-0648f3a7-6cf2-4fed-afcb-1f1820ca1d96 9b1f9b36d7354b1ea121ccfbae339d8b 85a11a1515f94848be7aa5b56adec8bf - - -] 127.0.0.1 - - [04/Oct/2015 21:20:51] "GET /images/detail?is_public=None&limit=20 HTTP/1.1" 200 914 0.136638
2015-10-04 21:21:44.472 1806 INFO eventlet.wsgi.server [req-613651da-e17c-4cad-8811-c090c56fbd9e ce6cdeec4c5147559b49659801b7a8e7 6eeec5f15aa14710b658f63ffc75b750 - - -] 127.0.0.1 - - [04/Oct/2015 21:21:44] "GET /images/detail?status=active&is_public=True&limit=1000&sort_dir=desc&sort_key=created_at HTTP/1.1" 200 914 0.067023
2015-10-04 21:21:44.541 1806 INFO eventlet.wsgi.server [req-f7faa906-13dd-47ae-830c-4eba1bc97d98 ce6cdeec4c5147559b49659801b7a8e7 6eeec5f15aa14710b658f63ffc75b750 - - -] 127.0.0.1 - - [04/Oct/2015 21:21:44] "GET /images/detail?status=active&sort_key=created_at&property-owner_id=6eeec5f15aa14710b658f63ffc75b750&limit=1000&sort_dir=desc HTTP/1.1" 200 207 0.041084
2015-10-04 21:21:45.432 1794 INFO eventlet.wsgi.server [req-ba8f3755-6497-4c4e-b034-5361ae308d22 ce6cdeec4c5147559b49659801b7a8e7 6eeec5f15aa14710b658f63ffc75b750 - - -] 127.0.0.1 - - [04/Oct/2015 21:21:45] "GET /images/8a724f78-2673-4ea1-b607-373626a15afb HTTP/1.1" 200 911 0.029748
2015-10-04 21:21:47.038 1794 INFO eventlet.wsgi.server [req-ca922acf-aeb8-4e49-8520-2a380a6d5b04 ce6cdeec4c5147559b49659801b7a8e7 6eeec5f15aa14710b658f63ffc75b750 - - -] 127.0.0.1 - - [04/Oct/2015 21:21:47] "GET /images/8a724f78-2673-4ea1-b607-373626a15afb HTTP/1.1" 200 911 0.019347
2015-10-04 21:21:47.097 1814 INFO eventlet.wsgi.server [req-b8559096-dbf9-4a13-a898-0885e7a6f827 ce6cdeec4c5147559b49659801b7a8e7 6eeec5f15aa14710b658f63ffc75b750 - - -] 127.0.0.1 - - [04/Oct/2015 21:21:47] "GET /images/detail?sort_key=created_at&sort_dir=desc&limit=1000 HTTP/1.1" 200 914 0.156442
2015-10-04 21:21:49.128 1814 INFO eventlet.wsgi.server [req-d59d5965-a7e6-4e35-9fcc-0d26d34a3eb0 ce6cdeec4c5147559b49659801b7a8e7 6eeec5f15aa14710b658f63ffc75b750 - - -] 127.0.0.1 - - [04/Oct/2015 21:21:49] "GET /images/8a724f78-2673-4ea1-b607-373626a15afb HTTP/1.1" 200 911 0.036217
2015-10-04 21:21:52.607 1800 INFO eventlet.wsgi.server [req-828ee5e8-d980-4409-bcc2-4a55762624a9 ce6cdeec4c5147559b49659801b7a8e7 6eeec5f15aa14710b658f63ffc75b750 - - -] 127.0.0.1 - - [04/Oct/2015 21:21:52] "GET /images/8a724f78-2673-4ea1-b607-373626a15afb HTTP/1.1" 200 911 0.155527
2015-10-04 21:21:58.408 1800 INFO eventlet.wsgi.server [req-46e1b977-900c-4763-ba48-c02d8c331e24 ce6cdeec4c5147559b49659801b7a8e7 6eeec5f15aa14710b658f63ffc75b750 - - -] 127.0.0.1 - - [04/Oct/2015 21:21:58] "GET /images/8a724f78-2673-4ea1-b607-373626a15afb HTTP/1.1" 200 911 0.024325
2015-10-04 21:22:06.891 1806 INFO eventlet.wsgi.server [req-f5c27e36-03b5-485b-a9dc-1cebd51bc219 ce6cdeec4c5147559b49659801b7a8e7 6eeec5f15aa14710b658f63ffc75b750 - - -] 127.0.0.1 - - [04/Oct/2015 21:22:06] "GET /images/8a724f78-2673-4ea1-b607-373626a15afb HTTP/1.1" 200 911 0.035549
2015-10-04 21:22:17.893 1814 INFO eventlet.wsgi.server [req-f983c84e-6153-4537-957c-af379b0b6904 ce6cdeec4c5147559b49659801b7a8e7 6eeec5f15aa14710b658f63ffc75b750 - - -] 127.0.0.1 - - [04/Oct/2015 21:22:17] "GET /images/8a724f78-2673-4ea1-b607-373626a15afb HTTP/1.1" 200 911 0.026085
2015-10-04 21:22:31.575 1800 INFO eventlet.wsgi.server [req-aff3017c-04f5-4af9-9108-e9037714456a ce6cdeec4c5147559b49659801b7a8e7 6eeec5f15aa14710b658f63ffc75b750 - - -] 127.0.0.1 - - [04/Oct/2015 21:22:31] "GET /images/8a724f78-2673-4ea1-b607-373626a15afb HTTP/1.1" 200 911 0.045744
2015-10-04 21:22:45.886 1800 INFO eventlet.wsgi.server [req-4ba65b55-5205-4fcc-a35b-ad48336c0f6f 9b1f9b36d7354b1ea121ccfbae339d8b 85a11a1515f94848be7aa5b56adec8bf - - -] 127.0.0.1 - - [04/Oct/2015 21:22:45] "GET /images/8a724f78-2673-4ea1-b607-373626a15afb HTTP/1.1" 200 911 0.099791
2015-10-04 21:22:47.542 1800 INFO eventlet.wsgi.server [req-5a6f42ec-b517-4142-af34-dd69a34222b8 ce6cdeec4c5147559b49659801b7a8e7 6eeec5f15aa14710b658f63ffc75b750 - - -] 127.0.0.1 - - [04/Oct/2015 21:22:47] "GET /images/8a724f78-2673-4ea1-b607-373626a15afb HTTP/1.1" 200 911 0.014713
2015-10-04 21:23:05.888 1800 INFO eventlet.wsgi.server [req-dd3969f6-1785-48bc-bde1-6ed2fab1041d ce6cdeec4c5147559b49659801b7a8e7 6eeec5f15aa14710b658f63ffc75b750 - - -] 127.0.0.1 - - [04/Oct/2015 21:23:05] "GET /images/8a724f78-2673-4ea1-b607-373626a15afb HTTP/1.1" 200 911 0.034798
2015-10-04 21:23:22.477 1814 INFO eventlet.wsgi.server [req-8cc7af6d-56b0-4e54-8050-3a8771d4561c ce6cdeec4c5147559b49659801b7a8e7 6eeec5f15aa14710b658f63ffc75b750 - - -] 127.0.0.1 - - [04/Oct/2015 21:23:22] "GET /images/8a724f78-2673-4ea1-b607-373626a15afb HTTP/1.1" 200 911 0.033979
2015-10-04 21:23:48.462 1794 INFO eventlet.wsgi.server [req-2d833470-5e9e-4436-94b8-3f3e21c15df6 ce6cdeec4c5147559b49659801b7a8e7 6eeec5f15aa14710b658f63ffc75b750 - - -] 127.0.0.1 - - [04/Oct/2015 21:23:48] "GET /images/detail?sort_key=created_at&sort_dir=desc&limit=1000 HTTP/1.1" 200 914 0.088506
2015-10-04 21:23:50.546 1794 INFO eventlet.wsgi.server [req-e73e1664-cf50-43d8-acce-f5feaea99425 ce6cdeec4c5147559b49659801b7a8e7 6eeec5f15aa14710b658f63ffc75b750 - - -] 127.0.0.1 - - [04/Oct/2015 21:23:50] "GET /images/8a724f78-2673-4ea1-b607-373626a15afb HTTP/1.1" 200 911 0.020623
2015-10-04 21:23:53.992 1814 INFO eventlet.wsgi.server [req-09199606-78ed-4ab5-a7d0-f3795c50859c ce6cdeec4c5147559b49659801b7a8e7 6eeec5f15aa14710b658f63ffc75b750 - - -] 127.0.0.1 - - [04/Oct/2015 21:23:53] "GET /images/8a724f78-2673-4ea1-b607-373626a15afb HTTP/1.1" 200 911 0.034690
2015-10-04 21:23:59.912 1806 INFO eventlet.wsgi.server [req-1e71ccbe-b026-4f57-956d-92122decb7a1 ce6cdeec4c5147559b49659801b7a8e7 6eeec5f15aa14710b658f63ffc75b750 - - -] 127.0.0.1 - - [04/Oct/2015 21:23:59] "GET /images/8a724f78-2673-4ea1-b607-373626a15afb HTTP/1.1" 200 911 0.031812
2015-10-04 21:24:08.540 1806 INFO eventlet.wsgi.server [req-22145b9e-928b-447d-be3e-a8c86cbb0996 ce6cdeec4c5147559b49659801b7a8e7 6eeec5f15aa14710b658f63ffc75b750 - - -] 127.0.0.1 - - [04/Oct/2015 21:24:08] "GET /images/8a724f78-2673-4ea1-b607-373626a15afb HTTP/1.1" 200 911 0.150734
2015-10-04 21:24:19.436 1814 INFO eventlet.wsgi.server [req-454c9622-7031-46e4-806d-d56af092926b ce6cdeec4c5147559b49659801b7a8e7 6eeec5f15aa14710b658f63ffc75b750 - - -] 127.0.0.1 - - [04/Oct/2015 21:24:19] "GET /images/8a724f78-2673-4ea1-b607-373626a15afb HTTP/1.1" 200 911 0.025199
2015-10-04 21:30:51.791 1794 INFO eventlet.wsgi.server [req-e1ad4f08-e131-4ed2-97dc-3ee469781725 9b1f9b36d7354b1ea121ccfbae339d8b 85a11a1515f94848be7aa5b56adec8bf - - -] 127.0.0.1 - - [04/Oct/2015 21:30:51] "GET /images/detail?is_public=None&limit=20 HTTP/1.1" 200 914 0.238069
2015-10-04 21:32:45.945 1806 INFO eventlet.wsgi.server [req-0e0dbfb2-6cb8-4085-aa30-009360ab7528 9b1f9b36d7354b1ea121ccfbae339d8b 85a11a1515f94848be7aa5b56adec8bf - - -] 127.0.0.1 - - [04/Oct/2015 21:32:45] "GET /images/8a724f78-2673-4ea1-b607-373626a15afb HTTP/1.1" 200 911 0.136267
2015-10-04 21:39:14.040 1814 INFO eventlet.wsgi.server [req-b332018f-0ba9-4c9b-9c79-fcf1897c7fe3 3e317db15f894937b180b5c5fa8767ad 6eeec5f15aa14710b658f63ffc75b750 - - -] 127.0.0.1 - - [04/Oct/2015 21:39:14] "GET /images/detail?sort_key=created_at&sort_dir=desc&limit=1000 HTTP/1.1" 200 914 0.153736
2015-10-04 21:39:37.556 1814 INFO eventlet.wsgi.server [req-5bd8c992-9578-4e76-a649-58cfc9023495 3e317db15f894937b180b5c5fa8767ad 6eeec5f15aa14710b658f63ffc75b750 - - -] 127.0.0.1 - - [04/Oct/2015 21:39:37] "GET /images/detail?status=active&is_public=True&limit=1000&sort_dir=desc&sort_key=created_at HTTP/1.1" 200 914 0.055715
2015-10-04 21:39:37.611 1814 INFO eventlet.wsgi.server [req-9c50a535-031f-4df2-bf6c-35d15667c439 3e317db15f894937b180b5c5fa8767ad 6eeec5f15aa14710b658f63ffc75b750 - - -] 127.0.0.1 - - [04/Oct/2015 21:39:37] "GET /images/detail?status=active&sort_key=created_at&property-owner_id=6eeec5f15aa14710b658f63ffc75b750&limit=1000&sort_dir=desc HTTP/1.1" 200 207 0.041809
2015-10-04 21:40:30.841 1806 INFO eventlet.wsgi.server [req-1069d7cf-89de-4d9c-91fd-e6a4916eb583 3e317db15f894937b180b5c5fa8767ad 6eeec5f15aa14710b658f63ffc75b750 - - -] 127.0.0.1 - - [04/Oct/2015 21:40:30] "GET /images/detail?status=active&is_public=True&limit=1000&sort_dir=desc&sort_key=created_at HTTP/1.1" 200 914 0.166000
2015-10-04 21:40:31.134 1800 INFO eventlet.wsgi.server [req-46e0e970-353c-4f24-9dfa-b8a60d926003 3e317db15f894937b180b5c5fa8767ad 6eeec5f15aa14710b658f63ffc75b750 - - -] 127.0.0.1 - - [04/Oct/2015 21:40:31] "GET /images/detail?status=active&sort_key=created_at&property-owner_id=6eeec5f15aa14710b658f63ffc75b750&limit=1000&sort_dir=desc HTTP/1.1" 200 207 0.276196
2015-10-04 21:40:32.250 1814 INFO eventlet.wsgi.server [req-416da3c1-a34f-45ce-8f1f-2c6d06e0891c 3e317db15f894937b180b5c5fa8767ad 6eeec5f15aa14710b658f63ffc75b750 - - -] 127.0.0.1 - - [04/Oct/2015 21:40:32] "GET /images/8a724f78-2673-4ea1-b607-373626a15afb HTTP/1.1" 200 911 0.029977
2015-10-04 21:40:33.572 1814 INFO eventlet.wsgi.server [req-0b7c4520-ebdc-456b-9fbe-d6ca0053e115 3e317db15f894937b180b5c5fa8767ad 6eeec5f15aa14710b658f63ffc75b750 - - -] 127.0.0.1 - - [04/Oct/2015 21:40:33] "GET /images/detail?sort_key=created_at&sort_dir=desc&limit=1000 HTTP/1.1" 200 914 0.066945
2015-10-04 21:40:35.832 1814 INFO eventlet.wsgi.server [req-416bd723-c298-410d-8a01-67110eaf04b6 3e317db15f894937b180b5c5fa8767ad 6eeec5f15aa14710b658f63ffc75b750 - - -] 127.0.0.1 - - [04/Oct/2015 21:40:35] "GET /images/8a724f78-2673-4ea1-b607-373626a15afb HTTP/1.1" 200 911 0.020373
2015-10-04 21:40:39.611 1800 INFO eventlet.wsgi.server [req-92f07f7e-ca33-4352-8c2a-f8241d116ca7 3e317db15f894937b180b5c5fa8767ad 6eeec5f15aa14710b658f63ffc75b750 - - -] 127.0.0.1 - - [04/Oct/2015 21:40:39] "GET /images/8a724f78-2673-4ea1-b607-373626a15afb HTTP/1.1" 200 911 0.031017
2015-10-04 21:40:45.446 1806 INFO eventlet.wsgi.server [req-e78b7436-a5e7-4481-8bf3-10eaf7a5952c 3e317db15f894937b180b5c5fa8767ad 6eeec5f15aa14710b658f63ffc75b750 - - -] 127.0.0.1 - - [04/Oct/2015 21:40:45] "GET /images/8a724f78-2673-4ea1-b607-373626a15afb HTTP/1.1" 200 911 0.041974
2015-10-04 21:40:51.971 1814 INFO eventlet.wsgi.server [req-9f3d42f8-0c47-46b7-8a1a-59bfdd7adef5 9b1f9b36d7354b1ea121ccfbae339d8b 85a11a1515f94848be7aa5b56adec8bf - - -] 127.0.0.1 - - [04/Oct/2015 21:40:51] "GET /images/detail?is_public=None&limit=20 HTTP/1.1" 200 914 0.188622
2015-10-04 21:40:54.113 1794 INFO eventlet.wsgi.server [req-68631666-f7a8-48be-93f4-8cfda0b7d576 3e317db15f894937b180b5c5fa8767ad 6eeec5f15aa14710b658f63ffc75b750 - - -] 127.0.0.1 - - [04/Oct/2015 21:40:54] "GET /images/8a724f78-2673-4ea1-b607-373626a15afb HTTP/1.1" 200 911 0.160980
2015-10-04 21:41:05.046 1814 INFO eventlet.wsgi.server [req-f85f26ec-213e-4cab-b846-dfa160a3242e 3e317db15f894937b180b5c5fa8767ad 6eeec5f15aa14710b658f63ffc75b750 - - -] 127.0.0.1 - - [04/Oct/2015 21:41:05] "GET /images/8a724f78-2673-4ea1-b607-373626a15afb HTTP/1.1" 200 911 0.035492
2015-10-04 21:41:18.517 1806 INFO eventlet.wsgi.server [req-e6c20497-30d6-4eff-aac1-66901f26d245 3e317db15f894937b180b5c5fa8767ad 6eeec5f15aa14710b658f63ffc75b750 - - -] 127.0.0.1 - - [04/Oct/2015 21:41:18] "GET /images/8a724f78-2673-4ea1-b607-373626a15afb HTTP/1.1" 200 911 0.056157
2015-10-04 21:41:34.483 1814 INFO eventlet.wsgi.server [req-b435107c-2ef1-434f-ba87-8d27698ef41e 3e317db15f894937b180b5c5fa8767ad 6eeec5f15aa14710b658f63ffc75b750 - - -] 127.0.0.1 - - [04/Oct/2015 21:41:34] "GET /images/8a724f78-2673-4ea1-b607-373626a15afb HTTP/1.1" 200 911 0.046673
2015-10-04 21:41:53.073 1800 INFO eventlet.wsgi.server [req-2f6e038f-ba82-46e4-ac49-177224f2e77c 3e317db15f894937b180b5c5fa8767ad 6eeec5f15aa14710b658f63ffc75b750 - - -] 127.0.0.1 - - [04/Oct/2015 21:41:53] "GET /images/8a724f78-2673-4ea1-b607-373626a15afb HTTP/1.1" 200 911 0.039383
2015-10-04 21:42:14.118 1814 INFO eventlet.wsgi.server [req-2f825c7e-e315-4985-8644-604867748be7 3e317db15f894937b180b5c5fa8767ad 6eeec5f15aa14710b658f63ffc75b750 - - -] 127.0.0.1 - - [04/Oct/2015 21:42:14] "GET /images/8a724f78-2673-4ea1-b607-373626a15afb HTTP/1.1" 200 911 0.049473
2015-10-04 21:42:37.590 1814 INFO eventlet.wsgi.server [req-e06eae14-3aee-410a-b5e2-050d98564f28 3e317db15f894937b180b5c5fa8767ad 6eeec5f15aa14710b658f63ffc75b750 - - -] 127.0.0.1 - - [04/Oct/2015 21:42:37] "GET /images/8a724f78-2673-4ea1-b607-373626a15afb HTTP/1.1" 200 911 0.035006
2015-10-04 21:42:46.044 1800 INFO eventlet.wsgi.server [req-bf0cc329-45d7-4454-8f0a-f1e7b3d676a0 9b1f9b36d7354b1ea121ccfbae339d8b 85a11a1515f94848be7aa5b56adec8bf - - -] 127.0.0.1 - - [04/Oct/2015 21:42:46] "GET /images/8a724f78-2673-4ea1-b607-373626a15afb HTTP/1.1" 200 911 0.158208
2015-10-04 21:43:03.741 1814 INFO eventlet.wsgi.server [req-b2842b98-5ed8-47b9-8c53-6d9560c92778 3e317db15f894937b180b5c5fa8767ad 6eeec5f15aa14710b658f63ffc75b750 - - -] 127.0.0.1 - - [04/Oct/2015 21:43:03] "GET /images/8a724f78-2673-4ea1-b607-373626a15afb HTTP/1.1" 200 911 0.052185
2015-10-04 21:43:32.176 1806 INFO eventlet.wsgi.server [req-08441b99-ed0b-4379-9cb5-a1a3f51f1473 3e317db15f894937b180b5c5fa8767ad 6eeec5f15aa14710b658f63ffc75b750 - - -] 127.0.0.1 - - [04/Oct/2015 21:43:32] "GET /images/8a724f78-2673-4ea1-b607-373626a15afb HTTP/1.1" 200 911 0.037895
2015-10-04 21:44:27.775 1806 INFO eventlet.wsgi.server [req-86412e3c-1b1c-4b30-ae83-bf4a84761a79 3e317db15f894937b180b5c5fa8767ad 6eeec5f15aa14710b658f63ffc75b750 - - -] 127.0.0.1 - - [04/Oct/2015 21:44:27] "GET /images/8a724f78-2673-4ea1-b607-373626a15afb HTTP/1.1" 200 911 0.027056
2015-10-04 21:45:47.085 1806 INFO eventlet.wsgi.server [req-44c9afe5-a5ee-4f42-bc42-78fc6c71a830 3e317db15f894937b180b5c5fa8767ad 6eeec5f15aa14710b658f63ffc75b750 - - -] 127.0.0.1 - - [04/Oct/2015 21:45:47] "GET /images/detail?sort_key=created_at&sort_dir=desc&limit=1000 HTTP/1.1" 200 914 0.139171
2015-10-04 21:45:52.921 1794 INFO eventlet.wsgi.server [req-f93c2742-ab81-4433-8f10-aeecfb02d1d1 3e317db15f894937b180b5c5fa8767ad 6eeec5f15aa14710b658f63ffc75b750 - - -] 127.0.0.1 - - [04/Oct/2015 21:45:52] "GET /images/8a724f78-2673-4ea1-b607-373626a15afb HTTP/1.1" 200 911 0.038006
2015-10-04 21:46:06.405 1814 INFO eventlet.wsgi.server [req-bbb16fa5-2ed4-4ea0-ade1-2f8e3d42a9dc 3e317db15f894937b180b5c5fa8767ad 6eeec5f15aa14710b658f63ffc75b750 - - -] 127.0.0.1 - - [04/Oct/2015 21:46:06] "GET /images/detail?sort_key=created_at&sort_dir=desc&limit=1000 HTTP/1.1" 200 914 0.340269
2015-10-04 21:46:25.744 1800 INFO eventlet.wsgi.server [req-4f4c62be-d138-4894-abe0-c640cefa0807 3e317db15f894937b180b5c5fa8767ad 6eeec5f15aa14710b658f63ffc75b750 - - -] 127.0.0.1 - - [04/Oct/2015 21:46:25] "GET /images/8a724f78-2673-4ea1-b607-373626a15afb HTTP/1.1" 200 911 0.143518
2015-10-04 21:47:28.849 1794 INFO eventlet.wsgi.server [req-6bcf36cc-9a66-4aa9-8451-3cd6036fb501 3e317db15f894937b180b5c5fa8767ad 6eeec5f15aa14710b658f63ffc75b750 - - -] 127.0.0.1 - - [04/Oct/2015 21:47:28] "GET /images/detail?sort_key=created_at&sort_dir=desc&limit=1000 HTTP/1.1" 200 914 0.165782
2015-10-04 21:47:36.469 1806 INFO eventlet.wsgi.server [req-b287dbbb-bb0b-4b42-ac9e-4aacdef07462 3e317db15f894937b180b5c5fa8767ad 6eeec5f15aa14710b658f63ffc75b750 - - -] 127.0.0.1 - - [04/Oct/2015 21:47:36] "GET /images/8a724f78-2673-4ea1-b607-373626a15afb HTTP/1.1" 200 911 0.061664
2015-10-04 21:48:57.392 1800 INFO eventlet.wsgi.server [req-8fc09e2e-37da-443b-a7ce-936ddf5b9915 9b1f9b36d7354b1ea121ccfbae339d8b 85a11a1515f94848be7aa5b56adec8bf - - -] 127.0.0.1 - - [04/Oct/2015 21:48:57] "GET /images/8a724f78-2673-4ea1-b607-373626a15afb HTTP/1.1" 200 911 0.140490
2015-10-04 21:49:17.916 1794 INFO eventlet.wsgi.server [req-def19eaa-ac21-43fb-b91b-27bb1f25ce70 e9483918caa940a48fe882ba092c7e0b 300b2cc45c3846939e589310ae714e46 - - -] 127.0.0.1 - - [04/Oct/2015 21:49:17] "GET /images/8a724f78-2673-4ea1-b607-373626a15afb HTTP/1.1" 200 911 0.130076
2015-10-04 21:49:18.131 1800 INFO eventlet.wsgi.server [req-c592d58a-cd9b-47c3-9720-f3f959f625f1 e9483918caa940a48fe882ba092c7e0b 300b2cc45c3846939e589310ae714e46 - - -] 127.0.0.1 - - [04/Oct/2015 21:49:18] "GET /images/8a724f78-2673-4ea1-b607-373626a15afb HTTP/1.1" 200 911 0.131222
2015-10-04 21:49:18.302 1806 INFO eventlet.wsgi.server [req-6996d0a0-ccc7-43ea-86ed-44961f4aa4e8 e9483918caa940a48fe882ba092c7e0b 300b2cc45c3846939e589310ae714e46 - - -] 127.0.0.1 - - [04/Oct/2015 21:49:18] "GET /images/8a724f78-2673-4ea1-b607-373626a15afb HTTP/1.1" 200 911 0.111897
2015-10-04 21:50:07.669 1814 INFO eventlet.wsgi.server [req-116e1533-c8a9-44e9-b548-8a2c468dc6bc e9483918caa940a48fe882ba092c7e0b 300b2cc45c3846939e589310ae714e46 - - -] 127.0.0.1 - - [04/Oct/2015 21:50:07] "GET /images/8a724f78-2673-4ea1-b607-373626a15afb HTTP/1.1" 200 911 0.182897
2015-10-04 21:50:07.784 1800 INFO eventlet.wsgi.server [req-875a3953-7900-4cab-b41d-c9bfb5c040ff e9483918caa940a48fe882ba092c7e0b 300b2cc45c3846939e589310ae714e46 - - -] 127.0.0.1 - - [04/Oct/2015 21:50:07] "GET /images/8a724f78-2673-4ea1-b607-373626a15afb HTTP/1.1" 200 911 0.041803
2015-10-04 21:50:10.177 1800 INFO eventlet.wsgi.server [req-77a0755f-8b28-4b65-858c-dd43b105082d e9483918caa940a48fe882ba092c7e0b 300b2cc45c3846939e589310ae714e46 - - -] 127.0.0.1 - - [04/Oct/2015 21:50:10] "GET /images/8a724f78-2673-4ea1-b607-373626a15afb HTTP/1.1" 200 911 0.036702
2015-10-04 21:50:10.189 1806 INFO eventlet.wsgi.server [req-7a24997c-d19c-4f04-aca1-c96b77fa656e e9483918caa940a48fe882ba092c7e0b 300b2cc45c3846939e589310ae714e46 - - -] 127.0.0.1 - - [04/Oct/2015 21:50:10] "GET /images/8a724f78-2673-4ea1-b607-373626a15afb HTTP/1.1" 200 911 0.115445
2015-10-04 21:50:51.514 1794 INFO eventlet.wsgi.server [req-ce3d5a96-de42-4dca-9bb5-8e237ed5d6d9 9b1f9b36d7354b1ea121ccfbae339d8b 85a11a1515f94848be7aa5b56adec8bf - - -] 127.0.0.1 - - [04/Oct/2015 21:50:51] "GET /images/detail?is_public=None&limit=20 HTTP/1.1" 200 914 0.128191
2015-10-04 22:00:51.861 1806 INFO eventlet.wsgi.server [req-1a8689a4-94f3-4bb6-a22c-56b37855ba67 9b1f9b36d7354b1ea121ccfbae339d8b 85a11a1515f94848be7aa5b56adec8bf - - -] 127.0.0.1 - - [04/Oct/2015 22:00:51] "GET /images/detail?is_public=None&limit=20 HTTP/1.1" 200 914 0.240869
2015-10-04 22:10:51.759 1806 INFO eventlet.wsgi.server [req-1da22ff8-ba39-408f-ba85-0536e67f478c 9b1f9b36d7354b1ea121ccfbae339d8b 85a11a1515f94848be7aa5b56adec8bf - - -] 127.0.0.1 - - [04/Oct/2015 22:10:51] "GET /images/detail?is_public=None&limit=20 HTTP/1.1" 200 914 0.133575
2015-10-04 22:20:51.598 1814 INFO eventlet.wsgi.server [req-9df4c0fe-f8dd-4575-ba14-0a877b619745 9b1f9b36d7354b1ea121ccfbae339d8b 85a11a1515f94848be7aa5b56adec8bf - - -] 127.0.0.1 - - [04/Oct/2015 22:20:51] "GET /images/detail?is_public=None&limit=20 HTTP/1.1" 200 914 0.243854
2015-10-04 22:30:51.536 1794 INFO eventlet.wsgi.server [req-d7a34c7d-27e7-44e5-9283-3ee928b126ea 9b1f9b36d7354b1ea121ccfbae339d8b 85a11a1515f94848be7aa5b56adec8bf - - -] 127.0.0.1 - - [04/Oct/2015 22:30:51] "GET /images/detail?is_public=None&limit=20 HTTP/1.1" 200 914 0.249051
2015-10-04 22:40:51.445 1806 INFO eventlet.wsgi.server [req-c3fa0067-0a59-4ed2-8e2a-33bcd9853a69 9b1f9b36d7354b1ea121ccfbae339d8b 85a11a1515f94848be7aa5b56adec8bf - - -] 127.0.0.1 - - [04/Oct/2015 22:40:51] "GET /images/detail?is_public=None&limit=20 HTTP/1.1" 200 914 0.138724
2015-10-04 22:41:52.060 1794 INFO eventlet.wsgi.server [req-2b50df1a-0f59-42d3-84a8-8ee9374fa95a c9b7d3be7fe843c78412ff510457ddd3 a411280ca390483ea2161209371d133a - - -] 127.0.0.1 - - [04/Oct/2015 22:41:52] "GET /images/detail?sort_key=created_at&sort_dir=desc&limit=1000 HTTP/1.1" 200 914 0.147390
2015-10-16 14:53:34.255 950 INFO glance.common.wsgi [-] Starting 4 workers
2015-10-16 14:53:34.352 950 INFO glance.common.wsgi [-] Started child 1764
2015-10-16 14:53:34.501 950 INFO glance.common.wsgi [-] Started child 1771
2015-10-16 14:53:34.498 1764 INFO eventlet.wsgi.server [-] (1764) wsgi starting up on http://0.0.0.0:9191/
2015-10-16 14:53:34.522 1771 INFO eventlet.wsgi.server [-] (1771) wsgi starting up on http://0.0.0.0:9191/
2015-10-16 14:53:34.652 950 INFO glance.common.wsgi [-] Started child 1776
2015-10-16 14:53:34.626 1776 INFO eventlet.wsgi.server [-] (1776) wsgi starting up on http://0.0.0.0:9191/
2015-10-16 14:53:34.755 950 INFO glance.common.wsgi [-] Started child 1786
2015-10-16 14:53:34.851 1786 INFO eventlet.wsgi.server [-] (1786) wsgi starting up on http://0.0.0.0:9191/
2015-10-16 15:03:38.853 1776 INFO eventlet.wsgi.server [req-2efc1b80-887b-4837-b2bd-10a599c10114 9b1f9b36d7354b1ea121ccfbae339d8b 85a11a1515f94848be7aa5b56adec8bf - - -] 127.0.0.1 - - [16/Oct/2015 15:03:38] "GET /images/detail?is_public=None&limit=20 HTTP/1.1" 200 914 0.590394
2015-10-16 15:13:34.279 1786 INFO eventlet.wsgi.server [req-d9529469-8f6b-4cd8-a27b-fe9b90d50b90 9b1f9b36d7354b1ea121ccfbae339d8b 85a11a1515f94848be7aa5b56adec8bf - - -] 127.0.0.1 - - [16/Oct/2015 15:13:34] "GET /images/detail?is_public=None&limit=20 HTTP/1.1" 200 914 0.471817
2015-10-16 15:19:45.000 1764 INFO eventlet.wsgi.server [req-e2cbc91b-bfd0-4104-a01d-852e0ac61794 e9483918caa940a48fe882ba092c7e0b 300b2cc45c3846939e589310ae714e46 - - -] 127.0.0.1 - - [16/Oct/2015 15:19:44] "GET /images/detail?sort_key=created_at&sort_dir=desc&limit=1000 HTTP/1.1" 200 914 0.526106
2015-10-16 15:20:19.639 1771 INFO eventlet.wsgi.server [req-be048466-139f-4935-b118-a6c8ebf24e99 e9483918caa940a48fe882ba092c7e0b 300b2cc45c3846939e589310ae714e46 - - -] 127.0.0.1 - - [16/Oct/2015 15:20:19] "GET /images/detail?sort_key=created_at&sort_dir=desc&limit=1000 HTTP/1.1" 200 914 0.546878
2016-02-16 21:27:19.496 939 INFO glance.common.wsgi [-] Starting 4 workers
2016-02-16 21:27:19.685 1794 INFO eventlet.wsgi.server [-] (1794) wsgi starting up on http://0.0.0.0:9191/
2016-02-16 21:27:19.655 939 INFO glance.common.wsgi [-] Started child 1794
2016-02-16 21:27:19.891 939 INFO glance.common.wsgi [-] Started child 1803
2016-02-16 21:27:19.872 1803 INFO eventlet.wsgi.server [-] (1803) wsgi starting up on http://0.0.0.0:9191/
2016-02-16 21:27:19.997 1810 INFO eventlet.wsgi.server [-] (1810) wsgi starting up on http://0.0.0.0:9191/
2016-02-16 21:27:20.006 939 INFO glance.common.wsgi [-] Started child 1810
2016-02-16 21:27:20.178 1814 INFO eventlet.wsgi.server [-] (1814) wsgi starting up on http://0.0.0.0:9191/
2016-02-16 21:27:20.157 939 INFO glance.common.wsgi [-] Started child 1814
2016-02-16 21:37:21.919 1794 INFO eventlet.wsgi.server [req-2f64a283-d85c-41af-9129-84f930a11497 9b1f9b36d7354b1ea121ccfbae339d8b 85a11a1515f94848be7aa5b56adec8bf - - -] 127.0.0.1 - - [16/Feb/2016 21:37:21] "GET /images/detail?is_public=None&limit=20 HTTP/1.1" 200 914 0.577939
2016-02-16 21:47:19.297 1814 INFO eventlet.wsgi.server [req-194c999f-91b2-4fb1-9ac6-4a21226cd682 9b1f9b36d7354b1ea121ccfbae339d8b 85a11a1515f94848be7aa5b56adec8bf - - -] 127.0.0.1 - - [16/Feb/2016 21:47:19] "GET /images/detail?is_public=None&limit=20 HTTP/1.1" 200 914 0.487769
2016-02-22 19:24:43.090 967 INFO glance.common.wsgi [-] Starting 4 workers
2016-02-22 19:24:43.175 967 INFO glance.common.wsgi [-] Started child 1822
2016-02-22 19:24:43.194 1822 INFO eventlet.wsgi.server [-] (1822) wsgi starting up on http://0.0.0.0:9191/
2016-02-22 19:24:43.301 967 INFO glance.common.wsgi [-] Started child 1824
2016-02-22 19:24:43.307 1824 INFO eventlet.wsgi.server [-] (1824) wsgi starting up on http://0.0.0.0:9191/
2016-02-22 19:24:43.392 967 INFO glance.common.wsgi [-] Started child 1828
2016-02-22 19:24:43.427 1828 INFO eventlet.wsgi.server [-] (1828) wsgi starting up on http://0.0.0.0:9191/
2016-02-22 19:24:43.509 967 INFO glance.common.wsgi [-] Started child 1834
2016-02-22 19:24:43.564 1834 INFO eventlet.wsgi.server [-] (1834) wsgi starting up on http://0.0.0.0:9191/
2016-02-22 19:26:00.709 967 INFO glance.common.wsgi [-] Removed dead child 1824
2016-02-22 19:26:00.941 967 INFO glance.common.wsgi [-] Started child 2755
2016-02-22 19:26:01.737 2755 INFO eventlet.wsgi.server [-] (2755) wsgi starting up on http://0.0.0.0:9191/
2016-02-22 19:26:01.748 2755 INFO eventlet.wsgi.server [-] (2755) wsgi exited, is_accepting=True
2016-02-22 19:26:01.753 2755 INFO glance.common.wsgi [-] Child 2755 exiting normally
2016-02-22 19:39:18.477 1025 INFO glance.common.wsgi [-] Starting 4 workers
2016-02-22 19:39:18.622 1025 INFO glance.common.wsgi [-] Started child 1860
2016-02-22 19:39:18.686 1860 INFO eventlet.wsgi.server [-] (1860) wsgi starting up on http://0.0.0.0:9191/
2016-02-22 19:39:18.770 1025 INFO glance.common.wsgi [-] Started child 1866
2016-02-22 19:39:18.773 1866 INFO eventlet.wsgi.server [-] (1866) wsgi starting up on http://0.0.0.0:9191/
2016-02-22 19:39:18.875 1025 INFO glance.common.wsgi [-] Started child 1871
2016-02-22 19:39:19.041 1871 INFO eventlet.wsgi.server [-] (1871) wsgi starting up on http://0.0.0.0:9191/
2016-02-22 19:39:19.033 1025 INFO glance.common.wsgi [-] Started child 1874
2016-02-22 19:39:19.109 1874 INFO eventlet.wsgi.server [-] (1874) wsgi starting up on http://0.0.0.0:9191/
2016-02-22 19:49:20.247 1871 INFO eventlet.wsgi.server [req-1bc6462b-c6ba-4a7a-a64b-138caf257739 9b1f9b36d7354b1ea121ccfbae339d8b 85a11a1515f94848be7aa5b56adec8bf - - -] 127.0.0.1 - - [22/Feb/2016 19:49:20] "GET /images/detail?is_public=None&limit=20 HTTP/1.1" 200 914 0.525834
2016-02-22 19:59:17.502 1860 INFO eventlet.wsgi.server [req-c04d4a4f-c69f-4429-b24c-c2f9bf6f4cd4 9b1f9b36d7354b1ea121ccfbae339d8b 85a11a1515f94848be7aa5b56adec8bf - - -] 127.0.0.1 - - [22/Feb/2016 19:59:17] "GET /images/detail?is_public=None&limit=20 HTTP/1.1" 200 914 0.507470
2016-02-22 20:09:16.884 1860 INFO eventlet.wsgi.server [req-1c9e9427-47dd-41a7-93d3-4ffe8fec7c23 9b1f9b36d7354b1ea121ccfbae339d8b 85a11a1515f94848be7aa5b56adec8bf - - -] 127.0.0.1 - - [22/Feb/2016 20:09:16] "GET /images/detail?is_public=None&limit=20 HTTP/1.1" 200 914 0.165767
2016-02-22 20:19:17.431 1860 INFO eventlet.wsgi.server [req-2d88f8e5-d00e-4997-8253-957bfabd1c79 9b1f9b36d7354b1ea121ccfbae339d8b 85a11a1515f94848be7aa5b56adec8bf - - -] 127.0.0.1 - - [22/Feb/2016 20:19:17] "GET /images/detail?is_public=None&limit=20 HTTP/1.1" 200 914 0.357739
2016-02-22 20:29:17.360 1874 INFO eventlet.wsgi.server [req-52484c61-0cbb-42d4-a2cb-1b0fc2a216bd 9b1f9b36d7354b1ea121ccfbae339d8b 85a11a1515f94848be7aa5b56adec8bf - - -] 127.0.0.1 - - [22/Feb/2016 20:29:17] "GET /images/detail?is_public=None&limit=20 HTTP/1.1" 200 914 0.566837
